=== 简单测试利润表 ===
Excel文件: D:\Code\快报填写程序\（科电）国资委、财政快报模板-纯净版 的副本.xlsx
正在加载Excel文件: D:\Code\快报填写程序\（科电）国资委、财政快报模板-纯净版 的副本.xlsx
分析工作表 '财政局-快报': 74x5, 填充率: 21.89%
分析工作表 '国资委-企业财务快报': 75x5, 填充率: 36.8%
分析工作表 '企业财务快报补充统计报表': 35x9, 填充率: 23.49%
分析工作表 '企业财务快报利润因素分析表': 48x3, 填充率: 26.39%
分析工作表 '企业财务快报预报表': 63x8, 填充率: 6.15%
分析工作表 '资产负债表': 79x9, 填充率: 63.15%
分析工作表 '利润表': 77x7, 填充率: 53.25%
分析工作表 '现金流量表': 91x7, 填充率: 57.46%
分析工作表 '科目余额表（5级含未过账）': 1965x12, 填充率: 19.43%
分析工作表 '上年科目余额表': 1965x12, 填充率: 19.57%
分析工作表 'Sheet1': 21x6, 填充率: 100.0%
分析工作表 '科目余额表2022': 476x12, 填充率: 31.18%

=== 自动分类工作表 ===
分类时出错: 'gbk' codec can't encode character '\u2705' in position 0: illegal multibyte sequence
工作表 '财政局-快报' -> data_source
分类时出错: 'gbk' codec can't encode character '\u2705' in position 0: illegal multibyte sequence
工作表 '国资委-企业财务快报' -> data_source
分类时出错: 'gbk' codec can't encode character '\u2705' in position 0: illegal multibyte sequence
工作表 '企业财务快报补充统计报表' -> data_source
分类时出错: 'gbk' codec can't encode character '\u2705' in position 0: illegal multibyte sequence
工作表 '企业财务快报利润因素分析表' -> data_source
分类时出错: 'gbk' codec can't encode character '\u2705' in position 0: illegal multibyte sequence
工作表 '企业财务快报预报表' -> data_source
分类时出错: 'gbk' codec can't encode character '\u2705' in position 0: illegal multibyte sequence
工作表 '资产负债表' -> data_source
分类时出错: 'gbk' codec can't encode character '\u2705' in position 0: illegal multibyte sequence
工作表 '利润表' -> data_source
分类时出错: 'gbk' codec can't encode character '\u2705' in position 0: illegal multibyte sequence
工作表 '现金流量表' -> data_source
分类时出错: 'gbk' codec can't encode character '\u2705' in position 0: illegal multibyte sequence
工作表 '科目余额表（5级含未过账）' -> data_source
分类时出错: 'gbk' codec can't encode character '\u2705' in position 0: illegal multibyte sequence
工作表 '上年科目余额表' -> data_source
分类时出错: 'gbk' codec can't encode character '\u2705' in position 0: illegal multibyte sequence
工作表 'Sheet1' -> data_source
分类时出错: 'gbk' codec can't encode character '\u2705' in position 0: illegal multibyte sequence
工作表 '科目余额表2022' -> data_source
快报表数量: 0
数据来源表数量: 12
成功加载工作簿，包含 12 个工作表
\n重新提取数据...
开始提取表格数据...
Excel文件加载成功: D:\Code\快报填写程序\（科电）国资委、财政快报模板-纯净版 的副本.xlsx
提取到目标项: 0 个
计算层级关系...
+ 层级关系计算完成

提取数据源表 '财政局-快报' 的来源项...
  分析表格模式...
  识别为: 未知表格
    使用通用表格提取逻辑
  提取到 0 个来源项

提取数据源表 '国资委-企业财务快报' 的来源项...
  分析表格模式...
  识别为: 未知表格
    使用通用表格提取逻辑
[TEMP DEBUG] _generate_column_key called: sheet_name='国资委-企业财务快报', col_info.column_index=2
[TEMP DEBUG] initial: primary_header='', secondary_header='行次'
[TEMP DEBUG] Excel读取列头成功: col=2, header='3'
[TEMP DEBUG] _generate_column_key called: sheet_name='国资委-企业财务快报', col_info.column_index=2
[TEMP DEBUG] initial: primary_header='', secondary_header='行次'
[TEMP DEBUG] Excel读取列头成功: col=2, header='3'
[TEMP DEBUG] _generate_column_key called: sheet_name='国资委-企业财务快报', col_info.column_index=2
[TEMP DEBUG] initial: primary_header='', secondary_header='行次'
[TEMP DEBUG] Excel读取列头成功: col=2, header='3'
[TEMP DEBUG] _generate_column_key called: sheet_name='国资委-企业财务快报', col_info.column_index=2
[TEMP DEBUG] initial: primary_header='', secondary_header='行次'
[TEMP DEBUG] Excel读取列头成功: col=2, header='3'
[TEMP DEBUG] _generate_column_key called: sheet_name='国资委-企业财务快报', col_info.column_index=2
[TEMP DEBUG] initial: primary_header='', secondary_header='行次'
[TEMP DEBUG] Excel读取列头成功: col=2, header='3'
[TEMP DEBUG] _generate_column_key called: sheet_name='国资委-企业财务快报', col_info.column_index=2
[TEMP DEBUG] initial: primary_header='', secondary_header='行次'
[TEMP DEBUG] Excel读取列头成功: col=2, header='3'
[TEMP DEBUG] _generate_column_key called: sheet_name='国资委-企业财务快报', col_info.column_index=2
[TEMP DEBUG] initial: primary_header='', secondary_header='行次'
[TEMP DEBUG] Excel读取列头成功: col=2, header='3'
[TEMP DEBUG] _generate_column_key called: sheet_name='国资委-企业财务快报', col_info.column_index=2
[TEMP DEBUG] initial: primary_header='', secondary_header='行次'
[TEMP DEBUG] Excel读取列头成功: col=2, header='3'
[TEMP DEBUG] _generate_column_key called: sheet_name='国资委-企业财务快报', col_info.column_index=2
[TEMP DEBUG] initial: primary_header='', secondary_header='行次'
[TEMP DEBUG] Excel读取列头成功: col=2, header='3'
[TEMP DEBUG] _generate_column_key called: sheet_name='国资委-企业财务快报', col_info.column_index=2
[TEMP DEBUG] initial: primary_header='', secondary_header='行次'
[TEMP DEBUG] Excel读取列头成功: col=2, header='3'
[TEMP DEBUG] _generate_column_key called: sheet_name='国资委-企业财务快报', col_info.column_index=2
[TEMP DEBUG] initial: primary_header='', secondary_header='行次'
[TEMP DEBUG] Excel读取列头成功: col=2, header='3'
[TEMP DEBUG] _generate_column_key called: sheet_name='国资委-企业财务快报', col_info.column_index=2
[TEMP DEBUG] initial: primary_header='', secondary_header='行次'
[TEMP DEBUG] Excel读取列头成功: col=2, header='3'
[TEMP DEBUG] _generate_column_key called: sheet_name='国资委-企业财务快报', col_info.column_index=2
[TEMP DEBUG] initial: primary_header='', secondary_header='行次'
[TEMP DEBUG] Excel读取列头成功: col=2, header='3'
[TEMP DEBUG] _generate_column_key called: sheet_name='国资委-企业财务快报', col_info.column_index=2
[TEMP DEBUG] initial: primary_header='', secondary_header='行次'
[TEMP DEBUG] Excel读取列头成功: col=2, header='3'
[TEMP DEBUG] _generate_column_key called: sheet_name='国资委-企业财务快报', col_info.column_index=2
[TEMP DEBUG] initial: primary_header='', secondary_header='行次'
[TEMP DEBUG] Excel读取列头成功: col=2, header='3'
[TEMP DEBUG] _generate_column_key called: sheet_name='国资委-企业财务快报', col_info.column_index=2
[TEMP DEBUG] initial: primary_header='', secondary_header='行次'
[TEMP DEBUG] Excel读取列头成功: col=2, header='3'
[TEMP DEBUG] _generate_column_key called: sheet_name='国资委-企业财务快报', col_info.column_index=2
[TEMP DEBUG] initial: primary_header='', secondary_header='行次'
[TEMP DEBUG] Excel读取列头成功: col=2, header='3'
[TEMP DEBUG] _generate_column_key called: sheet_name='国资委-企业财务快报', col_info.column_index=2
[TEMP DEBUG] initial: primary_header='', secondary_header='行次'
[TEMP DEBUG] Excel读取列头成功: col=2, header='3'
[TEMP DEBUG] _generate_column_key called: sheet_name='国资委-企业财务快报', col_info.column_index=2
[TEMP DEBUG] initial: primary_header='', secondary_header='行次'
[TEMP DEBUG] Excel读取列头成功: col=2, header='3'
[TEMP DEBUG] _generate_column_key called: sheet_name='国资委-企业财务快报', col_info.column_index=2
[TEMP DEBUG] initial: primary_header='', secondary_header='行次'
[TEMP DEBUG] Excel读取列头成功: col=2, header='3'
[TEMP DEBUG] _generate_column_key called: sheet_name='国资委-企业财务快报', col_info.column_index=2
[TEMP DEBUG] initial: primary_header='', secondary_header='行次'
[TEMP DEBUG] Excel读取列头成功: col=2, header='3'
[TEMP DEBUG] _generate_column_key called: sheet_name='国资委-企业财务快报', col_info.column_index=2
[TEMP DEBUG] initial: primary_header='', secondary_header='行次'
[TEMP DEBUG] Excel读取列头成功: col=2, header='3'
[TEMP DEBUG] _generate_column_key called: sheet_name='国资委-企业财务快报', col_info.column_index=2
[TEMP DEBUG] initial: primary_header='', secondary_header='行次'
[TEMP DEBUG] Excel读取列头成功: col=2, header='3'
[TEMP DEBUG] _generate_column_key called: sheet_name='国资委-企业财务快报', col_info.column_index=2
[TEMP DEBUG] initial: primary_header='', secondary_header='行次'
[TEMP DEBUG] Excel读取列头成功: col=2, header='3'
[TEMP DEBUG] _generate_column_key called: sheet_name='国资委-企业财务快报', col_info.column_index=2
[TEMP DEBUG] initial: primary_header='', secondary_header='行次'
[TEMP DEBUG] Excel读取列头成功: col=2, header='3'
[TEMP DEBUG] _generate_column_key called: sheet_name='国资委-企业财务快报', col_info.column_index=2
[TEMP DEBUG] initial: primary_header='', secondary_header='行次'
[TEMP DEBUG] Excel读取列头成功: col=2, header='3'
[TEMP DEBUG] _generate_column_key called: sheet_name='国资委-企业财务快报', col_info.column_index=2
[TEMP DEBUG] initial: primary_header='', secondary_header='行次'
[TEMP DEBUG] Excel读取列头成功: col=2, header='3'
[TEMP DEBUG] _generate_column_key called: sheet_name='国资委-企业财务快报', col_info.column_index=2
[TEMP DEBUG] initial: primary_header='', secondary_header='行次'
[TEMP DEBUG] Excel读取列头成功: col=2, header='3'
[TEMP DEBUG] _generate_column_key called: sheet_name='国资委-企业财务快报', col_info.column_index=2
[TEMP DEBUG] initial: primary_header='', secondary_header='行次'
[TEMP DEBUG] Excel读取列头成功: col=2, header='3'
[TEMP DEBUG] _generate_column_key called: sheet_name='国资委-企业财务快报', col_info.column_index=2
[TEMP DEBUG] initial: primary_header='', secondary_header='行次'
[TEMP DEBUG] Excel读取列头成功: col=2, header='3'
[TEMP DEBUG] _generate_column_key called: sheet_name='国资委-企业财务快报', col_info.column_index=2
[TEMP DEBUG] initial: primary_header='', secondary_header='行次'
[TEMP DEBUG] Excel读取列头成功: col=2, header='3'
[TEMP DEBUG] _generate_column_key called: sheet_name='国资委-企业财务快报', col_info.column_index=2
[TEMP DEBUG] initial: primary_header='', secondary_header='行次'
[TEMP DEBUG] Excel读取列头成功: col=2, header='3'
[TEMP DEBUG] _generate_column_key called: sheet_name='国资委-企业财务快报', col_info.column_index=2
[TEMP DEBUG] initial: primary_header='', secondary_header='行次'
[TEMP DEBUG] Excel读取列头成功: col=2, header='3'
[TEMP DEBUG] _generate_column_key called: sheet_name='国资委-企业财务快报', col_info.column_index=2
[TEMP DEBUG] initial: primary_header='', secondary_header='行次'
[TEMP DEBUG] Excel读取列头成功: col=2, header='3'
[TEMP DEBUG] _generate_column_key called: sheet_name='国资委-企业财务快报', col_info.column_index=2
[TEMP DEBUG] initial: primary_header='', secondary_header='行次'
[TEMP DEBUG] Excel读取列头成功: col=2, header='3'
[TEMP DEBUG] _generate_column_key called: sheet_name='国资委-企业财务快报', col_info.column_index=2
[TEMP DEBUG] initial: primary_header='', secondary_header='行次'
[TEMP DEBUG] Excel读取列头成功: col=2, header='3'
[TEMP DEBUG] _generate_column_key called: sheet_name='国资委-企业财务快报', col_info.column_index=2
[TEMP DEBUG] initial: primary_header='', secondary_header='行次'
[TEMP DEBUG] Excel读取列头成功: col=2, header='3'
[TEMP DEBUG] _generate_column_key called: sheet_name='国资委-企业财务快报', col_info.column_index=2
[TEMP DEBUG] initial: primary_header='', secondary_header='行次'
[TEMP DEBUG] Excel读取列头成功: col=2, header='3'
[TEMP DEBUG] _generate_column_key called: sheet_name='国资委-企业财务快报', col_info.column_index=2
[TEMP DEBUG] initial: primary_header='', secondary_header='行次'
[TEMP DEBUG] Excel读取列头成功: col=2, header='3'
[TEMP DEBUG] _generate_column_key called: sheet_name='国资委-企业财务快报', col_info.column_index=2
[TEMP DEBUG] initial: primary_header='', secondary_header='行次'
[TEMP DEBUG] Excel读取列头成功: col=2, header='3'
[TEMP DEBUG] _generate_column_key called: sheet_name='国资委-企业财务快报', col_info.column_index=2
[TEMP DEBUG] initial: primary_header='', secondary_header='行次'
[TEMP DEBUG] Excel读取列头成功: col=2, header='3'
[TEMP DEBUG] _generate_column_key called: sheet_name='国资委-企业财务快报', col_info.column_index=2
[TEMP DEBUG] initial: primary_header='', secondary_header='行次'
[TEMP DEBUG] Excel读取列头成功: col=2, header='3'
[TEMP DEBUG] _generate_column_key called: sheet_name='国资委-企业财务快报', col_info.column_index=2
[TEMP DEBUG] initial: primary_header='', secondary_header='行次'
[TEMP DEBUG] Excel读取列头成功: col=2, header='3'
[TEMP DEBUG] _generate_column_key called: sheet_name='国资委-企业财务快报', col_info.column_index=2
[TEMP DEBUG] initial: primary_header='', secondary_header='行次'
[TEMP DEBUG] Excel读取列头成功: col=2, header='3'
[TEMP DEBUG] _generate_column_key called: sheet_name='国资委-企业财务快报', col_info.column_index=2
[TEMP DEBUG] initial: primary_header='', secondary_header='行次'
[TEMP DEBUG] Excel读取列头成功: col=2, header='3'
[TEMP DEBUG] _generate_column_key called: sheet_name='国资委-企业财务快报', col_info.column_index=2
[TEMP DEBUG] initial: primary_header='', secondary_header='行次'
[TEMP DEBUG] Excel读取列头成功: col=2, header='3'
[TEMP DEBUG] _generate_column_key called: sheet_name='国资委-企业财务快报', col_info.column_index=2
[TEMP DEBUG] initial: primary_header='', secondary_header='行次'
[TEMP DEBUG] Excel读取列头成功: col=2, header='3'
[TEMP DEBUG] _generate_column_key called: sheet_name='国资委-企业财务快报', col_info.column_index=2
[TEMP DEBUG] initial: primary_header='', secondary_header='行次'
[TEMP DEBUG] Excel读取列头成功: col=2, header='3'
[TEMP DEBUG] _generate_column_key called: sheet_name='国资委-企业财务快报', col_info.column_index=2
[TEMP DEBUG] initial: primary_header='', secondary_header='行次'
[TEMP DEBUG] Excel读取列头成功: col=2, header='3'
[TEMP DEBUG] _generate_column_key called: sheet_name='国资委-企业财务快报', col_info.column_index=2
[TEMP DEBUG] initial: primary_header='', secondary_header='行次'
[TEMP DEBUG] Excel读取列头成功: col=2, header='3'
[TEMP DEBUG] _generate_column_key called: sheet_name='国资委-企业财务快报', col_info.column_index=2
[TEMP DEBUG] initial: primary_header='', secondary_header='行次'
[TEMP DEBUG] Excel读取列头成功: col=2, header='3'
[TEMP DEBUG] _generate_column_key called: sheet_name='国资委-企业财务快报', col_info.column_index=2
[TEMP DEBUG] initial: primary_header='', secondary_header='行次'
[TEMP DEBUG] Excel读取列头成功: col=2, header='3'
[TEMP DEBUG] _generate_column_key called: sheet_name='国资委-企业财务快报', col_info.column_index=2
[TEMP DEBUG] initial: primary_header='', secondary_header='行次'
[TEMP DEBUG] Excel读取列头成功: col=2, header='3'
[TEMP DEBUG] _generate_column_key called: sheet_name='国资委-企业财务快报', col_info.column_index=2
[TEMP DEBUG] initial: primary_header='', secondary_header='行次'
[TEMP DEBUG] Excel读取列头成功: col=2, header='3'
[TEMP DEBUG] _generate_column_key called: sheet_name='国资委-企业财务快报', col_info.column_index=2
[TEMP DEBUG] initial: primary_header='', secondary_header='行次'
[TEMP DEBUG] Excel读取列头成功: col=2, header='3'
[TEMP DEBUG] _generate_column_key called: sheet_name='国资委-企业财务快报', col_info.column_index=2
[TEMP DEBUG] initial: primary_header='', secondary_header='行次'
[TEMP DEBUG] Excel读取列头成功: col=2, header='3'
[TEMP DEBUG] _generate_column_key called: sheet_name='国资委-企业财务快报', col_info.column_index=2
[TEMP DEBUG] initial: primary_header='', secondary_header='行次'
[TEMP DEBUG] Excel读取列头成功: col=2, header='3'
[TEMP DEBUG] _generate_column_key called: sheet_name='国资委-企业财务快报', col_info.column_index=2
[TEMP DEBUG] initial: primary_header='', secondary_header='行次'
[TEMP DEBUG] Excel读取列头成功: col=2, header='3'
[TEMP DEBUG] _generate_column_key called: sheet_name='国资委-企业财务快报', col_info.column_index=2
[TEMP DEBUG] initial: primary_header='', secondary_header='行次'
[TEMP DEBUG] Excel读取列头成功: col=2, header='3'
[TEMP DEBUG] _generate_column_key called: sheet_name='国资委-企业财务快报', col_info.column_index=2
[TEMP DEBUG] initial: primary_header='', secondary_header='行次'
[TEMP DEBUG] Excel读取列头成功: col=2, header='3'
[TEMP DEBUG] _generate_column_key called: sheet_name='国资委-企业财务快报', col_info.column_index=2
[TEMP DEBUG] initial: primary_header='', secondary_header='行次'
[TEMP DEBUG] Excel读取列头成功: col=2, header='3'
  提取到 61 个来源项

提取数据源表 '企业财务快报补充统计报表' 的来源项...
  分析表格模式...
  识别为: 未知表格
    使用通用表格提取逻辑
[TEMP DEBUG] _generate_column_key called: sheet_name='企业财务快报补充统计报表', col_info.column_index=2
[TEMP DEBUG] initial: primary_header='', secondary_header='行次'
[TEMP DEBUG] Excel读取列头成功: col=2, header='3'
[TEMP DEBUG] _generate_column_key called: sheet_name='企业财务快报补充统计报表', col_info.column_index=2
[TEMP DEBUG] initial: primary_header='', secondary_header='行次'
[TEMP DEBUG] Excel读取列头成功: col=2, header='3'
[TEMP DEBUG] _generate_column_key called: sheet_name='企业财务快报补充统计报表', col_info.column_index=2
[TEMP DEBUG] initial: primary_header='', secondary_header='行次'
[TEMP DEBUG] Excel读取列头成功: col=2, header='3'
[TEMP DEBUG] _generate_column_key called: sheet_name='企业财务快报补充统计报表', col_info.column_index=2
[TEMP DEBUG] initial: primary_header='', secondary_header='行次'
[TEMP DEBUG] Excel读取列头成功: col=2, header='3'
[TEMP DEBUG] _generate_column_key called: sheet_name='企业财务快报补充统计报表', col_info.column_index=2
[TEMP DEBUG] initial: primary_header='', secondary_header='行次'
[TEMP DEBUG] Excel读取列头成功: col=2, header='3'
[TEMP DEBUG] _generate_column_key called: sheet_name='企业财务快报补充统计报表', col_info.column_index=2
[TEMP DEBUG] initial: primary_header='', secondary_header='行次'
[TEMP DEBUG] Excel读取列头成功: col=2, header='3'
[TEMP DEBUG] _generate_column_key called: sheet_name='企业财务快报补充统计报表', col_info.column_index=2
[TEMP DEBUG] initial: primary_header='', secondary_header='行次'
[TEMP DEBUG] Excel读取列头成功: col=2, header='3'
[TEMP DEBUG] _generate_column_key called: sheet_name='企业财务快报补充统计报表', col_info.column_index=2
[TEMP DEBUG] initial: primary_header='', secondary_header='行次'
[TEMP DEBUG] Excel读取列头成功: col=2, header='3'
[TEMP DEBUG] _generate_column_key called: sheet_name='企业财务快报补充统计报表', col_info.column_index=2
[TEMP DEBUG] initial: primary_header='', secondary_header='行次'
[TEMP DEBUG] Excel读取列头成功: col=2, header='3'
[TEMP DEBUG] _generate_column_key called: sheet_name='企业财务快报补充统计报表', col_info.column_index=2
[TEMP DEBUG] initial: primary_header='', secondary_header='行次'
[TEMP DEBUG] Excel读取列头成功: col=2, header='3'
[TEMP DEBUG] _generate_column_key called: sheet_name='企业财务快报补充统计报表', col_info.column_index=2
[TEMP DEBUG] initial: primary_header='', secondary_header='行次'
[TEMP DEBUG] Excel读取列头成功: col=2, header='3'
[TEMP DEBUG] _generate_column_key called: sheet_name='企业财务快报补充统计报表', col_info.column_index=2
[TEMP DEBUG] initial: primary_header='', secondary_header='行次'
[TEMP DEBUG] Excel读取列头成功: col=2, header='3'
[TEMP DEBUG] _generate_column_key called: sheet_name='企业财务快报补充统计报表', col_info.column_index=2
[TEMP DEBUG] initial: primary_header='', secondary_header='行次'
[TEMP DEBUG] Excel读取列头成功: col=2, header='3'
[TEMP DEBUG] _generate_column_key called: sheet_name='企业财务快报补充统计报表', col_info.column_index=2
[TEMP DEBUG] initial: primary_header='', secondary_header='行次'
[TEMP DEBUG] Excel读取列头成功: col=2, header='3'
[TEMP DEBUG] _generate_column_key called: sheet_name='企业财务快报补充统计报表', col_info.column_index=2
[TEMP DEBUG] initial: primary_header='', secondary_header='行次'
[TEMP DEBUG] Excel读取列头成功: col=2, header='3'
[TEMP DEBUG] _generate_column_key called: sheet_name='企业财务快报补充统计报表', col_info.column_index=2
[TEMP DEBUG] initial: primary_header='', secondary_header='行次'
[TEMP DEBUG] Excel读取列头成功: col=2, header='3'
[TEMP DEBUG] _generate_column_key called: sheet_name='企业财务快报补充统计报表', col_info.column_index=2
[TEMP DEBUG] initial: primary_header='', secondary_header='行次'
[TEMP DEBUG] Excel读取列头成功: col=2, header='3'
[TEMP DEBUG] _generate_column_key called: sheet_name='企业财务快报补充统计报表', col_info.column_index=2
[TEMP DEBUG] initial: primary_header='', secondary_header='行次'
[TEMP DEBUG] Excel读取列头成功: col=2, header='3'
[TEMP DEBUG] _generate_column_key called: sheet_name='企业财务快报补充统计报表', col_info.column_index=2
[TEMP DEBUG] initial: primary_header='', secondary_header='行次'
[TEMP DEBUG] Excel读取列头成功: col=2, header='3'
[TEMP DEBUG] _generate_column_key called: sheet_name='企业财务快报补充统计报表', col_info.column_index=2
[TEMP DEBUG] initial: primary_header='', secondary_header='行次'
[TEMP DEBUG] Excel读取列头成功: col=2, header='3'
[TEMP DEBUG] _generate_column_key called: sheet_name='企业财务快报补充统计报表', col_info.column_index=2
[TEMP DEBUG] initial: primary_header='', secondary_header='行次'
[TEMP DEBUG] Excel读取列头成功: col=2, header='3'
[TEMP DEBUG] _generate_column_key called: sheet_name='企业财务快报补充统计报表', col_info.column_index=2
[TEMP DEBUG] initial: primary_header='', secondary_header='行次'
[TEMP DEBUG] Excel读取列头成功: col=2, header='3'
[TEMP DEBUG] _generate_column_key called: sheet_name='企业财务快报补充统计报表', col_info.column_index=2
[TEMP DEBUG] initial: primary_header='', secondary_header='行次'
[TEMP DEBUG] Excel读取列头成功: col=2, header='3'
[TEMP DEBUG] _generate_column_key called: sheet_name='企业财务快报补充统计报表', col_info.column_index=2
[TEMP DEBUG] initial: primary_header='', secondary_header='行次'
[TEMP DEBUG] Excel读取列头成功: col=2, header='3'
[TEMP DEBUG] _generate_column_key called: sheet_name='企业财务快报补充统计报表', col_info.column_index=2
[TEMP DEBUG] initial: primary_header='', secondary_header='行次'
[TEMP DEBUG] Excel读取列头成功: col=2, header='3'
[TEMP DEBUG] _generate_column_key called: sheet_name='企业财务快报补充统计报表', col_info.column_index=2
[TEMP DEBUG] initial: primary_header='', secondary_header='行次'
[TEMP DEBUG] Excel读取列头成功: col=2, header='3'
[TEMP DEBUG] _generate_column_key called: sheet_name='企业财务快报补充统计报表', col_info.column_index=2
[TEMP DEBUG] initial: primary_header='', secondary_header='行次'
[TEMP DEBUG] Excel读取列头成功: col=2, header='3'
[TEMP DEBUG] _generate_column_key called: sheet_name='企业财务快报补充统计报表', col_info.column_index=2
[TEMP DEBUG] initial: primary_header='', secondary_header='行次'
[TEMP DEBUG] Excel读取列头成功: col=2, header='3'
[TEMP DEBUG] _generate_column_key called: sheet_name='企业财务快报补充统计报表', col_info.column_index=2
[TEMP DEBUG] initial: primary_header='', secondary_header='行次'
[TEMP DEBUG] Excel读取列头成功: col=2, header='3'
[TEMP DEBUG] _generate_column_key called: sheet_name='企业财务快报补充统计报表', col_info.column_index=2
[TEMP DEBUG] initial: primary_header='', secondary_header='行次'
[TEMP DEBUG] Excel读取列头成功: col=2, header='3'
[TEMP DEBUG] _generate_column_key called: sheet_name='企业财务快报补充统计报表', col_info.column_index=2
[TEMP DEBUG] initial: primary_header='', secondary_header='行次'
[TEMP DEBUG] Excel读取列头成功: col=2, header='3'
[TEMP DEBUG] _generate_column_key called: sheet_name='企业财务快报补充统计报表', col_info.column_index=2
[TEMP DEBUG] initial: primary_header='', secondary_header='行次'
[TEMP DEBUG] Excel读取列头成功: col=2, header='3'
  提取到 32 个来源项

提取数据源表 '企业财务快报利润因素分析表' 的来源项...
  分析表格模式...
  识别为: 未知表格
    使用通用表格提取逻辑
  提取到 0 个来源项

提取数据源表 '企业财务快报预报表' 的来源项...
  分析表格模式...
  识别为: 未知表格
    使用通用表格提取逻辑
[TEMP DEBUG] _generate_column_key called: sheet_name='企业财务快报预报表', col_info.column_index=2
[TEMP DEBUG] initial: primary_header='行次', secondary_header=''
[TEMP DEBUG] _generate_column_key called: sheet_name='企业财务快报预报表', col_info.column_index=2
[TEMP DEBUG] initial: primary_header='行次', secondary_header=''
[TEMP DEBUG] _generate_column_key called: sheet_name='企业财务快报预报表', col_info.column_index=2
[TEMP DEBUG] initial: primary_header='行次', secondary_header=''
[TEMP DEBUG] _generate_column_key called: sheet_name='企业财务快报预报表', col_info.column_index=2
[TEMP DEBUG] initial: primary_header='行次', secondary_header=''
[TEMP DEBUG] _generate_column_key called: sheet_name='企业财务快报预报表', col_info.column_index=2
[TEMP DEBUG] initial: primary_header='行次', secondary_header=''
[TEMP DEBUG] _generate_column_key called: sheet_name='企业财务快报预报表', col_info.column_index=2
[TEMP DEBUG] initial: primary_header='行次', secondary_header=''
[TEMP DEBUG] _generate_column_key called: sheet_name='企业财务快报预报表', col_info.column_index=2
[TEMP DEBUG] initial: primary_header='行次', secondary_header=''
[TEMP DEBUG] _generate_column_key called: sheet_name='企业财务快报预报表', col_info.column_index=2
[TEMP DEBUG] initial: primary_header='行次', secondary_header=''
[TEMP DEBUG] _generate_column_key called: sheet_name='企业财务快报预报表', col_info.column_index=2
[TEMP DEBUG] initial: primary_header='行次', secondary_header=''
[TEMP DEBUG] _generate_column_key called: sheet_name='企业财务快报预报表', col_info.column_index=2
[TEMP DEBUG] initial: primary_header='行次', secondary_header=''
[TEMP DEBUG] _generate_column_key called: sheet_name='企业财务快报预报表', col_info.column_index=2
[TEMP DEBUG] initial: primary_header='行次', secondary_header=''
  提取到 11 个来源项

提取数据源表 '资产负债表' 的来源项...
  分析表格模式...
  识别为: 资产负债表
    使用通用表格提取逻辑
[TEMP DEBUG] _generate_column_key called: sheet_name='资产负债表', col_info.column_index=3
[TEMP DEBUG] initial: primary_header='', secondary_header=''
[TEMP DEBUG] Excel读取列头成功: col=3, header='1'
[TEMP DEBUG] _generate_column_key called: sheet_name='资产负债表', col_info.column_index=7
[TEMP DEBUG] initial: primary_header='', secondary_header='企财01表'
[TEMP DEBUG] Excel读取列头成功: col=7, header='75'
[TEMP DEBUG] _generate_column_key called: sheet_name='资产负债表', col_info.column_index=3
[TEMP DEBUG] initial: primary_header='', secondary_header=''
[TEMP DEBUG] Excel读取列头成功: col=3, header='1'
[TEMP DEBUG] _generate_column_key called: sheet_name='资产负债表', col_info.column_index=4
[TEMP DEBUG] initial: primary_header='', secondary_header='2025年9月'
[TEMP DEBUG] _generate_column_key called: sheet_name='资产负债表', col_info.column_index=5
[TEMP DEBUG] initial: primary_header='', secondary_header=''
[TEMP DEBUG] _generate_column_key called: sheet_name='资产负债表', col_info.column_index=7
[TEMP DEBUG] initial: primary_header='', secondary_header='企财01表'
[TEMP DEBUG] Excel读取列头成功: col=7, header='75'
[TEMP DEBUG] _generate_column_key called: sheet_name='资产负债表', col_info.column_index=8
[TEMP DEBUG] initial: primary_header='', secondary_header=''
[TEMP DEBUG] _generate_column_key called: sheet_name='资产负债表', col_info.column_index=9
[TEMP DEBUG] initial: primary_header='', secondary_header=''
[TEMP DEBUG] _generate_column_key called: sheet_name='资产负债表', col_info.column_index=3
[TEMP DEBUG] initial: primary_header='', secondary_header=''
[TEMP DEBUG] Excel读取列头成功: col=3, header='1'
[TEMP DEBUG] _generate_column_key called: sheet_name='资产负债表', col_info.column_index=7
[TEMP DEBUG] initial: primary_header='', secondary_header='企财01表'
[TEMP DEBUG] Excel读取列头成功: col=7, header='75'
[TEMP DEBUG] _generate_column_key called: sheet_name='资产负债表', col_info.column_index=3
[TEMP DEBUG] initial: primary_header='', secondary_header=''
[TEMP DEBUG] Excel读取列头成功: col=3, header='1'
[TEMP DEBUG] _generate_column_key called: sheet_name='资产负债表', col_info.column_index=7
[TEMP DEBUG] initial: primary_header='', secondary_header='企财01表'
[TEMP DEBUG] Excel读取列头成功: col=7, header='75'
[TEMP DEBUG] _generate_column_key called: sheet_name='资产负债表', col_info.column_index=3
[TEMP DEBUG] initial: primary_header='', secondary_header=''
[TEMP DEBUG] Excel读取列头成功: col=3, header='1'
[TEMP DEBUG] _generate_column_key called: sheet_name='资产负债表', col_info.column_index=4
[TEMP DEBUG] initial: primary_header='', secondary_header='2025年9月'
[TEMP DEBUG] _generate_column_key called: sheet_name='资产负债表', col_info.column_index=5
[TEMP DEBUG] initial: primary_header='', secondary_header=''
[TEMP DEBUG] _generate_column_key called: sheet_name='资产负债表', col_info.column_index=7
[TEMP DEBUG] initial: primary_header='', secondary_header='企财01表'
[TEMP DEBUG] Excel读取列头成功: col=7, header='75'
[TEMP DEBUG] _generate_column_key called: sheet_name='资产负债表', col_info.column_index=8
[TEMP DEBUG] initial: primary_header='', secondary_header=''
[TEMP DEBUG] _generate_column_key called: sheet_name='资产负债表', col_info.column_index=9
[TEMP DEBUG] initial: primary_header='', secondary_header=''
[TEMP DEBUG] _generate_column_key called: sheet_name='资产负债表', col_info.column_index=3
[TEMP DEBUG] initial: primary_header='', secondary_header=''
[TEMP DEBUG] Excel读取列头成功: col=3, header='1'
[TEMP DEBUG] _generate_column_key called: sheet_name='资产负债表', col_info.column_index=7
[TEMP DEBUG] initial: primary_header='', secondary_header='企财01表'
[TEMP DEBUG] Excel读取列头成功: col=7, header='75'
[TEMP DEBUG] _generate_column_key called: sheet_name='资产负债表', col_info.column_index=3
[TEMP DEBUG] initial: primary_header='', secondary_header=''
[TEMP DEBUG] Excel读取列头成功: col=3, header='1'
[TEMP DEBUG] _generate_column_key called: sheet_name='资产负债表', col_info.column_index=7
[TEMP DEBUG] initial: primary_header='', secondary_header='企财01表'
[TEMP DEBUG] Excel读取列头成功: col=7, header='75'
[TEMP DEBUG] _generate_column_key called: sheet_name='资产负债表', col_info.column_index=3
[TEMP DEBUG] initial: primary_header='', secondary_header=''
[TEMP DEBUG] Excel读取列头成功: col=3, header='1'
[TEMP DEBUG] _generate_column_key called: sheet_name='资产负债表', col_info.column_index=4
[TEMP DEBUG] initial: primary_header='', secondary_header='2025年9月'
[TEMP DEBUG] _generate_column_key called: sheet_name='资产负债表', col_info.column_index=5
[TEMP DEBUG] initial: primary_header='', secondary_header=''
[TEMP DEBUG] _generate_column_key called: sheet_name='资产负债表', col_info.column_index=7
[TEMP DEBUG] initial: primary_header='', secondary_header='企财01表'
[TEMP DEBUG] Excel读取列头成功: col=7, header='75'
[TEMP DEBUG] _generate_column_key called: sheet_name='资产负债表', col_info.column_index=8
[TEMP DEBUG] initial: primary_header='', secondary_header=''
[TEMP DEBUG] _generate_column_key called: sheet_name='资产负债表', col_info.column_index=9
[TEMP DEBUG] initial: primary_header='', secondary_header=''
[TEMP DEBUG] _generate_column_key called: sheet_name='资产负债表', col_info.column_index=3
[TEMP DEBUG] initial: primary_header='', secondary_header=''
[TEMP DEBUG] Excel读取列头成功: col=3, header='1'
[TEMP DEBUG] _generate_column_key called: sheet_name='资产负债表', col_info.column_index=4
[TEMP DEBUG] initial: primary_header='', secondary_header='2025年9月'
[TEMP DEBUG] _generate_column_key called: sheet_name='资产负债表', col_info.column_index=5
[TEMP DEBUG] initial: primary_header='', secondary_header=''
[TEMP DEBUG] _generate_column_key called: sheet_name='资产负债表', col_info.column_index=7
[TEMP DEBUG] initial: primary_header='', secondary_header='企财01表'
[TEMP DEBUG] Excel读取列头成功: col=7, header='75'
[TEMP DEBUG] _generate_column_key called: sheet_name='资产负债表', col_info.column_index=8
[TEMP DEBUG] initial: primary_header='', secondary_header=''
[TEMP DEBUG] _generate_column_key called: sheet_name='资产负债表', col_info.column_index=9
[TEMP DEBUG] initial: primary_header='', secondary_header=''
[TEMP DEBUG] _generate_column_key called: sheet_name='资产负债表', col_info.column_index=3
[TEMP DEBUG] initial: primary_header='', secondary_header=''
[TEMP DEBUG] Excel读取列头成功: col=3, header='1'
[TEMP DEBUG] _generate_column_key called: sheet_name='资产负债表', col_info.column_index=4
[TEMP DEBUG] initial: primary_header='', secondary_header='2025年9月'
[TEMP DEBUG] _generate_column_key called: sheet_name='资产负债表', col_info.column_index=5
[TEMP DEBUG] initial: primary_header='', secondary_header=''
[TEMP DEBUG] _generate_column_key called: sheet_name='资产负债表', col_info.column_index=7
[TEMP DEBUG] initial: primary_header='', secondary_header='企财01表'
[TEMP DEBUG] Excel读取列头成功: col=7, header='75'
[TEMP DEBUG] _generate_column_key called: sheet_name='资产负债表', col_info.column_index=8
[TEMP DEBUG] initial: primary_header='', secondary_header=''
[TEMP DEBUG] _generate_column_key called: sheet_name='资产负债表', col_info.column_index=9
[TEMP DEBUG] initial: primary_header='', secondary_header=''
[TEMP DEBUG] _generate_column_key called: sheet_name='资产负债表', col_info.column_index=3
[TEMP DEBUG] initial: primary_header='', secondary_header=''
[TEMP DEBUG] Excel读取列头成功: col=3, header='1'
[TEMP DEBUG] _generate_column_key called: sheet_name='资产负债表', col_info.column_index=4
[TEMP DEBUG] initial: primary_header='', secondary_header='2025年9月'
[TEMP DEBUG] _generate_column_key called: sheet_name='资产负债表', col_info.column_index=5
[TEMP DEBUG] initial: primary_header='', secondary_header=''
[TEMP DEBUG] _generate_column_key called: sheet_name='资产负债表', col_info.column_index=7
[TEMP DEBUG] initial: primary_header='', secondary_header='企财01表'
[TEMP DEBUG] Excel读取列头成功: col=7, header='75'
[TEMP DEBUG] _generate_column_key called: sheet_name='资产负债表', col_info.column_index=8
[TEMP DEBUG] initial: primary_header='', secondary_header=''
[TEMP DEBUG] _generate_column_key called: sheet_name='资产负债表', col_info.column_index=9
[TEMP DEBUG] initial: primary_header='', secondary_header=''
[TEMP DEBUG] _generate_column_key called: sheet_name='资产负债表', col_info.column_index=3
[TEMP DEBUG] initial: primary_header='', secondary_header=''
[TEMP DEBUG] Excel读取列头成功: col=3, header='1'
[TEMP DEBUG] _generate_column_key called: sheet_name='资产负债表', col_info.column_index=7
[TEMP DEBUG] initial: primary_header='', secondary_header='企财01表'
[TEMP DEBUG] Excel读取列头成功: col=7, header='75'
[TEMP DEBUG] _generate_column_key called: sheet_name='资产负债表', col_info.column_index=3
[TEMP DEBUG] initial: primary_header='', secondary_header=''
[TEMP DEBUG] Excel读取列头成功: col=3, header='1'
[TEMP DEBUG] _generate_column_key called: sheet_name='资产负债表', col_info.column_index=7
[TEMP DEBUG] initial: primary_header='', secondary_header='企财01表'
[TEMP DEBUG] Excel读取列头成功: col=7, header='75'
[TEMP DEBUG] _generate_column_key called: sheet_name='资产负债表', col_info.column_index=3
[TEMP DEBUG] initial: primary_header='', secondary_header=''
[TEMP DEBUG] Excel读取列头成功: col=3, header='1'
[TEMP DEBUG] _generate_column_key called: sheet_name='资产负债表', col_info.column_index=7
[TEMP DEBUG] initial: primary_header='', secondary_header='企财01表'
[TEMP DEBUG] Excel读取列头成功: col=7, header='75'
[TEMP DEBUG] _generate_column_key called: sheet_name='资产负债表', col_info.column_index=3
[TEMP DEBUG] initial: primary_header='', secondary_header=''
[TEMP DEBUG] Excel读取列头成功: col=3, header='1'
[TEMP DEBUG] _generate_column_key called: sheet_name='资产负债表', col_info.column_index=4
[TEMP DEBUG] initial: primary_header='', secondary_header='2025年9月'
[TEMP DEBUG] _generate_column_key called: sheet_name='资产负债表', col_info.column_index=5
[TEMP DEBUG] initial: primary_header='', secondary_header=''
[TEMP DEBUG] _generate_column_key called: sheet_name='资产负债表', col_info.column_index=7
[TEMP DEBUG] initial: primary_header='', secondary_header='企财01表'
[TEMP DEBUG] Excel读取列头成功: col=7, header='75'
[TEMP DEBUG] _generate_column_key called: sheet_name='资产负债表', col_info.column_index=3
[TEMP DEBUG] initial: primary_header='', secondary_header=''
[TEMP DEBUG] Excel读取列头成功: col=3, header='1'
[TEMP DEBUG] _generate_column_key called: sheet_name='资产负债表', col_info.column_index=4
[TEMP DEBUG] initial: primary_header='', secondary_header='2025年9月'
[TEMP DEBUG] _generate_column_key called: sheet_name='资产负债表', col_info.column_index=5
[TEMP DEBUG] initial: primary_header='', secondary_header=''
[TEMP DEBUG] _generate_column_key called: sheet_name='资产负债表', col_info.column_index=7
[TEMP DEBUG] initial: primary_header='', secondary_header='企财01表'
[TEMP DEBUG] Excel读取列头成功: col=7, header='75'
[TEMP DEBUG] _generate_column_key called: sheet_name='资产负债表', col_info.column_index=8
[TEMP DEBUG] initial: primary_header='', secondary_header=''
[TEMP DEBUG] _generate_column_key called: sheet_name='资产负债表', col_info.column_index=9
[TEMP DEBUG] initial: primary_header='', secondary_header=''
[TEMP DEBUG] _generate_column_key called: sheet_name='资产负债表', col_info.column_index=3
[TEMP DEBUG] initial: primary_header='', secondary_header=''
[TEMP DEBUG] Excel读取列头成功: col=3, header='1'
[TEMP DEBUG] _generate_column_key called: sheet_name='资产负债表', col_info.column_index=7
[TEMP DEBUG] initial: primary_header='', secondary_header='企财01表'
[TEMP DEBUG] Excel读取列头成功: col=7, header='75'
[TEMP DEBUG] _generate_column_key called: sheet_name='资产负债表', col_info.column_index=8
[TEMP DEBUG] initial: primary_header='', secondary_header=''
[TEMP DEBUG] _generate_column_key called: sheet_name='资产负债表', col_info.column_index=9
[TEMP DEBUG] initial: primary_header='', secondary_header=''
[TEMP DEBUG] _generate_column_key called: sheet_name='资产负债表', col_info.column_index=3
[TEMP DEBUG] initial: primary_header='', secondary_header=''
[TEMP DEBUG] Excel读取列头成功: col=3, header='1'
[TEMP DEBUG] _generate_column_key called: sheet_name='资产负债表', col_info.column_index=4
[TEMP DEBUG] initial: primary_header='', secondary_header='2025年9月'
[TEMP DEBUG] _generate_column_key called: sheet_name='资产负债表', col_info.column_index=5
[TEMP DEBUG] initial: primary_header='', secondary_header=''
[TEMP DEBUG] _generate_column_key called: sheet_name='资产负债表', col_info.column_index=7
[TEMP DEBUG] initial: primary_header='', secondary_header='企财01表'
[TEMP DEBUG] Excel读取列头成功: col=7, header='75'
[TEMP DEBUG] _generate_column_key called: sheet_name='资产负债表', col_info.column_index=8
[TEMP DEBUG] initial: primary_header='', secondary_header=''
[TEMP DEBUG] _generate_column_key called: sheet_name='资产负债表', col_info.column_index=9
[TEMP DEBUG] initial: primary_header='', secondary_header=''
[TEMP DEBUG] _generate_column_key called: sheet_name='资产负债表', col_info.column_index=3
[TEMP DEBUG] initial: primary_header='', secondary_header=''
[TEMP DEBUG] Excel读取列头成功: col=3, header='1'
[TEMP DEBUG] _generate_column_key called: sheet_name='资产负债表', col_info.column_index=4
[TEMP DEBUG] initial: primary_header='', secondary_header='2025年9月'
[TEMP DEBUG] _generate_column_key called: sheet_name='资产负债表', col_info.column_index=5
[TEMP DEBUG] initial: primary_header='', secondary_header=''
[TEMP DEBUG] _generate_column_key called: sheet_name='资产负债表', col_info.column_index=7
[TEMP DEBUG] initial: primary_header='', secondary_header='企财01表'
[TEMP DEBUG] Excel读取列头成功: col=7, header='75'
[TEMP DEBUG] _generate_column_key called: sheet_name='资产负债表', col_info.column_index=3
[TEMP DEBUG] initial: primary_header='', secondary_header=''
[TEMP DEBUG] Excel读取列头成功: col=3, header='1'
[TEMP DEBUG] _generate_column_key called: sheet_name='资产负债表', col_info.column_index=4
[TEMP DEBUG] initial: primary_header='', secondary_header='2025年9月'
[TEMP DEBUG] _generate_column_key called: sheet_name='资产负债表', col_info.column_index=5
[TEMP DEBUG] initial: primary_header='', secondary_header=''
[TEMP DEBUG] _generate_column_key called: sheet_name='资产负债表', col_info.column_index=7
[TEMP DEBUG] initial: primary_header='', secondary_header='企财01表'
[TEMP DEBUG] Excel读取列头成功: col=7, header='75'
[TEMP DEBUG] _generate_column_key called: sheet_name='资产负债表', col_info.column_index=8
[TEMP DEBUG] initial: primary_header='', secondary_header=''
[TEMP DEBUG] _generate_column_key called: sheet_name='资产负债表', col_info.column_index=9
[TEMP DEBUG] initial: primary_header='', secondary_header=''
[TEMP DEBUG] _generate_column_key called: sheet_name='资产负债表', col_info.column_index=3
[TEMP DEBUG] initial: primary_header='', secondary_header=''
[TEMP DEBUG] Excel读取列头成功: col=3, header='1'
[TEMP DEBUG] _generate_column_key called: sheet_name='资产负债表', col_info.column_index=7
[TEMP DEBUG] initial: primary_header='', secondary_header='企财01表'
[TEMP DEBUG] Excel读取列头成功: col=7, header='75'
[TEMP DEBUG] _generate_column_key called: sheet_name='资产负债表', col_info.column_index=8
[TEMP DEBUG] initial: primary_header='', secondary_header=''
[TEMP DEBUG] _generate_column_key called: sheet_name='资产负债表', col_info.column_index=9
[TEMP DEBUG] initial: primary_header='', secondary_header=''
[TEMP DEBUG] _generate_column_key called: sheet_name='资产负债表', col_info.column_index=3
[TEMP DEBUG] initial: primary_header='', secondary_header=''
[TEMP DEBUG] Excel读取列头成功: col=3, header='1'
[TEMP DEBUG] _generate_column_key called: sheet_name='资产负债表', col_info.column_index=7
[TEMP DEBUG] initial: primary_header='', secondary_header='企财01表'
[TEMP DEBUG] Excel读取列头成功: col=7, header='75'
[TEMP DEBUG] _generate_column_key called: sheet_name='资产负债表', col_info.column_index=8
[TEMP DEBUG] initial: primary_header='', secondary_header=''
[TEMP DEBUG] _generate_column_key called: sheet_name='资产负债表', col_info.column_index=9
[TEMP DEBUG] initial: primary_header='', secondary_header=''
[TEMP DEBUG] _generate_column_key called: sheet_name='资产负债表', col_info.column_index=3
[TEMP DEBUG] initial: primary_header='', secondary_header=''
[TEMP DEBUG] Excel读取列头成功: col=3, header='1'
[TEMP DEBUG] _generate_column_key called: sheet_name='资产负债表', col_info.column_index=7
[TEMP DEBUG] initial: primary_header='', secondary_header='企财01表'
[TEMP DEBUG] Excel读取列头成功: col=7, header='75'
[TEMP DEBUG] _generate_column_key called: sheet_name='资产负债表', col_info.column_index=8
[TEMP DEBUG] initial: primary_header='', secondary_header=''
[TEMP DEBUG] _generate_column_key called: sheet_name='资产负债表', col_info.column_index=9
[TEMP DEBUG] initial: primary_header='', secondary_header=''
[TEMP DEBUG] _generate_column_key called: sheet_name='资产负债表', col_info.column_index=3
[TEMP DEBUG] initial: primary_header='', secondary_header=''
[TEMP DEBUG] Excel读取列头成功: col=3, header='1'
[TEMP DEBUG] _generate_column_key called: sheet_name='资产负债表', col_info.column_index=4
[TEMP DEBUG] initial: primary_header='', secondary_header='2025年9月'
[TEMP DEBUG] _generate_column_key called: sheet_name='资产负债表', col_info.column_index=5
[TEMP DEBUG] initial: primary_header='', secondary_header=''
[TEMP DEBUG] _generate_column_key called: sheet_name='资产负债表', col_info.column_index=7
[TEMP DEBUG] initial: primary_header='', secondary_header='企财01表'
[TEMP DEBUG] Excel读取列头成功: col=7, header='75'
[TEMP DEBUG] _generate_column_key called: sheet_name='资产负债表', col_info.column_index=3
[TEMP DEBUG] initial: primary_header='', secondary_header=''
[TEMP DEBUG] Excel读取列头成功: col=3, header='1'
[TEMP DEBUG] _generate_column_key called: sheet_name='资产负债表', col_info.column_index=4
[TEMP DEBUG] initial: primary_header='', secondary_header='2025年9月'
[TEMP DEBUG] _generate_column_key called: sheet_name='资产负债表', col_info.column_index=5
[TEMP DEBUG] initial: primary_header='', secondary_header=''
[TEMP DEBUG] _generate_column_key called: sheet_name='资产负债表', col_info.column_index=7
[TEMP DEBUG] initial: primary_header='', secondary_header='企财01表'
[TEMP DEBUG] Excel读取列头成功: col=7, header='75'
[TEMP DEBUG] _generate_column_key called: sheet_name='资产负债表', col_info.column_index=3
[TEMP DEBUG] initial: primary_header='', secondary_header=''
[TEMP DEBUG] Excel读取列头成功: col=3, header='1'
[TEMP DEBUG] _generate_column_key called: sheet_name='资产负债表', col_info.column_index=7
[TEMP DEBUG] initial: primary_header='', secondary_header='企财01表'
[TEMP DEBUG] Excel读取列头成功: col=7, header='75'
[TEMP DEBUG] _generate_column_key called: sheet_name='资产负债表', col_info.column_index=3
[TEMP DEBUG] initial: primary_header='', secondary_header=''
[TEMP DEBUG] Excel读取列头成功: col=3, header='1'
[TEMP DEBUG] _generate_column_key called: sheet_name='资产负债表', col_info.column_index=7
[TEMP DEBUG] initial: primary_header='', secondary_header='企财01表'
[TEMP DEBUG] Excel读取列头成功: col=7, header='75'
[TEMP DEBUG] _generate_column_key called: sheet_name='资产负债表', col_info.column_index=3
[TEMP DEBUG] initial: primary_header='', secondary_header=''
[TEMP DEBUG] Excel读取列头成功: col=3, header='1'
[TEMP DEBUG] _generate_column_key called: sheet_name='资产负债表', col_info.column_index=4
[TEMP DEBUG] initial: primary_header='', secondary_header='2025年9月'
[TEMP DEBUG] _generate_column_key called: sheet_name='资产负债表', col_info.column_index=7
[TEMP DEBUG] initial: primary_header='', secondary_header='企财01表'
[TEMP DEBUG] Excel读取列头成功: col=7, header='75'
[TEMP DEBUG] _generate_column_key called: sheet_name='资产负债表', col_info.column_index=8
[TEMP DEBUG] initial: primary_header='', secondary_header=''
[TEMP DEBUG] _generate_column_key called: sheet_name='资产负债表', col_info.column_index=9
[TEMP DEBUG] initial: primary_header='', secondary_header=''
[TEMP DEBUG] _generate_column_key called: sheet_name='资产负债表', col_info.column_index=3
[TEMP DEBUG] initial: primary_header='', secondary_header=''
[TEMP DEBUG] Excel读取列头成功: col=3, header='1'
[TEMP DEBUG] _generate_column_key called: sheet_name='资产负债表', col_info.column_index=7
[TEMP DEBUG] initial: primary_header='', secondary_header='企财01表'
[TEMP DEBUG] Excel读取列头成功: col=7, header='75'
[TEMP DEBUG] _generate_column_key called: sheet_name='资产负债表', col_info.column_index=8
[TEMP DEBUG] initial: primary_header='', secondary_header=''
[TEMP DEBUG] _generate_column_key called: sheet_name='资产负债表', col_info.column_index=9
[TEMP DEBUG] initial: primary_header='', secondary_header=''
[TEMP DEBUG] _generate_column_key called: sheet_name='资产负债表', col_info.column_index=3
[TEMP DEBUG] initial: primary_header='', secondary_header=''
[TEMP DEBUG] Excel读取列头成功: col=3, header='1'
[TEMP DEBUG] _generate_column_key called: sheet_name='资产负债表', col_info.column_index=4
[TEMP DEBUG] initial: primary_header='', secondary_header='2025年9月'
[TEMP DEBUG] _generate_column_key called: sheet_name='资产负债表', col_info.column_index=5
[TEMP DEBUG] initial: primary_header='', secondary_header=''
[TEMP DEBUG] _generate_column_key called: sheet_name='资产负债表', col_info.column_index=7
[TEMP DEBUG] initial: primary_header='', secondary_header='企财01表'
[TEMP DEBUG] Excel读取列头成功: col=7, header='75'
[TEMP DEBUG] _generate_column_key called: sheet_name='资产负债表', col_info.column_index=3
[TEMP DEBUG] initial: primary_header='', secondary_header=''
[TEMP DEBUG] Excel读取列头成功: col=3, header='1'
[TEMP DEBUG] _generate_column_key called: sheet_name='资产负债表', col_info.column_index=7
[TEMP DEBUG] initial: primary_header='', secondary_header='企财01表'
[TEMP DEBUG] Excel读取列头成功: col=7, header='75'
[TEMP DEBUG] _generate_column_key called: sheet_name='资产负债表', col_info.column_index=3
[TEMP DEBUG] initial: primary_header='', secondary_header=''
[TEMP DEBUG] Excel读取列头成功: col=3, header='1'
[TEMP DEBUG] _generate_column_key called: sheet_name='资产负债表', col_info.column_index=4
[TEMP DEBUG] initial: primary_header='', secondary_header='2025年9月'
[TEMP DEBUG] _generate_column_key called: sheet_name='资产负债表', col_info.column_index=5
[TEMP DEBUG] initial: primary_header='', secondary_header=''
[TEMP DEBUG] _generate_column_key called: sheet_name='资产负债表', col_info.column_index=7
[TEMP DEBUG] initial: primary_header='', secondary_header='企财01表'
[TEMP DEBUG] Excel读取列头成功: col=7, header='75'
[TEMP DEBUG] _generate_column_key called: sheet_name='资产负债表', col_info.column_index=8
[TEMP DEBUG] initial: primary_header='', secondary_header=''
[TEMP DEBUG] _generate_column_key called: sheet_name='资产负债表', col_info.column_index=9
[TEMP DEBUG] initial: primary_header='', secondary_header=''
[TEMP DEBUG] _generate_column_key called: sheet_name='资产负债表', col_info.column_index=3
[TEMP DEBUG] initial: primary_header='', secondary_header=''
[TEMP DEBUG] Excel读取列头成功: col=3, header='1'
[TEMP DEBUG] _generate_column_key called: sheet_name='资产负债表', col_info.column_index=4
[TEMP DEBUG] initial: primary_header='', secondary_header='2025年9月'
[TEMP DEBUG] _generate_column_key called: sheet_name='资产负债表', col_info.column_index=5
[TEMP DEBUG] initial: primary_header='', secondary_header=''
[TEMP DEBUG] _generate_column_key called: sheet_name='资产负债表', col_info.column_index=7
[TEMP DEBUG] initial: primary_header='', secondary_header='企财01表'
[TEMP DEBUG] Excel读取列头成功: col=7, header='75'
[TEMP DEBUG] _generate_column_key called: sheet_name='资产负债表', col_info.column_index=8
[TEMP DEBUG] initial: primary_header='', secondary_header=''
[TEMP DEBUG] _generate_column_key called: sheet_name='资产负债表', col_info.column_index=9
[TEMP DEBUG] initial: primary_header='', secondary_header=''
[TEMP DEBUG] _generate_column_key called: sheet_name='资产负债表', col_info.column_index=3
[TEMP DEBUG] initial: primary_header='', secondary_header=''
[TEMP DEBUG] Excel读取列头成功: col=3, header='1'
[TEMP DEBUG] _generate_column_key called: sheet_name='资产负债表', col_info.column_index=4
[TEMP DEBUG] initial: primary_header='', secondary_header='2025年9月'
[TEMP DEBUG] _generate_column_key called: sheet_name='资产负债表', col_info.column_index=5
[TEMP DEBUG] initial: primary_header='', secondary_header=''
[TEMP DEBUG] _generate_column_key called: sheet_name='资产负债表', col_info.column_index=7
[TEMP DEBUG] initial: primary_header='', secondary_header='企财01表'
[TEMP DEBUG] Excel读取列头成功: col=7, header='75'
[TEMP DEBUG] _generate_column_key called: sheet_name='资产负债表', col_info.column_index=3
[TEMP DEBUG] initial: primary_header='', secondary_header=''
[TEMP DEBUG] Excel读取列头成功: col=3, header='1'
[TEMP DEBUG] _generate_column_key called: sheet_name='资产负债表', col_info.column_index=7
[TEMP DEBUG] initial: primary_header='', secondary_header='企财01表'
[TEMP DEBUG] Excel读取列头成功: col=7, header='75'
[TEMP DEBUG] _generate_column_key called: sheet_name='资产负债表', col_info.column_index=3
[TEMP DEBUG] initial: primary_header='', secondary_header=''
[TEMP DEBUG] Excel读取列头成功: col=3, header='1'
[TEMP DEBUG] _generate_column_key called: sheet_name='资产负债表', col_info.column_index=4
[TEMP DEBUG] initial: primary_header='', secondary_header='2025年9月'
[TEMP DEBUG] _generate_column_key called: sheet_name='资产负债表', col_info.column_index=5
[TEMP DEBUG] initial: primary_header='', secondary_header=''
[TEMP DEBUG] _generate_column_key called: sheet_name='资产负债表', col_info.column_index=7
[TEMP DEBUG] initial: primary_header='', secondary_header='企财01表'
[TEMP DEBUG] Excel读取列头成功: col=7, header='75'
[TEMP DEBUG] _generate_column_key called: sheet_name='资产负债表', col_info.column_index=3
[TEMP DEBUG] initial: primary_header='', secondary_header=''
[TEMP DEBUG] Excel读取列头成功: col=3, header='1'
[TEMP DEBUG] _generate_column_key called: sheet_name='资产负债表', col_info.column_index=4
[TEMP DEBUG] initial: primary_header='', secondary_header='2025年9月'
[TEMP DEBUG] _generate_column_key called: sheet_name='资产负债表', col_info.column_index=5
[TEMP DEBUG] initial: primary_header='', secondary_header=''
[TEMP DEBUG] _generate_column_key called: sheet_name='资产负债表', col_info.column_index=7
[TEMP DEBUG] initial: primary_header='', secondary_header='企财01表'
[TEMP DEBUG] Excel读取列头成功: col=7, header='75'
[TEMP DEBUG] _generate_column_key called: sheet_name='资产负债表', col_info.column_index=8
[TEMP DEBUG] initial: primary_header='', secondary_header=''
[TEMP DEBUG] _generate_column_key called: sheet_name='资产负债表', col_info.column_index=9
[TEMP DEBUG] initial: primary_header='', secondary_header=''
[TEMP DEBUG] _generate_column_key called: sheet_name='资产负债表', col_info.column_index=3
[TEMP DEBUG] initial: primary_header='', secondary_header=''
[TEMP DEBUG] Excel读取列头成功: col=3, header='1'
[TEMP DEBUG] _generate_column_key called: sheet_name='资产负债表', col_info.column_index=4
[TEMP DEBUG] initial: primary_header='', secondary_header='2025年9月'
[TEMP DEBUG] _generate_column_key called: sheet_name='资产负债表', col_info.column_index=5
[TEMP DEBUG] initial: primary_header='', secondary_header=''
[TEMP DEBUG] _generate_column_key called: sheet_name='资产负债表', col_info.column_index=7
[TEMP DEBUG] initial: primary_header='', secondary_header='企财01表'
[TEMP DEBUG] Excel读取列头成功: col=7, header='75'
[TEMP DEBUG] _generate_column_key called: sheet_name='资产负债表', col_info.column_index=3
[TEMP DEBUG] initial: primary_header='', secondary_header=''
[TEMP DEBUG] Excel读取列头成功: col=3, header='1'
[TEMP DEBUG] _generate_column_key called: sheet_name='资产负债表', col_info.column_index=4
[TEMP DEBUG] initial: primary_header='', secondary_header='2025年9月'
[TEMP DEBUG] _generate_column_key called: sheet_name='资产负债表', col_info.column_index=5
[TEMP DEBUG] initial: primary_header='', secondary_header=''
[TEMP DEBUG] _generate_column_key called: sheet_name='资产负债表', col_info.column_index=7
[TEMP DEBUG] initial: primary_header='', secondary_header='企财01表'
[TEMP DEBUG] Excel读取列头成功: col=7, header='75'
[TEMP DEBUG] _generate_column_key called: sheet_name='资产负债表', col_info.column_index=8
[TEMP DEBUG] initial: primary_header='', secondary_header=''
[TEMP DEBUG] _generate_column_key called: sheet_name='资产负债表', col_info.column_index=9
[TEMP DEBUG] initial: primary_header='', secondary_header=''
[TEMP DEBUG] _generate_column_key called: sheet_name='资产负债表', col_info.column_index=3
[TEMP DEBUG] initial: primary_header='', secondary_header=''
[TEMP DEBUG] Excel读取列头成功: col=3, header='1'
[TEMP DEBUG] _generate_column_key called: sheet_name='资产负债表', col_info.column_index=4
[TEMP DEBUG] initial: primary_header='', secondary_header='2025年9月'
[TEMP DEBUG] _generate_column_key called: sheet_name='资产负债表', col_info.column_index=5
[TEMP DEBUG] initial: primary_header='', secondary_header=''
[TEMP DEBUG] _generate_column_key called: sheet_name='资产负债表', col_info.column_index=7
[TEMP DEBUG] initial: primary_header='', secondary_header='企财01表'
[TEMP DEBUG] Excel读取列头成功: col=7, header='75'
[TEMP DEBUG] _generate_column_key called: sheet_name='资产负债表', col_info.column_index=8
[TEMP DEBUG] initial: primary_header='', secondary_header=''
[TEMP DEBUG] _generate_column_key called: sheet_name='资产负债表', col_info.column_index=9
[TEMP DEBUG] initial: primary_header='', secondary_header=''
[TEMP DEBUG] _generate_column_key called: sheet_name='资产负债表', col_info.column_index=3
[TEMP DEBUG] initial: primary_header='', secondary_header=''
[TEMP DEBUG] Excel读取列头成功: col=3, header='1'
[TEMP DEBUG] _generate_column_key called: sheet_name='资产负债表', col_info.column_index=4
[TEMP DEBUG] initial: primary_header='', secondary_header='2025年9月'
[TEMP DEBUG] _generate_column_key called: sheet_name='资产负债表', col_info.column_index=5
[TEMP DEBUG] initial: primary_header='', secondary_header=''
[TEMP DEBUG] _generate_column_key called: sheet_name='资产负债表', col_info.column_index=7
[TEMP DEBUG] initial: primary_header='', secondary_header='企财01表'
[TEMP DEBUG] Excel读取列头成功: col=7, header='75'
[TEMP DEBUG] _generate_column_key called: sheet_name='资产负债表', col_info.column_index=8
[TEMP DEBUG] initial: primary_header='', secondary_header=''
[TEMP DEBUG] _generate_column_key called: sheet_name='资产负债表', col_info.column_index=9
[TEMP DEBUG] initial: primary_header='', secondary_header=''
[TEMP DEBUG] _generate_column_key called: sheet_name='资产负债表', col_info.column_index=3
[TEMP DEBUG] initial: primary_header='', secondary_header=''
[TEMP DEBUG] Excel读取列头成功: col=3, header='1'
[TEMP DEBUG] _generate_column_key called: sheet_name='资产负债表', col_info.column_index=4
[TEMP DEBUG] initial: primary_header='', secondary_header='2025年9月'
[TEMP DEBUG] _generate_column_key called: sheet_name='资产负债表', col_info.column_index=5
[TEMP DEBUG] initial: primary_header='', secondary_header=''
[TEMP DEBUG] _generate_column_key called: sheet_name='资产负债表', col_info.column_index=7
[TEMP DEBUG] initial: primary_header='', secondary_header='企财01表'
[TEMP DEBUG] Excel读取列头成功: col=7, header='75'
[TEMP DEBUG] _generate_column_key called: sheet_name='资产负债表', col_info.column_index=8
[TEMP DEBUG] initial: primary_header='', secondary_header=''
[TEMP DEBUG] _generate_column_key called: sheet_name='资产负债表', col_info.column_index=9
[TEMP DEBUG] initial: primary_header='', secondary_header=''
[TEMP DEBUG] _generate_column_key called: sheet_name='资产负债表', col_info.column_index=3
[TEMP DEBUG] initial: primary_header='', secondary_header=''
[TEMP DEBUG] Excel读取列头成功: col=3, header='1'
[TEMP DEBUG] _generate_column_key called: sheet_name='资产负债表', col_info.column_index=7
[TEMP DEBUG] initial: primary_header='', secondary_header='企财01表'
[TEMP DEBUG] Excel读取列头成功: col=7, header='75'
[TEMP DEBUG] _generate_column_key called: sheet_name='资产负债表', col_info.column_index=3
[TEMP DEBUG] initial: primary_header='', secondary_header=''
[TEMP DEBUG] Excel读取列头成功: col=3, header='1'
[TEMP DEBUG] _generate_column_key called: sheet_name='资产负债表', col_info.column_index=7
[TEMP DEBUG] initial: primary_header='', secondary_header='企财01表'
[TEMP DEBUG] Excel读取列头成功: col=7, header='75'
[TEMP DEBUG] _generate_column_key called: sheet_name='资产负债表', col_info.column_index=8
[TEMP DEBUG] initial: primary_header='', secondary_header=''
[TEMP DEBUG] _generate_column_key called: sheet_name='资产负债表', col_info.column_index=9
[TEMP DEBUG] initial: primary_header='', secondary_header=''
[TEMP DEBUG] _generate_column_key called: sheet_name='资产负债表', col_info.column_index=3
[TEMP DEBUG] initial: primary_header='', secondary_header=''
[TEMP DEBUG] Excel读取列头成功: col=3, header='1'
[TEMP DEBUG] _generate_column_key called: sheet_name='资产负债表', col_info.column_index=4
[TEMP DEBUG] initial: primary_header='', secondary_header='2025年9月'
[TEMP DEBUG] _generate_column_key called: sheet_name='资产负债表', col_info.column_index=5
[TEMP DEBUG] initial: primary_header='', secondary_header=''
[TEMP DEBUG] _generate_column_key called: sheet_name='资产负债表', col_info.column_index=7
[TEMP DEBUG] initial: primary_header='', secondary_header='企财01表'
[TEMP DEBUG] Excel读取列头成功: col=7, header='75'
[TEMP DEBUG] _generate_column_key called: sheet_name='资产负债表', col_info.column_index=8
[TEMP DEBUG] initial: primary_header='', secondary_header=''
[TEMP DEBUG] _generate_column_key called: sheet_name='资产负债表', col_info.column_index=9
[TEMP DEBUG] initial: primary_header='', secondary_header=''
[TEMP DEBUG] _generate_column_key called: sheet_name='资产负债表', col_info.column_index=3
[TEMP DEBUG] initial: primary_header='', secondary_header=''
[TEMP DEBUG] Excel读取列头成功: col=3, header='1'
[TEMP DEBUG] _generate_column_key called: sheet_name='资产负债表', col_info.column_index=4
[TEMP DEBUG] initial: primary_header='', secondary_header='2025年9月'
[TEMP DEBUG] _generate_column_key called: sheet_name='资产负债表', col_info.column_index=5
[TEMP DEBUG] initial: primary_header='', secondary_header=''
[TEMP DEBUG] _generate_column_key called: sheet_name='资产负债表', col_info.column_index=7
[TEMP DEBUG] initial: primary_header='', secondary_header='企财01表'
[TEMP DEBUG] Excel读取列头成功: col=7, header='75'
[TEMP DEBUG] _generate_column_key called: sheet_name='资产负债表', col_info.column_index=3
[TEMP DEBUG] initial: primary_header='', secondary_header=''
[TEMP DEBUG] Excel读取列头成功: col=3, header='1'
[TEMP DEBUG] _generate_column_key called: sheet_name='资产负债表', col_info.column_index=4
[TEMP DEBUG] initial: primary_header='', secondary_header='2025年9月'
[TEMP DEBUG] _generate_column_key called: sheet_name='资产负债表', col_info.column_index=5
[TEMP DEBUG] initial: primary_header='', secondary_header=''
[TEMP DEBUG] _generate_column_key called: sheet_name='资产负债表', col_info.column_index=7
[TEMP DEBUG] initial: primary_header='', secondary_header='企财01表'
[TEMP DEBUG] Excel读取列头成功: col=7, header='75'
[TEMP DEBUG] _generate_column_key called: sheet_name='资产负债表', col_info.column_index=8
[TEMP DEBUG] initial: primary_header='', secondary_header=''
[TEMP DEBUG] _generate_column_key called: sheet_name='资产负债表', col_info.column_index=9
[TEMP DEBUG] initial: primary_header='', secondary_header=''
[TEMP DEBUG] _generate_column_key called: sheet_name='资产负债表', col_info.column_index=3
[TEMP DEBUG] initial: primary_header='', secondary_header=''
[TEMP DEBUG] Excel读取列头成功: col=3, header='1'
[TEMP DEBUG] _generate_column_key called: sheet_name='资产负债表', col_info.column_index=4
[TEMP DEBUG] initial: primary_header='', secondary_header='2025年9月'
[TEMP DEBUG] _generate_column_key called: sheet_name='资产负债表', col_info.column_index=5
[TEMP DEBUG] initial: primary_header='', secondary_header=''
[TEMP DEBUG] _generate_column_key called: sheet_name='资产负债表', col_info.column_index=7
[TEMP DEBUG] initial: primary_header='', secondary_header='企财01表'
[TEMP DEBUG] Excel读取列头成功: col=7, header='75'
[TEMP DEBUG] _generate_column_key called: sheet_name='资产负债表', col_info.column_index=8
[TEMP DEBUG] initial: primary_header='', secondary_header=''
[TEMP DEBUG] _generate_column_key called: sheet_name='资产负债表', col_info.column_index=9
[TEMP DEBUG] initial: primary_header='', secondary_header=''
[TEMP DEBUG] _generate_column_key called: sheet_name='资产负债表', col_info.column_index=3
[TEMP DEBUG] initial: primary_header='', secondary_header=''
[TEMP DEBUG] Excel读取列头成功: col=3, header='1'
[TEMP DEBUG] _generate_column_key called: sheet_name='资产负债表', col_info.column_index=4
[TEMP DEBUG] initial: primary_header='', secondary_header='2025年9月'
[TEMP DEBUG] _generate_column_key called: sheet_name='资产负债表', col_info.column_index=5
[TEMP DEBUG] initial: primary_header='', secondary_header=''
[TEMP DEBUG] _generate_column_key called: sheet_name='资产负债表', col_info.column_index=7
[TEMP DEBUG] initial: primary_header='', secondary_header='企财01表'
[TEMP DEBUG] Excel读取列头成功: col=7, header='75'
[TEMP DEBUG] _generate_column_key called: sheet_name='资产负债表', col_info.column_index=8
[TEMP DEBUG] initial: primary_header='', secondary_header=''
[TEMP DEBUG] _generate_column_key called: sheet_name='资产负债表', col_info.column_index=9
[TEMP DEBUG] initial: primary_header='', secondary_header=''
[TEMP DEBUG] _generate_column_key called: sheet_name='资产负债表', col_info.column_index=3
[TEMP DEBUG] initial: primary_header='', secondary_header=''
[TEMP DEBUG] Excel读取列头成功: col=3, header='1'
[TEMP DEBUG] _generate_column_key called: sheet_name='资产负债表', col_info.column_index=4
[TEMP DEBUG] initial: primary_header='', secondary_header='2025年9月'
[TEMP DEBUG] _generate_column_key called: sheet_name='资产负债表', col_info.column_index=5
[TEMP DEBUG] initial: primary_header='', secondary_header=''
[TEMP DEBUG] _generate_column_key called: sheet_name='资产负债表', col_info.column_index=7
[TEMP DEBUG] initial: primary_header='', secondary_header='企财01表'
[TEMP DEBUG] Excel读取列头成功: col=7, header='75'
[TEMP DEBUG] _generate_column_key called: sheet_name='资产负债表', col_info.column_index=8
[TEMP DEBUG] initial: primary_header='', secondary_header=''
[TEMP DEBUG] _generate_column_key called: sheet_name='资产负债表', col_info.column_index=9
[TEMP DEBUG] initial: primary_header='', secondary_header=''
[TEMP DEBUG] _generate_column_key called: sheet_name='资产负债表', col_info.column_index=3
[TEMP DEBUG] initial: primary_header='', secondary_header=''
[TEMP DEBUG] Excel读取列头成功: col=3, header='1'
[TEMP DEBUG] _generate_column_key called: sheet_name='资产负债表', col_info.column_index=7
[TEMP DEBUG] initial: primary_header='', secondary_header='企财01表'
[TEMP DEBUG] Excel读取列头成功: col=7, header='75'
[TEMP DEBUG] _generate_column_key called: sheet_name='资产负债表', col_info.column_index=8
[TEMP DEBUG] initial: primary_header='', secondary_header=''
[TEMP DEBUG] _generate_column_key called: sheet_name='资产负债表', col_info.column_index=9
[TEMP DEBUG] initial: primary_header='', secondary_header=''
[TEMP DEBUG] _generate_column_key called: sheet_name='资产负债表', col_info.column_index=3
[TEMP DEBUG] initial: primary_header='', secondary_header=''
[TEMP DEBUG] Excel读取列头成功: col=3, header='1'
[TEMP DEBUG] _generate_column_key called: sheet_name='资产负债表', col_info.column_index=4
[TEMP DEBUG] initial: primary_header='', secondary_header='2025年9月'
[TEMP DEBUG] _generate_column_key called: sheet_name='资产负债表', col_info.column_index=5
[TEMP DEBUG] initial: primary_header='', secondary_header=''
[TEMP DEBUG] _generate_column_key called: sheet_name='资产负债表', col_info.column_index=7
[TEMP DEBUG] initial: primary_header='', secondary_header='企财01表'
[TEMP DEBUG] Excel读取列头成功: col=7, header='75'
[TEMP DEBUG] _generate_column_key called: sheet_name='资产负债表', col_info.column_index=8
[TEMP DEBUG] initial: primary_header='', secondary_header=''
[TEMP DEBUG] _generate_column_key called: sheet_name='资产负债表', col_info.column_index=9
[TEMP DEBUG] initial: primary_header='', secondary_header=''
[TEMP DEBUG] _generate_column_key called: sheet_name='资产负债表', col_info.column_index=3
[TEMP DEBUG] initial: primary_header='', secondary_header=''
[TEMP DEBUG] Excel读取列头成功: col=3, header='1'
[TEMP DEBUG] _generate_column_key called: sheet_name='资产负债表', col_info.column_index=4
[TEMP DEBUG] initial: primary_header='', secondary_header='2025年9月'
[TEMP DEBUG] _generate_column_key called: sheet_name='资产负债表', col_info.column_index=5
[TEMP DEBUG] initial: primary_header='', secondary_header=''
[TEMP DEBUG] _generate_column_key called: sheet_name='资产负债表', col_info.column_index=7
[TEMP DEBUG] initial: primary_header='', secondary_header='企财01表'
[TEMP DEBUG] Excel读取列头成功: col=7, header='75'
[TEMP DEBUG] _generate_column_key called: sheet_name='资产负债表', col_info.column_index=8
[TEMP DEBUG] initial: primary_header='', secondary_header=''
[TEMP DEBUG] _generate_column_key called: sheet_name='资产负债表', col_info.column_index=9
[TEMP DEBUG] initial: primary_header='', secondary_header=''
  提取到 53 个来源项

提取数据源表 '利润表' 的来源项...
  分析表格模式...
  识别为: 利润表
    使用通用表格提取逻辑
[TEMP DEBUG] _generate_column_key called: sheet_name='利润表', col_info.column_index=3
[TEMP DEBUG] initial: primary_header='', secondary_header=''
[TEMP DEBUG] Excel读取列头成功: col=3, header='行次'
[TEMP DEBUG] 进入利润表映射检查: primary_header='行次'
[TEMP DEBUG] 检查模式: '本期金额' vs '行次'
[TEMP DEBUG] 检查模式: '本期' vs '行次'
[TEMP DEBUG] 检查模式: '上期金额' vs '行次'
[TEMP DEBUG] 检查模式: '上期' vs '行次'
[TEMP DEBUG] 检查模式: '本年累计' vs '行次'
[TEMP DEBUG] 检查模式: '上年累计' vs '行次'
[TEMP DEBUG] _generate_column_key called: sheet_name='利润表', col_info.column_index=4
[TEMP DEBUG] initial: primary_header='', secondary_header=''
[TEMP DEBUG] Excel读取列头成功: col=4, header='本期金额'
[TEMP DEBUG] _generate_column_key called: sheet_name='利润表', col_info.column_index=5
[TEMP DEBUG] initial: primary_header='', secondary_header=''
[TEMP DEBUG] Excel读取列头成功: col=5, header='本年累计'
[TEMP DEBUG] _generate_column_key called: sheet_name='利润表', col_info.column_index=6
[TEMP DEBUG] initial: primary_header='', secondary_header=''
[TEMP DEBUG] Excel读取列头成功: col=6, header='上年同期'
[TEMP DEBUG] 进入利润表映射检查: primary_header='上年同期'
[TEMP DEBUG] 检查模式: '本期金额' vs '上年同期'
[TEMP DEBUG] 检查模式: '本期' vs '上年同期'
[TEMP DEBUG] 检查模式: '上期金额' vs '上年同期'
[TEMP DEBUG] 检查模式: '上期' vs '上年同期'
[TEMP DEBUG] 检查模式: '本年累计' vs '上年同期'
[TEMP DEBUG] 检查模式: '上年累计' vs '上年同期'
[TEMP DEBUG] _generate_column_key called: sheet_name='利润表', col_info.column_index=7
[TEMP DEBUG] initial: primary_header='', secondary_header=''
[TEMP DEBUG] Excel读取列头成功: col=7, header='上年累计'
[TEMP DEBUG] _generate_column_key called: sheet_name='利润表', col_info.column_index=3
[TEMP DEBUG] initial: primary_header='', secondary_header=''
[TEMP DEBUG] Excel读取列头成功: col=3, header='行次'
[TEMP DEBUG] 进入利润表映射检查: primary_header='行次'
[TEMP DEBUG] 检查模式: '本期金额' vs '行次'
[TEMP DEBUG] 检查模式: '本期' vs '行次'
[TEMP DEBUG] 检查模式: '上期金额' vs '行次'
[TEMP DEBUG] 检查模式: '上期' vs '行次'
[TEMP DEBUG] 检查模式: '本年累计' vs '行次'
[TEMP DEBUG] 检查模式: '上年累计' vs '行次'
[TEMP DEBUG] _generate_column_key called: sheet_name='利润表', col_info.column_index=4
[TEMP DEBUG] initial: primary_header='', secondary_header=''
[TEMP DEBUG] Excel读取列头成功: col=4, header='本期金额'
[TEMP DEBUG] _generate_column_key called: sheet_name='利润表', col_info.column_index=5
[TEMP DEBUG] initial: primary_header='', secondary_header=''
[TEMP DEBUG] Excel读取列头成功: col=5, header='本年累计'
[TEMP DEBUG] _generate_column_key called: sheet_name='利润表', col_info.column_index=6
[TEMP DEBUG] initial: primary_header='', secondary_header=''
[TEMP DEBUG] Excel读取列头成功: col=6, header='上年同期'
[TEMP DEBUG] 进入利润表映射检查: primary_header='上年同期'
[TEMP DEBUG] 检查模式: '本期金额' vs '上年同期'
[TEMP DEBUG] 检查模式: '本期' vs '上年同期'
[TEMP DEBUG] 检查模式: '上期金额' vs '上年同期'
[TEMP DEBUG] 检查模式: '上期' vs '上年同期'
[TEMP DEBUG] 检查模式: '本年累计' vs '上年同期'
[TEMP DEBUG] 检查模式: '上年累计' vs '上年同期'
[TEMP DEBUG] _generate_column_key called: sheet_name='利润表', col_info.column_index=7
[TEMP DEBUG] initial: primary_header='', secondary_header=''
[TEMP DEBUG] Excel读取列头成功: col=7, header='上年累计'
[TEMP DEBUG] _generate_column_key called: sheet_name='利润表', col_info.column_index=3
[TEMP DEBUG] initial: primary_header='', secondary_header=''
[TEMP DEBUG] Excel读取列头成功: col=3, header='行次'
[TEMP DEBUG] 进入利润表映射检查: primary_header='行次'
[TEMP DEBUG] 检查模式: '本期金额' vs '行次'
[TEMP DEBUG] 检查模式: '本期' vs '行次'
[TEMP DEBUG] 检查模式: '上期金额' vs '行次'
[TEMP DEBUG] 检查模式: '上期' vs '行次'
[TEMP DEBUG] 检查模式: '本年累计' vs '行次'
[TEMP DEBUG] 检查模式: '上年累计' vs '行次'
[TEMP DEBUG] _generate_column_key called: sheet_name='利润表', col_info.column_index=3
[TEMP DEBUG] initial: primary_header='', secondary_header=''
[TEMP DEBUG] Excel读取列头成功: col=3, header='行次'
[TEMP DEBUG] 进入利润表映射检查: primary_header='行次'
[TEMP DEBUG] 检查模式: '本期金额' vs '行次'
[TEMP DEBUG] 检查模式: '本期' vs '行次'
[TEMP DEBUG] 检查模式: '上期金额' vs '行次'
[TEMP DEBUG] 检查模式: '上期' vs '行次'
[TEMP DEBUG] 检查模式: '本年累计' vs '行次'
[TEMP DEBUG] 检查模式: '上年累计' vs '行次'
[TEMP DEBUG] _generate_column_key called: sheet_name='利润表', col_info.column_index=3
[TEMP DEBUG] initial: primary_header='', secondary_header=''
[TEMP DEBUG] Excel读取列头成功: col=3, header='行次'
[TEMP DEBUG] 进入利润表映射检查: primary_header='行次'
[TEMP DEBUG] 检查模式: '本期金额' vs '行次'
[TEMP DEBUG] 检查模式: '本期' vs '行次'
[TEMP DEBUG] 检查模式: '上期金额' vs '行次'
[TEMP DEBUG] 检查模式: '上期' vs '行次'
[TEMP DEBUG] 检查模式: '本年累计' vs '行次'
[TEMP DEBUG] 检查模式: '上年累计' vs '行次'
[TEMP DEBUG] _generate_column_key called: sheet_name='利润表', col_info.column_index=3
[TEMP DEBUG] initial: primary_header='', secondary_header=''
[TEMP DEBUG] Excel读取列头成功: col=3, header='行次'
[TEMP DEBUG] 进入利润表映射检查: primary_header='行次'
[TEMP DEBUG] 检查模式: '本期金额' vs '行次'
[TEMP DEBUG] 检查模式: '本期' vs '行次'
[TEMP DEBUG] 检查模式: '上期金额' vs '行次'
[TEMP DEBUG] 检查模式: '上期' vs '行次'
[TEMP DEBUG] 检查模式: '本年累计' vs '行次'
[TEMP DEBUG] 检查模式: '上年累计' vs '行次'
[TEMP DEBUG] _generate_column_key called: sheet_name='利润表', col_info.column_index=4
[TEMP DEBUG] initial: primary_header='', secondary_header=''
[TEMP DEBUG] Excel读取列头成功: col=4, header='本期金额'
[TEMP DEBUG] _generate_column_key called: sheet_name='利润表', col_info.column_index=5
[TEMP DEBUG] initial: primary_header='', secondary_header=''
[TEMP DEBUG] Excel读取列头成功: col=5, header='本年累计'
[TEMP DEBUG] _generate_column_key called: sheet_name='利润表', col_info.column_index=6
[TEMP DEBUG] initial: primary_header='', secondary_header=''
[TEMP DEBUG] Excel读取列头成功: col=6, header='上年同期'
[TEMP DEBUG] 进入利润表映射检查: primary_header='上年同期'
[TEMP DEBUG] 检查模式: '本期金额' vs '上年同期'
[TEMP DEBUG] 检查模式: '本期' vs '上年同期'
[TEMP DEBUG] 检查模式: '上期金额' vs '上年同期'
[TEMP DEBUG] 检查模式: '上期' vs '上年同期'
[TEMP DEBUG] 检查模式: '本年累计' vs '上年同期'
[TEMP DEBUG] 检查模式: '上年累计' vs '上年同期'
[TEMP DEBUG] _generate_column_key called: sheet_name='利润表', col_info.column_index=7
[TEMP DEBUG] initial: primary_header='', secondary_header=''
[TEMP DEBUG] Excel读取列头成功: col=7, header='上年累计'
[TEMP DEBUG] _generate_column_key called: sheet_name='利润表', col_info.column_index=3
[TEMP DEBUG] initial: primary_header='', secondary_header=''
[TEMP DEBUG] Excel读取列头成功: col=3, header='行次'
[TEMP DEBUG] 进入利润表映射检查: primary_header='行次'
[TEMP DEBUG] 检查模式: '本期金额' vs '行次'
[TEMP DEBUG] 检查模式: '本期' vs '行次'
[TEMP DEBUG] 检查模式: '上期金额' vs '行次'
[TEMP DEBUG] 检查模式: '上期' vs '行次'
[TEMP DEBUG] 检查模式: '本年累计' vs '行次'
[TEMP DEBUG] 检查模式: '上年累计' vs '行次'
[TEMP DEBUG] _generate_column_key called: sheet_name='利润表', col_info.column_index=4
[TEMP DEBUG] initial: primary_header='', secondary_header=''
[TEMP DEBUG] Excel读取列头成功: col=4, header='本期金额'
[TEMP DEBUG] _generate_column_key called: sheet_name='利润表', col_info.column_index=5
[TEMP DEBUG] initial: primary_header='', secondary_header=''
[TEMP DEBUG] Excel读取列头成功: col=5, header='本年累计'
[TEMP DEBUG] _generate_column_key called: sheet_name='利润表', col_info.column_index=6
[TEMP DEBUG] initial: primary_header='', secondary_header=''
[TEMP DEBUG] Excel读取列头成功: col=6, header='上年同期'
[TEMP DEBUG] 进入利润表映射检查: primary_header='上年同期'
[TEMP DEBUG] 检查模式: '本期金额' vs '上年同期'
[TEMP DEBUG] 检查模式: '本期' vs '上年同期'
[TEMP DEBUG] 检查模式: '上期金额' vs '上年同期'
[TEMP DEBUG] 检查模式: '上期' vs '上年同期'
[TEMP DEBUG] 检查模式: '本年累计' vs '上年同期'
[TEMP DEBUG] 检查模式: '上年累计' vs '上年同期'
[TEMP DEBUG] _generate_column_key called: sheet_name='利润表', col_info.column_index=7
[TEMP DEBUG] initial: primary_header='', secondary_header=''
[TEMP DEBUG] Excel读取列头成功: col=7, header='上年累计'
[TEMP DEBUG] _generate_column_key called: sheet_name='利润表', col_info.column_index=3
[TEMP DEBUG] initial: primary_header='', secondary_header=''
[TEMP DEBUG] Excel读取列头成功: col=3, header='行次'
[TEMP DEBUG] 进入利润表映射检查: primary_header='行次'
[TEMP DEBUG] 检查模式: '本期金额' vs '行次'
[TEMP DEBUG] 检查模式: '本期' vs '行次'
[TEMP DEBUG] 检查模式: '上期金额' vs '行次'
[TEMP DEBUG] 检查模式: '上期' vs '行次'
[TEMP DEBUG] 检查模式: '本年累计' vs '行次'
[TEMP DEBUG] 检查模式: '上年累计' vs '行次'
[TEMP DEBUG] _generate_column_key called: sheet_name='利润表', col_info.column_index=3
[TEMP DEBUG] initial: primary_header='', secondary_header=''
[TEMP DEBUG] Excel读取列头成功: col=3, header='行次'
[TEMP DEBUG] 进入利润表映射检查: primary_header='行次'
[TEMP DEBUG] 检查模式: '本期金额' vs '行次'
[TEMP DEBUG] 检查模式: '本期' vs '行次'
[TEMP DEBUG] 检查模式: '上期金额' vs '行次'
[TEMP DEBUG] 检查模式: '上期' vs '行次'
[TEMP DEBUG] 检查模式: '本年累计' vs '行次'
[TEMP DEBUG] 检查模式: '上年累计' vs '行次'
[TEMP DEBUG] _generate_column_key called: sheet_name='利润表', col_info.column_index=3
[TEMP DEBUG] initial: primary_header='', secondary_header=''
[TEMP DEBUG] Excel读取列头成功: col=3, header='行次'
[TEMP DEBUG] 进入利润表映射检查: primary_header='行次'
[TEMP DEBUG] 检查模式: '本期金额' vs '行次'
[TEMP DEBUG] 检查模式: '本期' vs '行次'
[TEMP DEBUG] 检查模式: '上期金额' vs '行次'
[TEMP DEBUG] 检查模式: '上期' vs '行次'
[TEMP DEBUG] 检查模式: '本年累计' vs '行次'
[TEMP DEBUG] 检查模式: '上年累计' vs '行次'
[TEMP DEBUG] _generate_column_key called: sheet_name='利润表', col_info.column_index=3
[TEMP DEBUG] initial: primary_header='', secondary_header=''
[TEMP DEBUG] Excel读取列头成功: col=3, header='行次'
[TEMP DEBUG] 进入利润表映射检查: primary_header='行次'
[TEMP DEBUG] 检查模式: '本期金额' vs '行次'
[TEMP DEBUG] 检查模式: '本期' vs '行次'
[TEMP DEBUG] 检查模式: '上期金额' vs '行次'
[TEMP DEBUG] 检查模式: '上期' vs '行次'
[TEMP DEBUG] 检查模式: '本年累计' vs '行次'
[TEMP DEBUG] 检查模式: '上年累计' vs '行次'
[TEMP DEBUG] _generate_column_key called: sheet_name='利润表', col_info.column_index=3
[TEMP DEBUG] initial: primary_header='', secondary_header=''
[TEMP DEBUG] Excel读取列头成功: col=3, header='行次'
[TEMP DEBUG] 进入利润表映射检查: primary_header='行次'
[TEMP DEBUG] 检查模式: '本期金额' vs '行次'
[TEMP DEBUG] 检查模式: '本期' vs '行次'
[TEMP DEBUG] 检查模式: '上期金额' vs '行次'
[TEMP DEBUG] 检查模式: '上期' vs '行次'
[TEMP DEBUG] 检查模式: '本年累计' vs '行次'
[TEMP DEBUG] 检查模式: '上年累计' vs '行次'
[TEMP DEBUG] _generate_column_key called: sheet_name='利润表', col_info.column_index=3
[TEMP DEBUG] initial: primary_header='', secondary_header=''
[TEMP DEBUG] Excel读取列头成功: col=3, header='行次'
[TEMP DEBUG] 进入利润表映射检查: primary_header='行次'
[TEMP DEBUG] 检查模式: '本期金额' vs '行次'
[TEMP DEBUG] 检查模式: '本期' vs '行次'
[TEMP DEBUG] 检查模式: '上期金额' vs '行次'
[TEMP DEBUG] 检查模式: '上期' vs '行次'
[TEMP DEBUG] 检查模式: '本年累计' vs '行次'
[TEMP DEBUG] 检查模式: '上年累计' vs '行次'
[TEMP DEBUG] _generate_column_key called: sheet_name='利润表', col_info.column_index=3
[TEMP DEBUG] initial: primary_header='', secondary_header=''
[TEMP DEBUG] Excel读取列头成功: col=3, header='行次'
[TEMP DEBUG] 进入利润表映射检查: primary_header='行次'
[TEMP DEBUG] 检查模式: '本期金额' vs '行次'
[TEMP DEBUG] 检查模式: '本期' vs '行次'
[TEMP DEBUG] 检查模式: '上期金额' vs '行次'
[TEMP DEBUG] 检查模式: '上期' vs '行次'
[TEMP DEBUG] 检查模式: '本年累计' vs '行次'
[TEMP DEBUG] 检查模式: '上年累计' vs '行次'
[TEMP DEBUG] _generate_column_key called: sheet_name='利润表', col_info.column_index=3
[TEMP DEBUG] initial: primary_header='', secondary_header=''
[TEMP DEBUG] Excel读取列头成功: col=3, header='行次'
[TEMP DEBUG] 进入利润表映射检查: primary_header='行次'
[TEMP DEBUG] 检查模式: '本期金额' vs '行次'
[TEMP DEBUG] 检查模式: '本期' vs '行次'
[TEMP DEBUG] 检查模式: '上期金额' vs '行次'
[TEMP DEBUG] 检查模式: '上期' vs '行次'
[TEMP DEBUG] 检查模式: '本年累计' vs '行次'
[TEMP DEBUG] 检查模式: '上年累计' vs '行次'
[TEMP DEBUG] _generate_column_key called: sheet_name='利润表', col_info.column_index=4
[TEMP DEBUG] initial: primary_header='', secondary_header=''
[TEMP DEBUG] Excel读取列头成功: col=4, header='本期金额'
[TEMP DEBUG] _generate_column_key called: sheet_name='利润表', col_info.column_index=5
[TEMP DEBUG] initial: primary_header='', secondary_header=''
[TEMP DEBUG] Excel读取列头成功: col=5, header='本年累计'
[TEMP DEBUG] _generate_column_key called: sheet_name='利润表', col_info.column_index=6
[TEMP DEBUG] initial: primary_header='', secondary_header=''
[TEMP DEBUG] Excel读取列头成功: col=6, header='上年同期'
[TEMP DEBUG] 进入利润表映射检查: primary_header='上年同期'
[TEMP DEBUG] 检查模式: '本期金额' vs '上年同期'
[TEMP DEBUG] 检查模式: '本期' vs '上年同期'
[TEMP DEBUG] 检查模式: '上期金额' vs '上年同期'
[TEMP DEBUG] 检查模式: '上期' vs '上年同期'
[TEMP DEBUG] 检查模式: '本年累计' vs '上年同期'
[TEMP DEBUG] 检查模式: '上年累计' vs '上年同期'
[TEMP DEBUG] _generate_column_key called: sheet_name='利润表', col_info.column_index=7
[TEMP DEBUG] initial: primary_header='', secondary_header=''
[TEMP DEBUG] Excel读取列头成功: col=7, header='上年累计'
[TEMP DEBUG] _generate_column_key called: sheet_name='利润表', col_info.column_index=3
[TEMP DEBUG] initial: primary_header='', secondary_header=''
[TEMP DEBUG] Excel读取列头成功: col=3, header='行次'
[TEMP DEBUG] 进入利润表映射检查: primary_header='行次'
[TEMP DEBUG] 检查模式: '本期金额' vs '行次'
[TEMP DEBUG] 检查模式: '本期' vs '行次'
[TEMP DEBUG] 检查模式: '上期金额' vs '行次'
[TEMP DEBUG] 检查模式: '上期' vs '行次'
[TEMP DEBUG] 检查模式: '本年累计' vs '行次'
[TEMP DEBUG] 检查模式: '上年累计' vs '行次'
[TEMP DEBUG] _generate_column_key called: sheet_name='利润表', col_info.column_index=4
[TEMP DEBUG] initial: primary_header='', secondary_header=''
[TEMP DEBUG] Excel读取列头成功: col=4, header='本期金额'
[TEMP DEBUG] _generate_column_key called: sheet_name='利润表', col_info.column_index=5
[TEMP DEBUG] initial: primary_header='', secondary_header=''
[TEMP DEBUG] Excel读取列头成功: col=5, header='本年累计'
[TEMP DEBUG] _generate_column_key called: sheet_name='利润表', col_info.column_index=6
[TEMP DEBUG] initial: primary_header='', secondary_header=''
[TEMP DEBUG] Excel读取列头成功: col=6, header='上年同期'
[TEMP DEBUG] 进入利润表映射检查: primary_header='上年同期'
[TEMP DEBUG] 检查模式: '本期金额' vs '上年同期'
[TEMP DEBUG] 检查模式: '本期' vs '上年同期'
[TEMP DEBUG] 检查模式: '上期金额' vs '上年同期'
[TEMP DEBUG] 检查模式: '上期' vs '上年同期'
[TEMP DEBUG] 检查模式: '本年累计' vs '上年同期'
[TEMP DEBUG] 检查模式: '上年累计' vs '上年同期'
[TEMP DEBUG] _generate_column_key called: sheet_name='利润表', col_info.column_index=7
[TEMP DEBUG] initial: primary_header='', secondary_header=''
[TEMP DEBUG] Excel读取列头成功: col=7, header='上年累计'
[TEMP DEBUG] _generate_column_key called: sheet_name='利润表', col_info.column_index=3
[TEMP DEBUG] initial: primary_header='', secondary_header=''
[TEMP DEBUG] Excel读取列头成功: col=3, header='行次'
[TEMP DEBUG] 进入利润表映射检查: primary_header='行次'
[TEMP DEBUG] 检查模式: '本期金额' vs '行次'
[TEMP DEBUG] 检查模式: '本期' vs '行次'
[TEMP DEBUG] 检查模式: '上期金额' vs '行次'
[TEMP DEBUG] 检查模式: '上期' vs '行次'
[TEMP DEBUG] 检查模式: '本年累计' vs '行次'
[TEMP DEBUG] 检查模式: '上年累计' vs '行次'
[TEMP DEBUG] _generate_column_key called: sheet_name='利润表', col_info.column_index=4
[TEMP DEBUG] initial: primary_header='', secondary_header=''
[TEMP DEBUG] Excel读取列头成功: col=4, header='本期金额'
[TEMP DEBUG] _generate_column_key called: sheet_name='利润表', col_info.column_index=5
[TEMP DEBUG] initial: primary_header='', secondary_header=''
[TEMP DEBUG] Excel读取列头成功: col=5, header='本年累计'
[TEMP DEBUG] _generate_column_key called: sheet_name='利润表', col_info.column_index=6
[TEMP DEBUG] initial: primary_header='', secondary_header=''
[TEMP DEBUG] Excel读取列头成功: col=6, header='上年同期'
[TEMP DEBUG] 进入利润表映射检查: primary_header='上年同期'
[TEMP DEBUG] 检查模式: '本期金额' vs '上年同期'
[TEMP DEBUG] 检查模式: '本期' vs '上年同期'
[TEMP DEBUG] 检查模式: '上期金额' vs '上年同期'
[TEMP DEBUG] 检查模式: '上期' vs '上年同期'
[TEMP DEBUG] 检查模式: '本年累计' vs '上年同期'
[TEMP DEBUG] 检查模式: '上年累计' vs '上年同期'
[TEMP DEBUG] _generate_column_key called: sheet_name='利润表', col_info.column_index=7
[TEMP DEBUG] initial: primary_header='', secondary_header=''
[TEMP DEBUG] Excel读取列头成功: col=7, header='上年累计'
[TEMP DEBUG] _generate_column_key called: sheet_name='利润表', col_info.column_index=3
[TEMP DEBUG] initial: primary_header='', secondary_header=''
[TEMP DEBUG] Excel读取列头成功: col=3, header='行次'
[TEMP DEBUG] 进入利润表映射检查: primary_header='行次'
[TEMP DEBUG] 检查模式: '本期金额' vs '行次'
[TEMP DEBUG] 检查模式: '本期' vs '行次'
[TEMP DEBUG] 检查模式: '上期金额' vs '行次'
[TEMP DEBUG] 检查模式: '上期' vs '行次'
[TEMP DEBUG] 检查模式: '本年累计' vs '行次'
[TEMP DEBUG] 检查模式: '上年累计' vs '行次'
[TEMP DEBUG] _generate_column_key called: sheet_name='利润表', col_info.column_index=4
[TEMP DEBUG] initial: primary_header='', secondary_header=''
[TEMP DEBUG] Excel读取列头成功: col=4, header='本期金额'
[TEMP DEBUG] _generate_column_key called: sheet_name='利润表', col_info.column_index=5
[TEMP DEBUG] initial: primary_header='', secondary_header=''
[TEMP DEBUG] Excel读取列头成功: col=5, header='本年累计'
[TEMP DEBUG] _generate_column_key called: sheet_name='利润表', col_info.column_index=6
[TEMP DEBUG] initial: primary_header='', secondary_header=''
[TEMP DEBUG] Excel读取列头成功: col=6, header='上年同期'
[TEMP DEBUG] 进入利润表映射检查: primary_header='上年同期'
[TEMP DEBUG] 检查模式: '本期金额' vs '上年同期'
[TEMP DEBUG] 检查模式: '本期' vs '上年同期'
[TEMP DEBUG] 检查模式: '上期金额' vs '上年同期'
[TEMP DEBUG] 检查模式: '上期' vs '上年同期'
[TEMP DEBUG] 检查模式: '本年累计' vs '上年同期'
[TEMP DEBUG] 检查模式: '上年累计' vs '上年同期'
[TEMP DEBUG] _generate_column_key called: sheet_name='利润表', col_info.column_index=7
[TEMP DEBUG] initial: primary_header='', secondary_header=''
[TEMP DEBUG] Excel读取列头成功: col=7, header='上年累计'
[TEMP DEBUG] _generate_column_key called: sheet_name='利润表', col_info.column_index=3
[TEMP DEBUG] initial: primary_header='', secondary_header=''
[TEMP DEBUG] Excel读取列头成功: col=3, header='行次'
[TEMP DEBUG] 进入利润表映射检查: primary_header='行次'
[TEMP DEBUG] 检查模式: '本期金额' vs '行次'
[TEMP DEBUG] 检查模式: '本期' vs '行次'
[TEMP DEBUG] 检查模式: '上期金额' vs '行次'
[TEMP DEBUG] 检查模式: '上期' vs '行次'
[TEMP DEBUG] 检查模式: '本年累计' vs '行次'
[TEMP DEBUG] 检查模式: '上年累计' vs '行次'
[TEMP DEBUG] _generate_column_key called: sheet_name='利润表', col_info.column_index=4
[TEMP DEBUG] initial: primary_header='', secondary_header=''
[TEMP DEBUG] Excel读取列头成功: col=4, header='本期金额'
[TEMP DEBUG] _generate_column_key called: sheet_name='利润表', col_info.column_index=5
[TEMP DEBUG] initial: primary_header='', secondary_header=''
[TEMP DEBUG] Excel读取列头成功: col=5, header='本年累计'
[TEMP DEBUG] _generate_column_key called: sheet_name='利润表', col_info.column_index=6
[TEMP DEBUG] initial: primary_header='', secondary_header=''
[TEMP DEBUG] Excel读取列头成功: col=6, header='上年同期'
[TEMP DEBUG] 进入利润表映射检查: primary_header='上年同期'
[TEMP DEBUG] 检查模式: '本期金额' vs '上年同期'
[TEMP DEBUG] 检查模式: '本期' vs '上年同期'
[TEMP DEBUG] 检查模式: '上期金额' vs '上年同期'
[TEMP DEBUG] 检查模式: '上期' vs '上年同期'
[TEMP DEBUG] 检查模式: '本年累计' vs '上年同期'
[TEMP DEBUG] 检查模式: '上年累计' vs '上年同期'
[TEMP DEBUG] _generate_column_key called: sheet_name='利润表', col_info.column_index=7
[TEMP DEBUG] initial: primary_header='', secondary_header=''
[TEMP DEBUG] Excel读取列头成功: col=7, header='上年累计'
[TEMP DEBUG] _generate_column_key called: sheet_name='利润表', col_info.column_index=3
[TEMP DEBUG] initial: primary_header='', secondary_header=''
[TEMP DEBUG] Excel读取列头成功: col=3, header='行次'
[TEMP DEBUG] 进入利润表映射检查: primary_header='行次'
[TEMP DEBUG] 检查模式: '本期金额' vs '行次'
[TEMP DEBUG] 检查模式: '本期' vs '行次'
[TEMP DEBUG] 检查模式: '上期金额' vs '行次'
[TEMP DEBUG] 检查模式: '上期' vs '行次'
[TEMP DEBUG] 检查模式: '本年累计' vs '行次'
[TEMP DEBUG] 检查模式: '上年累计' vs '行次'
[TEMP DEBUG] _generate_column_key called: sheet_name='利润表', col_info.column_index=4
[TEMP DEBUG] initial: primary_header='', secondary_header=''
[TEMP DEBUG] Excel读取列头成功: col=4, header='本期金额'
[TEMP DEBUG] _generate_column_key called: sheet_name='利润表', col_info.column_index=5
[TEMP DEBUG] initial: primary_header='', secondary_header=''
[TEMP DEBUG] Excel读取列头成功: col=5, header='本年累计'
[TEMP DEBUG] _generate_column_key called: sheet_name='利润表', col_info.column_index=6
[TEMP DEBUG] initial: primary_header='', secondary_header=''
[TEMP DEBUG] Excel读取列头成功: col=6, header='上年同期'
[TEMP DEBUG] 进入利润表映射检查: primary_header='上年同期'
[TEMP DEBUG] 检查模式: '本期金额' vs '上年同期'
[TEMP DEBUG] 检查模式: '本期' vs '上年同期'
[TEMP DEBUG] 检查模式: '上期金额' vs '上年同期'
[TEMP DEBUG] 检查模式: '上期' vs '上年同期'
[TEMP DEBUG] 检查模式: '本年累计' vs '上年同期'
[TEMP DEBUG] 检查模式: '上年累计' vs '上年同期'
[TEMP DEBUG] _generate_column_key called: sheet_name='利润表', col_info.column_index=7
[TEMP DEBUG] initial: primary_header='', secondary_header=''
[TEMP DEBUG] Excel读取列头成功: col=7, header='上年累计'
[TEMP DEBUG] _generate_column_key called: sheet_name='利润表', col_info.column_index=3
[TEMP DEBUG] initial: primary_header='', secondary_header=''
[TEMP DEBUG] Excel读取列头成功: col=3, header='行次'
[TEMP DEBUG] 进入利润表映射检查: primary_header='行次'
[TEMP DEBUG] 检查模式: '本期金额' vs '行次'
[TEMP DEBUG] 检查模式: '本期' vs '行次'
[TEMP DEBUG] 检查模式: '上期金额' vs '行次'
[TEMP DEBUG] 检查模式: '上期' vs '行次'
[TEMP DEBUG] 检查模式: '本年累计' vs '行次'
[TEMP DEBUG] 检查模式: '上年累计' vs '行次'
[TEMP DEBUG] _generate_column_key called: sheet_name='利润表', col_info.column_index=4
[TEMP DEBUG] initial: primary_header='', secondary_header=''
[TEMP DEBUG] Excel读取列头成功: col=4, header='本期金额'
[TEMP DEBUG] _generate_column_key called: sheet_name='利润表', col_info.column_index=5
[TEMP DEBUG] initial: primary_header='', secondary_header=''
[TEMP DEBUG] Excel读取列头成功: col=5, header='本年累计'
[TEMP DEBUG] _generate_column_key called: sheet_name='利润表', col_info.column_index=6
[TEMP DEBUG] initial: primary_header='', secondary_header=''
[TEMP DEBUG] Excel读取列头成功: col=6, header='上年同期'
[TEMP DEBUG] 进入利润表映射检查: primary_header='上年同期'
[TEMP DEBUG] 检查模式: '本期金额' vs '上年同期'
[TEMP DEBUG] 检查模式: '本期' vs '上年同期'
[TEMP DEBUG] 检查模式: '上期金额' vs '上年同期'
[TEMP DEBUG] 检查模式: '上期' vs '上年同期'
[TEMP DEBUG] 检查模式: '本年累计' vs '上年同期'
[TEMP DEBUG] 检查模式: '上年累计' vs '上年同期'
[TEMP DEBUG] _generate_column_key called: sheet_name='利润表', col_info.column_index=7
[TEMP DEBUG] initial: primary_header='', secondary_header=''
[TEMP DEBUG] Excel读取列头成功: col=7, header='上年累计'
[TEMP DEBUG] _generate_column_key called: sheet_name='利润表', col_info.column_index=3
[TEMP DEBUG] initial: primary_header='', secondary_header=''
[TEMP DEBUG] Excel读取列头成功: col=3, header='行次'
[TEMP DEBUG] 进入利润表映射检查: primary_header='行次'
[TEMP DEBUG] 检查模式: '本期金额' vs '行次'
[TEMP DEBUG] 检查模式: '本期' vs '行次'
[TEMP DEBUG] 检查模式: '上期金额' vs '行次'
[TEMP DEBUG] 检查模式: '上期' vs '行次'
[TEMP DEBUG] 检查模式: '本年累计' vs '行次'
[TEMP DEBUG] 检查模式: '上年累计' vs '行次'
[TEMP DEBUG] _generate_column_key called: sheet_name='利润表', col_info.column_index=4
[TEMP DEBUG] initial: primary_header='', secondary_header=''
[TEMP DEBUG] Excel读取列头成功: col=4, header='本期金额'
[TEMP DEBUG] _generate_column_key called: sheet_name='利润表', col_info.column_index=5
[TEMP DEBUG] initial: primary_header='', secondary_header=''
[TEMP DEBUG] Excel读取列头成功: col=5, header='本年累计'
[TEMP DEBUG] _generate_column_key called: sheet_name='利润表', col_info.column_index=6
[TEMP DEBUG] initial: primary_header='', secondary_header=''
[TEMP DEBUG] Excel读取列头成功: col=6, header='上年同期'
[TEMP DEBUG] 进入利润表映射检查: primary_header='上年同期'
[TEMP DEBUG] 检查模式: '本期金额' vs '上年同期'
[TEMP DEBUG] 检查模式: '本期' vs '上年同期'
[TEMP DEBUG] 检查模式: '上期金额' vs '上年同期'
[TEMP DEBUG] 检查模式: '上期' vs '上年同期'
[TEMP DEBUG] 检查模式: '本年累计' vs '上年同期'
[TEMP DEBUG] 检查模式: '上年累计' vs '上年同期'
[TEMP DEBUG] _generate_column_key called: sheet_name='利润表', col_info.column_index=7
[TEMP DEBUG] initial: primary_header='', secondary_header=''
[TEMP DEBUG] Excel读取列头成功: col=7, header='上年累计'
[TEMP DEBUG] _generate_column_key called: sheet_name='利润表', col_info.column_index=3
[TEMP DEBUG] initial: primary_header='', secondary_header=''
[TEMP DEBUG] Excel读取列头成功: col=3, header='行次'
[TEMP DEBUG] 进入利润表映射检查: primary_header='行次'
[TEMP DEBUG] 检查模式: '本期金额' vs '行次'
[TEMP DEBUG] 检查模式: '本期' vs '行次'
[TEMP DEBUG] 检查模式: '上期金额' vs '行次'
[TEMP DEBUG] 检查模式: '上期' vs '行次'
[TEMP DEBUG] 检查模式: '本年累计' vs '行次'
[TEMP DEBUG] 检查模式: '上年累计' vs '行次'
[TEMP DEBUG] _generate_column_key called: sheet_name='利润表', col_info.column_index=3
[TEMP DEBUG] initial: primary_header='', secondary_header=''
[TEMP DEBUG] Excel读取列头成功: col=3, header='行次'
[TEMP DEBUG] 进入利润表映射检查: primary_header='行次'
[TEMP DEBUG] 检查模式: '本期金额' vs '行次'
[TEMP DEBUG] 检查模式: '本期' vs '行次'
[TEMP DEBUG] 检查模式: '上期金额' vs '行次'
[TEMP DEBUG] 检查模式: '上期' vs '行次'
[TEMP DEBUG] 检查模式: '本年累计' vs '行次'
[TEMP DEBUG] 检查模式: '上年累计' vs '行次'
[TEMP DEBUG] _generate_column_key called: sheet_name='利润表', col_info.column_index=4
[TEMP DEBUG] initial: primary_header='', secondary_header=''
[TEMP DEBUG] Excel读取列头成功: col=4, header='本期金额'
[TEMP DEBUG] _generate_column_key called: sheet_name='利润表', col_info.column_index=5
[TEMP DEBUG] initial: primary_header='', secondary_header=''
[TEMP DEBUG] Excel读取列头成功: col=5, header='本年累计'
[TEMP DEBUG] _generate_column_key called: sheet_name='利润表', col_info.column_index=6
[TEMP DEBUG] initial: primary_header='', secondary_header=''
[TEMP DEBUG] Excel读取列头成功: col=6, header='上年同期'
[TEMP DEBUG] 进入利润表映射检查: primary_header='上年同期'
[TEMP DEBUG] 检查模式: '本期金额' vs '上年同期'
[TEMP DEBUG] 检查模式: '本期' vs '上年同期'
[TEMP DEBUG] 检查模式: '上期金额' vs '上年同期'
[TEMP DEBUG] 检查模式: '上期' vs '上年同期'
[TEMP DEBUG] 检查模式: '本年累计' vs '上年同期'
[TEMP DEBUG] 检查模式: '上年累计' vs '上年同期'
[TEMP DEBUG] _generate_column_key called: sheet_name='利润表', col_info.column_index=7
[TEMP DEBUG] initial: primary_header='', secondary_header=''
[TEMP DEBUG] Excel读取列头成功: col=7, header='上年累计'
[TEMP DEBUG] _generate_column_key called: sheet_name='利润表', col_info.column_index=3
[TEMP DEBUG] initial: primary_header='', secondary_header=''
[TEMP DEBUG] Excel读取列头成功: col=3, header='行次'
[TEMP DEBUG] 进入利润表映射检查: primary_header='行次'
[TEMP DEBUG] 检查模式: '本期金额' vs '行次'
[TEMP DEBUG] 检查模式: '本期' vs '行次'
[TEMP DEBUG] 检查模式: '上期金额' vs '行次'
[TEMP DEBUG] 检查模式: '上期' vs '行次'
[TEMP DEBUG] 检查模式: '本年累计' vs '行次'
[TEMP DEBUG] 检查模式: '上年累计' vs '行次'
[TEMP DEBUG] _generate_column_key called: sheet_name='利润表', col_info.column_index=4
[TEMP DEBUG] initial: primary_header='', secondary_header=''
[TEMP DEBUG] Excel读取列头成功: col=4, header='本期金额'
[TEMP DEBUG] _generate_column_key called: sheet_name='利润表', col_info.column_index=5
[TEMP DEBUG] initial: primary_header='', secondary_header=''
[TEMP DEBUG] Excel读取列头成功: col=5, header='本年累计'
[TEMP DEBUG] _generate_column_key called: sheet_name='利润表', col_info.column_index=6
[TEMP DEBUG] initial: primary_header='', secondary_header=''
[TEMP DEBUG] Excel读取列头成功: col=6, header='上年同期'
[TEMP DEBUG] 进入利润表映射检查: primary_header='上年同期'
[TEMP DEBUG] 检查模式: '本期金额' vs '上年同期'
[TEMP DEBUG] 检查模式: '本期' vs '上年同期'
[TEMP DEBUG] 检查模式: '上期金额' vs '上年同期'
[TEMP DEBUG] 检查模式: '上期' vs '上年同期'
[TEMP DEBUG] 检查模式: '本年累计' vs '上年同期'
[TEMP DEBUG] 检查模式: '上年累计' vs '上年同期'
[TEMP DEBUG] _generate_column_key called: sheet_name='利润表', col_info.column_index=7
[TEMP DEBUG] initial: primary_header='', secondary_header=''
[TEMP DEBUG] Excel读取列头成功: col=7, header='上年累计'
[TEMP DEBUG] _generate_column_key called: sheet_name='利润表', col_info.column_index=3
[TEMP DEBUG] initial: primary_header='', secondary_header=''
[TEMP DEBUG] Excel读取列头成功: col=3, header='行次'
[TEMP DEBUG] 进入利润表映射检查: primary_header='行次'
[TEMP DEBUG] 检查模式: '本期金额' vs '行次'
[TEMP DEBUG] 检查模式: '本期' vs '行次'
[TEMP DEBUG] 检查模式: '上期金额' vs '行次'
[TEMP DEBUG] 检查模式: '上期' vs '行次'
[TEMP DEBUG] 检查模式: '本年累计' vs '行次'
[TEMP DEBUG] 检查模式: '上年累计' vs '行次'
[TEMP DEBUG] _generate_column_key called: sheet_name='利润表', col_info.column_index=3
[TEMP DEBUG] initial: primary_header='', secondary_header=''
[TEMP DEBUG] Excel读取列头成功: col=3, header='行次'
[TEMP DEBUG] 进入利润表映射检查: primary_header='行次'
[TEMP DEBUG] 检查模式: '本期金额' vs '行次'
[TEMP DEBUG] 检查模式: '本期' vs '行次'
[TEMP DEBUG] 检查模式: '上期金额' vs '行次'
[TEMP DEBUG] 检查模式: '上期' vs '行次'
[TEMP DEBUG] 检查模式: '本年累计' vs '行次'
[TEMP DEBUG] 检查模式: '上年累计' vs '行次'
[TEMP DEBUG] _generate_column_key called: sheet_name='利润表', col_info.column_index=3
[TEMP DEBUG] initial: primary_header='', secondary_header=''
[TEMP DEBUG] Excel读取列头成功: col=3, header='行次'
[TEMP DEBUG] 进入利润表映射检查: primary_header='行次'
[TEMP DEBUG] 检查模式: '本期金额' vs '行次'
[TEMP DEBUG] 检查模式: '本期' vs '行次'
[TEMP DEBUG] 检查模式: '上期金额' vs '行次'
[TEMP DEBUG] 检查模式: '上期' vs '行次'
[TEMP DEBUG] 检查模式: '本年累计' vs '行次'
[TEMP DEBUG] 检查模式: '上年累计' vs '行次'
[TEMP DEBUG] _generate_column_key called: sheet_name='利润表', col_info.column_index=3
[TEMP DEBUG] initial: primary_header='', secondary_header=''
[TEMP DEBUG] Excel读取列头成功: col=3, header='行次'
[TEMP DEBUG] 进入利润表映射检查: primary_header='行次'
[TEMP DEBUG] 检查模式: '本期金额' vs '行次'
[TEMP DEBUG] 检查模式: '本期' vs '行次'
[TEMP DEBUG] 检查模式: '上期金额' vs '行次'
[TEMP DEBUG] 检查模式: '上期' vs '行次'
[TEMP DEBUG] 检查模式: '本年累计' vs '行次'
[TEMP DEBUG] 检查模式: '上年累计' vs '行次'
[TEMP DEBUG] _generate_column_key called: sheet_name='利润表', col_info.column_index=3
[TEMP DEBUG] initial: primary_header='', secondary_header=''
[TEMP DEBUG] Excel读取列头成功: col=3, header='行次'
[TEMP DEBUG] 进入利润表映射检查: primary_header='行次'
[TEMP DEBUG] 检查模式: '本期金额' vs '行次'
[TEMP DEBUG] 检查模式: '本期' vs '行次'
[TEMP DEBUG] 检查模式: '上期金额' vs '行次'
[TEMP DEBUG] 检查模式: '上期' vs '行次'
[TEMP DEBUG] 检查模式: '本年累计' vs '行次'
[TEMP DEBUG] 检查模式: '上年累计' vs '行次'
[TEMP DEBUG] _generate_column_key called: sheet_name='利润表', col_info.column_index=4
[TEMP DEBUG] initial: primary_header='', secondary_header=''
[TEMP DEBUG] Excel读取列头成功: col=4, header='本期金额'
[TEMP DEBUG] _generate_column_key called: sheet_name='利润表', col_info.column_index=5
[TEMP DEBUG] initial: primary_header='', secondary_header=''
[TEMP DEBUG] Excel读取列头成功: col=5, header='本年累计'
[TEMP DEBUG] _generate_column_key called: sheet_name='利润表', col_info.column_index=6
[TEMP DEBUG] initial: primary_header='', secondary_header=''
[TEMP DEBUG] Excel读取列头成功: col=6, header='上年同期'
[TEMP DEBUG] 进入利润表映射检查: primary_header='上年同期'
[TEMP DEBUG] 检查模式: '本期金额' vs '上年同期'
[TEMP DEBUG] 检查模式: '本期' vs '上年同期'
[TEMP DEBUG] 检查模式: '上期金额' vs '上年同期'
[TEMP DEBUG] 检查模式: '上期' vs '上年同期'
[TEMP DEBUG] 检查模式: '本年累计' vs '上年同期'
[TEMP DEBUG] 检查模式: '上年累计' vs '上年同期'
[TEMP DEBUG] _generate_column_key called: sheet_name='利润表', col_info.column_index=7
[TEMP DEBUG] initial: primary_header='', secondary_header=''
[TEMP DEBUG] Excel读取列头成功: col=7, header='上年累计'
[TEMP DEBUG] _generate_column_key called: sheet_name='利润表', col_info.column_index=3
[TEMP DEBUG] initial: primary_header='', secondary_header=''
[TEMP DEBUG] Excel读取列头成功: col=3, header='行次'
[TEMP DEBUG] 进入利润表映射检查: primary_header='行次'
[TEMP DEBUG] 检查模式: '本期金额' vs '行次'
[TEMP DEBUG] 检查模式: '本期' vs '行次'
[TEMP DEBUG] 检查模式: '上期金额' vs '行次'
[TEMP DEBUG] 检查模式: '上期' vs '行次'
[TEMP DEBUG] 检查模式: '本年累计' vs '行次'
[TEMP DEBUG] 检查模式: '上年累计' vs '行次'
[TEMP DEBUG] _generate_column_key called: sheet_name='利润表', col_info.column_index=4
[TEMP DEBUG] initial: primary_header='', secondary_header=''
[TEMP DEBUG] Excel读取列头成功: col=4, header='本期金额'
[TEMP DEBUG] _generate_column_key called: sheet_name='利润表', col_info.column_index=5
[TEMP DEBUG] initial: primary_header='', secondary_header=''
[TEMP DEBUG] Excel读取列头成功: col=5, header='本年累计'
[TEMP DEBUG] _generate_column_key called: sheet_name='利润表', col_info.column_index=6
[TEMP DEBUG] initial: primary_header='', secondary_header=''
[TEMP DEBUG] Excel读取列头成功: col=6, header='上年同期'
[TEMP DEBUG] 进入利润表映射检查: primary_header='上年同期'
[TEMP DEBUG] 检查模式: '本期金额' vs '上年同期'
[TEMP DEBUG] 检查模式: '本期' vs '上年同期'
[TEMP DEBUG] 检查模式: '上期金额' vs '上年同期'
[TEMP DEBUG] 检查模式: '上期' vs '上年同期'
[TEMP DEBUG] 检查模式: '本年累计' vs '上年同期'
[TEMP DEBUG] 检查模式: '上年累计' vs '上年同期'
[TEMP DEBUG] _generate_column_key called: sheet_name='利润表', col_info.column_index=7
[TEMP DEBUG] initial: primary_header='', secondary_header=''
[TEMP DEBUG] Excel读取列头成功: col=7, header='上年累计'
[TEMP DEBUG] _generate_column_key called: sheet_name='利润表', col_info.column_index=3
[TEMP DEBUG] initial: primary_header='', secondary_header=''
[TEMP DEBUG] Excel读取列头成功: col=3, header='行次'
[TEMP DEBUG] 进入利润表映射检查: primary_header='行次'
[TEMP DEBUG] 检查模式: '本期金额' vs '行次'
[TEMP DEBUG] 检查模式: '本期' vs '行次'
[TEMP DEBUG] 检查模式: '上期金额' vs '行次'
[TEMP DEBUG] 检查模式: '上期' vs '行次'
[TEMP DEBUG] 检查模式: '本年累计' vs '行次'
[TEMP DEBUG] 检查模式: '上年累计' vs '行次'
[TEMP DEBUG] _generate_column_key called: sheet_name='利润表', col_info.column_index=4
[TEMP DEBUG] initial: primary_header='', secondary_header=''
[TEMP DEBUG] Excel读取列头成功: col=4, header='本期金额'
[TEMP DEBUG] _generate_column_key called: sheet_name='利润表', col_info.column_index=5
[TEMP DEBUG] initial: primary_header='', secondary_header=''
[TEMP DEBUG] Excel读取列头成功: col=5, header='本年累计'
[TEMP DEBUG] _generate_column_key called: sheet_name='利润表', col_info.column_index=6
[TEMP DEBUG] initial: primary_header='', secondary_header=''
[TEMP DEBUG] Excel读取列头成功: col=6, header='上年同期'
[TEMP DEBUG] 进入利润表映射检查: primary_header='上年同期'
[TEMP DEBUG] 检查模式: '本期金额' vs '上年同期'
[TEMP DEBUG] 检查模式: '本期' vs '上年同期'
[TEMP DEBUG] 检查模式: '上期金额' vs '上年同期'
[TEMP DEBUG] 检查模式: '上期' vs '上年同期'
[TEMP DEBUG] 检查模式: '本年累计' vs '上年同期'
[TEMP DEBUG] 检查模式: '上年累计' vs '上年同期'
[TEMP DEBUG] _generate_column_key called: sheet_name='利润表', col_info.column_index=7
[TEMP DEBUG] initial: primary_header='', secondary_header=''
[TEMP DEBUG] Excel读取列头成功: col=7, header='上年累计'
[TEMP DEBUG] _generate_column_key called: sheet_name='利润表', col_info.column_index=3
[TEMP DEBUG] initial: primary_header='', secondary_header=''
[TEMP DEBUG] Excel读取列头成功: col=3, header='行次'
[TEMP DEBUG] 进入利润表映射检查: primary_header='行次'
[TEMP DEBUG] 检查模式: '本期金额' vs '行次'
[TEMP DEBUG] 检查模式: '本期' vs '行次'
[TEMP DEBUG] 检查模式: '上期金额' vs '行次'
[TEMP DEBUG] 检查模式: '上期' vs '行次'
[TEMP DEBUG] 检查模式: '本年累计' vs '行次'
[TEMP DEBUG] 检查模式: '上年累计' vs '行次'
[TEMP DEBUG] _generate_column_key called: sheet_name='利润表', col_info.column_index=4
[TEMP DEBUG] initial: primary_header='', secondary_header=''
[TEMP DEBUG] Excel读取列头成功: col=4, header='本期金额'
[TEMP DEBUG] _generate_column_key called: sheet_name='利润表', col_info.column_index=5
[TEMP DEBUG] initial: primary_header='', secondary_header=''
[TEMP DEBUG] Excel读取列头成功: col=5, header='本年累计'
[TEMP DEBUG] _generate_column_key called: sheet_name='利润表', col_info.column_index=6
[TEMP DEBUG] initial: primary_header='', secondary_header=''
[TEMP DEBUG] Excel读取列头成功: col=6, header='上年同期'
[TEMP DEBUG] 进入利润表映射检查: primary_header='上年同期'
[TEMP DEBUG] 检查模式: '本期金额' vs '上年同期'
[TEMP DEBUG] 检查模式: '本期' vs '上年同期'
[TEMP DEBUG] 检查模式: '上期金额' vs '上年同期'
[TEMP DEBUG] 检查模式: '上期' vs '上年同期'
[TEMP DEBUG] 检查模式: '本年累计' vs '上年同期'
[TEMP DEBUG] 检查模式: '上年累计' vs '上年同期'
[TEMP DEBUG] _generate_column_key called: sheet_name='利润表', col_info.column_index=7
[TEMP DEBUG] initial: primary_header='', secondary_header=''
[TEMP DEBUG] Excel读取列头成功: col=7, header='上年累计'
[TEMP DEBUG] _generate_column_key called: sheet_name='利润表', col_info.column_index=3
[TEMP DEBUG] initial: primary_header='', secondary_header=''
[TEMP DEBUG] Excel读取列头成功: col=3, header='行次'
[TEMP DEBUG] 进入利润表映射检查: primary_header='行次'
[TEMP DEBUG] 检查模式: '本期金额' vs '行次'
[TEMP DEBUG] 检查模式: '本期' vs '行次'
[TEMP DEBUG] 检查模式: '上期金额' vs '行次'
[TEMP DEBUG] 检查模式: '上期' vs '行次'
[TEMP DEBUG] 检查模式: '本年累计' vs '行次'
[TEMP DEBUG] 检查模式: '上年累计' vs '行次'
[TEMP DEBUG] _generate_column_key called: sheet_name='利润表', col_info.column_index=4
[TEMP DEBUG] initial: primary_header='', secondary_header=''
[TEMP DEBUG] Excel读取列头成功: col=4, header='本期金额'
[TEMP DEBUG] _generate_column_key called: sheet_name='利润表', col_info.column_index=5
[TEMP DEBUG] initial: primary_header='', secondary_header=''
[TEMP DEBUG] Excel读取列头成功: col=5, header='本年累计'
[TEMP DEBUG] _generate_column_key called: sheet_name='利润表', col_info.column_index=6
[TEMP DEBUG] initial: primary_header='', secondary_header=''
[TEMP DEBUG] Excel读取列头成功: col=6, header='上年同期'
[TEMP DEBUG] 进入利润表映射检查: primary_header='上年同期'
[TEMP DEBUG] 检查模式: '本期金额' vs '上年同期'
[TEMP DEBUG] 检查模式: '本期' vs '上年同期'
[TEMP DEBUG] 检查模式: '上期金额' vs '上年同期'
[TEMP DEBUG] 检查模式: '上期' vs '上年同期'
[TEMP DEBUG] 检查模式: '本年累计' vs '上年同期'
[TEMP DEBUG] 检查模式: '上年累计' vs '上年同期'
[TEMP DEBUG] _generate_column_key called: sheet_name='利润表', col_info.column_index=7
[TEMP DEBUG] initial: primary_header='', secondary_header=''
[TEMP DEBUG] Excel读取列头成功: col=7, header='上年累计'
[TEMP DEBUG] _generate_column_key called: sheet_name='利润表', col_info.column_index=3
[TEMP DEBUG] initial: primary_header='', secondary_header=''
[TEMP DEBUG] Excel读取列头成功: col=3, header='行次'
[TEMP DEBUG] 进入利润表映射检查: primary_header='行次'
[TEMP DEBUG] 检查模式: '本期金额' vs '行次'
[TEMP DEBUG] 检查模式: '本期' vs '行次'
[TEMP DEBUG] 检查模式: '上期金额' vs '行次'
[TEMP DEBUG] 检查模式: '上期' vs '行次'
[TEMP DEBUG] 检查模式: '本年累计' vs '行次'
[TEMP DEBUG] 检查模式: '上年累计' vs '行次'
[TEMP DEBUG] _generate_column_key called: sheet_name='利润表', col_info.column_index=4
[TEMP DEBUG] initial: primary_header='', secondary_header=''
[TEMP DEBUG] Excel读取列头成功: col=4, header='本期金额'
[TEMP DEBUG] _generate_column_key called: sheet_name='利润表', col_info.column_index=5
[TEMP DEBUG] initial: primary_header='', secondary_header=''
[TEMP DEBUG] Excel读取列头成功: col=5, header='本年累计'
[TEMP DEBUG] _generate_column_key called: sheet_name='利润表', col_info.column_index=6
[TEMP DEBUG] initial: primary_header='', secondary_header=''
[TEMP DEBUG] Excel读取列头成功: col=6, header='上年同期'
[TEMP DEBUG] 进入利润表映射检查: primary_header='上年同期'
[TEMP DEBUG] 检查模式: '本期金额' vs '上年同期'
[TEMP DEBUG] 检查模式: '本期' vs '上年同期'
[TEMP DEBUG] 检查模式: '上期金额' vs '上年同期'
[TEMP DEBUG] 检查模式: '上期' vs '上年同期'
[TEMP DEBUG] 检查模式: '本年累计' vs '上年同期'
[TEMP DEBUG] 检查模式: '上年累计' vs '上年同期'
[TEMP DEBUG] _generate_column_key called: sheet_name='利润表', col_info.column_index=7
[TEMP DEBUG] initial: primary_header='', secondary_header=''
[TEMP DEBUG] Excel读取列头成功: col=7, header='上年累计'
[TEMP DEBUG] _generate_column_key called: sheet_name='利润表', col_info.column_index=3
[TEMP DEBUG] initial: primary_header='', secondary_header=''
[TEMP DEBUG] Excel读取列头成功: col=3, header='行次'
[TEMP DEBUG] 进入利润表映射检查: primary_header='行次'
[TEMP DEBUG] 检查模式: '本期金额' vs '行次'
[TEMP DEBUG] 检查模式: '本期' vs '行次'
[TEMP DEBUG] 检查模式: '上期金额' vs '行次'
[TEMP DEBUG] 检查模式: '上期' vs '行次'
[TEMP DEBUG] 检查模式: '本年累计' vs '行次'
[TEMP DEBUG] 检查模式: '上年累计' vs '行次'
[TEMP DEBUG] _generate_column_key called: sheet_name='利润表', col_info.column_index=4
[TEMP DEBUG] initial: primary_header='', secondary_header=''
[TEMP DEBUG] Excel读取列头成功: col=4, header='本期金额'
[TEMP DEBUG] _generate_column_key called: sheet_name='利润表', col_info.column_index=5
[TEMP DEBUG] initial: primary_header='', secondary_header=''
[TEMP DEBUG] Excel读取列头成功: col=5, header='本年累计'
[TEMP DEBUG] _generate_column_key called: sheet_name='利润表', col_info.column_index=6
[TEMP DEBUG] initial: primary_header='', secondary_header=''
[TEMP DEBUG] Excel读取列头成功: col=6, header='上年同期'
[TEMP DEBUG] 进入利润表映射检查: primary_header='上年同期'
[TEMP DEBUG] 检查模式: '本期金额' vs '上年同期'
[TEMP DEBUG] 检查模式: '本期' vs '上年同期'
[TEMP DEBUG] 检查模式: '上期金额' vs '上年同期'
[TEMP DEBUG] 检查模式: '上期' vs '上年同期'
[TEMP DEBUG] 检查模式: '本年累计' vs '上年同期'
[TEMP DEBUG] 检查模式: '上年累计' vs '上年同期'
[TEMP DEBUG] _generate_column_key called: sheet_name='利润表', col_info.column_index=7
[TEMP DEBUG] initial: primary_header='', secondary_header=''
[TEMP DEBUG] Excel读取列头成功: col=7, header='上年累计'
[TEMP DEBUG] _generate_column_key called: sheet_name='利润表', col_info.column_index=3
[TEMP DEBUG] initial: primary_header='', secondary_header=''
[TEMP DEBUG] Excel读取列头成功: col=3, header='行次'
[TEMP DEBUG] 进入利润表映射检查: primary_header='行次'
[TEMP DEBUG] 检查模式: '本期金额' vs '行次'
[TEMP DEBUG] 检查模式: '本期' vs '行次'
[TEMP DEBUG] 检查模式: '上期金额' vs '行次'
[TEMP DEBUG] 检查模式: '上期' vs '行次'
[TEMP DEBUG] 检查模式: '本年累计' vs '行次'
[TEMP DEBUG] 检查模式: '上年累计' vs '行次'
[TEMP DEBUG] _generate_column_key called: sheet_name='利润表', col_info.column_index=4
[TEMP DEBUG] initial: primary_header='', secondary_header=''
[TEMP DEBUG] Excel读取列头成功: col=4, header='本期金额'
[TEMP DEBUG] _generate_column_key called: sheet_name='利润表', col_info.column_index=5
[TEMP DEBUG] initial: primary_header='', secondary_header=''
[TEMP DEBUG] Excel读取列头成功: col=5, header='本年累计'
[TEMP DEBUG] _generate_column_key called: sheet_name='利润表', col_info.column_index=6
[TEMP DEBUG] initial: primary_header='', secondary_header=''
[TEMP DEBUG] Excel读取列头成功: col=6, header='上年同期'
[TEMP DEBUG] 进入利润表映射检查: primary_header='上年同期'
[TEMP DEBUG] 检查模式: '本期金额' vs '上年同期'
[TEMP DEBUG] 检查模式: '本期' vs '上年同期'
[TEMP DEBUG] 检查模式: '上期金额' vs '上年同期'
[TEMP DEBUG] 检查模式: '上期' vs '上年同期'
[TEMP DEBUG] 检查模式: '本年累计' vs '上年同期'
[TEMP DEBUG] 检查模式: '上年累计' vs '上年同期'
[TEMP DEBUG] _generate_column_key called: sheet_name='利润表', col_info.column_index=7
[TEMP DEBUG] initial: primary_header='', secondary_header=''
[TEMP DEBUG] Excel读取列头成功: col=7, header='上年累计'
[TEMP DEBUG] _generate_column_key called: sheet_name='利润表', col_info.column_index=3
[TEMP DEBUG] initial: primary_header='', secondary_header=''
[TEMP DEBUG] Excel读取列头成功: col=3, header='行次'
[TEMP DEBUG] 进入利润表映射检查: primary_header='行次'
[TEMP DEBUG] 检查模式: '本期金额' vs '行次'
[TEMP DEBUG] 检查模式: '本期' vs '行次'
[TEMP DEBUG] 检查模式: '上期金额' vs '行次'
[TEMP DEBUG] 检查模式: '上期' vs '行次'
[TEMP DEBUG] 检查模式: '本年累计' vs '行次'
[TEMP DEBUG] 检查模式: '上年累计' vs '行次'
[TEMP DEBUG] _generate_column_key called: sheet_name='利润表', col_info.column_index=4
[TEMP DEBUG] initial: primary_header='', secondary_header=''
[TEMP DEBUG] Excel读取列头成功: col=4, header='本期金额'
[TEMP DEBUG] _generate_column_key called: sheet_name='利润表', col_info.column_index=5
[TEMP DEBUG] initial: primary_header='', secondary_header=''
[TEMP DEBUG] Excel读取列头成功: col=5, header='本年累计'
[TEMP DEBUG] _generate_column_key called: sheet_name='利润表', col_info.column_index=6
[TEMP DEBUG] initial: primary_header='', secondary_header=''
[TEMP DEBUG] Excel读取列头成功: col=6, header='上年同期'
[TEMP DEBUG] 进入利润表映射检查: primary_header='上年同期'
[TEMP DEBUG] 检查模式: '本期金额' vs '上年同期'
[TEMP DEBUG] 检查模式: '本期' vs '上年同期'
[TEMP DEBUG] 检查模式: '上期金额' vs '上年同期'
[TEMP DEBUG] 检查模式: '上期' vs '上年同期'
[TEMP DEBUG] 检查模式: '本年累计' vs '上年同期'
[TEMP DEBUG] 检查模式: '上年累计' vs '上年同期'
[TEMP DEBUG] _generate_column_key called: sheet_name='利润表', col_info.column_index=7
[TEMP DEBUG] initial: primary_header='', secondary_header=''
[TEMP DEBUG] Excel读取列头成功: col=7, header='上年累计'
[TEMP DEBUG] _generate_column_key called: sheet_name='利润表', col_info.column_index=3
[TEMP DEBUG] initial: primary_header='', secondary_header=''
[TEMP DEBUG] Excel读取列头成功: col=3, header='行次'
[TEMP DEBUG] 进入利润表映射检查: primary_header='行次'
[TEMP DEBUG] 检查模式: '本期金额' vs '行次'
[TEMP DEBUG] 检查模式: '本期' vs '行次'
[TEMP DEBUG] 检查模式: '上期金额' vs '行次'
[TEMP DEBUG] 检查模式: '上期' vs '行次'
[TEMP DEBUG] 检查模式: '本年累计' vs '行次'
[TEMP DEBUG] 检查模式: '上年累计' vs '行次'
[TEMP DEBUG] _generate_column_key called: sheet_name='利润表', col_info.column_index=4
[TEMP DEBUG] initial: primary_header='', secondary_header=''
[TEMP DEBUG] Excel读取列头成功: col=4, header='本期金额'
[TEMP DEBUG] _generate_column_key called: sheet_name='利润表', col_info.column_index=5
[TEMP DEBUG] initial: primary_header='', secondary_header=''
[TEMP DEBUG] Excel读取列头成功: col=5, header='本年累计'
[TEMP DEBUG] _generate_column_key called: sheet_name='利润表', col_info.column_index=6
[TEMP DEBUG] initial: primary_header='', secondary_header=''
[TEMP DEBUG] Excel读取列头成功: col=6, header='上年同期'
[TEMP DEBUG] 进入利润表映射检查: primary_header='上年同期'
[TEMP DEBUG] 检查模式: '本期金额' vs '上年同期'
[TEMP DEBUG] 检查模式: '本期' vs '上年同期'
[TEMP DEBUG] 检查模式: '上期金额' vs '上年同期'
[TEMP DEBUG] 检查模式: '上期' vs '上年同期'
[TEMP DEBUG] 检查模式: '本年累计' vs '上年同期'
[TEMP DEBUG] 检查模式: '上年累计' vs '上年同期'
[TEMP DEBUG] _generate_column_key called: sheet_name='利润表', col_info.column_index=7
[TEMP DEBUG] initial: primary_header='', secondary_header=''
[TEMP DEBUG] Excel读取列头成功: col=7, header='上年累计'
[TEMP DEBUG] _generate_column_key called: sheet_name='利润表', col_info.column_index=3
[TEMP DEBUG] initial: primary_header='', secondary_header=''
[TEMP DEBUG] Excel读取列头成功: col=3, header='行次'
[TEMP DEBUG] 进入利润表映射检查: primary_header='行次'
[TEMP DEBUG] 检查模式: '本期金额' vs '行次'
[TEMP DEBUG] 检查模式: '本期' vs '行次'
[TEMP DEBUG] 检查模式: '上期金额' vs '行次'
[TEMP DEBUG] 检查模式: '上期' vs '行次'
[TEMP DEBUG] 检查模式: '本年累计' vs '行次'
[TEMP DEBUG] 检查模式: '上年累计' vs '行次'
[TEMP DEBUG] _generate_column_key called: sheet_name='利润表', col_info.column_index=4
[TEMP DEBUG] initial: primary_header='', secondary_header=''
[TEMP DEBUG] Excel读取列头成功: col=4, header='本期金额'
[TEMP DEBUG] _generate_column_key called: sheet_name='利润表', col_info.column_index=5
[TEMP DEBUG] initial: primary_header='', secondary_header=''
[TEMP DEBUG] Excel读取列头成功: col=5, header='本年累计'
[TEMP DEBUG] _generate_column_key called: sheet_name='利润表', col_info.column_index=6
[TEMP DEBUG] initial: primary_header='', secondary_header=''
[TEMP DEBUG] Excel读取列头成功: col=6, header='上年同期'
[TEMP DEBUG] 进入利润表映射检查: primary_header='上年同期'
[TEMP DEBUG] 检查模式: '本期金额' vs '上年同期'
[TEMP DEBUG] 检查模式: '本期' vs '上年同期'
[TEMP DEBUG] 检查模式: '上期金额' vs '上年同期'
[TEMP DEBUG] 检查模式: '上期' vs '上年同期'
[TEMP DEBUG] 检查模式: '本年累计' vs '上年同期'
[TEMP DEBUG] 检查模式: '上年累计' vs '上年同期'
[TEMP DEBUG] _generate_column_key called: sheet_name='利润表', col_info.column_index=7
[TEMP DEBUG] initial: primary_header='', secondary_header=''
[TEMP DEBUG] Excel读取列头成功: col=7, header='上年累计'
[TEMP DEBUG] _generate_column_key called: sheet_name='利润表', col_info.column_index=3
[TEMP DEBUG] initial: primary_header='', secondary_header=''
[TEMP DEBUG] Excel读取列头成功: col=3, header='行次'
[TEMP DEBUG] 进入利润表映射检查: primary_header='行次'
[TEMP DEBUG] 检查模式: '本期金额' vs '行次'
[TEMP DEBUG] 检查模式: '本期' vs '行次'
[TEMP DEBUG] 检查模式: '上期金额' vs '行次'
[TEMP DEBUG] 检查模式: '上期' vs '行次'
[TEMP DEBUG] 检查模式: '本年累计' vs '行次'
[TEMP DEBUG] 检查模式: '上年累计' vs '行次'
[TEMP DEBUG] _generate_column_key called: sheet_name='利润表', col_info.column_index=3
[TEMP DEBUG] initial: primary_header='', secondary_header=''
[TEMP DEBUG] Excel读取列头成功: col=3, header='行次'
[TEMP DEBUG] 进入利润表映射检查: primary_header='行次'
[TEMP DEBUG] 检查模式: '本期金额' vs '行次'
[TEMP DEBUG] 检查模式: '本期' vs '行次'
[TEMP DEBUG] 检查模式: '上期金额' vs '行次'
[TEMP DEBUG] 检查模式: '上期' vs '行次'
[TEMP DEBUG] 检查模式: '本年累计' vs '行次'
[TEMP DEBUG] 检查模式: '上年累计' vs '行次'
[TEMP DEBUG] _generate_column_key called: sheet_name='利润表', col_info.column_index=4
[TEMP DEBUG] initial: primary_header='', secondary_header=''
[TEMP DEBUG] Excel读取列头成功: col=4, header='本期金额'
[TEMP DEBUG] _generate_column_key called: sheet_name='利润表', col_info.column_index=5
[TEMP DEBUG] initial: primary_header='', secondary_header=''
[TEMP DEBUG] Excel读取列头成功: col=5, header='本年累计'
[TEMP DEBUG] _generate_column_key called: sheet_name='利润表', col_info.column_index=6
[TEMP DEBUG] initial: primary_header='', secondary_header=''
[TEMP DEBUG] Excel读取列头成功: col=6, header='上年同期'
[TEMP DEBUG] 进入利润表映射检查: primary_header='上年同期'
[TEMP DEBUG] 检查模式: '本期金额' vs '上年同期'
[TEMP DEBUG] 检查模式: '本期' vs '上年同期'
[TEMP DEBUG] 检查模式: '上期金额' vs '上年同期'
[TEMP DEBUG] 检查模式: '上期' vs '上年同期'
[TEMP DEBUG] 检查模式: '本年累计' vs '上年同期'
[TEMP DEBUG] 检查模式: '上年累计' vs '上年同期'
[TEMP DEBUG] _generate_column_key called: sheet_name='利润表', col_info.column_index=7
[TEMP DEBUG] initial: primary_header='', secondary_header=''
[TEMP DEBUG] Excel读取列头成功: col=7, header='上年累计'
[TEMP DEBUG] _generate_column_key called: sheet_name='利润表', col_info.column_index=3
[TEMP DEBUG] initial: primary_header='', secondary_header=''
[TEMP DEBUG] Excel读取列头成功: col=3, header='行次'
[TEMP DEBUG] 进入利润表映射检查: primary_header='行次'
[TEMP DEBUG] 检查模式: '本期金额' vs '行次'
[TEMP DEBUG] 检查模式: '本期' vs '行次'
[TEMP DEBUG] 检查模式: '上期金额' vs '行次'
[TEMP DEBUG] 检查模式: '上期' vs '行次'
[TEMP DEBUG] 检查模式: '本年累计' vs '行次'
[TEMP DEBUG] 检查模式: '上年累计' vs '行次'
[TEMP DEBUG] _generate_column_key called: sheet_name='利润表', col_info.column_index=3
[TEMP DEBUG] initial: primary_header='', secondary_header=''
[TEMP DEBUG] Excel读取列头成功: col=3, header='行次'
[TEMP DEBUG] 进入利润表映射检查: primary_header='行次'
[TEMP DEBUG] 检查模式: '本期金额' vs '行次'
[TEMP DEBUG] 检查模式: '本期' vs '行次'
[TEMP DEBUG] 检查模式: '上期金额' vs '行次'
[TEMP DEBUG] 检查模式: '上期' vs '行次'
[TEMP DEBUG] 检查模式: '本年累计' vs '行次'
[TEMP DEBUG] 检查模式: '上年累计' vs '行次'
[TEMP DEBUG] _generate_column_key called: sheet_name='利润表', col_info.column_index=4
[TEMP DEBUG] initial: primary_header='', secondary_header=''
[TEMP DEBUG] Excel读取列头成功: col=4, header='本期金额'
[TEMP DEBUG] _generate_column_key called: sheet_name='利润表', col_info.column_index=5
[TEMP DEBUG] initial: primary_header='', secondary_header=''
[TEMP DEBUG] Excel读取列头成功: col=5, header='本年累计'
[TEMP DEBUG] _generate_column_key called: sheet_name='利润表', col_info.column_index=6
[TEMP DEBUG] initial: primary_header='', secondary_header=''
[TEMP DEBUG] Excel读取列头成功: col=6, header='上年同期'
[TEMP DEBUG] 进入利润表映射检查: primary_header='上年同期'
[TEMP DEBUG] 检查模式: '本期金额' vs '上年同期'
[TEMP DEBUG] 检查模式: '本期' vs '上年同期'
[TEMP DEBUG] 检查模式: '上期金额' vs '上年同期'
[TEMP DEBUG] 检查模式: '上期' vs '上年同期'
[TEMP DEBUG] 检查模式: '本年累计' vs '上年同期'
[TEMP DEBUG] 检查模式: '上年累计' vs '上年同期'
[TEMP DEBUG] _generate_column_key called: sheet_name='利润表', col_info.column_index=7
[TEMP DEBUG] initial: primary_header='', secondary_header=''
[TEMP DEBUG] Excel读取列头成功: col=7, header='上年累计'
[TEMP DEBUG] _generate_column_key called: sheet_name='利润表', col_info.column_index=3
[TEMP DEBUG] initial: primary_header='', secondary_header=''
[TEMP DEBUG] Excel读取列头成功: col=3, header='行次'
[TEMP DEBUG] 进入利润表映射检查: primary_header='行次'
[TEMP DEBUG] 检查模式: '本期金额' vs '行次'
[TEMP DEBUG] 检查模式: '本期' vs '行次'
[TEMP DEBUG] 检查模式: '上期金额' vs '行次'
[TEMP DEBUG] 检查模式: '上期' vs '行次'
[TEMP DEBUG] 检查模式: '本年累计' vs '行次'
[TEMP DEBUG] 检查模式: '上年累计' vs '行次'
[TEMP DEBUG] _generate_column_key called: sheet_name='利润表', col_info.column_index=4
[TEMP DEBUG] initial: primary_header='', secondary_header=''
[TEMP DEBUG] Excel读取列头成功: col=4, header='本期金额'
[TEMP DEBUG] _generate_column_key called: sheet_name='利润表', col_info.column_index=5
[TEMP DEBUG] initial: primary_header='', secondary_header=''
[TEMP DEBUG] Excel读取列头成功: col=5, header='本年累计'
[TEMP DEBUG] _generate_column_key called: sheet_name='利润表', col_info.column_index=6
[TEMP DEBUG] initial: primary_header='', secondary_header=''
[TEMP DEBUG] Excel读取列头成功: col=6, header='上年同期'
[TEMP DEBUG] 进入利润表映射检查: primary_header='上年同期'
[TEMP DEBUG] 检查模式: '本期金额' vs '上年同期'
[TEMP DEBUG] 检查模式: '本期' vs '上年同期'
[TEMP DEBUG] 检查模式: '上期金额' vs '上年同期'
[TEMP DEBUG] 检查模式: '上期' vs '上年同期'
[TEMP DEBUG] 检查模式: '本年累计' vs '上年同期'
[TEMP DEBUG] 检查模式: '上年累计' vs '上年同期'
[TEMP DEBUG] _generate_column_key called: sheet_name='利润表', col_info.column_index=7
[TEMP DEBUG] initial: primary_header='', secondary_header=''
[TEMP DEBUG] Excel读取列头成功: col=7, header='上年累计'
[TEMP DEBUG] _generate_column_key called: sheet_name='利润表', col_info.column_index=3
[TEMP DEBUG] initial: primary_header='', secondary_header=''
[TEMP DEBUG] Excel读取列头成功: col=3, header='行次'
[TEMP DEBUG] 进入利润表映射检查: primary_header='行次'
[TEMP DEBUG] 检查模式: '本期金额' vs '行次'
[TEMP DEBUG] 检查模式: '本期' vs '行次'
[TEMP DEBUG] 检查模式: '上期金额' vs '行次'
[TEMP DEBUG] 检查模式: '上期' vs '行次'
[TEMP DEBUG] 检查模式: '本年累计' vs '行次'
[TEMP DEBUG] 检查模式: '上年累计' vs '行次'
[TEMP DEBUG] _generate_column_key called: sheet_name='利润表', col_info.column_index=3
[TEMP DEBUG] initial: primary_header='', secondary_header=''
[TEMP DEBUG] Excel读取列头成功: col=3, header='行次'
[TEMP DEBUG] 进入利润表映射检查: primary_header='行次'
[TEMP DEBUG] 检查模式: '本期金额' vs '行次'
[TEMP DEBUG] 检查模式: '本期' vs '行次'
[TEMP DEBUG] 检查模式: '上期金额' vs '行次'
[TEMP DEBUG] 检查模式: '上期' vs '行次'
[TEMP DEBUG] 检查模式: '本年累计' vs '行次'
[TEMP DEBUG] 检查模式: '上年累计' vs '行次'
[TEMP DEBUG] _generate_column_key called: sheet_name='利润表', col_info.column_index=4
[TEMP DEBUG] initial: primary_header='', secondary_header=''
[TEMP DEBUG] Excel读取列头成功: col=4, header='本期金额'
[TEMP DEBUG] _generate_column_key called: sheet_name='利润表', col_info.column_index=5
[TEMP DEBUG] initial: primary_header='', secondary_header=''
[TEMP DEBUG] Excel读取列头成功: col=5, header='本年累计'
[TEMP DEBUG] _generate_column_key called: sheet_name='利润表', col_info.column_index=6
[TEMP DEBUG] initial: primary_header='', secondary_header=''
[TEMP DEBUG] Excel读取列头成功: col=6, header='上年同期'
[TEMP DEBUG] 进入利润表映射检查: primary_header='上年同期'
[TEMP DEBUG] 检查模式: '本期金额' vs '上年同期'
[TEMP DEBUG] 检查模式: '本期' vs '上年同期'
[TEMP DEBUG] 检查模式: '上期金额' vs '上年同期'
[TEMP DEBUG] 检查模式: '上期' vs '上年同期'
[TEMP DEBUG] 检查模式: '本年累计' vs '上年同期'
[TEMP DEBUG] 检查模式: '上年累计' vs '上年同期'
[TEMP DEBUG] _generate_column_key called: sheet_name='利润表', col_info.column_index=7
[TEMP DEBUG] initial: primary_header='', secondary_header=''
[TEMP DEBUG] Excel读取列头成功: col=7, header='上年累计'
[TEMP DEBUG] _generate_column_key called: sheet_name='利润表', col_info.column_index=3
[TEMP DEBUG] initial: primary_header='', secondary_header=''
[TEMP DEBUG] Excel读取列头成功: col=3, header='行次'
[TEMP DEBUG] 进入利润表映射检查: primary_header='行次'
[TEMP DEBUG] 检查模式: '本期金额' vs '行次'
[TEMP DEBUG] 检查模式: '本期' vs '行次'
[TEMP DEBUG] 检查模式: '上期金额' vs '行次'
[TEMP DEBUG] 检查模式: '上期' vs '行次'
[TEMP DEBUG] 检查模式: '本年累计' vs '行次'
[TEMP DEBUG] 检查模式: '上年累计' vs '行次'
[TEMP DEBUG] _generate_column_key called: sheet_name='利润表', col_info.column_index=4
[TEMP DEBUG] initial: primary_header='', secondary_header=''
[TEMP DEBUG] Excel读取列头成功: col=4, header='本期金额'
[TEMP DEBUG] _generate_column_key called: sheet_name='利润表', col_info.column_index=5
[TEMP DEBUG] initial: primary_header='', secondary_header=''
[TEMP DEBUG] Excel读取列头成功: col=5, header='本年累计'
[TEMP DEBUG] _generate_column_key called: sheet_name='利润表', col_info.column_index=6
[TEMP DEBUG] initial: primary_header='', secondary_header=''
[TEMP DEBUG] Excel读取列头成功: col=6, header='上年同期'
[TEMP DEBUG] 进入利润表映射检查: primary_header='上年同期'
[TEMP DEBUG] 检查模式: '本期金额' vs '上年同期'
[TEMP DEBUG] 检查模式: '本期' vs '上年同期'
[TEMP DEBUG] 检查模式: '上期金额' vs '上年同期'
[TEMP DEBUG] 检查模式: '上期' vs '上年同期'
[TEMP DEBUG] 检查模式: '本年累计' vs '上年同期'
[TEMP DEBUG] 检查模式: '上年累计' vs '上年同期'
[TEMP DEBUG] _generate_column_key called: sheet_name='利润表', col_info.column_index=7
[TEMP DEBUG] initial: primary_header='', secondary_header=''
[TEMP DEBUG] Excel读取列头成功: col=7, header='上年累计'
[TEMP DEBUG] _generate_column_key called: sheet_name='利润表', col_info.column_index=3
[TEMP DEBUG] initial: primary_header='', secondary_header=''
[TEMP DEBUG] Excel读取列头成功: col=3, header='行次'
[TEMP DEBUG] 进入利润表映射检查: primary_header='行次'
[TEMP DEBUG] 检查模式: '本期金额' vs '行次'
[TEMP DEBUG] 检查模式: '本期' vs '行次'
[TEMP DEBUG] 检查模式: '上期金额' vs '行次'
[TEMP DEBUG] 检查模式: '上期' vs '行次'
[TEMP DEBUG] 检查模式: '本年累计' vs '行次'
[TEMP DEBUG] 检查模式: '上年累计' vs '行次'
[TEMP DEBUG] _generate_column_key called: sheet_name='利润表', col_info.column_index=3
[TEMP DEBUG] initial: primary_header='', secondary_header=''
[TEMP DEBUG] Excel读取列头成功: col=3, header='行次'
[TEMP DEBUG] 进入利润表映射检查: primary_header='行次'
[TEMP DEBUG] 检查模式: '本期金额' vs '行次'
[TEMP DEBUG] 检查模式: '本期' vs '行次'
[TEMP DEBUG] 检查模式: '上期金额' vs '行次'
[TEMP DEBUG] 检查模式: '上期' vs '行次'
[TEMP DEBUG] 检查模式: '本年累计' vs '行次'
[TEMP DEBUG] 检查模式: '上年累计' vs '行次'
[TEMP DEBUG] _generate_column_key called: sheet_name='利润表', col_info.column_index=3
[TEMP DEBUG] initial: primary_header='', secondary_header=''
[TEMP DEBUG] Excel读取列头成功: col=3, header='行次'
[TEMP DEBUG] 进入利润表映射检查: primary_header='行次'
[TEMP DEBUG] 检查模式: '本期金额' vs '行次'
[TEMP DEBUG] 检查模式: '本期' vs '行次'
[TEMP DEBUG] 检查模式: '上期金额' vs '行次'
[TEMP DEBUG] 检查模式: '上期' vs '行次'
[TEMP DEBUG] 检查模式: '本年累计' vs '行次'
[TEMP DEBUG] 检查模式: '上年累计' vs '行次'
[TEMP DEBUG] _generate_column_key called: sheet_name='利润表', col_info.column_index=3
[TEMP DEBUG] initial: primary_header='', secondary_header=''
[TEMP DEBUG] Excel读取列头成功: col=3, header='行次'
[TEMP DEBUG] 进入利润表映射检查: primary_header='行次'
[TEMP DEBUG] 检查模式: '本期金额' vs '行次'
[TEMP DEBUG] 检查模式: '本期' vs '行次'
[TEMP DEBUG] 检查模式: '上期金额' vs '行次'
[TEMP DEBUG] 检查模式: '上期' vs '行次'
[TEMP DEBUG] 检查模式: '本年累计' vs '行次'
[TEMP DEBUG] 检查模式: '上年累计' vs '行次'
[TEMP DEBUG] _generate_column_key called: sheet_name='利润表', col_info.column_index=3
[TEMP DEBUG] initial: primary_header='', secondary_header=''
[TEMP DEBUG] Excel读取列头成功: col=3, header='行次'
[TEMP DEBUG] 进入利润表映射检查: primary_header='行次'
[TEMP DEBUG] 检查模式: '本期金额' vs '行次'
[TEMP DEBUG] 检查模式: '本期' vs '行次'
[TEMP DEBUG] 检查模式: '上期金额' vs '行次'
[TEMP DEBUG] 检查模式: '上期' vs '行次'
[TEMP DEBUG] 检查模式: '本年累计' vs '行次'
[TEMP DEBUG] 检查模式: '上年累计' vs '行次'
[TEMP DEBUG] _generate_column_key called: sheet_name='利润表', col_info.column_index=3
[TEMP DEBUG] initial: primary_header='', secondary_header=''
[TEMP DEBUG] Excel读取列头成功: col=3, header='行次'
[TEMP DEBUG] 进入利润表映射检查: primary_header='行次'
[TEMP DEBUG] 检查模式: '本期金额' vs '行次'
[TEMP DEBUG] 检查模式: '本期' vs '行次'
[TEMP DEBUG] 检查模式: '上期金额' vs '行次'
[TEMP DEBUG] 检查模式: '上期' vs '行次'
[TEMP DEBUG] 检查模式: '本年累计' vs '行次'
[TEMP DEBUG] 检查模式: '上年累计' vs '行次'
[TEMP DEBUG] _generate_column_key called: sheet_name='利润表', col_info.column_index=3
[TEMP DEBUG] initial: primary_header='', secondary_header=''
[TEMP DEBUG] Excel读取列头成功: col=3, header='行次'
[TEMP DEBUG] 进入利润表映射检查: primary_header='行次'
[TEMP DEBUG] 检查模式: '本期金额' vs '行次'
[TEMP DEBUG] 检查模式: '本期' vs '行次'
[TEMP DEBUG] 检查模式: '上期金额' vs '行次'
[TEMP DEBUG] 检查模式: '上期' vs '行次'
[TEMP DEBUG] 检查模式: '本年累计' vs '行次'
[TEMP DEBUG] 检查模式: '上年累计' vs '行次'
[TEMP DEBUG] _generate_column_key called: sheet_name='利润表', col_info.column_index=3
[TEMP DEBUG] initial: primary_header='', secondary_header=''
[TEMP DEBUG] Excel读取列头成功: col=3, header='行次'
[TEMP DEBUG] 进入利润表映射检查: primary_header='行次'
[TEMP DEBUG] 检查模式: '本期金额' vs '行次'
[TEMP DEBUG] 检查模式: '本期' vs '行次'
[TEMP DEBUG] 检查模式: '上期金额' vs '行次'
[TEMP DEBUG] 检查模式: '上期' vs '行次'
[TEMP DEBUG] 检查模式: '本年累计' vs '行次'
[TEMP DEBUG] 检查模式: '上年累计' vs '行次'
[TEMP DEBUG] _generate_column_key called: sheet_name='利润表', col_info.column_index=3
[TEMP DEBUG] initial: primary_header='', secondary_header=''
[TEMP DEBUG] Excel读取列头成功: col=3, header='行次'
[TEMP DEBUG] 进入利润表映射检查: primary_header='行次'
[TEMP DEBUG] 检查模式: '本期金额' vs '行次'
[TEMP DEBUG] 检查模式: '本期' vs '行次'
[TEMP DEBUG] 检查模式: '上期金额' vs '行次'
[TEMP DEBUG] 检查模式: '上期' vs '行次'
[TEMP DEBUG] 检查模式: '本年累计' vs '行次'
[TEMP DEBUG] 检查模式: '上年累计' vs '行次'
[TEMP DEBUG] _generate_column_key called: sheet_name='利润表', col_info.column_index=3
[TEMP DEBUG] initial: primary_header='', secondary_header=''
[TEMP DEBUG] Excel读取列头成功: col=3, header='行次'
[TEMP DEBUG] 进入利润表映射检查: primary_header='行次'
[TEMP DEBUG] 检查模式: '本期金额' vs '行次'
[TEMP DEBUG] 检查模式: '本期' vs '行次'
[TEMP DEBUG] 检查模式: '上期金额' vs '行次'
[TEMP DEBUG] 检查模式: '上期' vs '行次'
[TEMP DEBUG] 检查模式: '本年累计' vs '行次'
[TEMP DEBUG] 检查模式: '上年累计' vs '行次'
[TEMP DEBUG] _generate_column_key called: sheet_name='利润表', col_info.column_index=3
[TEMP DEBUG] initial: primary_header='', secondary_header=''
[TEMP DEBUG] Excel读取列头成功: col=3, header='行次'
[TEMP DEBUG] 进入利润表映射检查: primary_header='行次'
[TEMP DEBUG] 检查模式: '本期金额' vs '行次'
[TEMP DEBUG] 检查模式: '本期' vs '行次'
[TEMP DEBUG] 检查模式: '上期金额' vs '行次'
[TEMP DEBUG] 检查模式: '上期' vs '行次'
[TEMP DEBUG] 检查模式: '本年累计' vs '行次'
[TEMP DEBUG] 检查模式: '上年累计' vs '行次'
[TEMP DEBUG] _generate_column_key called: sheet_name='利润表', col_info.column_index=3
[TEMP DEBUG] initial: primary_header='', secondary_header=''
[TEMP DEBUG] Excel读取列头成功: col=3, header='行次'
[TEMP DEBUG] 进入利润表映射检查: primary_header='行次'
[TEMP DEBUG] 检查模式: '本期金额' vs '行次'
[TEMP DEBUG] 检查模式: '本期' vs '行次'
[TEMP DEBUG] 检查模式: '上期金额' vs '行次'
[TEMP DEBUG] 检查模式: '上期' vs '行次'
[TEMP DEBUG] 检查模式: '本年累计' vs '行次'
[TEMP DEBUG] 检查模式: '上年累计' vs '行次'
[TEMP DEBUG] _generate_column_key called: sheet_name='利润表', col_info.column_index=3
[TEMP DEBUG] initial: primary_header='', secondary_header=''
[TEMP DEBUG] Excel读取列头成功: col=3, header='行次'
[TEMP DEBUG] 进入利润表映射检查: primary_header='行次'
[TEMP DEBUG] 检查模式: '本期金额' vs '行次'
[TEMP DEBUG] 检查模式: '本期' vs '行次'
[TEMP DEBUG] 检查模式: '上期金额' vs '行次'
[TEMP DEBUG] 检查模式: '上期' vs '行次'
[TEMP DEBUG] 检查模式: '本年累计' vs '行次'
[TEMP DEBUG] 检查模式: '上年累计' vs '行次'
[TEMP DEBUG] _generate_column_key called: sheet_name='利润表', col_info.column_index=3
[TEMP DEBUG] initial: primary_header='', secondary_header=''
[TEMP DEBUG] Excel读取列头成功: col=3, header='行次'
[TEMP DEBUG] 进入利润表映射检查: primary_header='行次'
[TEMP DEBUG] 检查模式: '本期金额' vs '行次'
[TEMP DEBUG] 检查模式: '本期' vs '行次'
[TEMP DEBUG] 检查模式: '上期金额' vs '行次'
[TEMP DEBUG] 检查模式: '上期' vs '行次'
[TEMP DEBUG] 检查模式: '本年累计' vs '行次'
[TEMP DEBUG] 检查模式: '上年累计' vs '行次'
[TEMP DEBUG] _generate_column_key called: sheet_name='利润表', col_info.column_index=3
[TEMP DEBUG] initial: primary_header='', secondary_header=''
[TEMP DEBUG] Excel读取列头成功: col=3, header='行次'
[TEMP DEBUG] 进入利润表映射检查: primary_header='行次'
[TEMP DEBUG] 检查模式: '本期金额' vs '行次'
[TEMP DEBUG] 检查模式: '本期' vs '行次'
[TEMP DEBUG] 检查模式: '上期金额' vs '行次'
[TEMP DEBUG] 检查模式: '上期' vs '行次'
[TEMP DEBUG] 检查模式: '本年累计' vs '行次'
[TEMP DEBUG] 检查模式: '上年累计' vs '行次'
[TEMP DEBUG] _generate_column_key called: sheet_name='利润表', col_info.column_index=3
[TEMP DEBUG] initial: primary_header='', secondary_header=''
[TEMP DEBUG] Excel读取列头成功: col=3, header='行次'
[TEMP DEBUG] 进入利润表映射检查: primary_header='行次'
[TEMP DEBUG] 检查模式: '本期金额' vs '行次'
[TEMP DEBUG] 检查模式: '本期' vs '行次'
[TEMP DEBUG] 检查模式: '上期金额' vs '行次'
[TEMP DEBUG] 检查模式: '上期' vs '行次'
[TEMP DEBUG] 检查模式: '本年累计' vs '行次'
[TEMP DEBUG] 检查模式: '上年累计' vs '行次'
[TEMP DEBUG] _generate_column_key called: sheet_name='利润表', col_info.column_index=3
[TEMP DEBUG] initial: primary_header='', secondary_header=''
[TEMP DEBUG] Excel读取列头成功: col=3, header='行次'
[TEMP DEBUG] 进入利润表映射检查: primary_header='行次'
[TEMP DEBUG] 检查模式: '本期金额' vs '行次'
[TEMP DEBUG] 检查模式: '本期' vs '行次'
[TEMP DEBUG] 检查模式: '上期金额' vs '行次'
[TEMP DEBUG] 检查模式: '上期' vs '行次'
[TEMP DEBUG] 检查模式: '本年累计' vs '行次'
[TEMP DEBUG] 检查模式: '上年累计' vs '行次'
[TEMP DEBUG] _generate_column_key called: sheet_name='利润表', col_info.column_index=3
[TEMP DEBUG] initial: primary_header='', secondary_header=''
[TEMP DEBUG] Excel读取列头成功: col=3, header='行次'
[TEMP DEBUG] 进入利润表映射检查: primary_header='行次'
[TEMP DEBUG] 检查模式: '本期金额' vs '行次'
[TEMP DEBUG] 检查模式: '本期' vs '行次'
[TEMP DEBUG] 检查模式: '上期金额' vs '行次'
[TEMP DEBUG] 检查模式: '上期' vs '行次'
[TEMP DEBUG] 检查模式: '本年累计' vs '行次'
[TEMP DEBUG] 检查模式: '上年累计' vs '行次'
[TEMP DEBUG] _generate_column_key called: sheet_name='利润表', col_info.column_index=4
[TEMP DEBUG] initial: primary_header='', secondary_header=''
[TEMP DEBUG] Excel读取列头成功: col=4, header='本期金额'
[TEMP DEBUG] _generate_column_key called: sheet_name='利润表', col_info.column_index=5
[TEMP DEBUG] initial: primary_header='', secondary_header=''
[TEMP DEBUG] Excel读取列头成功: col=5, header='本年累计'
[TEMP DEBUG] _generate_column_key called: sheet_name='利润表', col_info.column_index=6
[TEMP DEBUG] initial: primary_header='', secondary_header=''
[TEMP DEBUG] Excel读取列头成功: col=6, header='上年同期'
[TEMP DEBUG] 进入利润表映射检查: primary_header='上年同期'
[TEMP DEBUG] 检查模式: '本期金额' vs '上年同期'
[TEMP DEBUG] 检查模式: '本期' vs '上年同期'
[TEMP DEBUG] 检查模式: '上期金额' vs '上年同期'
[TEMP DEBUG] 检查模式: '上期' vs '上年同期'
[TEMP DEBUG] 检查模式: '本年累计' vs '上年同期'
[TEMP DEBUG] 检查模式: '上年累计' vs '上年同期'
[TEMP DEBUG] _generate_column_key called: sheet_name='利润表', col_info.column_index=7
[TEMP DEBUG] initial: primary_header='', secondary_header=''
[TEMP DEBUG] Excel读取列头成功: col=7, header='上年累计'
[TEMP DEBUG] _generate_column_key called: sheet_name='利润表', col_info.column_index=3
[TEMP DEBUG] initial: primary_header='', secondary_header=''
[TEMP DEBUG] Excel读取列头成功: col=3, header='行次'
[TEMP DEBUG] 进入利润表映射检查: primary_header='行次'
[TEMP DEBUG] 检查模式: '本期金额' vs '行次'
[TEMP DEBUG] 检查模式: '本期' vs '行次'
[TEMP DEBUG] 检查模式: '上期金额' vs '行次'
[TEMP DEBUG] 检查模式: '上期' vs '行次'
[TEMP DEBUG] 检查模式: '本年累计' vs '行次'
[TEMP DEBUG] 检查模式: '上年累计' vs '行次'
[TEMP DEBUG] _generate_column_key called: sheet_name='利润表', col_info.column_index=4
[TEMP DEBUG] initial: primary_header='', secondary_header=''
[TEMP DEBUG] Excel读取列头成功: col=4, header='本期金额'
[TEMP DEBUG] _generate_column_key called: sheet_name='利润表', col_info.column_index=5
[TEMP DEBUG] initial: primary_header='', secondary_header=''
[TEMP DEBUG] Excel读取列头成功: col=5, header='本年累计'
[TEMP DEBUG] _generate_column_key called: sheet_name='利润表', col_info.column_index=6
[TEMP DEBUG] initial: primary_header='', secondary_header=''
[TEMP DEBUG] Excel读取列头成功: col=6, header='上年同期'
[TEMP DEBUG] 进入利润表映射检查: primary_header='上年同期'
[TEMP DEBUG] 检查模式: '本期金额' vs '上年同期'
[TEMP DEBUG] 检查模式: '本期' vs '上年同期'
[TEMP DEBUG] 检查模式: '上期金额' vs '上年同期'
[TEMP DEBUG] 检查模式: '上期' vs '上年同期'
[TEMP DEBUG] 检查模式: '本年累计' vs '上年同期'
[TEMP DEBUG] 检查模式: '上年累计' vs '上年同期'
[TEMP DEBUG] _generate_column_key called: sheet_name='利润表', col_info.column_index=7
[TEMP DEBUG] initial: primary_header='', secondary_header=''
[TEMP DEBUG] Excel读取列头成功: col=7, header='上年累计'
[TEMP DEBUG] _generate_column_key called: sheet_name='利润表', col_info.column_index=3
[TEMP DEBUG] initial: primary_header='', secondary_header=''
[TEMP DEBUG] Excel读取列头成功: col=3, header='行次'
[TEMP DEBUG] 进入利润表映射检查: primary_header='行次'
[TEMP DEBUG] 检查模式: '本期金额' vs '行次'
[TEMP DEBUG] 检查模式: '本期' vs '行次'
[TEMP DEBUG] 检查模式: '上期金额' vs '行次'
[TEMP DEBUG] 检查模式: '上期' vs '行次'
[TEMP DEBUG] 检查模式: '本年累计' vs '行次'
[TEMP DEBUG] 检查模式: '上年累计' vs '行次'
[TEMP DEBUG] _generate_column_key called: sheet_name='利润表', col_info.column_index=4
[TEMP DEBUG] initial: primary_header='', secondary_header=''
[TEMP DEBUG] Excel读取列头成功: col=4, header='本期金额'
[TEMP DEBUG] _generate_column_key called: sheet_name='利润表', col_info.column_index=5
[TEMP DEBUG] initial: primary_header='', secondary_header=''
[TEMP DEBUG] Excel读取列头成功: col=5, header='本年累计'
[TEMP DEBUG] _generate_column_key called: sheet_name='利润表', col_info.column_index=6
[TEMP DEBUG] initial: primary_header='', secondary_header=''
[TEMP DEBUG] Excel读取列头成功: col=6, header='上年同期'
[TEMP DEBUG] 进入利润表映射检查: primary_header='上年同期'
[TEMP DEBUG] 检查模式: '本期金额' vs '上年同期'
[TEMP DEBUG] 检查模式: '本期' vs '上年同期'
[TEMP DEBUG] 检查模式: '上期金额' vs '上年同期'
[TEMP DEBUG] 检查模式: '上期' vs '上年同期'
[TEMP DEBUG] 检查模式: '本年累计' vs '上年同期'
[TEMP DEBUG] 检查模式: '上年累计' vs '上年同期'
[TEMP DEBUG] _generate_column_key called: sheet_name='利润表', col_info.column_index=7
[TEMP DEBUG] initial: primary_header='', secondary_header=''
[TEMP DEBUG] Excel读取列头成功: col=7, header='上年累计'
[TEMP DEBUG] _generate_column_key called: sheet_name='利润表', col_info.column_index=3
[TEMP DEBUG] initial: primary_header='', secondary_header=''
[TEMP DEBUG] Excel读取列头成功: col=3, header='行次'
[TEMP DEBUG] 进入利润表映射检查: primary_header='行次'
[TEMP DEBUG] 检查模式: '本期金额' vs '行次'
[TEMP DEBUG] 检查模式: '本期' vs '行次'
[TEMP DEBUG] 检查模式: '上期金额' vs '行次'
[TEMP DEBUG] 检查模式: '上期' vs '行次'
[TEMP DEBUG] 检查模式: '本年累计' vs '行次'
[TEMP DEBUG] 检查模式: '上年累计' vs '行次'
[TEMP DEBUG] _generate_column_key called: sheet_name='利润表', col_info.column_index=3
[TEMP DEBUG] initial: primary_header='', secondary_header=''
[TEMP DEBUG] Excel读取列头成功: col=3, header='行次'
[TEMP DEBUG] 进入利润表映射检查: primary_header='行次'
[TEMP DEBUG] 检查模式: '本期金额' vs '行次'
[TEMP DEBUG] 检查模式: '本期' vs '行次'
[TEMP DEBUG] 检查模式: '上期金额' vs '行次'
[TEMP DEBUG] 检查模式: '上期' vs '行次'
[TEMP DEBUG] 检查模式: '本年累计' vs '行次'
[TEMP DEBUG] 检查模式: '上年累计' vs '行次'
[TEMP DEBUG] _generate_column_key called: sheet_name='利润表', col_info.column_index=3
[TEMP DEBUG] initial: primary_header='', secondary_header=''
[TEMP DEBUG] Excel读取列头成功: col=3, header='行次'
[TEMP DEBUG] 进入利润表映射检查: primary_header='行次'
[TEMP DEBUG] 检查模式: '本期金额' vs '行次'
[TEMP DEBUG] 检查模式: '本期' vs '行次'
[TEMP DEBUG] 检查模式: '上期金额' vs '行次'
[TEMP DEBUG] 检查模式: '上期' vs '行次'
[TEMP DEBUG] 检查模式: '本年累计' vs '行次'
[TEMP DEBUG] 检查模式: '上年累计' vs '行次'
  提取到 71 个来源项

提取数据源表 '现金流量表' 的来源项...
  分析表格模式...
  识别为: 现金流量表
    使用通用表格提取逻辑
[TEMP DEBUG] _generate_column_key called: sheet_name='现金流量表', col_info.column_index=3
[TEMP DEBUG] initial: primary_header='', secondary_header=''
[TEMP DEBUG] Excel读取列头成功: col=3, header='1'
[TEMP DEBUG] _generate_column_key called: sheet_name='现金流量表', col_info.column_index=3
[TEMP DEBUG] initial: primary_header='', secondary_header=''
[TEMP DEBUG] Excel读取列头成功: col=3, header='1'
[TEMP DEBUG] _generate_column_key called: sheet_name='现金流量表', col_info.column_index=4
[TEMP DEBUG] initial: primary_header='', secondary_header=''
[TEMP DEBUG] _generate_column_key called: sheet_name='现金流量表', col_info.column_index=5
[TEMP DEBUG] initial: primary_header='', secondary_header=''
[TEMP DEBUG] _generate_column_key called: sheet_name='现金流量表', col_info.column_index=6
[TEMP DEBUG] initial: primary_header='', secondary_header=''
[TEMP DEBUG] _generate_column_key called: sheet_name='现金流量表', col_info.column_index=7
[TEMP DEBUG] initial: primary_header='', secondary_header='企财03表'
[TEMP DEBUG] _generate_column_key called: sheet_name='现金流量表', col_info.column_index=3
[TEMP DEBUG] initial: primary_header='', secondary_header=''
[TEMP DEBUG] Excel读取列头成功: col=3, header='1'
[TEMP DEBUG] _generate_column_key called: sheet_name='现金流量表', col_info.column_index=3
[TEMP DEBUG] initial: primary_header='', secondary_header=''
[TEMP DEBUG] Excel读取列头成功: col=3, header='1'
[TEMP DEBUG] _generate_column_key called: sheet_name='现金流量表', col_info.column_index=3
[TEMP DEBUG] initial: primary_header='', secondary_header=''
[TEMP DEBUG] Excel读取列头成功: col=3, header='1'
[TEMP DEBUG] _generate_column_key called: sheet_name='现金流量表', col_info.column_index=3
[TEMP DEBUG] initial: primary_header='', secondary_header=''
[TEMP DEBUG] Excel读取列头成功: col=3, header='1'
[TEMP DEBUG] _generate_column_key called: sheet_name='现金流量表', col_info.column_index=3
[TEMP DEBUG] initial: primary_header='', secondary_header=''
[TEMP DEBUG] Excel读取列头成功: col=3, header='1'
[TEMP DEBUG] _generate_column_key called: sheet_name='现金流量表', col_info.column_index=3
[TEMP DEBUG] initial: primary_header='', secondary_header=''
[TEMP DEBUG] Excel读取列头成功: col=3, header='1'
[TEMP DEBUG] _generate_column_key called: sheet_name='现金流量表', col_info.column_index=3
[TEMP DEBUG] initial: primary_header='', secondary_header=''
[TEMP DEBUG] Excel读取列头成功: col=3, header='1'
[TEMP DEBUG] _generate_column_key called: sheet_name='现金流量表', col_info.column_index=3
[TEMP DEBUG] initial: primary_header='', secondary_header=''
[TEMP DEBUG] Excel读取列头成功: col=3, header='1'
[TEMP DEBUG] _generate_column_key called: sheet_name='现金流量表', col_info.column_index=3
[TEMP DEBUG] initial: primary_header='', secondary_header=''
[TEMP DEBUG] Excel读取列头成功: col=3, header='1'
[TEMP DEBUG] _generate_column_key called: sheet_name='现金流量表', col_info.column_index=3
[TEMP DEBUG] initial: primary_header='', secondary_header=''
[TEMP DEBUG] Excel读取列头成功: col=3, header='1'
[TEMP DEBUG] _generate_column_key called: sheet_name='现金流量表', col_info.column_index=3
[TEMP DEBUG] initial: primary_header='', secondary_header=''
[TEMP DEBUG] Excel读取列头成功: col=3, header='1'
[TEMP DEBUG] _generate_column_key called: sheet_name='现金流量表', col_info.column_index=4
[TEMP DEBUG] initial: primary_header='', secondary_header=''
[TEMP DEBUG] _generate_column_key called: sheet_name='现金流量表', col_info.column_index=5
[TEMP DEBUG] initial: primary_header='', secondary_header=''
[TEMP DEBUG] _generate_column_key called: sheet_name='现金流量表', col_info.column_index=6
[TEMP DEBUG] initial: primary_header='', secondary_header=''
[TEMP DEBUG] _generate_column_key called: sheet_name='现金流量表', col_info.column_index=7
[TEMP DEBUG] initial: primary_header='', secondary_header='企财03表'
[TEMP DEBUG] _generate_column_key called: sheet_name='现金流量表', col_info.column_index=3
[TEMP DEBUG] initial: primary_header='', secondary_header=''
[TEMP DEBUG] Excel读取列头成功: col=3, header='1'
[TEMP DEBUG] _generate_column_key called: sheet_name='现金流量表', col_info.column_index=4
[TEMP DEBUG] initial: primary_header='', secondary_header=''
[TEMP DEBUG] _generate_column_key called: sheet_name='现金流量表', col_info.column_index=5
[TEMP DEBUG] initial: primary_header='', secondary_header=''
[TEMP DEBUG] _generate_column_key called: sheet_name='现金流量表', col_info.column_index=6
[TEMP DEBUG] initial: primary_header='', secondary_header=''
[TEMP DEBUG] _generate_column_key called: sheet_name='现金流量表', col_info.column_index=7
[TEMP DEBUG] initial: primary_header='', secondary_header='企财03表'
[TEMP DEBUG] _generate_column_key called: sheet_name='现金流量表', col_info.column_index=3
[TEMP DEBUG] initial: primary_header='', secondary_header=''
[TEMP DEBUG] Excel读取列头成功: col=3, header='1'
[TEMP DEBUG] _generate_column_key called: sheet_name='现金流量表', col_info.column_index=4
[TEMP DEBUG] initial: primary_header='', secondary_header=''
[TEMP DEBUG] _generate_column_key called: sheet_name='现金流量表', col_info.column_index=5
[TEMP DEBUG] initial: primary_header='', secondary_header=''
[TEMP DEBUG] _generate_column_key called: sheet_name='现金流量表', col_info.column_index=6
[TEMP DEBUG] initial: primary_header='', secondary_header=''
[TEMP DEBUG] _generate_column_key called: sheet_name='现金流量表', col_info.column_index=7
[TEMP DEBUG] initial: primary_header='', secondary_header='企财03表'
[TEMP DEBUG] _generate_column_key called: sheet_name='现金流量表', col_info.column_index=3
[TEMP DEBUG] initial: primary_header='', secondary_header=''
[TEMP DEBUG] Excel读取列头成功: col=3, header='1'
[TEMP DEBUG] _generate_column_key called: sheet_name='现金流量表', col_info.column_index=4
[TEMP DEBUG] initial: primary_header='', secondary_header=''
[TEMP DEBUG] _generate_column_key called: sheet_name='现金流量表', col_info.column_index=5
[TEMP DEBUG] initial: primary_header='', secondary_header=''
[TEMP DEBUG] _generate_column_key called: sheet_name='现金流量表', col_info.column_index=6
[TEMP DEBUG] initial: primary_header='', secondary_header=''
[TEMP DEBUG] _generate_column_key called: sheet_name='现金流量表', col_info.column_index=7
[TEMP DEBUG] initial: primary_header='', secondary_header='企财03表'
[TEMP DEBUG] _generate_column_key called: sheet_name='现金流量表', col_info.column_index=3
[TEMP DEBUG] initial: primary_header='', secondary_header=''
[TEMP DEBUG] Excel读取列头成功: col=3, header='1'
[TEMP DEBUG] _generate_column_key called: sheet_name='现金流量表', col_info.column_index=3
[TEMP DEBUG] initial: primary_header='', secondary_header=''
[TEMP DEBUG] Excel读取列头成功: col=3, header='1'
[TEMP DEBUG] _generate_column_key called: sheet_name='现金流量表', col_info.column_index=3
[TEMP DEBUG] initial: primary_header='', secondary_header=''
[TEMP DEBUG] Excel读取列头成功: col=3, header='1'
[TEMP DEBUG] _generate_column_key called: sheet_name='现金流量表', col_info.column_index=3
[TEMP DEBUG] initial: primary_header='', secondary_header=''
[TEMP DEBUG] Excel读取列头成功: col=3, header='1'
[TEMP DEBUG] _generate_column_key called: sheet_name='现金流量表', col_info.column_index=3
[TEMP DEBUG] initial: primary_header='', secondary_header=''
[TEMP DEBUG] Excel读取列头成功: col=3, header='1'
[TEMP DEBUG] _generate_column_key called: sheet_name='现金流量表', col_info.column_index=3
[TEMP DEBUG] initial: primary_header='', secondary_header=''
[TEMP DEBUG] Excel读取列头成功: col=3, header='1'
[TEMP DEBUG] _generate_column_key called: sheet_name='现金流量表', col_info.column_index=4
[TEMP DEBUG] initial: primary_header='', secondary_header=''
[TEMP DEBUG] _generate_column_key called: sheet_name='现金流量表', col_info.column_index=5
[TEMP DEBUG] initial: primary_header='', secondary_header=''
[TEMP DEBUG] _generate_column_key called: sheet_name='现金流量表', col_info.column_index=6
[TEMP DEBUG] initial: primary_header='', secondary_header=''
[TEMP DEBUG] _generate_column_key called: sheet_name='现金流量表', col_info.column_index=7
[TEMP DEBUG] initial: primary_header='', secondary_header='企财03表'
[TEMP DEBUG] _generate_column_key called: sheet_name='现金流量表', col_info.column_index=3
[TEMP DEBUG] initial: primary_header='', secondary_header=''
[TEMP DEBUG] Excel读取列头成功: col=3, header='1'
[TEMP DEBUG] _generate_column_key called: sheet_name='现金流量表', col_info.column_index=4
[TEMP DEBUG] initial: primary_header='', secondary_header=''
[TEMP DEBUG] _generate_column_key called: sheet_name='现金流量表', col_info.column_index=5
[TEMP DEBUG] initial: primary_header='', secondary_header=''
[TEMP DEBUG] _generate_column_key called: sheet_name='现金流量表', col_info.column_index=6
[TEMP DEBUG] initial: primary_header='', secondary_header=''
[TEMP DEBUG] _generate_column_key called: sheet_name='现金流量表', col_info.column_index=7
[TEMP DEBUG] initial: primary_header='', secondary_header='企财03表'
[TEMP DEBUG] _generate_column_key called: sheet_name='现金流量表', col_info.column_index=3
[TEMP DEBUG] initial: primary_header='', secondary_header=''
[TEMP DEBUG] Excel读取列头成功: col=3, header='1'
[TEMP DEBUG] _generate_column_key called: sheet_name='现金流量表', col_info.column_index=4
[TEMP DEBUG] initial: primary_header='', secondary_header=''
[TEMP DEBUG] _generate_column_key called: sheet_name='现金流量表', col_info.column_index=5
[TEMP DEBUG] initial: primary_header='', secondary_header=''
[TEMP DEBUG] _generate_column_key called: sheet_name='现金流量表', col_info.column_index=6
[TEMP DEBUG] initial: primary_header='', secondary_header=''
[TEMP DEBUG] _generate_column_key called: sheet_name='现金流量表', col_info.column_index=7
[TEMP DEBUG] initial: primary_header='', secondary_header='企财03表'
[TEMP DEBUG] _generate_column_key called: sheet_name='现金流量表', col_info.column_index=3
[TEMP DEBUG] initial: primary_header='', secondary_header=''
[TEMP DEBUG] Excel读取列头成功: col=3, header='1'
[TEMP DEBUG] _generate_column_key called: sheet_name='现金流量表', col_info.column_index=4
[TEMP DEBUG] initial: primary_header='', secondary_header=''
[TEMP DEBUG] _generate_column_key called: sheet_name='现金流量表', col_info.column_index=5
[TEMP DEBUG] initial: primary_header='', secondary_header=''
[TEMP DEBUG] _generate_column_key called: sheet_name='现金流量表', col_info.column_index=6
[TEMP DEBUG] initial: primary_header='', secondary_header=''
[TEMP DEBUG] _generate_column_key called: sheet_name='现金流量表', col_info.column_index=7
[TEMP DEBUG] initial: primary_header='', secondary_header='企财03表'
[TEMP DEBUG] _generate_column_key called: sheet_name='现金流量表', col_info.column_index=3
[TEMP DEBUG] initial: primary_header='', secondary_header=''
[TEMP DEBUG] Excel读取列头成功: col=3, header='1'
[TEMP DEBUG] _generate_column_key called: sheet_name='现金流量表', col_info.column_index=4
[TEMP DEBUG] initial: primary_header='', secondary_header=''
[TEMP DEBUG] _generate_column_key called: sheet_name='现金流量表', col_info.column_index=5
[TEMP DEBUG] initial: primary_header='', secondary_header=''
[TEMP DEBUG] _generate_column_key called: sheet_name='现金流量表', col_info.column_index=6
[TEMP DEBUG] initial: primary_header='', secondary_header=''
[TEMP DEBUG] _generate_column_key called: sheet_name='现金流量表', col_info.column_index=7
[TEMP DEBUG] initial: primary_header='', secondary_header='企财03表'
[TEMP DEBUG] _generate_column_key called: sheet_name='现金流量表', col_info.column_index=3
[TEMP DEBUG] initial: primary_header='', secondary_header=''
[TEMP DEBUG] Excel读取列头成功: col=3, header='1'
[TEMP DEBUG] _generate_column_key called: sheet_name='现金流量表', col_info.column_index=3
[TEMP DEBUG] initial: primary_header='', secondary_header=''
[TEMP DEBUG] Excel读取列头成功: col=3, header='1'
[TEMP DEBUG] _generate_column_key called: sheet_name='现金流量表', col_info.column_index=4
[TEMP DEBUG] initial: primary_header='', secondary_header=''
[TEMP DEBUG] _generate_column_key called: sheet_name='现金流量表', col_info.column_index=5
[TEMP DEBUG] initial: primary_header='', secondary_header=''
[TEMP DEBUG] _generate_column_key called: sheet_name='现金流量表', col_info.column_index=6
[TEMP DEBUG] initial: primary_header='', secondary_header=''
[TEMP DEBUG] _generate_column_key called: sheet_name='现金流量表', col_info.column_index=7
[TEMP DEBUG] initial: primary_header='', secondary_header='企财03表'
[TEMP DEBUG] _generate_column_key called: sheet_name='现金流量表', col_info.column_index=3
[TEMP DEBUG] initial: primary_header='', secondary_header=''
[TEMP DEBUG] Excel读取列头成功: col=3, header='1'
[TEMP DEBUG] _generate_column_key called: sheet_name='现金流量表', col_info.column_index=4
[TEMP DEBUG] initial: primary_header='', secondary_header=''
[TEMP DEBUG] _generate_column_key called: sheet_name='现金流量表', col_info.column_index=5
[TEMP DEBUG] initial: primary_header='', secondary_header=''
[TEMP DEBUG] _generate_column_key called: sheet_name='现金流量表', col_info.column_index=6
[TEMP DEBUG] initial: primary_header='', secondary_header=''
[TEMP DEBUG] _generate_column_key called: sheet_name='现金流量表', col_info.column_index=7
[TEMP DEBUG] initial: primary_header='', secondary_header='企财03表'
[TEMP DEBUG] _generate_column_key called: sheet_name='现金流量表', col_info.column_index=3
[TEMP DEBUG] initial: primary_header='', secondary_header=''
[TEMP DEBUG] Excel读取列头成功: col=3, header='1'
[TEMP DEBUG] _generate_column_key called: sheet_name='现金流量表', col_info.column_index=4
[TEMP DEBUG] initial: primary_header='', secondary_header=''
[TEMP DEBUG] _generate_column_key called: sheet_name='现金流量表', col_info.column_index=5
[TEMP DEBUG] initial: primary_header='', secondary_header=''
[TEMP DEBUG] _generate_column_key called: sheet_name='现金流量表', col_info.column_index=6
[TEMP DEBUG] initial: primary_header='', secondary_header=''
[TEMP DEBUG] _generate_column_key called: sheet_name='现金流量表', col_info.column_index=7
[TEMP DEBUG] initial: primary_header='', secondary_header='企财03表'
[TEMP DEBUG] _generate_column_key called: sheet_name='现金流量表', col_info.column_index=3
[TEMP DEBUG] initial: primary_header='', secondary_header=''
[TEMP DEBUG] Excel读取列头成功: col=3, header='1'
[TEMP DEBUG] _generate_column_key called: sheet_name='现金流量表', col_info.column_index=4
[TEMP DEBUG] initial: primary_header='', secondary_header=''
[TEMP DEBUG] _generate_column_key called: sheet_name='现金流量表', col_info.column_index=5
[TEMP DEBUG] initial: primary_header='', secondary_header=''
[TEMP DEBUG] _generate_column_key called: sheet_name='现金流量表', col_info.column_index=6
[TEMP DEBUG] initial: primary_header='', secondary_header=''
[TEMP DEBUG] _generate_column_key called: sheet_name='现金流量表', col_info.column_index=7
[TEMP DEBUG] initial: primary_header='', secondary_header='企财03表'
[TEMP DEBUG] _generate_column_key called: sheet_name='现金流量表', col_info.column_index=3
[TEMP DEBUG] initial: primary_header='', secondary_header=''
[TEMP DEBUG] Excel读取列头成功: col=3, header='1'
[TEMP DEBUG] _generate_column_key called: sheet_name='现金流量表', col_info.column_index=4
[TEMP DEBUG] initial: primary_header='', secondary_header=''
[TEMP DEBUG] _generate_column_key called: sheet_name='现金流量表', col_info.column_index=5
[TEMP DEBUG] initial: primary_header='', secondary_header=''
[TEMP DEBUG] _generate_column_key called: sheet_name='现金流量表', col_info.column_index=6
[TEMP DEBUG] initial: primary_header='', secondary_header=''
[TEMP DEBUG] _generate_column_key called: sheet_name='现金流量表', col_info.column_index=7
[TEMP DEBUG] initial: primary_header='', secondary_header='企财03表'
[TEMP DEBUG] _generate_column_key called: sheet_name='现金流量表', col_info.column_index=3
[TEMP DEBUG] initial: primary_header='', secondary_header=''
[TEMP DEBUG] Excel读取列头成功: col=3, header='1'
[TEMP DEBUG] _generate_column_key called: sheet_name='现金流量表', col_info.column_index=4
[TEMP DEBUG] initial: primary_header='', secondary_header=''
[TEMP DEBUG] _generate_column_key called: sheet_name='现金流量表', col_info.column_index=5
[TEMP DEBUG] initial: primary_header='', secondary_header=''
[TEMP DEBUG] _generate_column_key called: sheet_name='现金流量表', col_info.column_index=6
[TEMP DEBUG] initial: primary_header='', secondary_header=''
[TEMP DEBUG] _generate_column_key called: sheet_name='现金流量表', col_info.column_index=7
[TEMP DEBUG] initial: primary_header='', secondary_header='企财03表'
[TEMP DEBUG] _generate_column_key called: sheet_name='现金流量表', col_info.column_index=3
[TEMP DEBUG] initial: primary_header='', secondary_header=''
[TEMP DEBUG] Excel读取列头成功: col=3, header='1'
[TEMP DEBUG] _generate_column_key called: sheet_name='现金流量表', col_info.column_index=4
[TEMP DEBUG] initial: primary_header='', secondary_header=''
[TEMP DEBUG] _generate_column_key called: sheet_name='现金流量表', col_info.column_index=5
[TEMP DEBUG] initial: primary_header='', secondary_header=''
[TEMP DEBUG] _generate_column_key called: sheet_name='现金流量表', col_info.column_index=6
[TEMP DEBUG] initial: primary_header='', secondary_header=''
[TEMP DEBUG] _generate_column_key called: sheet_name='现金流量表', col_info.column_index=7
[TEMP DEBUG] initial: primary_header='', secondary_header='企财03表'
[TEMP DEBUG] _generate_column_key called: sheet_name='现金流量表', col_info.column_index=3
[TEMP DEBUG] initial: primary_header='', secondary_header=''
[TEMP DEBUG] Excel读取列头成功: col=3, header='1'
[TEMP DEBUG] _generate_column_key called: sheet_name='现金流量表', col_info.column_index=4
[TEMP DEBUG] initial: primary_header='', secondary_header=''
[TEMP DEBUG] _generate_column_key called: sheet_name='现金流量表', col_info.column_index=5
[TEMP DEBUG] initial: primary_header='', secondary_header=''
[TEMP DEBUG] _generate_column_key called: sheet_name='现金流量表', col_info.column_index=6
[TEMP DEBUG] initial: primary_header='', secondary_header=''
[TEMP DEBUG] _generate_column_key called: sheet_name='现金流量表', col_info.column_index=7
[TEMP DEBUG] initial: primary_header='', secondary_header='企财03表'
[TEMP DEBUG] _generate_column_key called: sheet_name='现金流量表', col_info.column_index=3
[TEMP DEBUG] initial: primary_header='', secondary_header=''
[TEMP DEBUG] Excel读取列头成功: col=3, header='1'
[TEMP DEBUG] _generate_column_key called: sheet_name='现金流量表', col_info.column_index=3
[TEMP DEBUG] initial: primary_header='', secondary_header=''
[TEMP DEBUG] Excel读取列头成功: col=3, header='1'
[TEMP DEBUG] _generate_column_key called: sheet_name='现金流量表', col_info.column_index=4
[TEMP DEBUG] initial: primary_header='', secondary_header=''
[TEMP DEBUG] _generate_column_key called: sheet_name='现金流量表', col_info.column_index=5
[TEMP DEBUG] initial: primary_header='', secondary_header=''
[TEMP DEBUG] _generate_column_key called: sheet_name='现金流量表', col_info.column_index=6
[TEMP DEBUG] initial: primary_header='', secondary_header=''
[TEMP DEBUG] _generate_column_key called: sheet_name='现金流量表', col_info.column_index=7
[TEMP DEBUG] initial: primary_header='', secondary_header='企财03表'
[TEMP DEBUG] _generate_column_key called: sheet_name='现金流量表', col_info.column_index=3
[TEMP DEBUG] initial: primary_header='', secondary_header=''
[TEMP DEBUG] Excel读取列头成功: col=3, header='1'
[TEMP DEBUG] _generate_column_key called: sheet_name='现金流量表', col_info.column_index=4
[TEMP DEBUG] initial: primary_header='', secondary_header=''
[TEMP DEBUG] _generate_column_key called: sheet_name='现金流量表', col_info.column_index=5
[TEMP DEBUG] initial: primary_header='', secondary_header=''
[TEMP DEBUG] _generate_column_key called: sheet_name='现金流量表', col_info.column_index=6
[TEMP DEBUG] initial: primary_header='', secondary_header=''
[TEMP DEBUG] _generate_column_key called: sheet_name='现金流量表', col_info.column_index=7
[TEMP DEBUG] initial: primary_header='', secondary_header='企财03表'
[TEMP DEBUG] _generate_column_key called: sheet_name='现金流量表', col_info.column_index=3
[TEMP DEBUG] initial: primary_header='', secondary_header=''
[TEMP DEBUG] Excel读取列头成功: col=3, header='1'
[TEMP DEBUG] _generate_column_key called: sheet_name='现金流量表', col_info.column_index=4
[TEMP DEBUG] initial: primary_header='', secondary_header=''
[TEMP DEBUG] _generate_column_key called: sheet_name='现金流量表', col_info.column_index=5
[TEMP DEBUG] initial: primary_header='', secondary_header=''
[TEMP DEBUG] _generate_column_key called: sheet_name='现金流量表', col_info.column_index=6
[TEMP DEBUG] initial: primary_header='', secondary_header=''
[TEMP DEBUG] _generate_column_key called: sheet_name='现金流量表', col_info.column_index=7
[TEMP DEBUG] initial: primary_header='', secondary_header='企财03表'
[TEMP DEBUG] _generate_column_key called: sheet_name='现金流量表', col_info.column_index=3
[TEMP DEBUG] initial: primary_header='', secondary_header=''
[TEMP DEBUG] Excel读取列头成功: col=3, header='1'
[TEMP DEBUG] _generate_column_key called: sheet_name='现金流量表', col_info.column_index=4
[TEMP DEBUG] initial: primary_header='', secondary_header=''
[TEMP DEBUG] _generate_column_key called: sheet_name='现金流量表', col_info.column_index=5
[TEMP DEBUG] initial: primary_header='', secondary_header=''
[TEMP DEBUG] _generate_column_key called: sheet_name='现金流量表', col_info.column_index=6
[TEMP DEBUG] initial: primary_header='', secondary_header=''
[TEMP DEBUG] _generate_column_key called: sheet_name='现金流量表', col_info.column_index=7
[TEMP DEBUG] initial: primary_header='', secondary_header='企财03表'
[TEMP DEBUG] _generate_column_key called: sheet_name='现金流量表', col_info.column_index=3
[TEMP DEBUG] initial: primary_header='', secondary_header=''
[TEMP DEBUG] Excel读取列头成功: col=3, header='1'
[TEMP DEBUG] _generate_column_key called: sheet_name='现金流量表', col_info.column_index=3
[TEMP DEBUG] initial: primary_header='', secondary_header=''
[TEMP DEBUG] Excel读取列头成功: col=3, header='1'
[TEMP DEBUG] _generate_column_key called: sheet_name='现金流量表', col_info.column_index=4
[TEMP DEBUG] initial: primary_header='', secondary_header=''
[TEMP DEBUG] _generate_column_key called: sheet_name='现金流量表', col_info.column_index=5
[TEMP DEBUG] initial: primary_header='', secondary_header=''
[TEMP DEBUG] _generate_column_key called: sheet_name='现金流量表', col_info.column_index=6
[TEMP DEBUG] initial: primary_header='', secondary_header=''
[TEMP DEBUG] _generate_column_key called: sheet_name='现金流量表', col_info.column_index=7
[TEMP DEBUG] initial: primary_header='', secondary_header='企财03表'
[TEMP DEBUG] _generate_column_key called: sheet_name='现金流量表', col_info.column_index=3
[TEMP DEBUG] initial: primary_header='', secondary_header=''
[TEMP DEBUG] Excel读取列头成功: col=3, header='1'
[TEMP DEBUG] _generate_column_key called: sheet_name='现金流量表', col_info.column_index=3
[TEMP DEBUG] initial: primary_header='', secondary_header=''
[TEMP DEBUG] Excel读取列头成功: col=3, header='1'
[TEMP DEBUG] _generate_column_key called: sheet_name='现金流量表', col_info.column_index=4
[TEMP DEBUG] initial: primary_header='', secondary_header=''
[TEMP DEBUG] _generate_column_key called: sheet_name='现金流量表', col_info.column_index=5
[TEMP DEBUG] initial: primary_header='', secondary_header=''
[TEMP DEBUG] _generate_column_key called: sheet_name='现金流量表', col_info.column_index=6
[TEMP DEBUG] initial: primary_header='', secondary_header=''
[TEMP DEBUG] _generate_column_key called: sheet_name='现金流量表', col_info.column_index=7
[TEMP DEBUG] initial: primary_header='', secondary_header='企财03表'
[TEMP DEBUG] _generate_column_key called: sheet_name='现金流量表', col_info.column_index=3
[TEMP DEBUG] initial: primary_header='', secondary_header=''
[TEMP DEBUG] Excel读取列头成功: col=3, header='1'
[TEMP DEBUG] _generate_column_key called: sheet_name='现金流量表', col_info.column_index=4
[TEMP DEBUG] initial: primary_header='', secondary_header=''
[TEMP DEBUG] _generate_column_key called: sheet_name='现金流量表', col_info.column_index=5
[TEMP DEBUG] initial: primary_header='', secondary_header=''
[TEMP DEBUG] _generate_column_key called: sheet_name='现金流量表', col_info.column_index=6
[TEMP DEBUG] initial: primary_header='', secondary_header=''
[TEMP DEBUG] _generate_column_key called: sheet_name='现金流量表', col_info.column_index=7
[TEMP DEBUG] initial: primary_header='', secondary_header='企财03表'
[TEMP DEBUG] _generate_column_key called: sheet_name='现金流量表', col_info.column_index=3
[TEMP DEBUG] initial: primary_header='', secondary_header=''
[TEMP DEBUG] Excel读取列头成功: col=3, header='1'
[TEMP DEBUG] _generate_column_key called: sheet_name='现金流量表', col_info.column_index=4
[TEMP DEBUG] initial: primary_header='', secondary_header=''
[TEMP DEBUG] _generate_column_key called: sheet_name='现金流量表', col_info.column_index=5
[TEMP DEBUG] initial: primary_header='', secondary_header=''
[TEMP DEBUG] _generate_column_key called: sheet_name='现金流量表', col_info.column_index=6
[TEMP DEBUG] initial: primary_header='', secondary_header=''
[TEMP DEBUG] _generate_column_key called: sheet_name='现金流量表', col_info.column_index=7
[TEMP DEBUG] initial: primary_header='', secondary_header='企财03表'
[TEMP DEBUG] _generate_column_key called: sheet_name='现金流量表', col_info.column_index=3
[TEMP DEBUG] initial: primary_header='', secondary_header=''
[TEMP DEBUG] Excel读取列头成功: col=3, header='1'
[TEMP DEBUG] _generate_column_key called: sheet_name='现金流量表', col_info.column_index=4
[TEMP DEBUG] initial: primary_header='', secondary_header=''
[TEMP DEBUG] _generate_column_key called: sheet_name='现金流量表', col_info.column_index=5
[TEMP DEBUG] initial: primary_header='', secondary_header=''
[TEMP DEBUG] _generate_column_key called: sheet_name='现金流量表', col_info.column_index=6
[TEMP DEBUG] initial: primary_header='', secondary_header=''
[TEMP DEBUG] _generate_column_key called: sheet_name='现金流量表', col_info.column_index=7
[TEMP DEBUG] initial: primary_header='', secondary_header='企财03表'
[TEMP DEBUG] _generate_column_key called: sheet_name='现金流量表', col_info.column_index=3
[TEMP DEBUG] initial: primary_header='', secondary_header=''
[TEMP DEBUG] Excel读取列头成功: col=3, header='1'
[TEMP DEBUG] _generate_column_key called: sheet_name='现金流量表', col_info.column_index=4
[TEMP DEBUG] initial: primary_header='', secondary_header=''
[TEMP DEBUG] _generate_column_key called: sheet_name='现金流量表', col_info.column_index=5
[TEMP DEBUG] initial: primary_header='', secondary_header=''
[TEMP DEBUG] _generate_column_key called: sheet_name='现金流量表', col_info.column_index=6
[TEMP DEBUG] initial: primary_header='', secondary_header=''
[TEMP DEBUG] _generate_column_key called: sheet_name='现金流量表', col_info.column_index=7
[TEMP DEBUG] initial: primary_header='', secondary_header='企财03表'
[TEMP DEBUG] _generate_column_key called: sheet_name='现金流量表', col_info.column_index=3
[TEMP DEBUG] initial: primary_header='', secondary_header=''
[TEMP DEBUG] Excel读取列头成功: col=3, header='1'
[TEMP DEBUG] _generate_column_key called: sheet_name='现金流量表', col_info.column_index=3
[TEMP DEBUG] initial: primary_header='', secondary_header=''
[TEMP DEBUG] Excel读取列头成功: col=3, header='1'
[TEMP DEBUG] _generate_column_key called: sheet_name='现金流量表', col_info.column_index=4
[TEMP DEBUG] initial: primary_header='', secondary_header=''
[TEMP DEBUG] _generate_column_key called: sheet_name='现金流量表', col_info.column_index=5
[TEMP DEBUG] initial: primary_header='', secondary_header=''
[TEMP DEBUG] _generate_column_key called: sheet_name='现金流量表', col_info.column_index=6
[TEMP DEBUG] initial: primary_header='', secondary_header=''
[TEMP DEBUG] _generate_column_key called: sheet_name='现金流量表', col_info.column_index=7
[TEMP DEBUG] initial: primary_header='', secondary_header='企财03表'
[TEMP DEBUG] _generate_column_key called: sheet_name='现金流量表', col_info.column_index=3
[TEMP DEBUG] initial: primary_header='', secondary_header=''
[TEMP DEBUG] Excel读取列头成功: col=3, header='1'
[TEMP DEBUG] _generate_column_key called: sheet_name='现金流量表', col_info.column_index=4
[TEMP DEBUG] initial: primary_header='', secondary_header=''
[TEMP DEBUG] _generate_column_key called: sheet_name='现金流量表', col_info.column_index=5
[TEMP DEBUG] initial: primary_header='', secondary_header=''
[TEMP DEBUG] _generate_column_key called: sheet_name='现金流量表', col_info.column_index=6
[TEMP DEBUG] initial: primary_header='', secondary_header=''
[TEMP DEBUG] _generate_column_key called: sheet_name='现金流量表', col_info.column_index=7
[TEMP DEBUG] initial: primary_header='', secondary_header='企财03表'
[TEMP DEBUG] _generate_column_key called: sheet_name='现金流量表', col_info.column_index=3
[TEMP DEBUG] initial: primary_header='', secondary_header=''
[TEMP DEBUG] Excel读取列头成功: col=3, header='1'
[TEMP DEBUG] _generate_column_key called: sheet_name='现金流量表', col_info.column_index=4
[TEMP DEBUG] initial: primary_header='', secondary_header=''
[TEMP DEBUG] _generate_column_key called: sheet_name='现金流量表', col_info.column_index=5
[TEMP DEBUG] initial: primary_header='', secondary_header=''
[TEMP DEBUG] _generate_column_key called: sheet_name='现金流量表', col_info.column_index=6
[TEMP DEBUG] initial: primary_header='', secondary_header=''
[TEMP DEBUG] _generate_column_key called: sheet_name='现金流量表', col_info.column_index=7
[TEMP DEBUG] initial: primary_header='', secondary_header='企财03表'
[TEMP DEBUG] _generate_column_key called: sheet_name='现金流量表', col_info.column_index=3
[TEMP DEBUG] initial: primary_header='', secondary_header=''
[TEMP DEBUG] Excel读取列头成功: col=3, header='1'
[TEMP DEBUG] _generate_column_key called: sheet_name='现金流量表', col_info.column_index=4
[TEMP DEBUG] initial: primary_header='', secondary_header=''
[TEMP DEBUG] _generate_column_key called: sheet_name='现金流量表', col_info.column_index=5
[TEMP DEBUG] initial: primary_header='', secondary_header=''
[TEMP DEBUG] _generate_column_key called: sheet_name='现金流量表', col_info.column_index=6
[TEMP DEBUG] initial: primary_header='', secondary_header=''
[TEMP DEBUG] _generate_column_key called: sheet_name='现金流量表', col_info.column_index=7
[TEMP DEBUG] initial: primary_header='', secondary_header='企财03表'
[TEMP DEBUG] _generate_column_key called: sheet_name='现金流量表', col_info.column_index=3
[TEMP DEBUG] initial: primary_header='', secondary_header=''
[TEMP DEBUG] Excel读取列头成功: col=3, header='1'
[TEMP DEBUG] _generate_column_key called: sheet_name='现金流量表', col_info.column_index=4
[TEMP DEBUG] initial: primary_header='', secondary_header=''
[TEMP DEBUG] _generate_column_key called: sheet_name='现金流量表', col_info.column_index=5
[TEMP DEBUG] initial: primary_header='', secondary_header=''
[TEMP DEBUG] _generate_column_key called: sheet_name='现金流量表', col_info.column_index=6
[TEMP DEBUG] initial: primary_header='', secondary_header=''
[TEMP DEBUG] _generate_column_key called: sheet_name='现金流量表', col_info.column_index=7
[TEMP DEBUG] initial: primary_header='', secondary_header='企财03表'
[TEMP DEBUG] _generate_column_key called: sheet_name='现金流量表', col_info.column_index=3
[TEMP DEBUG] initial: primary_header='', secondary_header=''
[TEMP DEBUG] Excel读取列头成功: col=3, header='1'
[TEMP DEBUG] _generate_column_key called: sheet_name='现金流量表', col_info.column_index=4
[TEMP DEBUG] initial: primary_header='', secondary_header=''
[TEMP DEBUG] _generate_column_key called: sheet_name='现金流量表', col_info.column_index=5
[TEMP DEBUG] initial: primary_header='', secondary_header=''
[TEMP DEBUG] _generate_column_key called: sheet_name='现金流量表', col_info.column_index=6
[TEMP DEBUG] initial: primary_header='', secondary_header=''
[TEMP DEBUG] _generate_column_key called: sheet_name='现金流量表', col_info.column_index=7
[TEMP DEBUG] initial: primary_header='', secondary_header='企财03表'
[TEMP DEBUG] _generate_column_key called: sheet_name='现金流量表', col_info.column_index=3
[TEMP DEBUG] initial: primary_header='', secondary_header=''
[TEMP DEBUG] Excel读取列头成功: col=3, header='1'
[TEMP DEBUG] _generate_column_key called: sheet_name='现金流量表', col_info.column_index=4
[TEMP DEBUG] initial: primary_header='', secondary_header=''
[TEMP DEBUG] _generate_column_key called: sheet_name='现金流量表', col_info.column_index=5
[TEMP DEBUG] initial: primary_header='', secondary_header=''
[TEMP DEBUG] _generate_column_key called: sheet_name='现金流量表', col_info.column_index=6
[TEMP DEBUG] initial: primary_header='', secondary_header=''
[TEMP DEBUG] _generate_column_key called: sheet_name='现金流量表', col_info.column_index=7
[TEMP DEBUG] initial: primary_header='', secondary_header='企财03表'
[TEMP DEBUG] _generate_column_key called: sheet_name='现金流量表', col_info.column_index=3
[TEMP DEBUG] initial: primary_header='', secondary_header=''
[TEMP DEBUG] Excel读取列头成功: col=3, header='1'
[TEMP DEBUG] _generate_column_key called: sheet_name='现金流量表', col_info.column_index=3
[TEMP DEBUG] initial: primary_header='', secondary_header=''
[TEMP DEBUG] Excel读取列头成功: col=3, header='1'
[TEMP DEBUG] _generate_column_key called: sheet_name='现金流量表', col_info.column_index=3
[TEMP DEBUG] initial: primary_header='', secondary_header=''
[TEMP DEBUG] Excel读取列头成功: col=3, header='1'
[TEMP DEBUG] _generate_column_key called: sheet_name='现金流量表', col_info.column_index=4
[TEMP DEBUG] initial: primary_header='', secondary_header=''
[TEMP DEBUG] _generate_column_key called: sheet_name='现金流量表', col_info.column_index=5
[TEMP DEBUG] initial: primary_header='', secondary_header=''
[TEMP DEBUG] _generate_column_key called: sheet_name='现金流量表', col_info.column_index=6
[TEMP DEBUG] initial: primary_header='', secondary_header=''
[TEMP DEBUG] _generate_column_key called: sheet_name='现金流量表', col_info.column_index=7
[TEMP DEBUG] initial: primary_header='', secondary_header='企财03表'
[TEMP DEBUG] _generate_column_key called: sheet_name='现金流量表', col_info.column_index=3
[TEMP DEBUG] initial: primary_header='', secondary_header=''
[TEMP DEBUG] Excel读取列头成功: col=3, header='1'
[TEMP DEBUG] _generate_column_key called: sheet_name='现金流量表', col_info.column_index=4
[TEMP DEBUG] initial: primary_header='', secondary_header=''
[TEMP DEBUG] _generate_column_key called: sheet_name='现金流量表', col_info.column_index=5
[TEMP DEBUG] initial: primary_header='', secondary_header=''
[TEMP DEBUG] _generate_column_key called: sheet_name='现金流量表', col_info.column_index=6
[TEMP DEBUG] initial: primary_header='', secondary_header=''
[TEMP DEBUG] _generate_column_key called: sheet_name='现金流量表', col_info.column_index=7
[TEMP DEBUG] initial: primary_header='', secondary_header='企财03表'
[TEMP DEBUG] _generate_column_key called: sheet_name='现金流量表', col_info.column_index=3
[TEMP DEBUG] initial: primary_header='', secondary_header=''
[TEMP DEBUG] Excel读取列头成功: col=3, header='1'
[TEMP DEBUG] _generate_column_key called: sheet_name='现金流量表', col_info.column_index=4
[TEMP DEBUG] initial: primary_header='', secondary_header=''
[TEMP DEBUG] _generate_column_key called: sheet_name='现金流量表', col_info.column_index=5
[TEMP DEBUG] initial: primary_header='', secondary_header=''
[TEMP DEBUG] _generate_column_key called: sheet_name='现金流量表', col_info.column_index=6
[TEMP DEBUG] initial: primary_header='', secondary_header=''
[TEMP DEBUG] _generate_column_key called: sheet_name='现金流量表', col_info.column_index=7
[TEMP DEBUG] initial: primary_header='', secondary_header='企财03表'
[TEMP DEBUG] _generate_column_key called: sheet_name='现金流量表', col_info.column_index=3
[TEMP DEBUG] initial: primary_header='', secondary_header=''
[TEMP DEBUG] Excel读取列头成功: col=3, header='1'
[TEMP DEBUG] _generate_column_key called: sheet_name='现金流量表', col_info.column_index=4
[TEMP DEBUG] initial: primary_header='', secondary_header=''
[TEMP DEBUG] _generate_column_key called: sheet_name='现金流量表', col_info.column_index=5
[TEMP DEBUG] initial: primary_header='', secondary_header=''
[TEMP DEBUG] _generate_column_key called: sheet_name='现金流量表', col_info.column_index=6
[TEMP DEBUG] initial: primary_header='', secondary_header=''
[TEMP DEBUG] _generate_column_key called: sheet_name='现金流量表', col_info.column_index=7
[TEMP DEBUG] initial: primary_header='', secondary_header='企财03表'
[TEMP DEBUG] _generate_column_key called: sheet_name='现金流量表', col_info.column_index=3
[TEMP DEBUG] initial: primary_header='', secondary_header=''
[TEMP DEBUG] Excel读取列头成功: col=3, header='1'
[TEMP DEBUG] _generate_column_key called: sheet_name='现金流量表', col_info.column_index=4
[TEMP DEBUG] initial: primary_header='', secondary_header=''
[TEMP DEBUG] _generate_column_key called: sheet_name='现金流量表', col_info.column_index=5
[TEMP DEBUG] initial: primary_header='', secondary_header=''
[TEMP DEBUG] _generate_column_key called: sheet_name='现金流量表', col_info.column_index=6
[TEMP DEBUG] initial: primary_header='', secondary_header=''
[TEMP DEBUG] _generate_column_key called: sheet_name='现金流量表', col_info.column_index=7
[TEMP DEBUG] initial: primary_header='', secondary_header='企财03表'
[TEMP DEBUG] _generate_column_key called: sheet_name='现金流量表', col_info.column_index=3
[TEMP DEBUG] initial: primary_header='', secondary_header=''
[TEMP DEBUG] Excel读取列头成功: col=3, header='1'
[TEMP DEBUG] _generate_column_key called: sheet_name='现金流量表', col_info.column_index=3
[TEMP DEBUG] initial: primary_header='', secondary_header=''
[TEMP DEBUG] Excel读取列头成功: col=3, header='1'
[TEMP DEBUG] _generate_column_key called: sheet_name='现金流量表', col_info.column_index=3
[TEMP DEBUG] initial: primary_header='', secondary_header=''
[TEMP DEBUG] Excel读取列头成功: col=3, header='1'
[TEMP DEBUG] _generate_column_key called: sheet_name='现金流量表', col_info.column_index=3
[TEMP DEBUG] initial: primary_header='', secondary_header=''
[TEMP DEBUG] Excel读取列头成功: col=3, header='1'
[TEMP DEBUG] _generate_column_key called: sheet_name='现金流量表', col_info.column_index=3
[TEMP DEBUG] initial: primary_header='', secondary_header=''
[TEMP DEBUG] Excel读取列头成功: col=3, header='1'
[TEMP DEBUG] _generate_column_key called: sheet_name='现金流量表', col_info.column_index=4
[TEMP DEBUG] initial: primary_header='', secondary_header=''
[TEMP DEBUG] _generate_column_key called: sheet_name='现金流量表', col_info.column_index=5
[TEMP DEBUG] initial: primary_header='', secondary_header=''
[TEMP DEBUG] _generate_column_key called: sheet_name='现金流量表', col_info.column_index=6
[TEMP DEBUG] initial: primary_header='', secondary_header=''
[TEMP DEBUG] _generate_column_key called: sheet_name='现金流量表', col_info.column_index=7
[TEMP DEBUG] initial: primary_header='', secondary_header='企财03表'
[TEMP DEBUG] _generate_column_key called: sheet_name='现金流量表', col_info.column_index=3
[TEMP DEBUG] initial: primary_header='', secondary_header=''
[TEMP DEBUG] Excel读取列头成功: col=3, header='1'
[TEMP DEBUG] _generate_column_key called: sheet_name='现金流量表', col_info.column_index=3
[TEMP DEBUG] initial: primary_header='', secondary_header=''
[TEMP DEBUG] Excel读取列头成功: col=3, header='1'
[TEMP DEBUG] _generate_column_key called: sheet_name='现金流量表', col_info.column_index=3
[TEMP DEBUG] initial: primary_header='', secondary_header=''
[TEMP DEBUG] Excel读取列头成功: col=3, header='1'
[TEMP DEBUG] _generate_column_key called: sheet_name='现金流量表', col_info.column_index=4
[TEMP DEBUG] initial: primary_header='', secondary_header=''
[TEMP DEBUG] _generate_column_key called: sheet_name='现金流量表', col_info.column_index=5
[TEMP DEBUG] initial: primary_header='', secondary_header=''
[TEMP DEBUG] _generate_column_key called: sheet_name='现金流量表', col_info.column_index=6
[TEMP DEBUG] initial: primary_header='', secondary_header=''
[TEMP DEBUG] _generate_column_key called: sheet_name='现金流量表', col_info.column_index=7
[TEMP DEBUG] initial: primary_header='', secondary_header='企财03表'
[TEMP DEBUG] _generate_column_key called: sheet_name='现金流量表', col_info.column_index=3
[TEMP DEBUG] initial: primary_header='', secondary_header=''
[TEMP DEBUG] Excel读取列头成功: col=3, header='1'
[TEMP DEBUG] _generate_column_key called: sheet_name='现金流量表', col_info.column_index=4
[TEMP DEBUG] initial: primary_header='', secondary_header=''
[TEMP DEBUG] _generate_column_key called: sheet_name='现金流量表', col_info.column_index=5
[TEMP DEBUG] initial: primary_header='', secondary_header=''
[TEMP DEBUG] _generate_column_key called: sheet_name='现金流量表', col_info.column_index=6
[TEMP DEBUG] initial: primary_header='', secondary_header=''
[TEMP DEBUG] _generate_column_key called: sheet_name='现金流量表', col_info.column_index=7
[TEMP DEBUG] initial: primary_header='', secondary_header='企财03表'
[TEMP DEBUG] _generate_column_key called: sheet_name='现金流量表', col_info.column_index=3
[TEMP DEBUG] initial: primary_header='', secondary_header=''
[TEMP DEBUG] Excel读取列头成功: col=3, header='1'
[TEMP DEBUG] _generate_column_key called: sheet_name='现金流量表', col_info.column_index=3
[TEMP DEBUG] initial: primary_header='', secondary_header=''
[TEMP DEBUG] Excel读取列头成功: col=3, header='1'
[TEMP DEBUG] _generate_column_key called: sheet_name='现金流量表', col_info.column_index=3
[TEMP DEBUG] initial: primary_header='', secondary_header=''
[TEMP DEBUG] Excel读取列头成功: col=3, header='1'
[TEMP DEBUG] _generate_column_key called: sheet_name='现金流量表', col_info.column_index=3
[TEMP DEBUG] initial: primary_header='', secondary_header=''
[TEMP DEBUG] Excel读取列头成功: col=3, header='1'
[TEMP DEBUG] _generate_column_key called: sheet_name='现金流量表', col_info.column_index=3
[TEMP DEBUG] initial: primary_header='', secondary_header=''
[TEMP DEBUG] Excel读取列头成功: col=3, header='1'
[TEMP DEBUG] _generate_column_key called: sheet_name='现金流量表', col_info.column_index=4
[TEMP DEBUG] initial: primary_header='', secondary_header=''
[TEMP DEBUG] _generate_column_key called: sheet_name='现金流量表', col_info.column_index=5
[TEMP DEBUG] initial: primary_header='', secondary_header=''
[TEMP DEBUG] _generate_column_key called: sheet_name='现金流量表', col_info.column_index=6
[TEMP DEBUG] initial: primary_header='', secondary_header=''
[TEMP DEBUG] _generate_column_key called: sheet_name='现金流量表', col_info.column_index=7
[TEMP DEBUG] initial: primary_header='', secondary_header='企财03表'
[TEMP DEBUG] _generate_column_key called: sheet_name='现金流量表', col_info.column_index=3
[TEMP DEBUG] initial: primary_header='', secondary_header=''
[TEMP DEBUG] Excel读取列头成功: col=3, header='1'
[TEMP DEBUG] _generate_column_key called: sheet_name='现金流量表', col_info.column_index=3
[TEMP DEBUG] initial: primary_header='', secondary_header=''
[TEMP DEBUG] Excel读取列头成功: col=3, header='1'
[TEMP DEBUG] _generate_column_key called: sheet_name='现金流量表', col_info.column_index=3
[TEMP DEBUG] initial: primary_header='', secondary_header=''
[TEMP DEBUG] Excel读取列头成功: col=3, header='1'
[TEMP DEBUG] _generate_column_key called: sheet_name='现金流量表', col_info.column_index=3
[TEMP DEBUG] initial: primary_header='', secondary_header=''
[TEMP DEBUG] Excel读取列头成功: col=3, header='1'
[TEMP DEBUG] _generate_column_key called: sheet_name='现金流量表', col_info.column_index=3
[TEMP DEBUG] initial: primary_header='', secondary_header=''
[TEMP DEBUG] Excel读取列头成功: col=3, header='1'
[TEMP DEBUG] _generate_column_key called: sheet_name='现金流量表', col_info.column_index=3
[TEMP DEBUG] initial: primary_header='', secondary_header=''
[TEMP DEBUG] Excel读取列头成功: col=3, header='1'
[TEMP DEBUG] _generate_column_key called: sheet_name='现金流量表', col_info.column_index=4
[TEMP DEBUG] initial: primary_header='', secondary_header=''
[TEMP DEBUG] _generate_column_key called: sheet_name='现金流量表', col_info.column_index=5
[TEMP DEBUG] initial: primary_header='', secondary_header=''
[TEMP DEBUG] _generate_column_key called: sheet_name='现金流量表', col_info.column_index=6
[TEMP DEBUG] initial: primary_header='', secondary_header=''
[TEMP DEBUG] _generate_column_key called: sheet_name='现金流量表', col_info.column_index=7
[TEMP DEBUG] initial: primary_header='', secondary_header='企财03表'
[TEMP DEBUG] _generate_column_key called: sheet_name='现金流量表', col_info.column_index=3
[TEMP DEBUG] initial: primary_header='', secondary_header=''
[TEMP DEBUG] Excel读取列头成功: col=3, header='1'
[TEMP DEBUG] _generate_column_key called: sheet_name='现金流量表', col_info.column_index=3
[TEMP DEBUG] initial: primary_header='', secondary_header=''
[TEMP DEBUG] Excel读取列头成功: col=3, header='1'
[TEMP DEBUG] _generate_column_key called: sheet_name='现金流量表', col_info.column_index=3
[TEMP DEBUG] initial: primary_header='', secondary_header=''
[TEMP DEBUG] Excel读取列头成功: col=3, header='1'
[TEMP DEBUG] _generate_column_key called: sheet_name='现金流量表', col_info.column_index=3
[TEMP DEBUG] initial: primary_header='', secondary_header=''
[TEMP DEBUG] Excel读取列头成功: col=3, header='1'
  提取到 87 个来源项

提取数据源表 '科目余额表（5级含未过账）' 的来源项...
  分析表格模式...
  识别为: 科目余额表
    使用科目余额表专用提取逻辑
    数据开始行: 4
    发现 9 个数据列
[TEMP DEBUG] _generate_column_key called: sheet_name='科目余额表（5级含未过账）', col_info.column_index=1
[TEMP DEBUG] initial: primary_header='期间:2025年第9期', secondary_header='科目代码'
[TEMP DEBUG] _generate_column_key called: sheet_name='科目余额表（5级含未过账）', col_info.column_index=1
[TEMP DEBUG] initial: primary_header='期间:2025年第9期', secondary_header='科目代码'
[TEMP DEBUG] _generate_column_key called: sheet_name='科目余额表（5级含未过账）', col_info.column_index=3
[TEMP DEBUG] initial: primary_header='', secondary_header='年初余额'
[TEMP DEBUG] Excel读取列头成功: col=3, header='14745610.82'
[TEMP DEBUG] _generate_column_key called: sheet_name='科目余额表（5级含未过账）', col_info.column_index=5
[TEMP DEBUG] initial: primary_header='币别:人民币', secondary_header='期初余额'
[TEMP DEBUG] _generate_column_key called: sheet_name='科目余额表（5级含未过账）', col_info.column_index=8
[TEMP DEBUG] initial: primary_header='', secondary_header=''
[TEMP DEBUG] Excel读取列头成功: col=8, header='916679.48'
[TEMP DEBUG] _generate_column_key called: sheet_name='科目余额表（5级含未过账）', col_info.column_index=9
[TEMP DEBUG] initial: primary_header='包含未过账凭证', secondary_header='本年累计'
[TEMP DEBUG] _generate_column_key called: sheet_name='科目余额表（5级含未过账）', col_info.column_index=10
[TEMP DEBUG] initial: primary_header='', secondary_header=''
[TEMP DEBUG] Excel读取列头成功: col=10, header='88590695.5'
[TEMP DEBUG] _generate_column_key called: sheet_name='科目余额表（5级含未过账）', col_info.column_index=11
[TEMP DEBUG] initial: primary_header='', secondary_header='期末余额'
[TEMP DEBUG] Excel读取列头成功: col=11, header='6460863.03'
[TEMP DEBUG] _generate_column_key called: sheet_name='科目余额表（5级含未过账）', col_info.column_index=1
[TEMP DEBUG] initial: primary_header='期间:2025年第9期', secondary_header='科目代码'
[TEMP DEBUG] _generate_column_key called: sheet_name='科目余额表（5级含未过账）', col_info.column_index=1
[TEMP DEBUG] initial: primary_header='期间:2025年第9期', secondary_header='科目代码'
[TEMP DEBUG] _generate_column_key called: sheet_name='科目余额表（5级含未过账）', col_info.column_index=1
[TEMP DEBUG] initial: primary_header='期间:2025年第9期', secondary_header='科目代码'
[TEMP DEBUG] _generate_column_key called: sheet_name='科目余额表（5级含未过账）', col_info.column_index=1
[TEMP DEBUG] initial: primary_header='期间:2025年第9期', secondary_header='科目代码'
[TEMP DEBUG] _generate_column_key called: sheet_name='科目余额表（5级含未过账）', col_info.column_index=1
[TEMP DEBUG] initial: primary_header='期间:2025年第9期', secondary_header='科目代码'
[TEMP DEBUG] _generate_column_key called: sheet_name='科目余额表（5级含未过账）', col_info.column_index=3
[TEMP DEBUG] initial: primary_header='', secondary_header='年初余额'
[TEMP DEBUG] Excel读取列头成功: col=3, header='14745610.82'
[TEMP DEBUG] _generate_column_key called: sheet_name='科目余额表（5级含未过账）', col_info.column_index=5
[TEMP DEBUG] initial: primary_header='币别:人民币', secondary_header='期初余额'
[TEMP DEBUG] _generate_column_key called: sheet_name='科目余额表（5级含未过账）', col_info.column_index=8
[TEMP DEBUG] initial: primary_header='', secondary_header=''
[TEMP DEBUG] Excel读取列头成功: col=8, header='916679.48'
[TEMP DEBUG] _generate_column_key called: sheet_name='科目余额表（5级含未过账）', col_info.column_index=9
[TEMP DEBUG] initial: primary_header='包含未过账凭证', secondary_header='本年累计'
[TEMP DEBUG] _generate_column_key called: sheet_name='科目余额表（5级含未过账）', col_info.column_index=10
[TEMP DEBUG] initial: primary_header='', secondary_header=''
[TEMP DEBUG] Excel读取列头成功: col=10, header='88590695.5'
[TEMP DEBUG] _generate_column_key called: sheet_name='科目余额表（5级含未过账）', col_info.column_index=11
[TEMP DEBUG] initial: primary_header='', secondary_header='期末余额'
[TEMP DEBUG] Excel读取列头成功: col=11, header='6460863.03'
[TEMP DEBUG] _generate_column_key called: sheet_name='科目余额表（5级含未过账）', col_info.column_index=1
[TEMP DEBUG] initial: primary_header='期间:2025年第9期', secondary_header='科目代码'
[TEMP DEBUG] _generate_column_key called: sheet_name='科目余额表（5级含未过账）', col_info.column_index=1
[TEMP DEBUG] initial: primary_header='期间:2025年第9期', secondary_header='科目代码'
[TEMP DEBUG] _generate_column_key called: sheet_name='科目余额表（5级含未过账）', col_info.column_index=1
[TEMP DEBUG] initial: primary_header='期间:2025年第9期', secondary_header='科目代码'
[TEMP DEBUG] _generate_column_key called: sheet_name='科目余额表（5级含未过账）', col_info.column_index=1
[TEMP DEBUG] initial: primary_header='期间:2025年第9期', secondary_header='科目代码'
[TEMP DEBUG] _generate_column_key called: sheet_name='科目余额表（5级含未过账）', col_info.column_index=3
[TEMP DEBUG] initial: primary_header='', secondary_header='年初余额'
[TEMP DEBUG] Excel读取列头成功: col=3, header='14745610.82'
[TEMP DEBUG] _generate_column_key called: sheet_name='科目余额表（5级含未过账）', col_info.column_index=5
[TEMP DEBUG] initial: primary_header='币别:人民币', secondary_header='期初余额'
[TEMP DEBUG] _generate_column_key called: sheet_name='科目余额表（5级含未过账）', col_info.column_index=8
[TEMP DEBUG] initial: primary_header='', secondary_header=''
[TEMP DEBUG] Excel读取列头成功: col=8, header='916679.48'
[TEMP DEBUG] _generate_column_key called: sheet_name='科目余额表（5级含未过账）', col_info.column_index=9
[TEMP DEBUG] initial: primary_header='包含未过账凭证', secondary_header='本年累计'
[TEMP DEBUG] _generate_column_key called: sheet_name='科目余额表（5级含未过账）', col_info.column_index=10
[TEMP DEBUG] initial: primary_header='', secondary_header=''
[TEMP DEBUG] Excel读取列头成功: col=10, header='88590695.5'
[TEMP DEBUG] _generate_column_key called: sheet_name='科目余额表（5级含未过账）', col_info.column_index=11
[TEMP DEBUG] initial: primary_header='', secondary_header='期末余额'
[TEMP DEBUG] Excel读取列头成功: col=11, header='6460863.03'
[TEMP DEBUG] _generate_column_key called: sheet_name='科目余额表（5级含未过账）', col_info.column_index=1
[TEMP DEBUG] initial: primary_header='期间:2025年第9期', secondary_header='科目代码'
[TEMP DEBUG] _generate_column_key called: sheet_name='科目余额表（5级含未过账）', col_info.column_index=3
[TEMP DEBUG] initial: primary_header='', secondary_header='年初余额'
[TEMP DEBUG] Excel读取列头成功: col=3, header='14745610.82'
[TEMP DEBUG] _generate_column_key called: sheet_name='科目余额表（5级含未过账）', col_info.column_index=5
[TEMP DEBUG] initial: primary_header='币别:人民币', secondary_header='期初余额'
[TEMP DEBUG] _generate_column_key called: sheet_name='科目余额表（5级含未过账）', col_info.column_index=9
[TEMP DEBUG] initial: primary_header='包含未过账凭证', secondary_header='本年累计'
[TEMP DEBUG] _generate_column_key called: sheet_name='科目余额表（5级含未过账）', col_info.column_index=10
[TEMP DEBUG] initial: primary_header='', secondary_header=''
[TEMP DEBUG] Excel读取列头成功: col=10, header='88590695.5'
[TEMP DEBUG] _generate_column_key called: sheet_name='科目余额表（5级含未过账）', col_info.column_index=11
[TEMP DEBUG] initial: primary_header='', secondary_header='期末余额'
[TEMP DEBUG] Excel读取列头成功: col=11, header='6460863.03'
[TEMP DEBUG] _generate_column_key called: sheet_name='科目余额表（5级含未过账）', col_info.column_index=1
[TEMP DEBUG] initial: primary_header='期间:2025年第9期', secondary_header='科目代码'
[TEMP DEBUG] _generate_column_key called: sheet_name='科目余额表（5级含未过账）', col_info.column_index=1
[TEMP DEBUG] initial: primary_header='期间:2025年第9期', secondary_header='科目代码'
[TEMP DEBUG] _generate_column_key called: sheet_name='科目余额表（5级含未过账）', col_info.column_index=1
[TEMP DEBUG] initial: primary_header='期间:2025年第9期', secondary_header='科目代码'
[TEMP DEBUG] _generate_column_key called: sheet_name='科目余额表（5级含未过账）', col_info.column_index=1
[TEMP DEBUG] initial: primary_header='期间:2025年第9期', secondary_header='科目代码'
[TEMP DEBUG] _generate_column_key called: sheet_name='科目余额表（5级含未过账）', col_info.column_index=1
[TEMP DEBUG] initial: primary_header='期间:2025年第9期', secondary_header='科目代码'
[TEMP DEBUG] _generate_column_key called: sheet_name='科目余额表（5级含未过账）', col_info.column_index=1
[TEMP DEBUG] initial: primary_header='期间:2025年第9期', secondary_header='科目代码'
[TEMP DEBUG] _generate_column_key called: sheet_name='科目余额表（5级含未过账）', col_info.column_index=1
[TEMP DEBUG] initial: primary_header='期间:2025年第9期', secondary_header='科目代码'
[TEMP DEBUG] _generate_column_key called: sheet_name='科目余额表（5级含未过账）', col_info.column_index=1
[TEMP DEBUG] initial: primary_header='期间:2025年第9期', secondary_header='科目代码'
[TEMP DEBUG] _generate_column_key called: sheet_name='科目余额表（5级含未过账）', col_info.column_index=1
[TEMP DEBUG] initial: primary_header='期间:2025年第9期', secondary_header='科目代码'
[TEMP DEBUG] _generate_column_key called: sheet_name='科目余额表（5级含未过账）', col_info.column_index=1
[TEMP DEBUG] initial: primary_header='期间:2025年第9期', secondary_header='科目代码'
[TEMP DEBUG] _generate_column_key called: sheet_name='科目余额表（5级含未过账）', col_info.column_index=1
[TEMP DEBUG] initial: primary_header='期间:2025年第9期', secondary_header='科目代码'
[TEMP DEBUG] _generate_column_key called: sheet_name='科目余额表（5级含未过账）', col_info.column_index=3
[TEMP DEBUG] initial: primary_header='', secondary_header='年初余额'
[TEMP DEBUG] Excel读取列头成功: col=3, header='14745610.82'
[TEMP DEBUG] _generate_column_key called: sheet_name='科目余额表（5级含未过账）', col_info.column_index=5
[TEMP DEBUG] initial: primary_header='币别:人民币', secondary_header='期初余额'
[TEMP DEBUG] _generate_column_key called: sheet_name='科目余额表（5级含未过账）', col_info.column_index=9
[TEMP DEBUG] initial: primary_header='包含未过账凭证', secondary_header='本年累计'
[TEMP DEBUG] _generate_column_key called: sheet_name='科目余额表（5级含未过账）', col_info.column_index=10
[TEMP DEBUG] initial: primary_header='', secondary_header=''
[TEMP DEBUG] Excel读取列头成功: col=10, header='88590695.5'
[TEMP DEBUG] _generate_column_key called: sheet_name='科目余额表（5级含未过账）', col_info.column_index=11
[TEMP DEBUG] initial: primary_header='', secondary_header='期末余额'
[TEMP DEBUG] Excel读取列头成功: col=11, header='6460863.03'
[TEMP DEBUG] _generate_column_key called: sheet_name='科目余额表（5级含未过账）', col_info.column_index=1
[TEMP DEBUG] initial: primary_header='期间:2025年第9期', secondary_header='科目代码'
[TEMP DEBUG] _generate_column_key called: sheet_name='科目余额表（5级含未过账）', col_info.column_index=1
[TEMP DEBUG] initial: primary_header='期间:2025年第9期', secondary_header='科目代码'
[TEMP DEBUG] _generate_column_key called: sheet_name='科目余额表（5级含未过账）', col_info.column_index=1
[TEMP DEBUG] initial: primary_header='期间:2025年第9期', secondary_header='科目代码'
[TEMP DEBUG] _generate_column_key called: sheet_name='科目余额表（5级含未过账）', col_info.column_index=1
[TEMP DEBUG] initial: primary_header='期间:2025年第9期', secondary_header='科目代码'
[TEMP DEBUG] _generate_column_key called: sheet_name='科目余额表（5级含未过账）', col_info.column_index=3
[TEMP DEBUG] initial: primary_header='', secondary_header='年初余额'
[TEMP DEBUG] Excel读取列头成功: col=3, header='14745610.82'
[TEMP DEBUG] _generate_column_key called: sheet_name='科目余额表（5级含未过账）', col_info.column_index=5
[TEMP DEBUG] initial: primary_header='币别:人民币', secondary_header='期初余额'
[TEMP DEBUG] _generate_column_key called: sheet_name='科目余额表（5级含未过账）', col_info.column_index=9
[TEMP DEBUG] initial: primary_header='包含未过账凭证', secondary_header='本年累计'
[TEMP DEBUG] _generate_column_key called: sheet_name='科目余额表（5级含未过账）', col_info.column_index=10
[TEMP DEBUG] initial: primary_header='', secondary_header=''
[TEMP DEBUG] Excel读取列头成功: col=10, header='88590695.5'
[TEMP DEBUG] _generate_column_key called: sheet_name='科目余额表（5级含未过账）', col_info.column_index=11
[TEMP DEBUG] initial: primary_header='', secondary_header='期末余额'
[TEMP DEBUG] Excel读取列头成功: col=11, header='6460863.03'
[TEMP DEBUG] _generate_column_key called: sheet_name='科目余额表（5级含未过账）', col_info.column_index=1
[TEMP DEBUG] initial: primary_header='期间:2025年第9期', secondary_header='科目代码'
[TEMP DEBUG] _generate_column_key called: sheet_name='科目余额表（5级含未过账）', col_info.column_index=1
[TEMP DEBUG] initial: primary_header='期间:2025年第9期', secondary_header='科目代码'
[TEMP DEBUG] _generate_column_key called: sheet_name='科目余额表（5级含未过账）', col_info.column_index=1
[TEMP DEBUG] initial: primary_header='期间:2025年第9期', secondary_header='科目代码'
[TEMP DEBUG] _generate_column_key called: sheet_name='科目余额表（5级含未过账）', col_info.column_index=1
[TEMP DEBUG] initial: primary_header='期间:2025年第9期', secondary_header='科目代码'
[TEMP DEBUG] _generate_column_key called: sheet_name='科目余额表（5级含未过账）', col_info.column_index=1
[TEMP DEBUG] initial: primary_header='期间:2025年第9期', secondary_header='科目代码'
[TEMP DEBUG] _generate_column_key called: sheet_name='科目余额表（5级含未过账）', col_info.column_index=1
[TEMP DEBUG] initial: primary_header='期间:2025年第9期', secondary_header='科目代码'
[TEMP DEBUG] _generate_column_key called: sheet_name='科目余额表（5级含未过账）', col_info.column_index=1
[TEMP DEBUG] initial: primary_header='期间:2025年第9期', secondary_header='科目代码'
[TEMP DEBUG] _generate_column_key called: sheet_name='科目余额表（5级含未过账）', col_info.column_index=1
[TEMP DEBUG] initial: primary_header='期间:2025年第9期', secondary_header='科目代码'
[TEMP DEBUG] _generate_column_key called: sheet_name='科目余额表（5级含未过账）', col_info.column_index=5
[TEMP DEBUG] initial: primary_header='币别:人民币', secondary_header='期初余额'
[TEMP DEBUG] _generate_column_key called: sheet_name='科目余额表（5级含未过账）', col_info.column_index=9
[TEMP DEBUG] initial: primary_header='包含未过账凭证', secondary_header='本年累计'
[TEMP DEBUG] _generate_column_key called: sheet_name='科目余额表（5级含未过账）', col_info.column_index=10
[TEMP DEBUG] initial: primary_header='', secondary_header=''
[TEMP DEBUG] Excel读取列头成功: col=10, header='88590695.5'
[TEMP DEBUG] _generate_column_key called: sheet_name='科目余额表（5级含未过账）', col_info.column_index=11
[TEMP DEBUG] initial: primary_header='', secondary_header='期末余额'
[TEMP DEBUG] Excel读取列头成功: col=11, header='6460863.03'
[TEMP DEBUG] _generate_column_key called: sheet_name='科目余额表（5级含未过账）', col_info.column_index=1
[TEMP DEBUG] initial: primary_header='期间:2025年第9期', secondary_header='科目代码'
[TEMP DEBUG] _generate_column_key called: sheet_name='科目余额表（5级含未过账）', col_info.column_index=1
[TEMP DEBUG] initial: primary_header='期间:2025年第9期', secondary_header='科目代码'
[TEMP DEBUG] _generate_column_key called: sheet_name='科目余额表（5级含未过账）', col_info.column_index=1
[TEMP DEBUG] initial: primary_header='期间:2025年第9期', secondary_header='科目代码'
[TEMP DEBUG] _generate_column_key called: sheet_name='科目余额表（5级含未过账）', col_info.column_index=1
[TEMP DEBUG] initial: primary_header='期间:2025年第9期', secondary_header='科目代码'
[TEMP DEBUG] _generate_column_key called: sheet_name='科目余额表（5级含未过账）', col_info.column_index=1
[TEMP DEBUG] initial: primary_header='期间:2025年第9期', secondary_header='科目代码'
[TEMP DEBUG] _generate_column_key called: sheet_name='科目余额表（5级含未过账）', col_info.column_index=1
[TEMP DEBUG] initial: primary_header='期间:2025年第9期', secondary_header='科目代码'
[TEMP DEBUG] _generate_column_key called: sheet_name='科目余额表（5级含未过账）', col_info.column_index=1
[TEMP DEBUG] initial: primary_header='期间:2025年第9期', secondary_header='科目代码'
[TEMP DEBUG] _generate_column_key called: sheet_name='科目余额表（5级含未过账）', col_info.column_index=1
[TEMP DEBUG] initial: primary_header='期间:2025年第9期', secondary_header='科目代码'
[TEMP DEBUG] _generate_column_key called: sheet_name='科目余额表（5级含未过账）', col_info.column_index=1
[TEMP DEBUG] initial: primary_header='期间:2025年第9期', secondary_header='科目代码'
[TEMP DEBUG] _generate_column_key called: sheet_name='科目余额表（5级含未过账）', col_info.column_index=1
[TEMP DEBUG] initial: primary_header='期间:2025年第9期', secondary_header='科目代码'
[TEMP DEBUG] _generate_column_key called: sheet_name='科目余额表（5级含未过账）', col_info.column_index=1
[TEMP DEBUG] initial: primary_header='期间:2025年第9期', secondary_header='科目代码'
[TEMP DEBUG] _generate_column_key called: sheet_name='科目余额表（5级含未过账）', col_info.column_index=1
[TEMP DEBUG] initial: primary_header='期间:2025年第9期', secondary_header='科目代码'
[TEMP DEBUG] _generate_column_key called: sheet_name='科目余额表（5级含未过账）', col_info.column_index=5
[TEMP DEBUG] initial: primary_header='币别:人民币', secondary_header='期初余额'
[TEMP DEBUG] _generate_column_key called: sheet_name='科目余额表（5级含未过账）', col_info.column_index=9
[TEMP DEBUG] initial: primary_header='包含未过账凭证', secondary_header='本年累计'
[TEMP DEBUG] _generate_column_key called: sheet_name='科目余额表（5级含未过账）', col_info.column_index=10
[TEMP DEBUG] initial: primary_header='', secondary_header=''
[TEMP DEBUG] Excel读取列头成功: col=10, header='88590695.5'
[TEMP DEBUG] _generate_column_key called: sheet_name='科目余额表（5级含未过账）', col_info.column_index=11
[TEMP DEBUG] initial: primary_header='', secondary_header='期末余额'
[TEMP DEBUG] Excel读取列头成功: col=11, header='6460863.03'
[TEMP DEBUG] _generate_column_key called: sheet_name='科目余额表（5级含未过账）', col_info.column_index=1
[TEMP DEBUG] initial: primary_header='期间:2025年第9期', secondary_header='科目代码'
[TEMP DEBUG] _generate_column_key called: sheet_name='科目余额表（5级含未过账）', col_info.column_index=5
[TEMP DEBUG] initial: primary_header='币别:人民币', secondary_header='期初余额'
[TEMP DEBUG] _generate_column_key called: sheet_name='科目余额表（5级含未过账）', col_info.column_index=9
[TEMP DEBUG] initial: primary_header='包含未过账凭证', secondary_header='本年累计'
[TEMP DEBUG] _generate_column_key called: sheet_name='科目余额表（5级含未过账）', col_info.column_index=10
[TEMP DEBUG] initial: primary_header='', secondary_header=''
[TEMP DEBUG] Excel读取列头成功: col=10, header='88590695.5'
[TEMP DEBUG] _generate_column_key called: sheet_name='科目余额表（5级含未过账）', col_info.column_index=11
[TEMP DEBUG] initial: primary_header='', secondary_header='期末余额'
[TEMP DEBUG] Excel读取列头成功: col=11, header='6460863.03'
[TEMP DEBUG] _generate_column_key called: sheet_name='科目余额表（5级含未过账）', col_info.column_index=5
[TEMP DEBUG] initial: primary_header='币别:人民币', secondary_header='期初余额'
[TEMP DEBUG] _generate_column_key called: sheet_name='科目余额表（5级含未过账）', col_info.column_index=9
[TEMP DEBUG] initial: primary_header='包含未过账凭证', secondary_header='本年累计'
[TEMP DEBUG] _generate_column_key called: sheet_name='科目余额表（5级含未过账）', col_info.column_index=10
[TEMP DEBUG] initial: primary_header='', secondary_header=''
[TEMP DEBUG] Excel读取列头成功: col=10, header='88590695.5'
[TEMP DEBUG] _generate_column_key called: sheet_name='科目余额表（5级含未过账）', col_info.column_index=11
[TEMP DEBUG] initial: primary_header='', secondary_header='期末余额'
[TEMP DEBUG] Excel读取列头成功: col=11, header='6460863.03'
[TEMP DEBUG] _generate_column_key called: sheet_name='科目余额表（5级含未过账）', col_info.column_index=1
[TEMP DEBUG] initial: primary_header='期间:2025年第9期', secondary_header='科目代码'
[TEMP DEBUG] _generate_column_key called: sheet_name='科目余额表（5级含未过账）', col_info.column_index=1
[TEMP DEBUG] initial: primary_header='期间:2025年第9期', secondary_header='科目代码'
[TEMP DEBUG] _generate_column_key called: sheet_name='科目余额表（5级含未过账）', col_info.column_index=3
[TEMP DEBUG] initial: primary_header='', secondary_header='年初余额'
[TEMP DEBUG] Excel读取列头成功: col=3, header='14745610.82'
[TEMP DEBUG] _generate_column_key called: sheet_name='科目余额表（5级含未过账）', col_info.column_index=5
[TEMP DEBUG] initial: primary_header='币别:人民币', secondary_header='期初余额'
[TEMP DEBUG] _generate_column_key called: sheet_name='科目余额表（5级含未过账）', col_info.column_index=8
[TEMP DEBUG] initial: primary_header='', secondary_header=''
[TEMP DEBUG] Excel读取列头成功: col=8, header='916679.48'
[TEMP DEBUG] _generate_column_key called: sheet_name='科目余额表（5级含未过账）', col_info.column_index=9
[TEMP DEBUG] initial: primary_header='包含未过账凭证', secondary_header='本年累计'
[TEMP DEBUG] _generate_column_key called: sheet_name='科目余额表（5级含未过账）', col_info.column_index=10
[TEMP DEBUG] initial: primary_header='', secondary_header=''
[TEMP DEBUG] Excel读取列头成功: col=10, header='88590695.5'
[TEMP DEBUG] _generate_column_key called: sheet_name='科目余额表（5级含未过账）', col_info.column_index=11
[TEMP DEBUG] initial: primary_header='', secondary_header='期末余额'
[TEMP DEBUG] Excel读取列头成功: col=11, header='6460863.03'
[TEMP DEBUG] _generate_column_key called: sheet_name='科目余额表（5级含未过账）', col_info.column_index=1
[TEMP DEBUG] initial: primary_header='期间:2025年第9期', secondary_header='科目代码'
[TEMP DEBUG] _generate_column_key called: sheet_name='科目余额表（5级含未过账）', col_info.column_index=3
[TEMP DEBUG] initial: primary_header='', secondary_header='年初余额'
[TEMP DEBUG] Excel读取列头成功: col=3, header='14745610.82'
[TEMP DEBUG] _generate_column_key called: sheet_name='科目余额表（5级含未过账）', col_info.column_index=5
[TEMP DEBUG] initial: primary_header='币别:人民币', secondary_header='期初余额'
[TEMP DEBUG] _generate_column_key called: sheet_name='科目余额表（5级含未过账）', col_info.column_index=8
[TEMP DEBUG] initial: primary_header='', secondary_header=''
[TEMP DEBUG] Excel读取列头成功: col=8, header='916679.48'
[TEMP DEBUG] _generate_column_key called: sheet_name='科目余额表（5级含未过账）', col_info.column_index=9
[TEMP DEBUG] initial: primary_header='包含未过账凭证', secondary_header='本年累计'
[TEMP DEBUG] _generate_column_key called: sheet_name='科目余额表（5级含未过账）', col_info.column_index=10
[TEMP DEBUG] initial: primary_header='', secondary_header=''
[TEMP DEBUG] Excel读取列头成功: col=10, header='88590695.5'
[TEMP DEBUG] _generate_column_key called: sheet_name='科目余额表（5级含未过账）', col_info.column_index=11
[TEMP DEBUG] initial: primary_header='', secondary_header='期末余额'
[TEMP DEBUG] Excel读取列头成功: col=11, header='6460863.03'
[TEMP DEBUG] _generate_column_key called: sheet_name='科目余额表（5级含未过账）', col_info.column_index=8
[TEMP DEBUG] initial: primary_header='', secondary_header=''
[TEMP DEBUG] Excel读取列头成功: col=8, header='916679.48'
[TEMP DEBUG] _generate_column_key called: sheet_name='科目余额表（5级含未过账）', col_info.column_index=9
[TEMP DEBUG] initial: primary_header='包含未过账凭证', secondary_header='本年累计'
[TEMP DEBUG] _generate_column_key called: sheet_name='科目余额表（5级含未过账）', col_info.column_index=10
[TEMP DEBUG] initial: primary_header='', secondary_header=''
[TEMP DEBUG] Excel读取列头成功: col=10, header='88590695.5'
[TEMP DEBUG] _generate_column_key called: sheet_name='科目余额表（5级含未过账）', col_info.column_index=3
[TEMP DEBUG] initial: primary_header='', secondary_header='年初余额'
[TEMP DEBUG] Excel读取列头成功: col=3, header='14745610.82'
[TEMP DEBUG] _generate_column_key called: sheet_name='科目余额表（5级含未过账）', col_info.column_index=10
[TEMP DEBUG] initial: primary_header='', secondary_header=''
[TEMP DEBUG] Excel读取列头成功: col=10, header='88590695.5'
[TEMP DEBUG] _generate_column_key called: sheet_name='科目余额表（5级含未过账）', col_info.column_index=3
[TEMP DEBUG] initial: primary_header='', secondary_header='年初余额'
[TEMP DEBUG] Excel读取列头成功: col=3, header='14745610.82'
[TEMP DEBUG] _generate_column_key called: sheet_name='科目余额表（5级含未过账）', col_info.column_index=10
[TEMP DEBUG] initial: primary_header='', secondary_header=''
[TEMP DEBUG] Excel读取列头成功: col=10, header='88590695.5'
[TEMP DEBUG] _generate_column_key called: sheet_name='科目余额表（5级含未过账）', col_info.column_index=3
[TEMP DEBUG] initial: primary_header='', secondary_header='年初余额'
[TEMP DEBUG] Excel读取列头成功: col=3, header='14745610.82'
[TEMP DEBUG] _generate_column_key called: sheet_name='科目余额表（5级含未过账）', col_info.column_index=5
[TEMP DEBUG] initial: primary_header='币别:人民币', secondary_header='期初余额'
[TEMP DEBUG] _generate_column_key called: sheet_name='科目余额表（5级含未过账）', col_info.column_index=8
[TEMP DEBUG] initial: primary_header='', secondary_header=''
[TEMP DEBUG] Excel读取列头成功: col=8, header='916679.48'
[TEMP DEBUG] _generate_column_key called: sheet_name='科目余额表（5级含未过账）', col_info.column_index=9
[TEMP DEBUG] initial: primary_header='包含未过账凭证', secondary_header='本年累计'
[TEMP DEBUG] _generate_column_key called: sheet_name='科目余额表（5级含未过账）', col_info.column_index=10
[TEMP DEBUG] initial: primary_header='', secondary_header=''
[TEMP DEBUG] Excel读取列头成功: col=10, header='88590695.5'
[TEMP DEBUG] _generate_column_key called: sheet_name='科目余额表（5级含未过账）', col_info.column_index=11
[TEMP DEBUG] initial: primary_header='', secondary_header='期末余额'
[TEMP DEBUG] Excel读取列头成功: col=11, header='6460863.03'
[TEMP DEBUG] _generate_column_key called: sheet_name='科目余额表（5级含未过账）', col_info.column_index=3
[TEMP DEBUG] initial: primary_header='', secondary_header='年初余额'
[TEMP DEBUG] Excel读取列头成功: col=3, header='14745610.82'
[TEMP DEBUG] _generate_column_key called: sheet_name='科目余额表（5级含未过账）', col_info.column_index=10
[TEMP DEBUG] initial: primary_header='', secondary_header=''
[TEMP DEBUG] Excel读取列头成功: col=10, header='88590695.5'
[TEMP DEBUG] _generate_column_key called: sheet_name='科目余额表（5级含未过账）', col_info.column_index=5
[TEMP DEBUG] initial: primary_header='币别:人民币', secondary_header='期初余额'
[TEMP DEBUG] _generate_column_key called: sheet_name='科目余额表（5级含未过账）', col_info.column_index=8
[TEMP DEBUG] initial: primary_header='', secondary_header=''
[TEMP DEBUG] Excel读取列头成功: col=8, header='916679.48'
[TEMP DEBUG] _generate_column_key called: sheet_name='科目余额表（5级含未过账）', col_info.column_index=9
[TEMP DEBUG] initial: primary_header='包含未过账凭证', secondary_header='本年累计'
[TEMP DEBUG] _generate_column_key called: sheet_name='科目余额表（5级含未过账）', col_info.column_index=10
[TEMP DEBUG] initial: primary_header='', secondary_header=''
[TEMP DEBUG] Excel读取列头成功: col=10, header='88590695.5'
[TEMP DEBUG] _generate_column_key called: sheet_name='科目余额表（5级含未过账）', col_info.column_index=11
[TEMP DEBUG] initial: primary_header='', secondary_header='期末余额'
[TEMP DEBUG] Excel读取列头成功: col=11, header='6460863.03'
[TEMP DEBUG] _generate_column_key called: sheet_name='科目余额表（5级含未过账）', col_info.column_index=5
[TEMP DEBUG] initial: primary_header='币别:人民币', secondary_header='期初余额'
[TEMP DEBUG] _generate_column_key called: sheet_name='科目余额表（5级含未过账）', col_info.column_index=9
[TEMP DEBUG] initial: primary_header='包含未过账凭证', secondary_header='本年累计'
[TEMP DEBUG] _generate_column_key called: sheet_name='科目余额表（5级含未过账）', col_info.column_index=11
[TEMP DEBUG] initial: primary_header='', secondary_header='期末余额'
[TEMP DEBUG] Excel读取列头成功: col=11, header='6460863.03'
[TEMP DEBUG] _generate_column_key called: sheet_name='科目余额表（5级含未过账）', col_info.column_index=10
[TEMP DEBUG] initial: primary_header='', secondary_header=''
[TEMP DEBUG] Excel读取列头成功: col=10, header='88590695.5'
[TEMP DEBUG] _generate_column_key called: sheet_name='科目余额表（5级含未过账）', col_info.column_index=1
[TEMP DEBUG] initial: primary_header='期间:2025年第9期', secondary_header='科目代码'
[TEMP DEBUG] _generate_column_key called: sheet_name='科目余额表（5级含未过账）', col_info.column_index=3
[TEMP DEBUG] initial: primary_header='', secondary_header='年初余额'
[TEMP DEBUG] Excel读取列头成功: col=3, header='14745610.82'
[TEMP DEBUG] _generate_column_key called: sheet_name='科目余额表（5级含未过账）', col_info.column_index=9
[TEMP DEBUG] initial: primary_header='包含未过账凭证', secondary_header='本年累计'
[TEMP DEBUG] _generate_column_key called: sheet_name='科目余额表（5级含未过账）', col_info.column_index=10
[TEMP DEBUG] initial: primary_header='', secondary_header=''
[TEMP DEBUG] Excel读取列头成功: col=10, header='88590695.5'
[TEMP DEBUG] _generate_column_key called: sheet_name='科目余额表（5级含未过账）', col_info.column_index=11
[TEMP DEBUG] initial: primary_header='', secondary_header='期末余额'
[TEMP DEBUG] Excel读取列头成功: col=11, header='6460863.03'
[TEMP DEBUG] _generate_column_key called: sheet_name='科目余额表（5级含未过账）', col_info.column_index=9
[TEMP DEBUG] initial: primary_header='包含未过账凭证', secondary_header='本年累计'
[TEMP DEBUG] _generate_column_key called: sheet_name='科目余额表（5级含未过账）', col_info.column_index=10
[TEMP DEBUG] initial: primary_header='', secondary_header=''
[TEMP DEBUG] Excel读取列头成功: col=10, header='88590695.5'
[TEMP DEBUG] _generate_column_key called: sheet_name='科目余额表（5级含未过账）', col_info.column_index=11
[TEMP DEBUG] initial: primary_header='', secondary_header='期末余额'
[TEMP DEBUG] Excel读取列头成功: col=11, header='6460863.03'
[TEMP DEBUG] _generate_column_key called: sheet_name='科目余额表（5级含未过账）', col_info.column_index=3
[TEMP DEBUG] initial: primary_header='', secondary_header='年初余额'
[TEMP DEBUG] Excel读取列头成功: col=3, header='14745610.82'
[TEMP DEBUG] _generate_column_key called: sheet_name='科目余额表（5级含未过账）', col_info.column_index=10
[TEMP DEBUG] initial: primary_header='', secondary_header=''
[TEMP DEBUG] Excel读取列头成功: col=10, header='88590695.5'
[TEMP DEBUG] _generate_column_key called: sheet_name='科目余额表（5级含未过账）', col_info.column_index=3
[TEMP DEBUG] initial: primary_header='', secondary_header='年初余额'
[TEMP DEBUG] Excel读取列头成功: col=3, header='14745610.82'
[TEMP DEBUG] _generate_column_key called: sheet_name='科目余额表（5级含未过账）', col_info.column_index=10
[TEMP DEBUG] initial: primary_header='', secondary_header=''
[TEMP DEBUG] Excel读取列头成功: col=10, header='88590695.5'
[TEMP DEBUG] _generate_column_key called: sheet_name='科目余额表（5级含未过账）', col_info.column_index=5
[TEMP DEBUG] initial: primary_header='币别:人民币', secondary_header='期初余额'
[TEMP DEBUG] _generate_column_key called: sheet_name='科目余额表（5级含未过账）', col_info.column_index=9
[TEMP DEBUG] initial: primary_header='包含未过账凭证', secondary_header='本年累计'
[TEMP DEBUG] _generate_column_key called: sheet_name='科目余额表（5级含未过账）', col_info.column_index=10
[TEMP DEBUG] initial: primary_header='', secondary_header=''
[TEMP DEBUG] Excel读取列头成功: col=10, header='88590695.5'
[TEMP DEBUG] _generate_column_key called: sheet_name='科目余额表（5级含未过账）', col_info.column_index=11
[TEMP DEBUG] initial: primary_header='', secondary_header='期末余额'
[TEMP DEBUG] Excel读取列头成功: col=11, header='6460863.03'
[TEMP DEBUG] _generate_column_key called: sheet_name='科目余额表（5级含未过账）', col_info.column_index=9
[TEMP DEBUG] initial: primary_header='包含未过账凭证', secondary_header='本年累计'
[TEMP DEBUG] _generate_column_key called: sheet_name='科目余额表（5级含未过账）', col_info.column_index=10
[TEMP DEBUG] initial: primary_header='', secondary_header=''
[TEMP DEBUG] Excel读取列头成功: col=10, header='88590695.5'
[TEMP DEBUG] _generate_column_key called: sheet_name='科目余额表（5级含未过账）', col_info.column_index=11
[TEMP DEBUG] initial: primary_header='', secondary_header='期末余额'
[TEMP DEBUG] Excel读取列头成功: col=11, header='6460863.03'
[TEMP DEBUG] _generate_column_key called: sheet_name='科目余额表（5级含未过账）', col_info.column_index=10
[TEMP DEBUG] initial: primary_header='', secondary_header=''
[TEMP DEBUG] Excel读取列头成功: col=10, header='88590695.5'
[TEMP DEBUG] _generate_column_key called: sheet_name='科目余额表（5级含未过账）', col_info.column_index=5
[TEMP DEBUG] initial: primary_header='币别:人民币', secondary_header='期初余额'
[TEMP DEBUG] _generate_column_key called: sheet_name='科目余额表（5级含未过账）', col_info.column_index=9
[TEMP DEBUG] initial: primary_header='包含未过账凭证', secondary_header='本年累计'
[TEMP DEBUG] _generate_column_key called: sheet_name='科目余额表（5级含未过账）', col_info.column_index=10
[TEMP DEBUG] initial: primary_header='', secondary_header=''
[TEMP DEBUG] Excel读取列头成功: col=10, header='88590695.5'
[TEMP DEBUG] _generate_column_key called: sheet_name='科目余额表（5级含未过账）', col_info.column_index=11
[TEMP DEBUG] initial: primary_header='', secondary_header='期末余额'
[TEMP DEBUG] Excel读取列头成功: col=11, header='6460863.03'
[TEMP DEBUG] _generate_column_key called: sheet_name='科目余额表（5级含未过账）', col_info.column_index=9
[TEMP DEBUG] initial: primary_header='包含未过账凭证', secondary_header='本年累计'
[TEMP DEBUG] _generate_column_key called: sheet_name='科目余额表（5级含未过账）', col_info.column_index=10
[TEMP DEBUG] initial: primary_header='', secondary_header=''
[TEMP DEBUG] Excel读取列头成功: col=10, header='88590695.5'
[TEMP DEBUG] _generate_column_key called: sheet_name='科目余额表（5级含未过账）', col_info.column_index=1
[TEMP DEBUG] initial: primary_header='期间:2025年第9期', secondary_header='科目代码'
[TEMP DEBUG] _generate_column_key called: sheet_name='科目余额表（5级含未过账）', col_info.column_index=8
[TEMP DEBUG] initial: primary_header='', secondary_header=''
[TEMP DEBUG] Excel读取列头成功: col=8, header='916679.48'
[TEMP DEBUG] _generate_column_key called: sheet_name='科目余额表（5级含未过账）', col_info.column_index=9
[TEMP DEBUG] initial: primary_header='包含未过账凭证', secondary_header='本年累计'
[TEMP DEBUG] _generate_column_key called: sheet_name='科目余额表（5级含未过账）', col_info.column_index=10
[TEMP DEBUG] initial: primary_header='', secondary_header=''
[TEMP DEBUG] Excel读取列头成功: col=10, header='88590695.5'
[TEMP DEBUG] _generate_column_key called: sheet_name='科目余额表（5级含未过账）', col_info.column_index=1
[TEMP DEBUG] initial: primary_header='期间:2025年第9期', secondary_header='科目代码'
[TEMP DEBUG] _generate_column_key called: sheet_name='科目余额表（5级含未过账）', col_info.column_index=9
[TEMP DEBUG] initial: primary_header='包含未过账凭证', secondary_header='本年累计'
[TEMP DEBUG] _generate_column_key called: sheet_name='科目余额表（5级含未过账）', col_info.column_index=10
[TEMP DEBUG] initial: primary_header='', secondary_header=''
[TEMP DEBUG] Excel读取列头成功: col=10, header='88590695.5'
[TEMP DEBUG] _generate_column_key called: sheet_name='科目余额表（5级含未过账）', col_info.column_index=9
[TEMP DEBUG] initial: primary_header='包含未过账凭证', secondary_header='本年累计'
[TEMP DEBUG] _generate_column_key called: sheet_name='科目余额表（5级含未过账）', col_info.column_index=10
[TEMP DEBUG] initial: primary_header='', secondary_header=''
[TEMP DEBUG] Excel读取列头成功: col=10, header='88590695.5'
[TEMP DEBUG] _generate_column_key called: sheet_name='科目余额表（5级含未过账）', col_info.column_index=9
[TEMP DEBUG] initial: primary_header='包含未过账凭证', secondary_header='本年累计'
[TEMP DEBUG] _generate_column_key called: sheet_name='科目余额表（5级含未过账）', col_info.column_index=10
[TEMP DEBUG] initial: primary_header='', secondary_header=''
[TEMP DEBUG] Excel读取列头成功: col=10, header='88590695.5'
[TEMP DEBUG] _generate_column_key called: sheet_name='科目余额表（5级含未过账）', col_info.column_index=1
[TEMP DEBUG] initial: primary_header='期间:2025年第9期', secondary_header='科目代码'
[TEMP DEBUG] _generate_column_key called: sheet_name='科目余额表（5级含未过账）', col_info.column_index=8
[TEMP DEBUG] initial: primary_header='', secondary_header=''
[TEMP DEBUG] Excel读取列头成功: col=8, header='916679.48'
[TEMP DEBUG] _generate_column_key called: sheet_name='科目余额表（5级含未过账）', col_info.column_index=9
[TEMP DEBUG] initial: primary_header='包含未过账凭证', secondary_header='本年累计'
[TEMP DEBUG] _generate_column_key called: sheet_name='科目余额表（5级含未过账）', col_info.column_index=10
[TEMP DEBUG] initial: primary_header='', secondary_header=''
[TEMP DEBUG] Excel读取列头成功: col=10, header='88590695.5'
[TEMP DEBUG] _generate_column_key called: sheet_name='科目余额表（5级含未过账）', col_info.column_index=8
[TEMP DEBUG] initial: primary_header='', secondary_header=''
[TEMP DEBUG] Excel读取列头成功: col=8, header='916679.48'
[TEMP DEBUG] _generate_column_key called: sheet_name='科目余额表（5级含未过账）', col_info.column_index=9
[TEMP DEBUG] initial: primary_header='包含未过账凭证', secondary_header='本年累计'
[TEMP DEBUG] _generate_column_key called: sheet_name='科目余额表（5级含未过账）', col_info.column_index=10
[TEMP DEBUG] initial: primary_header='', secondary_header=''
[TEMP DEBUG] Excel读取列头成功: col=10, header='88590695.5'
[TEMP DEBUG] _generate_column_key called: sheet_name='科目余额表（5级含未过账）', col_info.column_index=8
[TEMP DEBUG] initial: primary_header='', secondary_header=''
[TEMP DEBUG] Excel读取列头成功: col=8, header='916679.48'
[TEMP DEBUG] _generate_column_key called: sheet_name='科目余额表（5级含未过账）', col_info.column_index=9
[TEMP DEBUG] initial: primary_header='包含未过账凭证', secondary_header='本年累计'
[TEMP DEBUG] _generate_column_key called: sheet_name='科目余额表（5级含未过账）', col_info.column_index=10
[TEMP DEBUG] initial: primary_header='', secondary_header=''
[TEMP DEBUG] Excel读取列头成功: col=10, header='88590695.5'
[TEMP DEBUG] _generate_column_key called: sheet_name='科目余额表（5级含未过账）', col_info.column_index=10
[TEMP DEBUG] initial: primary_header='', secondary_header=''
[TEMP DEBUG] Excel读取列头成功: col=10, header='88590695.5'
[TEMP DEBUG] _generate_column_key called: sheet_name='科目余额表（5级含未过账）', col_info.column_index=5
[TEMP DEBUG] initial: primary_header='币别:人民币', secondary_header='期初余额'
[TEMP DEBUG] _generate_column_key called: sheet_name='科目余额表（5级含未过账）', col_info.column_index=9
[TEMP DEBUG] initial: primary_header='包含未过账凭证', secondary_header='本年累计'
[TEMP DEBUG] _generate_column_key called: sheet_name='科目余额表（5级含未过账）', col_info.column_index=10
[TEMP DEBUG] initial: primary_header='', secondary_header=''
[TEMP DEBUG] Excel读取列头成功: col=10, header='88590695.5'
[TEMP DEBUG] _generate_column_key called: sheet_name='科目余额表（5级含未过账）', col_info.column_index=11
[TEMP DEBUG] initial: primary_header='', secondary_header='期末余额'
[TEMP DEBUG] Excel读取列头成功: col=11, header='6460863.03'
[TEMP DEBUG] _generate_column_key called: sheet_name='科目余额表（5级含未过账）', col_info.column_index=1
[TEMP DEBUG] initial: primary_header='期间:2025年第9期', secondary_header='科目代码'
[TEMP DEBUG] _generate_column_key called: sheet_name='科目余额表（5级含未过账）', col_info.column_index=1
[TEMP DEBUG] initial: primary_header='期间:2025年第9期', secondary_header='科目代码'
[TEMP DEBUG] _generate_column_key called: sheet_name='科目余额表（5级含未过账）', col_info.column_index=1
[TEMP DEBUG] initial: primary_header='期间:2025年第9期', secondary_header='科目代码'
[TEMP DEBUG] _generate_column_key called: sheet_name='科目余额表（5级含未过账）', col_info.column_index=1
[TEMP DEBUG] initial: primary_header='期间:2025年第9期', secondary_header='科目代码'
[TEMP DEBUG] _generate_column_key called: sheet_name='科目余额表（5级含未过账）', col_info.column_index=1
[TEMP DEBUG] initial: primary_header='期间:2025年第9期', secondary_header='科目代码'
[TEMP DEBUG] _generate_column_key called: sheet_name='科目余额表（5级含未过账）', col_info.column_index=1
[TEMP DEBUG] initial: primary_header='期间:2025年第9期', secondary_header='科目代码'
[TEMP DEBUG] _generate_column_key called: sheet_name='科目余额表（5级含未过账）', col_info.column_index=1
[TEMP DEBUG] initial: primary_header='期间:2025年第9期', secondary_header='科目代码'
[TEMP DEBUG] _generate_column_key called: sheet_name='科目余额表（5级含未过账）', col_info.column_index=1
[TEMP DEBUG] initial: primary_header='期间:2025年第9期', secondary_header='科目代码'
[TEMP DEBUG] _generate_column_key called: sheet_name='科目余额表（5级含未过账）', col_info.column_index=9
[TEMP DEBUG] initial: primary_header='包含未过账凭证', secondary_header='本年累计'
[TEMP DEBUG] _generate_column_key called: sheet_name='科目余额表（5级含未过账）', col_info.column_index=10
[TEMP DEBUG] initial: primary_header='', secondary_header=''
[TEMP DEBUG] Excel读取列头成功: col=10, header='88590695.5'
[TEMP DEBUG] _generate_column_key called: sheet_name='科目余额表（5级含未过账）', col_info.column_index=1
[TEMP DEBUG] initial: primary_header='期间:2025年第9期', secondary_header='科目代码'
[TEMP DEBUG] _generate_column_key called: sheet_name='科目余额表（5级含未过账）', col_info.column_index=9
[TEMP DEBUG] initial: primary_header='包含未过账凭证', secondary_header='本年累计'
[TEMP DEBUG] _generate_column_key called: sheet_name='科目余额表（5级含未过账）', col_info.column_index=10
[TEMP DEBUG] initial: primary_header='', secondary_header=''
[TEMP DEBUG] Excel读取列头成功: col=10, header='88590695.5'
[TEMP DEBUG] _generate_column_key called: sheet_name='科目余额表（5级含未过账）', col_info.column_index=9
[TEMP DEBUG] initial: primary_header='包含未过账凭证', secondary_header='本年累计'
[TEMP DEBUG] _generate_column_key called: sheet_name='科目余额表（5级含未过账）', col_info.column_index=10
[TEMP DEBUG] initial: primary_header='', secondary_header=''
[TEMP DEBUG] Excel读取列头成功: col=10, header='88590695.5'
[TEMP DEBUG] _generate_column_key called: sheet_name='科目余额表（5级含未过账）', col_info.column_index=1
[TEMP DEBUG] initial: primary_header='期间:2025年第9期', secondary_header='科目代码'
[TEMP DEBUG] _generate_column_key called: sheet_name='科目余额表（5级含未过账）', col_info.column_index=10
[TEMP DEBUG] initial: primary_header='', secondary_header=''
[TEMP DEBUG] Excel读取列头成功: col=10, header='88590695.5'
[TEMP DEBUG] _generate_column_key called: sheet_name='科目余额表（5级含未过账）', col_info.column_index=10
[TEMP DEBUG] initial: primary_header='', secondary_header=''
[TEMP DEBUG] Excel读取列头成功: col=10, header='88590695.5'
[TEMP DEBUG] _generate_column_key called: sheet_name='科目余额表（5级含未过账）', col_info.column_index=10
[TEMP DEBUG] initial: primary_header='', secondary_header=''
[TEMP DEBUG] Excel读取列头成功: col=10, header='88590695.5'
[TEMP DEBUG] _generate_column_key called: sheet_name='科目余额表（5级含未过账）', col_info.column_index=10
[TEMP DEBUG] initial: primary_header='', secondary_header=''
[TEMP DEBUG] Excel读取列头成功: col=10, header='88590695.5'
[TEMP DEBUG] _generate_column_key called: sheet_name='科目余额表（5级含未过账）', col_info.column_index=1
[TEMP DEBUG] initial: primary_header='期间:2025年第9期', secondary_header='科目代码'
[TEMP DEBUG] _generate_column_key called: sheet_name='科目余额表（5级含未过账）', col_info.column_index=1
[TEMP DEBUG] initial: primary_header='期间:2025年第9期', secondary_header='科目代码'
[TEMP DEBUG] _generate_column_key called: sheet_name='科目余额表（5级含未过账）', col_info.column_index=1
[TEMP DEBUG] initial: primary_header='期间:2025年第9期', secondary_header='科目代码'
[TEMP DEBUG] _generate_column_key called: sheet_name='科目余额表（5级含未过账）', col_info.column_index=1
[TEMP DEBUG] initial: primary_header='期间:2025年第9期', secondary_header='科目代码'
[TEMP DEBUG] _generate_column_key called: sheet_name='科目余额表（5级含未过账）', col_info.column_index=1
[TEMP DEBUG] initial: primary_header='期间:2025年第9期', secondary_header='科目代码'
[TEMP DEBUG] _generate_column_key called: sheet_name='科目余额表（5级含未过账）', col_info.column_index=1
[TEMP DEBUG] initial: primary_header='期间:2025年第9期', secondary_header='科目代码'
[TEMP DEBUG] _generate_column_key called: sheet_name='科目余额表（5级含未过账）', col_info.column_index=1
[TEMP DEBUG] initial: primary_header='期间:2025年第9期', secondary_header='科目代码'
[TEMP DEBUG] _generate_column_key called: sheet_name='科目余额表（5级含未过账）', col_info.column_index=1
[TEMP DEBUG] initial: primary_header='期间:2025年第9期', secondary_header='科目代码'
[TEMP DEBUG] _generate_column_key called: sheet_name='科目余额表（5级含未过账）', col_info.column_index=1
[TEMP DEBUG] initial: primary_header='期间:2025年第9期', secondary_header='科目代码'
[TEMP DEBUG] _generate_column_key called: sheet_name='科目余额表（5级含未过账）', col_info.column_index=1
[TEMP DEBUG] initial: primary_header='期间:2025年第9期', secondary_header='科目代码'
[TEMP DEBUG] _generate_column_key called: sheet_name='科目余额表（5级含未过账）', col_info.column_index=1
[TEMP DEBUG] initial: primary_header='期间:2025年第9期', secondary_header='科目代码'
[TEMP DEBUG] _generate_column_key called: sheet_name='科目余额表（5级含未过账）', col_info.column_index=1
[TEMP DEBUG] initial: primary_header='期间:2025年第9期', secondary_header='科目代码'
[TEMP DEBUG] _generate_column_key called: sheet_name='科目余额表（5级含未过账）', col_info.column_index=1
[TEMP DEBUG] initial: primary_header='期间:2025年第9期', secondary_header='科目代码'
[TEMP DEBUG] _generate_column_key called: sheet_name='科目余额表（5级含未过账）', col_info.column_index=1
[TEMP DEBUG] initial: primary_header='期间:2025年第9期', secondary_header='科目代码'
[TEMP DEBUG] _generate_column_key called: sheet_name='科目余额表（5级含未过账）', col_info.column_index=1
[TEMP DEBUG] initial: primary_header='期间:2025年第9期', secondary_header='科目代码'
[TEMP DEBUG] _generate_column_key called: sheet_name='科目余额表（5级含未过账）', col_info.column_index=1
[TEMP DEBUG] initial: primary_header='期间:2025年第9期', secondary_header='科目代码'
[TEMP DEBUG] _generate_column_key called: sheet_name='科目余额表（5级含未过账）', col_info.column_index=3
[TEMP DEBUG] initial: primary_header='', secondary_header='年初余额'
[TEMP DEBUG] Excel读取列头成功: col=3, header='14745610.82'
[TEMP DEBUG] _generate_column_key called: sheet_name='科目余额表（5级含未过账）', col_info.column_index=5
[TEMP DEBUG] initial: primary_header='币别:人民币', secondary_header='期初余额'
[TEMP DEBUG] _generate_column_key called: sheet_name='科目余额表（5级含未过账）', col_info.column_index=11
[TEMP DEBUG] initial: primary_header='', secondary_header='期末余额'
[TEMP DEBUG] Excel读取列头成功: col=11, header='6460863.03'
[TEMP DEBUG] _generate_column_key called: sheet_name='科目余额表（5级含未过账）', col_info.column_index=1
[TEMP DEBUG] initial: primary_header='期间:2025年第9期', secondary_header='科目代码'
[TEMP DEBUG] _generate_column_key called: sheet_name='科目余额表（5级含未过账）', col_info.column_index=1
[TEMP DEBUG] initial: primary_header='期间:2025年第9期', secondary_header='科目代码'
[TEMP DEBUG] _generate_column_key called: sheet_name='科目余额表（5级含未过账）', col_info.column_index=1
[TEMP DEBUG] initial: primary_header='期间:2025年第9期', secondary_header='科目代码'
[TEMP DEBUG] _generate_column_key called: sheet_name='科目余额表（5级含未过账）', col_info.column_index=1
[TEMP DEBUG] initial: primary_header='期间:2025年第9期', secondary_header='科目代码'
[TEMP DEBUG] _generate_column_key called: sheet_name='科目余额表（5级含未过账）', col_info.column_index=1
[TEMP DEBUG] initial: primary_header='期间:2025年第9期', secondary_header='科目代码'
[TEMP DEBUG] _generate_column_key called: sheet_name='科目余额表（5级含未过账）', col_info.column_index=1
[TEMP DEBUG] initial: primary_header='期间:2025年第9期', secondary_header='科目代码'
[TEMP DEBUG] _generate_column_key called: sheet_name='科目余额表（5级含未过账）', col_info.column_index=1
[TEMP DEBUG] initial: primary_header='期间:2025年第9期', secondary_header='科目代码'
[TEMP DEBUG] _generate_column_key called: sheet_name='科目余额表（5级含未过账）', col_info.column_index=1
[TEMP DEBUG] initial: primary_header='期间:2025年第9期', secondary_header='科目代码'
[TEMP DEBUG] _generate_column_key called: sheet_name='科目余额表（5级含未过账）', col_info.column_index=1
[TEMP DEBUG] initial: primary_header='期间:2025年第9期', secondary_header='科目代码'
[TEMP DEBUG] _generate_column_key called: sheet_name='科目余额表（5级含未过账）', col_info.column_index=1
[TEMP DEBUG] initial: primary_header='期间:2025年第9期', secondary_header='科目代码'
[TEMP DEBUG] _generate_column_key called: sheet_name='科目余额表（5级含未过账）', col_info.column_index=1
[TEMP DEBUG] initial: primary_header='期间:2025年第9期', secondary_header='科目代码'
[TEMP DEBUG] _generate_column_key called: sheet_name='科目余额表（5级含未过账）', col_info.column_index=1
[TEMP DEBUG] initial: primary_header='期间:2025年第9期', secondary_header='科目代码'
[TEMP DEBUG] _generate_column_key called: sheet_name='科目余额表（5级含未过账）', col_info.column_index=1
[TEMP DEBUG] initial: primary_header='期间:2025年第9期', secondary_header='科目代码'
[TEMP DEBUG] _generate_column_key called: sheet_name='科目余额表（5级含未过账）', col_info.column_index=1
[TEMP DEBUG] initial: primary_header='期间:2025年第9期', secondary_header='科目代码'
[TEMP DEBUG] _generate_column_key called: sheet_name='科目余额表（5级含未过账）', col_info.column_index=1
[TEMP DEBUG] initial: primary_header='期间:2025年第9期', secondary_header='科目代码'
[TEMP DEBUG] _generate_column_key called: sheet_name='科目余额表（5级含未过账）', col_info.column_index=1
[TEMP DEBUG] initial: primary_header='期间:2025年第9期', secondary_header='科目代码'
[TEMP DEBUG] _generate_column_key called: sheet_name='科目余额表（5级含未过账）', col_info.column_index=1
[TEMP DEBUG] initial: primary_header='期间:2025年第9期', secondary_header='科目代码'
[TEMP DEBUG] _generate_column_key called: sheet_name='科目余额表（5级含未过账）', col_info.column_index=1
[TEMP DEBUG] initial: primary_header='期间:2025年第9期', secondary_header='科目代码'
[TEMP DEBUG] _generate_column_key called: sheet_name='科目余额表（5级含未过账）', col_info.column_index=1
[TEMP DEBUG] initial: primary_header='期间:2025年第9期', secondary_header='科目代码'
[TEMP DEBUG] _generate_column_key called: sheet_name='科目余额表（5级含未过账）', col_info.column_index=1
[TEMP DEBUG] initial: primary_header='期间:2025年第9期', secondary_header='科目代码'
[TEMP DEBUG] _generate_column_key called: sheet_name='科目余额表（5级含未过账）', col_info.column_index=1
[TEMP DEBUG] initial: primary_header='期间:2025年第9期', secondary_header='科目代码'
[TEMP DEBUG] _generate_column_key called: sheet_name='科目余额表（5级含未过账）', col_info.column_index=1
[TEMP DEBUG] initial: primary_header='期间:2025年第9期', secondary_header='科目代码'
[TEMP DEBUG] _generate_column_key called: sheet_name='科目余额表（5级含未过账）', col_info.column_index=1
[TEMP DEBUG] initial: primary_header='期间:2025年第9期', secondary_header='科目代码'
[TEMP DEBUG] _generate_column_key called: sheet_name='科目余额表（5级含未过账）', col_info.column_index=1
[TEMP DEBUG] initial: primary_header='期间:2025年第9期', secondary_header='科目代码'
[TEMP DEBUG] _generate_column_key called: sheet_name='科目余额表（5级含未过账）', col_info.column_index=1
[TEMP DEBUG] initial: primary_header='期间:2025年第9期', secondary_header='科目代码'
[TEMP DEBUG] _generate_column_key called: sheet_name='科目余额表（5级含未过账）', col_info.column_index=1
[TEMP DEBUG] initial: primary_header='期间:2025年第9期', secondary_header='科目代码'
[TEMP DEBUG] _generate_column_key called: sheet_name='科目余额表（5级含未过账）', col_info.column_index=1
[TEMP DEBUG] initial: primary_header='期间:2025年第9期', secondary_header='科目代码'
[TEMP DEBUG] _generate_column_key called: sheet_name='科目余额表（5级含未过账）', col_info.column_index=1
[TEMP DEBUG] initial: primary_header='期间:2025年第9期', secondary_header='科目代码'
[TEMP DEBUG] _generate_column_key called: sheet_name='科目余额表（5级含未过账）', col_info.column_index=1
[TEMP DEBUG] initial: primary_header='期间:2025年第9期', secondary_header='科目代码'
[TEMP DEBUG] _generate_column_key called: sheet_name='科目余额表（5级含未过账）', col_info.column_index=1
[TEMP DEBUG] initial: primary_header='期间:2025年第9期', secondary_header='科目代码'
[TEMP DEBUG] _generate_column_key called: sheet_name='科目余额表（5级含未过账）', col_info.column_index=1
[TEMP DEBUG] initial: primary_header='期间:2025年第9期', secondary_header='科目代码'
[TEMP DEBUG] _generate_column_key called: sheet_name='科目余额表（5级含未过账）', col_info.column_index=1
[TEMP DEBUG] initial: primary_header='期间:2025年第9期', secondary_header='科目代码'
[TEMP DEBUG] _generate_column_key called: sheet_name='科目余额表（5级含未过账）', col_info.column_index=1
[TEMP DEBUG] initial: primary_header='期间:2025年第9期', secondary_header='科目代码'
[TEMP DEBUG] _generate_column_key called: sheet_name='科目余额表（5级含未过账）', col_info.column_index=3
[TEMP DEBUG] initial: primary_header='', secondary_header='年初余额'
[TEMP DEBUG] Excel读取列头成功: col=3, header='14745610.82'
[TEMP DEBUG] _generate_column_key called: sheet_name='科目余额表（5级含未过账）', col_info.column_index=5
[TEMP DEBUG] initial: primary_header='币别:人民币', secondary_header='期初余额'
[TEMP DEBUG] _generate_column_key called: sheet_name='科目余额表（5级含未过账）', col_info.column_index=11
[TEMP DEBUG] initial: primary_header='', secondary_header='期末余额'
[TEMP DEBUG] Excel读取列头成功: col=11, header='6460863.03'
[TEMP DEBUG] _generate_column_key called: sheet_name='科目余额表（5级含未过账）', col_info.column_index=1
[TEMP DEBUG] initial: primary_header='期间:2025年第9期', secondary_header='科目代码'
[TEMP DEBUG] _generate_column_key called: sheet_name='科目余额表（5级含未过账）', col_info.column_index=3
[TEMP DEBUG] initial: primary_header='', secondary_header='年初余额'
[TEMP DEBUG] Excel读取列头成功: col=3, header='14745610.82'
[TEMP DEBUG] _generate_column_key called: sheet_name='科目余额表（5级含未过账）', col_info.column_index=5
[TEMP DEBUG] initial: primary_header='币别:人民币', secondary_header='期初余额'
[TEMP DEBUG] _generate_column_key called: sheet_name='科目余额表（5级含未过账）', col_info.column_index=11
[TEMP DEBUG] initial: primary_header='', secondary_header='期末余额'
[TEMP DEBUG] Excel读取列头成功: col=11, header='6460863.03'
[TEMP DEBUG] _generate_column_key called: sheet_name='科目余额表（5级含未过账）', col_info.column_index=3
[TEMP DEBUG] initial: primary_header='', secondary_header='年初余额'
[TEMP DEBUG] Excel读取列头成功: col=3, header='14745610.82'
[TEMP DEBUG] _generate_column_key called: sheet_name='科目余额表（5级含未过账）', col_info.column_index=5
[TEMP DEBUG] initial: primary_header='币别:人民币', secondary_header='期初余额'
[TEMP DEBUG] _generate_column_key called: sheet_name='科目余额表（5级含未过账）', col_info.column_index=11
[TEMP DEBUG] initial: primary_header='', secondary_header='期末余额'
[TEMP DEBUG] Excel读取列头成功: col=11, header='6460863.03'
[TEMP DEBUG] _generate_column_key called: sheet_name='科目余额表（5级含未过账）', col_info.column_index=3
[TEMP DEBUG] initial: primary_header='', secondary_header='年初余额'
[TEMP DEBUG] Excel读取列头成功: col=3, header='14745610.82'
[TEMP DEBUG] _generate_column_key called: sheet_name='科目余额表（5级含未过账）', col_info.column_index=5
[TEMP DEBUG] initial: primary_header='币别:人民币', secondary_header='期初余额'
[TEMP DEBUG] _generate_column_key called: sheet_name='科目余额表（5级含未过账）', col_info.column_index=11
[TEMP DEBUG] initial: primary_header='', secondary_header='期末余额'
[TEMP DEBUG] Excel读取列头成功: col=11, header='6460863.03'
[TEMP DEBUG] _generate_column_key called: sheet_name='科目余额表（5级含未过账）', col_info.column_index=1
[TEMP DEBUG] initial: primary_header='期间:2025年第9期', secondary_header='科目代码'
[TEMP DEBUG] _generate_column_key called: sheet_name='科目余额表（5级含未过账）', col_info.column_index=3
[TEMP DEBUG] initial: primary_header='', secondary_header='年初余额'
[TEMP DEBUG] Excel读取列头成功: col=3, header='14745610.82'
[TEMP DEBUG] _generate_column_key called: sheet_name='科目余额表（5级含未过账）', col_info.column_index=5
[TEMP DEBUG] initial: primary_header='币别:人民币', secondary_header='期初余额'
[TEMP DEBUG] _generate_column_key called: sheet_name='科目余额表（5级含未过账）', col_info.column_index=11
[TEMP DEBUG] initial: primary_header='', secondary_header='期末余额'
[TEMP DEBUG] Excel读取列头成功: col=11, header='6460863.03'
[TEMP DEBUG] _generate_column_key called: sheet_name='科目余额表（5级含未过账）', col_info.column_index=3
[TEMP DEBUG] initial: primary_header='', secondary_header='年初余额'
[TEMP DEBUG] Excel读取列头成功: col=3, header='14745610.82'
[TEMP DEBUG] _generate_column_key called: sheet_name='科目余额表（5级含未过账）', col_info.column_index=5
[TEMP DEBUG] initial: primary_header='币别:人民币', secondary_header='期初余额'
[TEMP DEBUG] _generate_column_key called: sheet_name='科目余额表（5级含未过账）', col_info.column_index=11
[TEMP DEBUG] initial: primary_header='', secondary_header='期末余额'
[TEMP DEBUG] Excel读取列头成功: col=11, header='6460863.03'
[TEMP DEBUG] _generate_column_key called: sheet_name='科目余额表（5级含未过账）', col_info.column_index=1
[TEMP DEBUG] initial: primary_header='期间:2025年第9期', secondary_header='科目代码'
[TEMP DEBUG] _generate_column_key called: sheet_name='科目余额表（5级含未过账）', col_info.column_index=1
[TEMP DEBUG] initial: primary_header='期间:2025年第9期', secondary_header='科目代码'
[TEMP DEBUG] _generate_column_key called: sheet_name='科目余额表（5级含未过账）', col_info.column_index=1
[TEMP DEBUG] initial: primary_header='期间:2025年第9期', secondary_header='科目代码'
[TEMP DEBUG] _generate_column_key called: sheet_name='科目余额表（5级含未过账）', col_info.column_index=1
[TEMP DEBUG] initial: primary_header='期间:2025年第9期', secondary_header='科目代码'
[TEMP DEBUG] _generate_column_key called: sheet_name='科目余额表（5级含未过账）', col_info.column_index=1
[TEMP DEBUG] initial: primary_header='期间:2025年第9期', secondary_header='科目代码'
[TEMP DEBUG] _generate_column_key called: sheet_name='科目余额表（5级含未过账）', col_info.column_index=1
[TEMP DEBUG] initial: primary_header='期间:2025年第9期', secondary_header='科目代码'
[TEMP DEBUG] _generate_column_key called: sheet_name='科目余额表（5级含未过账）', col_info.column_index=1
[TEMP DEBUG] initial: primary_header='期间:2025年第9期', secondary_header='科目代码'
[TEMP DEBUG] _generate_column_key called: sheet_name='科目余额表（5级含未过账）', col_info.column_index=3
[TEMP DEBUG] initial: primary_header='', secondary_header='年初余额'
[TEMP DEBUG] Excel读取列头成功: col=3, header='14745610.82'
[TEMP DEBUG] _generate_column_key called: sheet_name='科目余额表（5级含未过账）', col_info.column_index=5
[TEMP DEBUG] initial: primary_header='币别:人民币', secondary_header='期初余额'
[TEMP DEBUG] _generate_column_key called: sheet_name='科目余额表（5级含未过账）', col_info.column_index=11
[TEMP DEBUG] initial: primary_header='', secondary_header='期末余额'
[TEMP DEBUG] Excel读取列头成功: col=11, header='6460863.03'
[TEMP DEBUG] _generate_column_key called: sheet_name='科目余额表（5级含未过账）', col_info.column_index=1
[TEMP DEBUG] initial: primary_header='期间:2025年第9期', secondary_header='科目代码'
[TEMP DEBUG] _generate_column_key called: sheet_name='科目余额表（5级含未过账）', col_info.column_index=1
[TEMP DEBUG] initial: primary_header='期间:2025年第9期', secondary_header='科目代码'
[TEMP DEBUG] _generate_column_key called: sheet_name='科目余额表（5级含未过账）', col_info.column_index=3
[TEMP DEBUG] initial: primary_header='', secondary_header='年初余额'
[TEMP DEBUG] Excel读取列头成功: col=3, header='14745610.82'
[TEMP DEBUG] _generate_column_key called: sheet_name='科目余额表（5级含未过账）', col_info.column_index=5
[TEMP DEBUG] initial: primary_header='币别:人民币', secondary_header='期初余额'
[TEMP DEBUG] _generate_column_key called: sheet_name='科目余额表（5级含未过账）', col_info.column_index=11
[TEMP DEBUG] initial: primary_header='', secondary_header='期末余额'
[TEMP DEBUG] Excel读取列头成功: col=11, header='6460863.03'
[TEMP DEBUG] _generate_column_key called: sheet_name='科目余额表（5级含未过账）', col_info.column_index=1
[TEMP DEBUG] initial: primary_header='期间:2025年第9期', secondary_header='科目代码'
[TEMP DEBUG] _generate_column_key called: sheet_name='科目余额表（5级含未过账）', col_info.column_index=1
[TEMP DEBUG] initial: primary_header='期间:2025年第9期', secondary_header='科目代码'
[TEMP DEBUG] _generate_column_key called: sheet_name='科目余额表（5级含未过账）', col_info.column_index=1
[TEMP DEBUG] initial: primary_header='期间:2025年第9期', secondary_header='科目代码'
[TEMP DEBUG] _generate_column_key called: sheet_name='科目余额表（5级含未过账）', col_info.column_index=1
[TEMP DEBUG] initial: primary_header='期间:2025年第9期', secondary_header='科目代码'
[TEMP DEBUG] _generate_column_key called: sheet_name='科目余额表（5级含未过账）', col_info.column_index=1
[TEMP DEBUG] initial: primary_header='期间:2025年第9期', secondary_header='科目代码'
[TEMP DEBUG] _generate_column_key called: sheet_name='科目余额表（5级含未过账）', col_info.column_index=1
[TEMP DEBUG] initial: primary_header='期间:2025年第9期', secondary_header='科目代码'
[TEMP DEBUG] _generate_column_key called: sheet_name='科目余额表（5级含未过账）', col_info.column_index=8
[TEMP DEBUG] initial: primary_header='', secondary_header=''
[TEMP DEBUG] Excel读取列头成功: col=8, header='916679.48'
[TEMP DEBUG] _generate_column_key called: sheet_name='科目余额表（5级含未过账）', col_info.column_index=10
[TEMP DEBUG] initial: primary_header='', secondary_header=''
[TEMP DEBUG] Excel读取列头成功: col=10, header='88590695.5'
[TEMP DEBUG] _generate_column_key called: sheet_name='科目余额表（5级含未过账）', col_info.column_index=1
[TEMP DEBUG] initial: primary_header='期间:2025年第9期', secondary_header='科目代码'
[TEMP DEBUG] _generate_column_key called: sheet_name='科目余额表（5级含未过账）', col_info.column_index=1
[TEMP DEBUG] initial: primary_header='期间:2025年第9期', secondary_header='科目代码'
[TEMP DEBUG] _generate_column_key called: sheet_name='科目余额表（5级含未过账）', col_info.column_index=8
[TEMP DEBUG] initial: primary_header='', secondary_header=''
[TEMP DEBUG] Excel读取列头成功: col=8, header='916679.48'
[TEMP DEBUG] _generate_column_key called: sheet_name='科目余额表（5级含未过账）', col_info.column_index=10
[TEMP DEBUG] initial: primary_header='', secondary_header=''
[TEMP DEBUG] Excel读取列头成功: col=10, header='88590695.5'
[TEMP DEBUG] _generate_column_key called: sheet_name='科目余额表（5级含未过账）', col_info.column_index=1
[TEMP DEBUG] initial: primary_header='期间:2025年第9期', secondary_header='科目代码'
[TEMP DEBUG] _generate_column_key called: sheet_name='科目余额表（5级含未过账）', col_info.column_index=1
[TEMP DEBUG] initial: primary_header='期间:2025年第9期', secondary_header='科目代码'
[TEMP DEBUG] _generate_column_key called: sheet_name='科目余额表（5级含未过账）', col_info.column_index=1
[TEMP DEBUG] initial: primary_header='期间:2025年第9期', secondary_header='科目代码'
[TEMP DEBUG] _generate_column_key called: sheet_name='科目余额表（5级含未过账）', col_info.column_index=1
[TEMP DEBUG] initial: primary_header='期间:2025年第9期', secondary_header='科目代码'
[TEMP DEBUG] _generate_column_key called: sheet_name='科目余额表（5级含未过账）', col_info.column_index=1
[TEMP DEBUG] initial: primary_header='期间:2025年第9期', secondary_header='科目代码'
[TEMP DEBUG] _generate_column_key called: sheet_name='科目余额表（5级含未过账）', col_info.column_index=1
[TEMP DEBUG] initial: primary_header='期间:2025年第9期', secondary_header='科目代码'
[TEMP DEBUG] _generate_column_key called: sheet_name='科目余额表（5级含未过账）', col_info.column_index=1
[TEMP DEBUG] initial: primary_header='期间:2025年第9期', secondary_header='科目代码'
[TEMP DEBUG] _generate_column_key called: sheet_name='科目余额表（5级含未过账）', col_info.column_index=1
[TEMP DEBUG] initial: primary_header='期间:2025年第9期', secondary_header='科目代码'
[TEMP DEBUG] _generate_column_key called: sheet_name='科目余额表（5级含未过账）', col_info.column_index=1
[TEMP DEBUG] initial: primary_header='期间:2025年第9期', secondary_header='科目代码'
[TEMP DEBUG] _generate_column_key called: sheet_name='科目余额表（5级含未过账）', col_info.column_index=1
[TEMP DEBUG] initial: primary_header='期间:2025年第9期', secondary_header='科目代码'
[TEMP DEBUG] _generate_column_key called: sheet_name='科目余额表（5级含未过账）', col_info.column_index=1
[TEMP DEBUG] initial: primary_header='期间:2025年第9期', secondary_header='科目代码'
[TEMP DEBUG] _generate_column_key called: sheet_name='科目余额表（5级含未过账）', col_info.column_index=1
[TEMP DEBUG] initial: primary_header='期间:2025年第9期', secondary_header='科目代码'
[TEMP DEBUG] _generate_column_key called: sheet_name='科目余额表（5级含未过账）', col_info.column_index=1
[TEMP DEBUG] initial: primary_header='期间:2025年第9期', secondary_header='科目代码'
[TEMP DEBUG] _generate_column_key called: sheet_name='科目余额表（5级含未过账）', col_info.column_index=1
[TEMP DEBUG] initial: primary_header='期间:2025年第9期', secondary_header='科目代码'
[TEMP DEBUG] _generate_column_key called: sheet_name='科目余额表（5级含未过账）', col_info.column_index=3
[TEMP DEBUG] initial: primary_header='', secondary_header='年初余额'
[TEMP DEBUG] Excel读取列头成功: col=3, header='14745610.82'
[TEMP DEBUG] _generate_column_key called: sheet_name='科目余额表（5级含未过账）', col_info.column_index=5
[TEMP DEBUG] initial: primary_header='币别:人民币', secondary_header='期初余额'
[TEMP DEBUG] _generate_column_key called: sheet_name='科目余额表（5级含未过账）', col_info.column_index=9
[TEMP DEBUG] initial: primary_header='包含未过账凭证', secondary_header='本年累计'
[TEMP DEBUG] _generate_column_key called: sheet_name='科目余额表（5级含未过账）', col_info.column_index=11
[TEMP DEBUG] initial: primary_header='', secondary_header='期末余额'
[TEMP DEBUG] Excel读取列头成功: col=11, header='6460863.03'
[TEMP DEBUG] _generate_column_key called: sheet_name='科目余额表（5级含未过账）', col_info.column_index=1
[TEMP DEBUG] initial: primary_header='期间:2025年第9期', secondary_header='科目代码'
[TEMP DEBUG] _generate_column_key called: sheet_name='科目余额表（5级含未过账）', col_info.column_index=3
[TEMP DEBUG] initial: primary_header='', secondary_header='年初余额'
[TEMP DEBUG] Excel读取列头成功: col=3, header='14745610.82'
[TEMP DEBUG] _generate_column_key called: sheet_name='科目余额表（5级含未过账）', col_info.column_index=5
[TEMP DEBUG] initial: primary_header='币别:人民币', secondary_header='期初余额'
[TEMP DEBUG] _generate_column_key called: sheet_name='科目余额表（5级含未过账）', col_info.column_index=9
[TEMP DEBUG] initial: primary_header='包含未过账凭证', secondary_header='本年累计'
[TEMP DEBUG] _generate_column_key called: sheet_name='科目余额表（5级含未过账）', col_info.column_index=11
[TEMP DEBUG] initial: primary_header='', secondary_header='期末余额'
[TEMP DEBUG] Excel读取列头成功: col=11, header='6460863.03'
[TEMP DEBUG] _generate_column_key called: sheet_name='科目余额表（5级含未过账）', col_info.column_index=3
[TEMP DEBUG] initial: primary_header='', secondary_header='年初余额'
[TEMP DEBUG] Excel读取列头成功: col=3, header='14745610.82'
[TEMP DEBUG] _generate_column_key called: sheet_name='科目余额表（5级含未过账）', col_info.column_index=5
[TEMP DEBUG] initial: primary_header='币别:人民币', secondary_header='期初余额'
[TEMP DEBUG] _generate_column_key called: sheet_name='科目余额表（5级含未过账）', col_info.column_index=9
[TEMP DEBUG] initial: primary_header='包含未过账凭证', secondary_header='本年累计'
[TEMP DEBUG] _generate_column_key called: sheet_name='科目余额表（5级含未过账）', col_info.column_index=11
[TEMP DEBUG] initial: primary_header='', secondary_header='期末余额'
[TEMP DEBUG] Excel读取列头成功: col=11, header='6460863.03'
[TEMP DEBUG] _generate_column_key called: sheet_name='科目余额表（5级含未过账）', col_info.column_index=1
[TEMP DEBUG] initial: primary_header='期间:2025年第9期', secondary_header='科目代码'
[TEMP DEBUG] _generate_column_key called: sheet_name='科目余额表（5级含未过账）', col_info.column_index=3
[TEMP DEBUG] initial: primary_header='', secondary_header='年初余额'
[TEMP DEBUG] Excel读取列头成功: col=3, header='14745610.82'
[TEMP DEBUG] _generate_column_key called: sheet_name='科目余额表（5级含未过账）', col_info.column_index=5
[TEMP DEBUG] initial: primary_header='币别:人民币', secondary_header='期初余额'
[TEMP DEBUG] _generate_column_key called: sheet_name='科目余额表（5级含未过账）', col_info.column_index=9
[TEMP DEBUG] initial: primary_header='包含未过账凭证', secondary_header='本年累计'
[TEMP DEBUG] _generate_column_key called: sheet_name='科目余额表（5级含未过账）', col_info.column_index=11
[TEMP DEBUG] initial: primary_header='', secondary_header='期末余额'
[TEMP DEBUG] Excel读取列头成功: col=11, header='6460863.03'
[TEMP DEBUG] _generate_column_key called: sheet_name='科目余额表（5级含未过账）', col_info.column_index=5
[TEMP DEBUG] initial: primary_header='币别:人民币', secondary_header='期初余额'
[TEMP DEBUG] _generate_column_key called: sheet_name='科目余额表（5级含未过账）', col_info.column_index=9
[TEMP DEBUG] initial: primary_header='包含未过账凭证', secondary_header='本年累计'
[TEMP DEBUG] _generate_column_key called: sheet_name='科目余额表（5级含未过账）', col_info.column_index=11
[TEMP DEBUG] initial: primary_header='', secondary_header='期末余额'
[TEMP DEBUG] Excel读取列头成功: col=11, header='6460863.03'
[TEMP DEBUG] _generate_column_key called: sheet_name='科目余额表（5级含未过账）', col_info.column_index=5
[TEMP DEBUG] initial: primary_header='币别:人民币', secondary_header='期初余额'
[TEMP DEBUG] _generate_column_key called: sheet_name='科目余额表（5级含未过账）', col_info.column_index=9
[TEMP DEBUG] initial: primary_header='包含未过账凭证', secondary_header='本年累计'
[TEMP DEBUG] _generate_column_key called: sheet_name='科目余额表（5级含未过账）', col_info.column_index=11
[TEMP DEBUG] initial: primary_header='', secondary_header='期末余额'
[TEMP DEBUG] Excel读取列头成功: col=11, header='6460863.03'
[TEMP DEBUG] _generate_column_key called: sheet_name='科目余额表（5级含未过账）', col_info.column_index=3
[TEMP DEBUG] initial: primary_header='', secondary_header='年初余额'
[TEMP DEBUG] Excel读取列头成功: col=3, header='14745610.82'
[TEMP DEBUG] _generate_column_key called: sheet_name='科目余额表（5级含未过账）', col_info.column_index=5
[TEMP DEBUG] initial: primary_header='币别:人民币', secondary_header='期初余额'
[TEMP DEBUG] _generate_column_key called: sheet_name='科目余额表（5级含未过账）', col_info.column_index=11
[TEMP DEBUG] initial: primary_header='', secondary_header='期末余额'
[TEMP DEBUG] Excel读取列头成功: col=11, header='6460863.03'
[TEMP DEBUG] _generate_column_key called: sheet_name='科目余额表（5级含未过账）', col_info.column_index=3
[TEMP DEBUG] initial: primary_header='', secondary_header='年初余额'
[TEMP DEBUG] Excel读取列头成功: col=3, header='14745610.82'
[TEMP DEBUG] _generate_column_key called: sheet_name='科目余额表（5级含未过账）', col_info.column_index=5
[TEMP DEBUG] initial: primary_header='币别:人民币', secondary_header='期初余额'
[TEMP DEBUG] _generate_column_key called: sheet_name='科目余额表（5级含未过账）', col_info.column_index=11
[TEMP DEBUG] initial: primary_header='', secondary_header='期末余额'
[TEMP DEBUG] Excel读取列头成功: col=11, header='6460863.03'
[TEMP DEBUG] _generate_column_key called: sheet_name='科目余额表（5级含未过账）', col_info.column_index=1
[TEMP DEBUG] initial: primary_header='期间:2025年第9期', secondary_header='科目代码'
[TEMP DEBUG] _generate_column_key called: sheet_name='科目余额表（5级含未过账）', col_info.column_index=3
[TEMP DEBUG] initial: primary_header='', secondary_header='年初余额'
[TEMP DEBUG] Excel读取列头成功: col=3, header='14745610.82'
[TEMP DEBUG] _generate_column_key called: sheet_name='科目余额表（5级含未过账）', col_info.column_index=5
[TEMP DEBUG] initial: primary_header='币别:人民币', secondary_header='期初余额'
[TEMP DEBUG] _generate_column_key called: sheet_name='科目余额表（5级含未过账）', col_info.column_index=9
[TEMP DEBUG] initial: primary_header='包含未过账凭证', secondary_header='本年累计'
[TEMP DEBUG] _generate_column_key called: sheet_name='科目余额表（5级含未过账）', col_info.column_index=11
[TEMP DEBUG] initial: primary_header='', secondary_header='期末余额'
[TEMP DEBUG] Excel读取列头成功: col=11, header='6460863.03'
[TEMP DEBUG] _generate_column_key called: sheet_name='科目余额表（5级含未过账）', col_info.column_index=3
[TEMP DEBUG] initial: primary_header='', secondary_header='年初余额'
[TEMP DEBUG] Excel读取列头成功: col=3, header='14745610.82'
[TEMP DEBUG] _generate_column_key called: sheet_name='科目余额表（5级含未过账）', col_info.column_index=5
[TEMP DEBUG] initial: primary_header='币别:人民币', secondary_header='期初余额'
[TEMP DEBUG] _generate_column_key called: sheet_name='科目余额表（5级含未过账）', col_info.column_index=9
[TEMP DEBUG] initial: primary_header='包含未过账凭证', secondary_header='本年累计'
[TEMP DEBUG] _generate_column_key called: sheet_name='科目余额表（5级含未过账）', col_info.column_index=11
[TEMP DEBUG] initial: primary_header='', secondary_header='期末余额'
[TEMP DEBUG] Excel读取列头成功: col=11, header='6460863.03'
[TEMP DEBUG] _generate_column_key called: sheet_name='科目余额表（5级含未过账）', col_info.column_index=9
[TEMP DEBUG] initial: primary_header='包含未过账凭证', secondary_header='本年累计'
[TEMP DEBUG] _generate_column_key called: sheet_name='科目余额表（5级含未过账）', col_info.column_index=1
[TEMP DEBUG] initial: primary_header='期间:2025年第9期', secondary_header='科目代码'
[TEMP DEBUG] _generate_column_key called: sheet_name='科目余额表（5级含未过账）', col_info.column_index=1
[TEMP DEBUG] initial: primary_header='期间:2025年第9期', secondary_header='科目代码'
[TEMP DEBUG] _generate_column_key called: sheet_name='科目余额表（5级含未过账）', col_info.column_index=1
[TEMP DEBUG] initial: primary_header='期间:2025年第9期', secondary_header='科目代码'
[TEMP DEBUG] _generate_column_key called: sheet_name='科目余额表（5级含未过账）', col_info.column_index=1
[TEMP DEBUG] initial: primary_header='期间:2025年第9期', secondary_header='科目代码'
[TEMP DEBUG] _generate_column_key called: sheet_name='科目余额表（5级含未过账）', col_info.column_index=1
[TEMP DEBUG] initial: primary_header='期间:2025年第9期', secondary_header='科目代码'
[TEMP DEBUG] _generate_column_key called: sheet_name='科目余额表（5级含未过账）', col_info.column_index=3
[TEMP DEBUG] initial: primary_header='', secondary_header='年初余额'
[TEMP DEBUG] Excel读取列头成功: col=3, header='14745610.82'
[TEMP DEBUG] _generate_column_key called: sheet_name='科目余额表（5级含未过账）', col_info.column_index=5
[TEMP DEBUG] initial: primary_header='币别:人民币', secondary_header='期初余额'
[TEMP DEBUG] _generate_column_key called: sheet_name='科目余额表（5级含未过账）', col_info.column_index=9
[TEMP DEBUG] initial: primary_header='包含未过账凭证', secondary_header='本年累计'
[TEMP DEBUG] _generate_column_key called: sheet_name='科目余额表（5级含未过账）', col_info.column_index=11
[TEMP DEBUG] initial: primary_header='', secondary_header='期末余额'
[TEMP DEBUG] Excel读取列头成功: col=11, header='6460863.03'
[TEMP DEBUG] _generate_column_key called: sheet_name='科目余额表（5级含未过账）', col_info.column_index=3
[TEMP DEBUG] initial: primary_header='', secondary_header='年初余额'
[TEMP DEBUG] Excel读取列头成功: col=3, header='14745610.82'
[TEMP DEBUG] _generate_column_key called: sheet_name='科目余额表（5级含未过账）', col_info.column_index=5
[TEMP DEBUG] initial: primary_header='币别:人民币', secondary_header='期初余额'
[TEMP DEBUG] _generate_column_key called: sheet_name='科目余额表（5级含未过账）', col_info.column_index=11
[TEMP DEBUG] initial: primary_header='', secondary_header='期末余额'
[TEMP DEBUG] Excel读取列头成功: col=11, header='6460863.03'
[TEMP DEBUG] _generate_column_key called: sheet_name='科目余额表（5级含未过账）', col_info.column_index=3
[TEMP DEBUG] initial: primary_header='', secondary_header='年初余额'
[TEMP DEBUG] Excel读取列头成功: col=3, header='14745610.82'
[TEMP DEBUG] _generate_column_key called: sheet_name='科目余额表（5级含未过账）', col_info.column_index=5
[TEMP DEBUG] initial: primary_header='币别:人民币', secondary_header='期初余额'
[TEMP DEBUG] _generate_column_key called: sheet_name='科目余额表（5级含未过账）', col_info.column_index=11
[TEMP DEBUG] initial: primary_header='', secondary_header='期末余额'
[TEMP DEBUG] Excel读取列头成功: col=11, header='6460863.03'
[TEMP DEBUG] _generate_column_key called: sheet_name='科目余额表（5级含未过账）', col_info.column_index=3
[TEMP DEBUG] initial: primary_header='', secondary_header='年初余额'
[TEMP DEBUG] Excel读取列头成功: col=3, header='14745610.82'
[TEMP DEBUG] _generate_column_key called: sheet_name='科目余额表（5级含未过账）', col_info.column_index=5
[TEMP DEBUG] initial: primary_header='币别:人民币', secondary_header='期初余额'
[TEMP DEBUG] _generate_column_key called: sheet_name='科目余额表（5级含未过账）', col_info.column_index=9
[TEMP DEBUG] initial: primary_header='包含未过账凭证', secondary_header='本年累计'
[TEMP DEBUG] _generate_column_key called: sheet_name='科目余额表（5级含未过账）', col_info.column_index=11
[TEMP DEBUG] initial: primary_header='', secondary_header='期末余额'
[TEMP DEBUG] Excel读取列头成功: col=11, header='6460863.03'
[TEMP DEBUG] _generate_column_key called: sheet_name='科目余额表（5级含未过账）', col_info.column_index=3
[TEMP DEBUG] initial: primary_header='', secondary_header='年初余额'
[TEMP DEBUG] Excel读取列头成功: col=3, header='14745610.82'
[TEMP DEBUG] _generate_column_key called: sheet_name='科目余额表（5级含未过账）', col_info.column_index=5
[TEMP DEBUG] initial: primary_header='币别:人民币', secondary_header='期初余额'
[TEMP DEBUG] _generate_column_key called: sheet_name='科目余额表（5级含未过账）', col_info.column_index=9
[TEMP DEBUG] initial: primary_header='包含未过账凭证', secondary_header='本年累计'
[TEMP DEBUG] _generate_column_key called: sheet_name='科目余额表（5级含未过账）', col_info.column_index=11
[TEMP DEBUG] initial: primary_header='', secondary_header='期末余额'
[TEMP DEBUG] Excel读取列头成功: col=11, header='6460863.03'
[TEMP DEBUG] _generate_column_key called: sheet_name='科目余额表（5级含未过账）', col_info.column_index=5
[TEMP DEBUG] initial: primary_header='币别:人民币', secondary_header='期初余额'
[TEMP DEBUG] _generate_column_key called: sheet_name='科目余额表（5级含未过账）', col_info.column_index=9
[TEMP DEBUG] initial: primary_header='包含未过账凭证', secondary_header='本年累计'
[TEMP DEBUG] _generate_column_key called: sheet_name='科目余额表（5级含未过账）', col_info.column_index=11
[TEMP DEBUG] initial: primary_header='', secondary_header='期末余额'
[TEMP DEBUG] Excel读取列头成功: col=11, header='6460863.03'
[TEMP DEBUG] _generate_column_key called: sheet_name='科目余额表（5级含未过账）', col_info.column_index=5
[TEMP DEBUG] initial: primary_header='币别:人民币', secondary_header='期初余额'
[TEMP DEBUG] _generate_column_key called: sheet_name='科目余额表（5级含未过账）', col_info.column_index=9
[TEMP DEBUG] initial: primary_header='包含未过账凭证', secondary_header='本年累计'
[TEMP DEBUG] _generate_column_key called: sheet_name='科目余额表（5级含未过账）', col_info.column_index=11
[TEMP DEBUG] initial: primary_header='', secondary_header='期末余额'
[TEMP DEBUG] Excel读取列头成功: col=11, header='6460863.03'
[TEMP DEBUG] _generate_column_key called: sheet_name='科目余额表（5级含未过账）', col_info.column_index=1
[TEMP DEBUG] initial: primary_header='期间:2025年第9期', secondary_header='科目代码'
[TEMP DEBUG] _generate_column_key called: sheet_name='科目余额表（5级含未过账）', col_info.column_index=1
[TEMP DEBUG] initial: primary_header='期间:2025年第9期', secondary_header='科目代码'
[TEMP DEBUG] _generate_column_key called: sheet_name='科目余额表（5级含未过账）', col_info.column_index=1
[TEMP DEBUG] initial: primary_header='期间:2025年第9期', secondary_header='科目代码'
[TEMP DEBUG] _generate_column_key called: sheet_name='科目余额表（5级含未过账）', col_info.column_index=1
[TEMP DEBUG] initial: primary_header='期间:2025年第9期', secondary_header='科目代码'
[TEMP DEBUG] _generate_column_key called: sheet_name='科目余额表（5级含未过账）', col_info.column_index=1
[TEMP DEBUG] initial: primary_header='期间:2025年第9期', secondary_header='科目代码'
[TEMP DEBUG] _generate_column_key called: sheet_name='科目余额表（5级含未过账）', col_info.column_index=1
[TEMP DEBUG] initial: primary_header='期间:2025年第9期', secondary_header='科目代码'
[TEMP DEBUG] _generate_column_key called: sheet_name='科目余额表（5级含未过账）', col_info.column_index=1
[TEMP DEBUG] initial: primary_header='期间:2025年第9期', secondary_header='科目代码'
[TEMP DEBUG] _generate_column_key called: sheet_name='科目余额表（5级含未过账）', col_info.column_index=1
[TEMP DEBUG] initial: primary_header='期间:2025年第9期', secondary_header='科目代码'
[TEMP DEBUG] _generate_column_key called: sheet_name='科目余额表（5级含未过账）', col_info.column_index=1
[TEMP DEBUG] initial: primary_header='期间:2025年第9期', secondary_header='科目代码'
[TEMP DEBUG] _generate_column_key called: sheet_name='科目余额表（5级含未过账）', col_info.column_index=1
[TEMP DEBUG] initial: primary_header='期间:2025年第9期', secondary_header='科目代码'
[TEMP DEBUG] _generate_column_key called: sheet_name='科目余额表（5级含未过账）', col_info.column_index=1
[TEMP DEBUG] initial: primary_header='期间:2025年第9期', secondary_header='科目代码'
[TEMP DEBUG] _generate_column_key called: sheet_name='科目余额表（5级含未过账）', col_info.column_index=1
[TEMP DEBUG] initial: primary_header='期间:2025年第9期', secondary_header='科目代码'
[TEMP DEBUG] _generate_column_key called: sheet_name='科目余额表（5级含未过账）', col_info.column_index=1
[TEMP DEBUG] initial: primary_header='期间:2025年第9期', secondary_header='科目代码'
[TEMP DEBUG] _generate_column_key called: sheet_name='科目余额表（5级含未过账）', col_info.column_index=1
[TEMP DEBUG] initial: primary_header='期间:2025年第9期', secondary_header='科目代码'
[TEMP DEBUG] _generate_column_key called: sheet_name='科目余额表（5级含未过账）', col_info.column_index=1
[TEMP DEBUG] initial: primary_header='期间:2025年第9期', secondary_header='科目代码'
[TEMP DEBUG] _generate_column_key called: sheet_name='科目余额表（5级含未过账）', col_info.column_index=1
[TEMP DEBUG] initial: primary_header='期间:2025年第9期', secondary_header='科目代码'
[TEMP DEBUG] _generate_column_key called: sheet_name='科目余额表（5级含未过账）', col_info.column_index=1
[TEMP DEBUG] initial: primary_header='期间:2025年第9期', secondary_header='科目代码'
[TEMP DEBUG] _generate_column_key called: sheet_name='科目余额表（5级含未过账）', col_info.column_index=1
[TEMP DEBUG] initial: primary_header='期间:2025年第9期', secondary_header='科目代码'
[TEMP DEBUG] _generate_column_key called: sheet_name='科目余额表（5级含未过账）', col_info.column_index=1
[TEMP DEBUG] initial: primary_header='期间:2025年第9期', secondary_header='科目代码'
[TEMP DEBUG] _generate_column_key called: sheet_name='科目余额表（5级含未过账）', col_info.column_index=1
[TEMP DEBUG] initial: primary_header='期间:2025年第9期', secondary_header='科目代码'
[TEMP DEBUG] _generate_column_key called: sheet_name='科目余额表（5级含未过账）', col_info.column_index=1
[TEMP DEBUG] initial: primary_header='期间:2025年第9期', secondary_header='科目代码'
[TEMP DEBUG] _generate_column_key called: sheet_name='科目余额表（5级含未过账）', col_info.column_index=1
[TEMP DEBUG] initial: primary_header='期间:2025年第9期', secondary_header='科目代码'
[TEMP DEBUG] _generate_column_key called: sheet_name='科目余额表（5级含未过账）', col_info.column_index=1
[TEMP DEBUG] initial: primary_header='期间:2025年第9期', secondary_header='科目代码'
[TEMP DEBUG] _generate_column_key called: sheet_name='科目余额表（5级含未过账）', col_info.column_index=1
[TEMP DEBUG] initial: primary_header='期间:2025年第9期', secondary_header='科目代码'
[TEMP DEBUG] _generate_column_key called: sheet_name='科目余额表（5级含未过账）', col_info.column_index=1
[TEMP DEBUG] initial: primary_header='期间:2025年第9期', secondary_header='科目代码'
[TEMP DEBUG] _generate_column_key called: sheet_name='科目余额表（5级含未过账）', col_info.column_index=1
[TEMP DEBUG] initial: primary_header='期间:2025年第9期', secondary_header='科目代码'
[TEMP DEBUG] _generate_column_key called: sheet_name='科目余额表（5级含未过账）', col_info.column_index=1
[TEMP DEBUG] initial: primary_header='期间:2025年第9期', secondary_header='科目代码'
[TEMP DEBUG] _generate_column_key called: sheet_name='科目余额表（5级含未过账）', col_info.column_index=1
[TEMP DEBUG] initial: primary_header='期间:2025年第9期', secondary_header='科目代码'
[TEMP DEBUG] _generate_column_key called: sheet_name='科目余额表（5级含未过账）', col_info.column_index=1
[TEMP DEBUG] initial: primary_header='期间:2025年第9期', secondary_header='科目代码'
[TEMP DEBUG] _generate_column_key called: sheet_name='科目余额表（5级含未过账）', col_info.column_index=1
[TEMP DEBUG] initial: primary_header='期间:2025年第9期', secondary_header='科目代码'
[TEMP DEBUG] _generate_column_key called: sheet_name='科目余额表（5级含未过账）', col_info.column_index=1
[TEMP DEBUG] initial: primary_header='期间:2025年第9期', secondary_header='科目代码'
[TEMP DEBUG] _generate_column_key called: sheet_name='科目余额表（5级含未过账）', col_info.column_index=1
[TEMP DEBUG] initial: primary_header='期间:2025年第9期', secondary_header='科目代码'
[TEMP DEBUG] _generate_column_key called: sheet_name='科目余额表（5级含未过账）', col_info.column_index=1
[TEMP DEBUG] initial: primary_header='期间:2025年第9期', secondary_header='科目代码'
[TEMP DEBUG] _generate_column_key called: sheet_name='科目余额表（5级含未过账）', col_info.column_index=1
[TEMP DEBUG] initial: primary_header='期间:2025年第9期', secondary_header='科目代码'
[TEMP DEBUG] _generate_column_key called: sheet_name='科目余额表（5级含未过账）', col_info.column_index=1
[TEMP DEBUG] initial: primary_header='期间:2025年第9期', secondary_header='科目代码'
[TEMP DEBUG] _generate_column_key called: sheet_name='科目余额表（5级含未过账）', col_info.column_index=1
[TEMP DEBUG] initial: primary_header='期间:2025年第9期', secondary_header='科目代码'
[TEMP DEBUG] _generate_column_key called: sheet_name='科目余额表（5级含未过账）', col_info.column_index=1
[TEMP DEBUG] initial: primary_header='期间:2025年第9期', secondary_header='科目代码'
[TEMP DEBUG] _generate_column_key called: sheet_name='科目余额表（5级含未过账）', col_info.column_index=3
[TEMP DEBUG] initial: primary_header='', secondary_header='年初余额'
[TEMP DEBUG] Excel读取列头成功: col=3, header='14745610.82'
[TEMP DEBUG] _generate_column_key called: sheet_name='科目余额表（5级含未过账）', col_info.column_index=5
[TEMP DEBUG] initial: primary_header='币别:人民币', secondary_header='期初余额'
[TEMP DEBUG] _generate_column_key called: sheet_name='科目余额表（5级含未过账）', col_info.column_index=11
[TEMP DEBUG] initial: primary_header='', secondary_header='期末余额'
[TEMP DEBUG] Excel读取列头成功: col=11, header='6460863.03'
[TEMP DEBUG] _generate_column_key called: sheet_name='科目余额表（5级含未过账）', col_info.column_index=1
[TEMP DEBUG] initial: primary_header='期间:2025年第9期', secondary_header='科目代码'
[TEMP DEBUG] _generate_column_key called: sheet_name='科目余额表（5级含未过账）', col_info.column_index=1
[TEMP DEBUG] initial: primary_header='期间:2025年第9期', secondary_header='科目代码'
[TEMP DEBUG] _generate_column_key called: sheet_name='科目余额表（5级含未过账）', col_info.column_index=1
[TEMP DEBUG] initial: primary_header='期间:2025年第9期', secondary_header='科目代码'
[TEMP DEBUG] _generate_column_key called: sheet_name='科目余额表（5级含未过账）', col_info.column_index=1
[TEMP DEBUG] initial: primary_header='期间:2025年第9期', secondary_header='科目代码'
[TEMP DEBUG] _generate_column_key called: sheet_name='科目余额表（5级含未过账）', col_info.column_index=1
[TEMP DEBUG] initial: primary_header='期间:2025年第9期', secondary_header='科目代码'
[TEMP DEBUG] _generate_column_key called: sheet_name='科目余额表（5级含未过账）', col_info.column_index=3
[TEMP DEBUG] initial: primary_header='', secondary_header='年初余额'
[TEMP DEBUG] Excel读取列头成功: col=3, header='14745610.82'
[TEMP DEBUG] _generate_column_key called: sheet_name='科目余额表（5级含未过账）', col_info.column_index=5
[TEMP DEBUG] initial: primary_header='币别:人民币', secondary_header='期初余额'
[TEMP DEBUG] _generate_column_key called: sheet_name='科目余额表（5级含未过账）', col_info.column_index=11
[TEMP DEBUG] initial: primary_header='', secondary_header='期末余额'
[TEMP DEBUG] Excel读取列头成功: col=11, header='6460863.03'
[TEMP DEBUG] _generate_column_key called: sheet_name='科目余额表（5级含未过账）', col_info.column_index=3
[TEMP DEBUG] initial: primary_header='', secondary_header='年初余额'
[TEMP DEBUG] Excel读取列头成功: col=3, header='14745610.82'
[TEMP DEBUG] _generate_column_key called: sheet_name='科目余额表（5级含未过账）', col_info.column_index=5
[TEMP DEBUG] initial: primary_header='币别:人民币', secondary_header='期初余额'
[TEMP DEBUG] _generate_column_key called: sheet_name='科目余额表（5级含未过账）', col_info.column_index=11
[TEMP DEBUG] initial: primary_header='', secondary_header='期末余额'
[TEMP DEBUG] Excel读取列头成功: col=11, header='6460863.03'
[TEMP DEBUG] _generate_column_key called: sheet_name='科目余额表（5级含未过账）', col_info.column_index=1
[TEMP DEBUG] initial: primary_header='期间:2025年第9期', secondary_header='科目代码'
[TEMP DEBUG] _generate_column_key called: sheet_name='科目余额表（5级含未过账）', col_info.column_index=1
[TEMP DEBUG] initial: primary_header='期间:2025年第9期', secondary_header='科目代码'
[TEMP DEBUG] _generate_column_key called: sheet_name='科目余额表（5级含未过账）', col_info.column_index=1
[TEMP DEBUG] initial: primary_header='期间:2025年第9期', secondary_header='科目代码'
[TEMP DEBUG] _generate_column_key called: sheet_name='科目余额表（5级含未过账）', col_info.column_index=1
[TEMP DEBUG] initial: primary_header='期间:2025年第9期', secondary_header='科目代码'
[TEMP DEBUG] _generate_column_key called: sheet_name='科目余额表（5级含未过账）', col_info.column_index=1
[TEMP DEBUG] initial: primary_header='期间:2025年第9期', secondary_header='科目代码'
[TEMP DEBUG] _generate_column_key called: sheet_name='科目余额表（5级含未过账）', col_info.column_index=1
[TEMP DEBUG] initial: primary_header='期间:2025年第9期', secondary_header='科目代码'
[TEMP DEBUG] _generate_column_key called: sheet_name='科目余额表（5级含未过账）', col_info.column_index=8
[TEMP DEBUG] initial: primary_header='', secondary_header=''
[TEMP DEBUG] Excel读取列头成功: col=8, header='916679.48'
[TEMP DEBUG] _generate_column_key called: sheet_name='科目余额表（5级含未过账）', col_info.column_index=10
[TEMP DEBUG] initial: primary_header='', secondary_header=''
[TEMP DEBUG] Excel读取列头成功: col=10, header='88590695.5'
[TEMP DEBUG] _generate_column_key called: sheet_name='科目余额表（5级含未过账）', col_info.column_index=1
[TEMP DEBUG] initial: primary_header='期间:2025年第9期', secondary_header='科目代码'
[TEMP DEBUG] _generate_column_key called: sheet_name='科目余额表（5级含未过账）', col_info.column_index=1
[TEMP DEBUG] initial: primary_header='期间:2025年第9期', secondary_header='科目代码'
[TEMP DEBUG] _generate_column_key called: sheet_name='科目余额表（5级含未过账）', col_info.column_index=1
[TEMP DEBUG] initial: primary_header='期间:2025年第9期', secondary_header='科目代码'
[TEMP DEBUG] _generate_column_key called: sheet_name='科目余额表（5级含未过账）', col_info.column_index=1
[TEMP DEBUG] initial: primary_header='期间:2025年第9期', secondary_header='科目代码'
[TEMP DEBUG] _generate_column_key called: sheet_name='科目余额表（5级含未过账）', col_info.column_index=1
[TEMP DEBUG] initial: primary_header='期间:2025年第9期', secondary_header='科目代码'
[TEMP DEBUG] _generate_column_key called: sheet_name='科目余额表（5级含未过账）', col_info.column_index=8
[TEMP DEBUG] initial: primary_header='', secondary_header=''
[TEMP DEBUG] Excel读取列头成功: col=8, header='916679.48'
[TEMP DEBUG] _generate_column_key called: sheet_name='科目余额表（5级含未过账）', col_info.column_index=10
[TEMP DEBUG] initial: primary_header='', secondary_header=''
[TEMP DEBUG] Excel读取列头成功: col=10, header='88590695.5'
[TEMP DEBUG] _generate_column_key called: sheet_name='科目余额表（5级含未过账）', col_info.column_index=8
[TEMP DEBUG] initial: primary_header='', secondary_header=''
[TEMP DEBUG] Excel读取列头成功: col=8, header='916679.48'
[TEMP DEBUG] _generate_column_key called: sheet_name='科目余额表（5级含未过账）', col_info.column_index=10
[TEMP DEBUG] initial: primary_header='', secondary_header=''
[TEMP DEBUG] Excel读取列头成功: col=10, header='88590695.5'
[TEMP DEBUG] _generate_column_key called: sheet_name='科目余额表（5级含未过账）', col_info.column_index=1
[TEMP DEBUG] initial: primary_header='期间:2025年第9期', secondary_header='科目代码'
[TEMP DEBUG] _generate_column_key called: sheet_name='科目余额表（5级含未过账）', col_info.column_index=1
[TEMP DEBUG] initial: primary_header='期间:2025年第9期', secondary_header='科目代码'
[TEMP DEBUG] _generate_column_key called: sheet_name='科目余额表（5级含未过账）', col_info.column_index=1
[TEMP DEBUG] initial: primary_header='期间:2025年第9期', secondary_header='科目代码'
[TEMP DEBUG] _generate_column_key called: sheet_name='科目余额表（5级含未过账）', col_info.column_index=1
[TEMP DEBUG] initial: primary_header='期间:2025年第9期', secondary_header='科目代码'
[TEMP DEBUG] _generate_column_key called: sheet_name='科目余额表（5级含未过账）', col_info.column_index=1
[TEMP DEBUG] initial: primary_header='期间:2025年第9期', secondary_header='科目代码'
[TEMP DEBUG] _generate_column_key called: sheet_name='科目余额表（5级含未过账）', col_info.column_index=1
[TEMP DEBUG] initial: primary_header='期间:2025年第9期', secondary_header='科目代码'
[TEMP DEBUG] _generate_column_key called: sheet_name='科目余额表（5级含未过账）', col_info.column_index=1
[TEMP DEBUG] initial: primary_header='期间:2025年第9期', secondary_header='科目代码'
[TEMP DEBUG] _generate_column_key called: sheet_name='科目余额表（5级含未过账）', col_info.column_index=1
[TEMP DEBUG] initial: primary_header='期间:2025年第9期', secondary_header='科目代码'
[TEMP DEBUG] _generate_column_key called: sheet_name='科目余额表（5级含未过账）', col_info.column_index=1
[TEMP DEBUG] initial: primary_header='期间:2025年第9期', secondary_header='科目代码'
[TEMP DEBUG] _generate_column_key called: sheet_name='科目余额表（5级含未过账）', col_info.column_index=1
[TEMP DEBUG] initial: primary_header='期间:2025年第9期', secondary_header='科目代码'
[TEMP DEBUG] _generate_column_key called: sheet_name='科目余额表（5级含未过账）', col_info.column_index=1
[TEMP DEBUG] initial: primary_header='期间:2025年第9期', secondary_header='科目代码'
[TEMP DEBUG] _generate_column_key called: sheet_name='科目余额表（5级含未过账）', col_info.column_index=1
[TEMP DEBUG] initial: primary_header='期间:2025年第9期', secondary_header='科目代码'
[TEMP DEBUG] _generate_column_key called: sheet_name='科目余额表（5级含未过账）', col_info.column_index=1
[TEMP DEBUG] initial: primary_header='期间:2025年第9期', secondary_header='科目代码'
[TEMP DEBUG] _generate_column_key called: sheet_name='科目余额表（5级含未过账）', col_info.column_index=1
[TEMP DEBUG] initial: primary_header='期间:2025年第9期', secondary_header='科目代码'
[TEMP DEBUG] _generate_column_key called: sheet_name='科目余额表（5级含未过账）', col_info.column_index=1
[TEMP DEBUG] initial: primary_header='期间:2025年第9期', secondary_header='科目代码'
[TEMP DEBUG] _generate_column_key called: sheet_name='科目余额表（5级含未过账）', col_info.column_index=1
[TEMP DEBUG] initial: primary_header='期间:2025年第9期', secondary_header='科目代码'
[TEMP DEBUG] _generate_column_key called: sheet_name='科目余额表（5级含未过账）', col_info.column_index=1
[TEMP DEBUG] initial: primary_header='期间:2025年第9期', secondary_header='科目代码'
[TEMP DEBUG] _generate_column_key called: sheet_name='科目余额表（5级含未过账）', col_info.column_index=1
[TEMP DEBUG] initial: primary_header='期间:2025年第9期', secondary_header='科目代码'
[TEMP DEBUG] _generate_column_key called: sheet_name='科目余额表（5级含未过账）', col_info.column_index=1
[TEMP DEBUG] initial: primary_header='期间:2025年第9期', secondary_header='科目代码'
[TEMP DEBUG] _generate_column_key called: sheet_name='科目余额表（5级含未过账）', col_info.column_index=1
[TEMP DEBUG] initial: primary_header='期间:2025年第9期', secondary_header='科目代码'
[TEMP DEBUG] _generate_column_key called: sheet_name='科目余额表（5级含未过账）', col_info.column_index=1
[TEMP DEBUG] initial: primary_header='期间:2025年第9期', secondary_header='科目代码'
[TEMP DEBUG] _generate_column_key called: sheet_name='科目余额表（5级含未过账）', col_info.column_index=1
[TEMP DEBUG] initial: primary_header='期间:2025年第9期', secondary_header='科目代码'
[TEMP DEBUG] _generate_column_key called: sheet_name='科目余额表（5级含未过账）', col_info.column_index=1
[TEMP DEBUG] initial: primary_header='期间:2025年第9期', secondary_header='科目代码'
[TEMP DEBUG] _generate_column_key called: sheet_name='科目余额表（5级含未过账）', col_info.column_index=1
[TEMP DEBUG] initial: primary_header='期间:2025年第9期', secondary_header='科目代码'
[TEMP DEBUG] _generate_column_key called: sheet_name='科目余额表（5级含未过账）', col_info.column_index=1
[TEMP DEBUG] initial: primary_header='期间:2025年第9期', secondary_header='科目代码'
[TEMP DEBUG] _generate_column_key called: sheet_name='科目余额表（5级含未过账）', col_info.column_index=1
[TEMP DEBUG] initial: primary_header='期间:2025年第9期', secondary_header='科目代码'
[TEMP DEBUG] _generate_column_key called: sheet_name='科目余额表（5级含未过账）', col_info.column_index=1
[TEMP DEBUG] initial: primary_header='期间:2025年第9期', secondary_header='科目代码'
[TEMP DEBUG] _generate_column_key called: sheet_name='科目余额表（5级含未过账）', col_info.column_index=1
[TEMP DEBUG] initial: primary_header='期间:2025年第9期', secondary_header='科目代码'
[TEMP DEBUG] _generate_column_key called: sheet_name='科目余额表（5级含未过账）', col_info.column_index=1
[TEMP DEBUG] initial: primary_header='期间:2025年第9期', secondary_header='科目代码'
[TEMP DEBUG] _generate_column_key called: sheet_name='科目余额表（5级含未过账）', col_info.column_index=1
[TEMP DEBUG] initial: primary_header='期间:2025年第9期', secondary_header='科目代码'
[TEMP DEBUG] _generate_column_key called: sheet_name='科目余额表（5级含未过账）', col_info.column_index=1
[TEMP DEBUG] initial: primary_header='期间:2025年第9期', secondary_header='科目代码'
[TEMP DEBUG] _generate_column_key called: sheet_name='科目余额表（5级含未过账）', col_info.column_index=1
[TEMP DEBUG] initial: primary_header='期间:2025年第9期', secondary_header='科目代码'
[TEMP DEBUG] _generate_column_key called: sheet_name='科目余额表（5级含未过账）', col_info.column_index=1
[TEMP DEBUG] initial: primary_header='期间:2025年第9期', secondary_header='科目代码'
[TEMP DEBUG] _generate_column_key called: sheet_name='科目余额表（5级含未过账）', col_info.column_index=1
[TEMP DEBUG] initial: primary_header='期间:2025年第9期', secondary_header='科目代码'
[TEMP DEBUG] _generate_column_key called: sheet_name='科目余额表（5级含未过账）', col_info.column_index=1
[TEMP DEBUG] initial: primary_header='期间:2025年第9期', secondary_header='科目代码'
[TEMP DEBUG] _generate_column_key called: sheet_name='科目余额表（5级含未过账）', col_info.column_index=1
[TEMP DEBUG] initial: primary_header='期间:2025年第9期', secondary_header='科目代码'
[TEMP DEBUG] _generate_column_key called: sheet_name='科目余额表（5级含未过账）', col_info.column_index=1
[TEMP DEBUG] initial: primary_header='期间:2025年第9期', secondary_header='科目代码'
[TEMP DEBUG] _generate_column_key called: sheet_name='科目余额表（5级含未过账）', col_info.column_index=1
[TEMP DEBUG] initial: primary_header='期间:2025年第9期', secondary_header='科目代码'
[TEMP DEBUG] _generate_column_key called: sheet_name='科目余额表（5级含未过账）', col_info.column_index=1
[TEMP DEBUG] initial: primary_header='期间:2025年第9期', secondary_header='科目代码'
[TEMP DEBUG] _generate_column_key called: sheet_name='科目余额表（5级含未过账）', col_info.column_index=1
[TEMP DEBUG] initial: primary_header='期间:2025年第9期', secondary_header='科目代码'
[TEMP DEBUG] _generate_column_key called: sheet_name='科目余额表（5级含未过账）', col_info.column_index=9
[TEMP DEBUG] initial: primary_header='包含未过账凭证', secondary_header='本年累计'
[TEMP DEBUG] _generate_column_key called: sheet_name='科目余额表（5级含未过账）', col_info.column_index=1
[TEMP DEBUG] initial: primary_header='期间:2025年第9期', secondary_header='科目代码'
[TEMP DEBUG] _generate_column_key called: sheet_name='科目余额表（5级含未过账）', col_info.column_index=1
[TEMP DEBUG] initial: primary_header='期间:2025年第9期', secondary_header='科目代码'
[TEMP DEBUG] _generate_column_key called: sheet_name='科目余额表（5级含未过账）', col_info.column_index=9
[TEMP DEBUG] initial: primary_header='包含未过账凭证', secondary_header='本年累计'
[TEMP DEBUG] _generate_column_key called: sheet_name='科目余额表（5级含未过账）', col_info.column_index=1
[TEMP DEBUG] initial: primary_header='期间:2025年第9期', secondary_header='科目代码'
[TEMP DEBUG] _generate_column_key called: sheet_name='科目余额表（5级含未过账）', col_info.column_index=1
[TEMP DEBUG] initial: primary_header='期间:2025年第9期', secondary_header='科目代码'
[TEMP DEBUG] _generate_column_key called: sheet_name='科目余额表（5级含未过账）', col_info.column_index=1
[TEMP DEBUG] initial: primary_header='期间:2025年第9期', secondary_header='科目代码'
[TEMP DEBUG] _generate_column_key called: sheet_name='科目余额表（5级含未过账）', col_info.column_index=1
[TEMP DEBUG] initial: primary_header='期间:2025年第9期', secondary_header='科目代码'
[TEMP DEBUG] _generate_column_key called: sheet_name='科目余额表（5级含未过账）', col_info.column_index=1
[TEMP DEBUG] initial: primary_header='期间:2025年第9期', secondary_header='科目代码'
[TEMP DEBUG] _generate_column_key called: sheet_name='科目余额表（5级含未过账）', col_info.column_index=1
[TEMP DEBUG] initial: primary_header='期间:2025年第9期', secondary_header='科目代码'
[TEMP DEBUG] _generate_column_key called: sheet_name='科目余额表（5级含未过账）', col_info.column_index=1
[TEMP DEBUG] initial: primary_header='期间:2025年第9期', secondary_header='科目代码'
[TEMP DEBUG] _generate_column_key called: sheet_name='科目余额表（5级含未过账）', col_info.column_index=1
[TEMP DEBUG] initial: primary_header='期间:2025年第9期', secondary_header='科目代码'
[TEMP DEBUG] _generate_column_key called: sheet_name='科目余额表（5级含未过账）', col_info.column_index=1
[TEMP DEBUG] initial: primary_header='期间:2025年第9期', secondary_header='科目代码'
[TEMP DEBUG] _generate_column_key called: sheet_name='科目余额表（5级含未过账）', col_info.column_index=1
[TEMP DEBUG] initial: primary_header='期间:2025年第9期', secondary_header='科目代码'
[TEMP DEBUG] _generate_column_key called: sheet_name='科目余额表（5级含未过账）', col_info.column_index=1
[TEMP DEBUG] initial: primary_header='期间:2025年第9期', secondary_header='科目代码'
[TEMP DEBUG] _generate_column_key called: sheet_name='科目余额表（5级含未过账）', col_info.column_index=1
[TEMP DEBUG] initial: primary_header='期间:2025年第9期', secondary_header='科目代码'
[TEMP DEBUG] _generate_column_key called: sheet_name='科目余额表（5级含未过账）', col_info.column_index=1
[TEMP DEBUG] initial: primary_header='期间:2025年第9期', secondary_header='科目代码'
[TEMP DEBUG] _generate_column_key called: sheet_name='科目余额表（5级含未过账）', col_info.column_index=1
[TEMP DEBUG] initial: primary_header='期间:2025年第9期', secondary_header='科目代码'
[TEMP DEBUG] _generate_column_key called: sheet_name='科目余额表（5级含未过账）', col_info.column_index=1
[TEMP DEBUG] initial: primary_header='期间:2025年第9期', secondary_header='科目代码'
[TEMP DEBUG] _generate_column_key called: sheet_name='科目余额表（5级含未过账）', col_info.column_index=1
[TEMP DEBUG] initial: primary_header='期间:2025年第9期', secondary_header='科目代码'
[TEMP DEBUG] _generate_column_key called: sheet_name='科目余额表（5级含未过账）', col_info.column_index=1
[TEMP DEBUG] initial: primary_header='期间:2025年第9期', secondary_header='科目代码'
[TEMP DEBUG] _generate_column_key called: sheet_name='科目余额表（5级含未过账）', col_info.column_index=1
[TEMP DEBUG] initial: primary_header='期间:2025年第9期', secondary_header='科目代码'
[TEMP DEBUG] _generate_column_key called: sheet_name='科目余额表（5级含未过账）', col_info.column_index=1
[TEMP DEBUG] initial: primary_header='期间:2025年第9期', secondary_header='科目代码'
[TEMP DEBUG] _generate_column_key called: sheet_name='科目余额表（5级含未过账）', col_info.column_index=1
[TEMP DEBUG] initial: primary_header='期间:2025年第9期', secondary_header='科目代码'
[TEMP DEBUG] _generate_column_key called: sheet_name='科目余额表（5级含未过账）', col_info.column_index=1
[TEMP DEBUG] initial: primary_header='期间:2025年第9期', secondary_header='科目代码'
[TEMP DEBUG] _generate_column_key called: sheet_name='科目余额表（5级含未过账）', col_info.column_index=1
[TEMP DEBUG] initial: primary_header='期间:2025年第9期', secondary_header='科目代码'
[TEMP DEBUG] _generate_column_key called: sheet_name='科目余额表（5级含未过账）', col_info.column_index=1
[TEMP DEBUG] initial: primary_header='期间:2025年第9期', secondary_header='科目代码'
[TEMP DEBUG] _generate_column_key called: sheet_name='科目余额表（5级含未过账）', col_info.column_index=1
[TEMP DEBUG] initial: primary_header='期间:2025年第9期', secondary_header='科目代码'
[TEMP DEBUG] _generate_column_key called: sheet_name='科目余额表（5级含未过账）', col_info.column_index=3
[TEMP DEBUG] initial: primary_header='', secondary_header='年初余额'
[TEMP DEBUG] Excel读取列头成功: col=3, header='14745610.82'
[TEMP DEBUG] _generate_column_key called: sheet_name='科目余额表（5级含未过账）', col_info.column_index=5
[TEMP DEBUG] initial: primary_header='币别:人民币', secondary_header='期初余额'
[TEMP DEBUG] _generate_column_key called: sheet_name='科目余额表（5级含未过账）', col_info.column_index=8
[TEMP DEBUG] initial: primary_header='', secondary_header=''
[TEMP DEBUG] Excel读取列头成功: col=8, header='916679.48'
[TEMP DEBUG] _generate_column_key called: sheet_name='科目余额表（5级含未过账）', col_info.column_index=9
[TEMP DEBUG] initial: primary_header='包含未过账凭证', secondary_header='本年累计'
[TEMP DEBUG] _generate_column_key called: sheet_name='科目余额表（5级含未过账）', col_info.column_index=10
[TEMP DEBUG] initial: primary_header='', secondary_header=''
[TEMP DEBUG] Excel读取列头成功: col=10, header='88590695.5'
[TEMP DEBUG] _generate_column_key called: sheet_name='科目余额表（5级含未过账）', col_info.column_index=11
[TEMP DEBUG] initial: primary_header='', secondary_header='期末余额'
[TEMP DEBUG] Excel读取列头成功: col=11, header='6460863.03'
[TEMP DEBUG] _generate_column_key called: sheet_name='科目余额表（5级含未过账）', col_info.column_index=1
[TEMP DEBUG] initial: primary_header='期间:2025年第9期', secondary_header='科目代码'
[TEMP DEBUG] _generate_column_key called: sheet_name='科目余额表（5级含未过账）', col_info.column_index=3
[TEMP DEBUG] initial: primary_header='', secondary_header='年初余额'
[TEMP DEBUG] Excel读取列头成功: col=3, header='14745610.82'
[TEMP DEBUG] _generate_column_key called: sheet_name='科目余额表（5级含未过账）', col_info.column_index=5
[TEMP DEBUG] initial: primary_header='币别:人民币', secondary_header='期初余额'
[TEMP DEBUG] _generate_column_key called: sheet_name='科目余额表（5级含未过账）', col_info.column_index=8
[TEMP DEBUG] initial: primary_header='', secondary_header=''
[TEMP DEBUG] Excel读取列头成功: col=8, header='916679.48'
[TEMP DEBUG] _generate_column_key called: sheet_name='科目余额表（5级含未过账）', col_info.column_index=9
[TEMP DEBUG] initial: primary_header='包含未过账凭证', secondary_header='本年累计'
[TEMP DEBUG] _generate_column_key called: sheet_name='科目余额表（5级含未过账）', col_info.column_index=10
[TEMP DEBUG] initial: primary_header='', secondary_header=''
[TEMP DEBUG] Excel读取列头成功: col=10, header='88590695.5'
[TEMP DEBUG] _generate_column_key called: sheet_name='科目余额表（5级含未过账）', col_info.column_index=11
[TEMP DEBUG] initial: primary_header='', secondary_header='期末余额'
[TEMP DEBUG] Excel读取列头成功: col=11, header='6460863.03'
[TEMP DEBUG] _generate_column_key called: sheet_name='科目余额表（5级含未过账）', col_info.column_index=8
[TEMP DEBUG] initial: primary_header='', secondary_header=''
[TEMP DEBUG] Excel读取列头成功: col=8, header='916679.48'
[TEMP DEBUG] _generate_column_key called: sheet_name='科目余额表（5级含未过账）', col_info.column_index=9
[TEMP DEBUG] initial: primary_header='包含未过账凭证', secondary_header='本年累计'
[TEMP DEBUG] _generate_column_key called: sheet_name='科目余额表（5级含未过账）', col_info.column_index=10
[TEMP DEBUG] initial: primary_header='', secondary_header=''
[TEMP DEBUG] Excel读取列头成功: col=10, header='88590695.5'
[TEMP DEBUG] _generate_column_key called: sheet_name='科目余额表（5级含未过账）', col_info.column_index=3
[TEMP DEBUG] initial: primary_header='', secondary_header='年初余额'
[TEMP DEBUG] Excel读取列头成功: col=3, header='14745610.82'
[TEMP DEBUG] _generate_column_key called: sheet_name='科目余额表（5级含未过账）', col_info.column_index=5
[TEMP DEBUG] initial: primary_header='币别:人民币', secondary_header='期初余额'
[TEMP DEBUG] _generate_column_key called: sheet_name='科目余额表（5级含未过账）', col_info.column_index=9
[TEMP DEBUG] initial: primary_header='包含未过账凭证', secondary_header='本年累计'
[TEMP DEBUG] _generate_column_key called: sheet_name='科目余额表（5级含未过账）', col_info.column_index=10
[TEMP DEBUG] initial: primary_header='', secondary_header=''
[TEMP DEBUG] Excel读取列头成功: col=10, header='88590695.5'
[TEMP DEBUG] _generate_column_key called: sheet_name='科目余额表（5级含未过账）', col_info.column_index=11
[TEMP DEBUG] initial: primary_header='', secondary_header='期末余额'
[TEMP DEBUG] Excel读取列头成功: col=11, header='6460863.03'
[TEMP DEBUG] _generate_column_key called: sheet_name='科目余额表（5级含未过账）', col_info.column_index=9
[TEMP DEBUG] initial: primary_header='包含未过账凭证', secondary_header='本年累计'
[TEMP DEBUG] _generate_column_key called: sheet_name='科目余额表（5级含未过账）', col_info.column_index=10
[TEMP DEBUG] initial: primary_header='', secondary_header=''
[TEMP DEBUG] Excel读取列头成功: col=10, header='88590695.5'
[TEMP DEBUG] _generate_column_key called: sheet_name='科目余额表（5级含未过账）', col_info.column_index=1
[TEMP DEBUG] initial: primary_header='期间:2025年第9期', secondary_header='科目代码'
[TEMP DEBUG] _generate_column_key called: sheet_name='科目余额表（5级含未过账）', col_info.column_index=1
[TEMP DEBUG] initial: primary_header='期间:2025年第9期', secondary_header='科目代码'
[TEMP DEBUG] _generate_column_key called: sheet_name='科目余额表（5级含未过账）', col_info.column_index=1
[TEMP DEBUG] initial: primary_header='期间:2025年第9期', secondary_header='科目代码'
[TEMP DEBUG] _generate_column_key called: sheet_name='科目余额表（5级含未过账）', col_info.column_index=1
[TEMP DEBUG] initial: primary_header='期间:2025年第9期', secondary_header='科目代码'
[TEMP DEBUG] _generate_column_key called: sheet_name='科目余额表（5级含未过账）', col_info.column_index=3
[TEMP DEBUG] initial: primary_header='', secondary_header='年初余额'
[TEMP DEBUG] Excel读取列头成功: col=3, header='14745610.82'
[TEMP DEBUG] _generate_column_key called: sheet_name='科目余额表（5级含未过账）', col_info.column_index=5
[TEMP DEBUG] initial: primary_header='币别:人民币', secondary_header='期初余额'
[TEMP DEBUG] _generate_column_key called: sheet_name='科目余额表（5级含未过账）', col_info.column_index=9
[TEMP DEBUG] initial: primary_header='包含未过账凭证', secondary_header='本年累计'
[TEMP DEBUG] _generate_column_key called: sheet_name='科目余额表（5级含未过账）', col_info.column_index=11
[TEMP DEBUG] initial: primary_header='', secondary_header='期末余额'
[TEMP DEBUG] Excel读取列头成功: col=11, header='6460863.03'
[TEMP DEBUG] _generate_column_key called: sheet_name='科目余额表（5级含未过账）', col_info.column_index=1
[TEMP DEBUG] initial: primary_header='期间:2025年第9期', secondary_header='科目代码'
[TEMP DEBUG] _generate_column_key called: sheet_name='科目余额表（5级含未过账）', col_info.column_index=1
[TEMP DEBUG] initial: primary_header='期间:2025年第9期', secondary_header='科目代码'
[TEMP DEBUG] _generate_column_key called: sheet_name='科目余额表（5级含未过账）', col_info.column_index=1
[TEMP DEBUG] initial: primary_header='期间:2025年第9期', secondary_header='科目代码'
[TEMP DEBUG] _generate_column_key called: sheet_name='科目余额表（5级含未过账）', col_info.column_index=1
[TEMP DEBUG] initial: primary_header='期间:2025年第9期', secondary_header='科目代码'
[TEMP DEBUG] _generate_column_key called: sheet_name='科目余额表（5级含未过账）', col_info.column_index=1
[TEMP DEBUG] initial: primary_header='期间:2025年第9期', secondary_header='科目代码'
[TEMP DEBUG] _generate_column_key called: sheet_name='科目余额表（5级含未过账）', col_info.column_index=1
[TEMP DEBUG] initial: primary_header='期间:2025年第9期', secondary_header='科目代码'
[TEMP DEBUG] _generate_column_key called: sheet_name='科目余额表（5级含未过账）', col_info.column_index=1
[TEMP DEBUG] initial: primary_header='期间:2025年第9期', secondary_header='科目代码'
[TEMP DEBUG] _generate_column_key called: sheet_name='科目余额表（5级含未过账）', col_info.column_index=9
[TEMP DEBUG] initial: primary_header='包含未过账凭证', secondary_header='本年累计'
[TEMP DEBUG] _generate_column_key called: sheet_name='科目余额表（5级含未过账）', col_info.column_index=10
[TEMP DEBUG] initial: primary_header='', secondary_header=''
[TEMP DEBUG] Excel读取列头成功: col=10, header='88590695.5'
[TEMP DEBUG] _generate_column_key called: sheet_name='科目余额表（5级含未过账）', col_info.column_index=1
[TEMP DEBUG] initial: primary_header='期间:2025年第9期', secondary_header='科目代码'
[TEMP DEBUG] _generate_column_key called: sheet_name='科目余额表（5级含未过账）', col_info.column_index=1
[TEMP DEBUG] initial: primary_header='期间:2025年第9期', secondary_header='科目代码'
[TEMP DEBUG] _generate_column_key called: sheet_name='科目余额表（5级含未过账）', col_info.column_index=1
[TEMP DEBUG] initial: primary_header='期间:2025年第9期', secondary_header='科目代码'
[TEMP DEBUG] _generate_column_key called: sheet_name='科目余额表（5级含未过账）', col_info.column_index=8
[TEMP DEBUG] initial: primary_header='', secondary_header=''
[TEMP DEBUG] Excel读取列头成功: col=8, header='916679.48'
[TEMP DEBUG] _generate_column_key called: sheet_name='科目余额表（5级含未过账）', col_info.column_index=9
[TEMP DEBUG] initial: primary_header='包含未过账凭证', secondary_header='本年累计'
[TEMP DEBUG] _generate_column_key called: sheet_name='科目余额表（5级含未过账）', col_info.column_index=10
[TEMP DEBUG] initial: primary_header='', secondary_header=''
[TEMP DEBUG] Excel读取列头成功: col=10, header='88590695.5'
[TEMP DEBUG] _generate_column_key called: sheet_name='科目余额表（5级含未过账）', col_info.column_index=1
[TEMP DEBUG] initial: primary_header='期间:2025年第9期', secondary_header='科目代码'
[TEMP DEBUG] _generate_column_key called: sheet_name='科目余额表（5级含未过账）', col_info.column_index=9
[TEMP DEBUG] initial: primary_header='包含未过账凭证', secondary_header='本年累计'
[TEMP DEBUG] _generate_column_key called: sheet_name='科目余额表（5级含未过账）', col_info.column_index=10
[TEMP DEBUG] initial: primary_header='', secondary_header=''
[TEMP DEBUG] Excel读取列头成功: col=10, header='88590695.5'
[TEMP DEBUG] _generate_column_key called: sheet_name='科目余额表（5级含未过账）', col_info.column_index=1
[TEMP DEBUG] initial: primary_header='期间:2025年第9期', secondary_header='科目代码'
[TEMP DEBUG] _generate_column_key called: sheet_name='科目余额表（5级含未过账）', col_info.column_index=9
[TEMP DEBUG] initial: primary_header='包含未过账凭证', secondary_header='本年累计'
[TEMP DEBUG] _generate_column_key called: sheet_name='科目余额表（5级含未过账）', col_info.column_index=10
[TEMP DEBUG] initial: primary_header='', secondary_header=''
[TEMP DEBUG] Excel读取列头成功: col=10, header='88590695.5'
[TEMP DEBUG] _generate_column_key called: sheet_name='科目余额表（5级含未过账）', col_info.column_index=1
[TEMP DEBUG] initial: primary_header='期间:2025年第9期', secondary_header='科目代码'
[TEMP DEBUG] _generate_column_key called: sheet_name='科目余额表（5级含未过账）', col_info.column_index=1
[TEMP DEBUG] initial: primary_header='期间:2025年第9期', secondary_header='科目代码'
[TEMP DEBUG] _generate_column_key called: sheet_name='科目余额表（5级含未过账）', col_info.column_index=1
[TEMP DEBUG] initial: primary_header='期间:2025年第9期', secondary_header='科目代码'
[TEMP DEBUG] _generate_column_key called: sheet_name='科目余额表（5级含未过账）', col_info.column_index=1
[TEMP DEBUG] initial: primary_header='期间:2025年第9期', secondary_header='科目代码'
[TEMP DEBUG] _generate_column_key called: sheet_name='科目余额表（5级含未过账）', col_info.column_index=1
[TEMP DEBUG] initial: primary_header='期间:2025年第9期', secondary_header='科目代码'
[TEMP DEBUG] _generate_column_key called: sheet_name='科目余额表（5级含未过账）', col_info.column_index=1
[TEMP DEBUG] initial: primary_header='期间:2025年第9期', secondary_header='科目代码'
[TEMP DEBUG] _generate_column_key called: sheet_name='科目余额表（5级含未过账）', col_info.column_index=1
[TEMP DEBUG] initial: primary_header='期间:2025年第9期', secondary_header='科目代码'
[TEMP DEBUG] _generate_column_key called: sheet_name='科目余额表（5级含未过账）', col_info.column_index=1
[TEMP DEBUG] initial: primary_header='期间:2025年第9期', secondary_header='科目代码'
[TEMP DEBUG] _generate_column_key called: sheet_name='科目余额表（5级含未过账）', col_info.column_index=1
[TEMP DEBUG] initial: primary_header='期间:2025年第9期', secondary_header='科目代码'
[TEMP DEBUG] _generate_column_key called: sheet_name='科目余额表（5级含未过账）', col_info.column_index=1
[TEMP DEBUG] initial: primary_header='期间:2025年第9期', secondary_header='科目代码'
[TEMP DEBUG] _generate_column_key called: sheet_name='科目余额表（5级含未过账）', col_info.column_index=1
[TEMP DEBUG] initial: primary_header='期间:2025年第9期', secondary_header='科目代码'
[TEMP DEBUG] _generate_column_key called: sheet_name='科目余额表（5级含未过账）', col_info.column_index=5
[TEMP DEBUG] initial: primary_header='币别:人民币', secondary_header='期初余额'
[TEMP DEBUG] _generate_column_key called: sheet_name='科目余额表（5级含未过账）', col_info.column_index=8
[TEMP DEBUG] initial: primary_header='', secondary_header=''
[TEMP DEBUG] Excel读取列头成功: col=8, header='916679.48'
[TEMP DEBUG] _generate_column_key called: sheet_name='科目余额表（5级含未过账）', col_info.column_index=9
[TEMP DEBUG] initial: primary_header='包含未过账凭证', secondary_header='本年累计'
[TEMP DEBUG] _generate_column_key called: sheet_name='科目余额表（5级含未过账）', col_info.column_index=10
[TEMP DEBUG] initial: primary_header='', secondary_header=''
[TEMP DEBUG] Excel读取列头成功: col=10, header='88590695.5'
[TEMP DEBUG] _generate_column_key called: sheet_name='科目余额表（5级含未过账）', col_info.column_index=11
[TEMP DEBUG] initial: primary_header='', secondary_header='期末余额'
[TEMP DEBUG] Excel读取列头成功: col=11, header='6460863.03'
[TEMP DEBUG] _generate_column_key called: sheet_name='科目余额表（5级含未过账）', col_info.column_index=1
[TEMP DEBUG] initial: primary_header='期间:2025年第9期', secondary_header='科目代码'
[TEMP DEBUG] _generate_column_key called: sheet_name='科目余额表（5级含未过账）', col_info.column_index=5
[TEMP DEBUG] initial: primary_header='币别:人民币', secondary_header='期初余额'
[TEMP DEBUG] _generate_column_key called: sheet_name='科目余额表（5级含未过账）', col_info.column_index=8
[TEMP DEBUG] initial: primary_header='', secondary_header=''
[TEMP DEBUG] Excel读取列头成功: col=8, header='916679.48'
[TEMP DEBUG] _generate_column_key called: sheet_name='科目余额表（5级含未过账）', col_info.column_index=9
[TEMP DEBUG] initial: primary_header='包含未过账凭证', secondary_header='本年累计'
[TEMP DEBUG] _generate_column_key called: sheet_name='科目余额表（5级含未过账）', col_info.column_index=10
[TEMP DEBUG] initial: primary_header='', secondary_header=''
[TEMP DEBUG] Excel读取列头成功: col=10, header='88590695.5'
[TEMP DEBUG] _generate_column_key called: sheet_name='科目余额表（5级含未过账）', col_info.column_index=11
[TEMP DEBUG] initial: primary_header='', secondary_header='期末余额'
[TEMP DEBUG] Excel读取列头成功: col=11, header='6460863.03'
[TEMP DEBUG] _generate_column_key called: sheet_name='科目余额表（5级含未过账）', col_info.column_index=1
[TEMP DEBUG] initial: primary_header='期间:2025年第9期', secondary_header='科目代码'
[TEMP DEBUG] _generate_column_key called: sheet_name='科目余额表（5级含未过账）', col_info.column_index=9
[TEMP DEBUG] initial: primary_header='包含未过账凭证', secondary_header='本年累计'
[TEMP DEBUG] _generate_column_key called: sheet_name='科目余额表（5级含未过账）', col_info.column_index=10
[TEMP DEBUG] initial: primary_header='', secondary_header=''
[TEMP DEBUG] Excel读取列头成功: col=10, header='88590695.5'
[TEMP DEBUG] _generate_column_key called: sheet_name='科目余额表（5级含未过账）', col_info.column_index=1
[TEMP DEBUG] initial: primary_header='期间:2025年第9期', secondary_header='科目代码'
[TEMP DEBUG] _generate_column_key called: sheet_name='科目余额表（5级含未过账）', col_info.column_index=1
[TEMP DEBUG] initial: primary_header='期间:2025年第9期', secondary_header='科目代码'
[TEMP DEBUG] _generate_column_key called: sheet_name='科目余额表（5级含未过账）', col_info.column_index=9
[TEMP DEBUG] initial: primary_header='包含未过账凭证', secondary_header='本年累计'
[TEMP DEBUG] _generate_column_key called: sheet_name='科目余额表（5级含未过账）', col_info.column_index=10
[TEMP DEBUG] initial: primary_header='', secondary_header=''
[TEMP DEBUG] Excel读取列头成功: col=10, header='88590695.5'
[TEMP DEBUG] _generate_column_key called: sheet_name='科目余额表（5级含未过账）', col_info.column_index=1
[TEMP DEBUG] initial: primary_header='期间:2025年第9期', secondary_header='科目代码'
[TEMP DEBUG] _generate_column_key called: sheet_name='科目余额表（5级含未过账）', col_info.column_index=1
[TEMP DEBUG] initial: primary_header='期间:2025年第9期', secondary_header='科目代码'
[TEMP DEBUG] _generate_column_key called: sheet_name='科目余额表（5级含未过账）', col_info.column_index=1
[TEMP DEBUG] initial: primary_header='期间:2025年第9期', secondary_header='科目代码'
[TEMP DEBUG] _generate_column_key called: sheet_name='科目余额表（5级含未过账）', col_info.column_index=1
[TEMP DEBUG] initial: primary_header='期间:2025年第9期', secondary_header='科目代码'
[TEMP DEBUG] _generate_column_key called: sheet_name='科目余额表（5级含未过账）', col_info.column_index=1
[TEMP DEBUG] initial: primary_header='期间:2025年第9期', secondary_header='科目代码'
[TEMP DEBUG] _generate_column_key called: sheet_name='科目余额表（5级含未过账）', col_info.column_index=9
[TEMP DEBUG] initial: primary_header='包含未过账凭证', secondary_header='本年累计'
[TEMP DEBUG] _generate_column_key called: sheet_name='科目余额表（5级含未过账）', col_info.column_index=10
[TEMP DEBUG] initial: primary_header='', secondary_header=''
[TEMP DEBUG] Excel读取列头成功: col=10, header='88590695.5'
[TEMP DEBUG] _generate_column_key called: sheet_name='科目余额表（5级含未过账）', col_info.column_index=1
[TEMP DEBUG] initial: primary_header='期间:2025年第9期', secondary_header='科目代码'
[TEMP DEBUG] _generate_column_key called: sheet_name='科目余额表（5级含未过账）', col_info.column_index=1
[TEMP DEBUG] initial: primary_header='期间:2025年第9期', secondary_header='科目代码'
[TEMP DEBUG] _generate_column_key called: sheet_name='科目余额表（5级含未过账）', col_info.column_index=9
[TEMP DEBUG] initial: primary_header='包含未过账凭证', secondary_header='本年累计'
[TEMP DEBUG] _generate_column_key called: sheet_name='科目余额表（5级含未过账）', col_info.column_index=10
[TEMP DEBUG] initial: primary_header='', secondary_header=''
[TEMP DEBUG] Excel读取列头成功: col=10, header='88590695.5'
[TEMP DEBUG] _generate_column_key called: sheet_name='科目余额表（5级含未过账）', col_info.column_index=10
[TEMP DEBUG] initial: primary_header='', secondary_header=''
[TEMP DEBUG] Excel读取列头成功: col=10, header='88590695.5'
[TEMP DEBUG] _generate_column_key called: sheet_name='科目余额表（5级含未过账）', col_info.column_index=10
[TEMP DEBUG] initial: primary_header='', secondary_header=''
[TEMP DEBUG] Excel读取列头成功: col=10, header='88590695.5'
[TEMP DEBUG] _generate_column_key called: sheet_name='科目余额表（5级含未过账）', col_info.column_index=9
[TEMP DEBUG] initial: primary_header='包含未过账凭证', secondary_header='本年累计'
[TEMP DEBUG] _generate_column_key called: sheet_name='科目余额表（5级含未过账）', col_info.column_index=10
[TEMP DEBUG] initial: primary_header='', secondary_header=''
[TEMP DEBUG] Excel读取列头成功: col=10, header='88590695.5'
[TEMP DEBUG] _generate_column_key called: sheet_name='科目余额表（5级含未过账）', col_info.column_index=1
[TEMP DEBUG] initial: primary_header='期间:2025年第9期', secondary_header='科目代码'
[TEMP DEBUG] _generate_column_key called: sheet_name='科目余额表（5级含未过账）', col_info.column_index=1
[TEMP DEBUG] initial: primary_header='期间:2025年第9期', secondary_header='科目代码'
[TEMP DEBUG] _generate_column_key called: sheet_name='科目余额表（5级含未过账）', col_info.column_index=9
[TEMP DEBUG] initial: primary_header='包含未过账凭证', secondary_header='本年累计'
[TEMP DEBUG] _generate_column_key called: sheet_name='科目余额表（5级含未过账）', col_info.column_index=10
[TEMP DEBUG] initial: primary_header='', secondary_header=''
[TEMP DEBUG] Excel读取列头成功: col=10, header='88590695.5'
[TEMP DEBUG] _generate_column_key called: sheet_name='科目余额表（5级含未过账）', col_info.column_index=1
[TEMP DEBUG] initial: primary_header='期间:2025年第9期', secondary_header='科目代码'
[TEMP DEBUG] _generate_column_key called: sheet_name='科目余额表（5级含未过账）', col_info.column_index=1
[TEMP DEBUG] initial: primary_header='期间:2025年第9期', secondary_header='科目代码'
[TEMP DEBUG] _generate_column_key called: sheet_name='科目余额表（5级含未过账）', col_info.column_index=1
[TEMP DEBUG] initial: primary_header='期间:2025年第9期', secondary_header='科目代码'
[TEMP DEBUG] _generate_column_key called: sheet_name='科目余额表（5级含未过账）', col_info.column_index=10
[TEMP DEBUG] initial: primary_header='', secondary_header=''
[TEMP DEBUG] Excel读取列头成功: col=10, header='88590695.5'
[TEMP DEBUG] _generate_column_key called: sheet_name='科目余额表（5级含未过账）', col_info.column_index=10
[TEMP DEBUG] initial: primary_header='', secondary_header=''
[TEMP DEBUG] Excel读取列头成功: col=10, header='88590695.5'
[TEMP DEBUG] _generate_column_key called: sheet_name='科目余额表（5级含未过账）', col_info.column_index=1
[TEMP DEBUG] initial: primary_header='期间:2025年第9期', secondary_header='科目代码'
[TEMP DEBUG] _generate_column_key called: sheet_name='科目余额表（5级含未过账）', col_info.column_index=9
[TEMP DEBUG] initial: primary_header='包含未过账凭证', secondary_header='本年累计'
[TEMP DEBUG] _generate_column_key called: sheet_name='科目余额表（5级含未过账）', col_info.column_index=10
[TEMP DEBUG] initial: primary_header='', secondary_header=''
[TEMP DEBUG] Excel读取列头成功: col=10, header='88590695.5'
[TEMP DEBUG] _generate_column_key called: sheet_name='科目余额表（5级含未过账）', col_info.column_index=9
[TEMP DEBUG] initial: primary_header='包含未过账凭证', secondary_header='本年累计'
[TEMP DEBUG] _generate_column_key called: sheet_name='科目余额表（5级含未过账）', col_info.column_index=10
[TEMP DEBUG] initial: primary_header='', secondary_header=''
[TEMP DEBUG] Excel读取列头成功: col=10, header='88590695.5'
[TEMP DEBUG] _generate_column_key called: sheet_name='科目余额表（5级含未过账）', col_info.column_index=1
[TEMP DEBUG] initial: primary_header='期间:2025年第9期', secondary_header='科目代码'
[TEMP DEBUG] _generate_column_key called: sheet_name='科目余额表（5级含未过账）', col_info.column_index=1
[TEMP DEBUG] initial: primary_header='期间:2025年第9期', secondary_header='科目代码'
[TEMP DEBUG] _generate_column_key called: sheet_name='科目余额表（5级含未过账）', col_info.column_index=1
[TEMP DEBUG] initial: primary_header='期间:2025年第9期', secondary_header='科目代码'
[TEMP DEBUG] _generate_column_key called: sheet_name='科目余额表（5级含未过账）', col_info.column_index=1
[TEMP DEBUG] initial: primary_header='期间:2025年第9期', secondary_header='科目代码'
[TEMP DEBUG] _generate_column_key called: sheet_name='科目余额表（5级含未过账）', col_info.column_index=1
[TEMP DEBUG] initial: primary_header='期间:2025年第9期', secondary_header='科目代码'
[TEMP DEBUG] _generate_column_key called: sheet_name='科目余额表（5级含未过账）', col_info.column_index=1
[TEMP DEBUG] initial: primary_header='期间:2025年第9期', secondary_header='科目代码'
[TEMP DEBUG] _generate_column_key called: sheet_name='科目余额表（5级含未过账）', col_info.column_index=1
[TEMP DEBUG] initial: primary_header='期间:2025年第9期', secondary_header='科目代码'
[TEMP DEBUG] _generate_column_key called: sheet_name='科目余额表（5级含未过账）', col_info.column_index=1
[TEMP DEBUG] initial: primary_header='期间:2025年第9期', secondary_header='科目代码'
[TEMP DEBUG] _generate_column_key called: sheet_name='科目余额表（5级含未过账）', col_info.column_index=1
[TEMP DEBUG] initial: primary_header='期间:2025年第9期', secondary_header='科目代码'
[TEMP DEBUG] _generate_column_key called: sheet_name='科目余额表（5级含未过账）', col_info.column_index=1
[TEMP DEBUG] initial: primary_header='期间:2025年第9期', secondary_header='科目代码'
[TEMP DEBUG] _generate_column_key called: sheet_name='科目余额表（5级含未过账）', col_info.column_index=1
[TEMP DEBUG] initial: primary_header='期间:2025年第9期', secondary_header='科目代码'
[TEMP DEBUG] _generate_column_key called: sheet_name='科目余额表（5级含未过账）', col_info.column_index=1
[TEMP DEBUG] initial: primary_header='期间:2025年第9期', secondary_header='科目代码'
[TEMP DEBUG] _generate_column_key called: sheet_name='科目余额表（5级含未过账）', col_info.column_index=1
[TEMP DEBUG] initial: primary_header='期间:2025年第9期', secondary_header='科目代码'
[TEMP DEBUG] _generate_column_key called: sheet_name='科目余额表（5级含未过账）', col_info.column_index=1
[TEMP DEBUG] initial: primary_header='期间:2025年第9期', secondary_header='科目代码'
[TEMP DEBUG] _generate_column_key called: sheet_name='科目余额表（5级含未过账）', col_info.column_index=1
[TEMP DEBUG] initial: primary_header='期间:2025年第9期', secondary_header='科目代码'
[TEMP DEBUG] _generate_column_key called: sheet_name='科目余额表（5级含未过账）', col_info.column_index=1
[TEMP DEBUG] initial: primary_header='期间:2025年第9期', secondary_header='科目代码'
[TEMP DEBUG] _generate_column_key called: sheet_name='科目余额表（5级含未过账）', col_info.column_index=1
[TEMP DEBUG] initial: primary_header='期间:2025年第9期', secondary_header='科目代码'
[TEMP DEBUG] _generate_column_key called: sheet_name='科目余额表（5级含未过账）', col_info.column_index=1
[TEMP DEBUG] initial: primary_header='期间:2025年第9期', secondary_header='科目代码'
[TEMP DEBUG] _generate_column_key called: sheet_name='科目余额表（5级含未过账）', col_info.column_index=1
[TEMP DEBUG] initial: primary_header='期间:2025年第9期', secondary_header='科目代码'
[TEMP DEBUG] _generate_column_key called: sheet_name='科目余额表（5级含未过账）', col_info.column_index=1
[TEMP DEBUG] initial: primary_header='期间:2025年第9期', secondary_header='科目代码'
[TEMP DEBUG] _generate_column_key called: sheet_name='科目余额表（5级含未过账）', col_info.column_index=1
[TEMP DEBUG] initial: primary_header='期间:2025年第9期', secondary_header='科目代码'
[TEMP DEBUG] _generate_column_key called: sheet_name='科目余额表（5级含未过账）', col_info.column_index=1
[TEMP DEBUG] initial: primary_header='期间:2025年第9期', secondary_header='科目代码'
[TEMP DEBUG] _generate_column_key called: sheet_name='科目余额表（5级含未过账）', col_info.column_index=1
[TEMP DEBUG] initial: primary_header='期间:2025年第9期', secondary_header='科目代码'
[TEMP DEBUG] _generate_column_key called: sheet_name='科目余额表（5级含未过账）', col_info.column_index=1
[TEMP DEBUG] initial: primary_header='期间:2025年第9期', secondary_header='科目代码'
[TEMP DEBUG] _generate_column_key called: sheet_name='科目余额表（5级含未过账）', col_info.column_index=1
[TEMP DEBUG] initial: primary_header='期间:2025年第9期', secondary_header='科目代码'
[TEMP DEBUG] _generate_column_key called: sheet_name='科目余额表（5级含未过账）', col_info.column_index=1
[TEMP DEBUG] initial: primary_header='期间:2025年第9期', secondary_header='科目代码'
[TEMP DEBUG] _generate_column_key called: sheet_name='科目余额表（5级含未过账）', col_info.column_index=1
[TEMP DEBUG] initial: primary_header='期间:2025年第9期', secondary_header='科目代码'
[TEMP DEBUG] _generate_column_key called: sheet_name='科目余额表（5级含未过账）', col_info.column_index=1
[TEMP DEBUG] initial: primary_header='期间:2025年第9期', secondary_header='科目代码'
[TEMP DEBUG] _generate_column_key called: sheet_name='科目余额表（5级含未过账）', col_info.column_index=1
[TEMP DEBUG] initial: primary_header='期间:2025年第9期', secondary_header='科目代码'
[TEMP DEBUG] _generate_column_key called: sheet_name='科目余额表（5级含未过账）', col_info.column_index=1
[TEMP DEBUG] initial: primary_header='期间:2025年第9期', secondary_header='科目代码'
[TEMP DEBUG] _generate_column_key called: sheet_name='科目余额表（5级含未过账）', col_info.column_index=1
[TEMP DEBUG] initial: primary_header='期间:2025年第9期', secondary_header='科目代码'
[TEMP DEBUG] _generate_column_key called: sheet_name='科目余额表（5级含未过账）', col_info.column_index=10
[TEMP DEBUG] initial: primary_header='', secondary_header=''
[TEMP DEBUG] Excel读取列头成功: col=10, header='88590695.5'
[TEMP DEBUG] _generate_column_key called: sheet_name='科目余额表（5级含未过账）', col_info.column_index=1
[TEMP DEBUG] initial: primary_header='期间:2025年第9期', secondary_header='科目代码'
[TEMP DEBUG] _generate_column_key called: sheet_name='科目余额表（5级含未过账）', col_info.column_index=10
[TEMP DEBUG] initial: primary_header='', secondary_header=''
[TEMP DEBUG] Excel读取列头成功: col=10, header='88590695.5'
[TEMP DEBUG] _generate_column_key called: sheet_name='科目余额表（5级含未过账）', col_info.column_index=10
[TEMP DEBUG] initial: primary_header='', secondary_header=''
[TEMP DEBUG] Excel读取列头成功: col=10, header='88590695.5'
[TEMP DEBUG] _generate_column_key called: sheet_name='科目余额表（5级含未过账）', col_info.column_index=10
[TEMP DEBUG] initial: primary_header='', secondary_header=''
[TEMP DEBUG] Excel读取列头成功: col=10, header='88590695.5'
[TEMP DEBUG] _generate_column_key called: sheet_name='科目余额表（5级含未过账）', col_info.column_index=1
[TEMP DEBUG] initial: primary_header='期间:2025年第9期', secondary_header='科目代码'
[TEMP DEBUG] _generate_column_key called: sheet_name='科目余额表（5级含未过账）', col_info.column_index=1
[TEMP DEBUG] initial: primary_header='期间:2025年第9期', secondary_header='科目代码'
[TEMP DEBUG] _generate_column_key called: sheet_name='科目余额表（5级含未过账）', col_info.column_index=1
[TEMP DEBUG] initial: primary_header='期间:2025年第9期', secondary_header='科目代码'
[TEMP DEBUG] _generate_column_key called: sheet_name='科目余额表（5级含未过账）', col_info.column_index=1
[TEMP DEBUG] initial: primary_header='期间:2025年第9期', secondary_header='科目代码'
[TEMP DEBUG] _generate_column_key called: sheet_name='科目余额表（5级含未过账）', col_info.column_index=1
[TEMP DEBUG] initial: primary_header='期间:2025年第9期', secondary_header='科目代码'
[TEMP DEBUG] _generate_column_key called: sheet_name='科目余额表（5级含未过账）', col_info.column_index=1
[TEMP DEBUG] initial: primary_header='期间:2025年第9期', secondary_header='科目代码'
[TEMP DEBUG] _generate_column_key called: sheet_name='科目余额表（5级含未过账）', col_info.column_index=1
[TEMP DEBUG] initial: primary_header='期间:2025年第9期', secondary_header='科目代码'
[TEMP DEBUG] _generate_column_key called: sheet_name='科目余额表（5级含未过账）', col_info.column_index=10
[TEMP DEBUG] initial: primary_header='', secondary_header=''
[TEMP DEBUG] Excel读取列头成功: col=10, header='88590695.5'
[TEMP DEBUG] _generate_column_key called: sheet_name='科目余额表（5级含未过账）', col_info.column_index=1
[TEMP DEBUG] initial: primary_header='期间:2025年第9期', secondary_header='科目代码'
[TEMP DEBUG] _generate_column_key called: sheet_name='科目余额表（5级含未过账）', col_info.column_index=10
[TEMP DEBUG] initial: primary_header='', secondary_header=''
[TEMP DEBUG] Excel读取列头成功: col=10, header='88590695.5'
[TEMP DEBUG] _generate_column_key called: sheet_name='科目余额表（5级含未过账）', col_info.column_index=1
[TEMP DEBUG] initial: primary_header='期间:2025年第9期', secondary_header='科目代码'
[TEMP DEBUG] _generate_column_key called: sheet_name='科目余额表（5级含未过账）', col_info.column_index=1
[TEMP DEBUG] initial: primary_header='期间:2025年第9期', secondary_header='科目代码'
[TEMP DEBUG] _generate_column_key called: sheet_name='科目余额表（5级含未过账）', col_info.column_index=8
[TEMP DEBUG] initial: primary_header='', secondary_header=''
[TEMP DEBUG] Excel读取列头成功: col=8, header='916679.48'
[TEMP DEBUG] _generate_column_key called: sheet_name='科目余额表（5级含未过账）', col_info.column_index=9
[TEMP DEBUG] initial: primary_header='包含未过账凭证', secondary_header='本年累计'
[TEMP DEBUG] _generate_column_key called: sheet_name='科目余额表（5级含未过账）', col_info.column_index=10
[TEMP DEBUG] initial: primary_header='', secondary_header=''
[TEMP DEBUG] Excel读取列头成功: col=10, header='88590695.5'
[TEMP DEBUG] _generate_column_key called: sheet_name='科目余额表（5级含未过账）', col_info.column_index=1
[TEMP DEBUG] initial: primary_header='期间:2025年第9期', secondary_header='科目代码'
[TEMP DEBUG] _generate_column_key called: sheet_name='科目余额表（5级含未过账）', col_info.column_index=9
[TEMP DEBUG] initial: primary_header='包含未过账凭证', secondary_header='本年累计'
[TEMP DEBUG] _generate_column_key called: sheet_name='科目余额表（5级含未过账）', col_info.column_index=1
[TEMP DEBUG] initial: primary_header='期间:2025年第9期', secondary_header='科目代码'
[TEMP DEBUG] _generate_column_key called: sheet_name='科目余额表（5级含未过账）', col_info.column_index=3
[TEMP DEBUG] initial: primary_header='', secondary_header='年初余额'
[TEMP DEBUG] Excel读取列头成功: col=3, header='14745610.82'
[TEMP DEBUG] _generate_column_key called: sheet_name='科目余额表（5级含未过账）', col_info.column_index=5
[TEMP DEBUG] initial: primary_header='币别:人民币', secondary_header='期初余额'
[TEMP DEBUG] _generate_column_key called: sheet_name='科目余额表（5级含未过账）', col_info.column_index=11
[TEMP DEBUG] initial: primary_header='', secondary_header='期末余额'
[TEMP DEBUG] Excel读取列头成功: col=11, header='6460863.03'
[TEMP DEBUG] _generate_column_key called: sheet_name='科目余额表（5级含未过账）', col_info.column_index=1
[TEMP DEBUG] initial: primary_header='期间:2025年第9期', secondary_header='科目代码'
[TEMP DEBUG] _generate_column_key called: sheet_name='科目余额表（5级含未过账）', col_info.column_index=1
[TEMP DEBUG] initial: primary_header='期间:2025年第9期', secondary_header='科目代码'
[TEMP DEBUG] _generate_column_key called: sheet_name='科目余额表（5级含未过账）', col_info.column_index=1
[TEMP DEBUG] initial: primary_header='期间:2025年第9期', secondary_header='科目代码'
[TEMP DEBUG] _generate_column_key called: sheet_name='科目余额表（5级含未过账）', col_info.column_index=1
[TEMP DEBUG] initial: primary_header='期间:2025年第9期', secondary_header='科目代码'
[TEMP DEBUG] _generate_column_key called: sheet_name='科目余额表（5级含未过账）', col_info.column_index=1
[TEMP DEBUG] initial: primary_header='期间:2025年第9期', secondary_header='科目代码'
[TEMP DEBUG] _generate_column_key called: sheet_name='科目余额表（5级含未过账）', col_info.column_index=9
[TEMP DEBUG] initial: primary_header='包含未过账凭证', secondary_header='本年累计'
[TEMP DEBUG] _generate_column_key called: sheet_name='科目余额表（5级含未过账）', col_info.column_index=1
[TEMP DEBUG] initial: primary_header='期间:2025年第9期', secondary_header='科目代码'
[TEMP DEBUG] _generate_column_key called: sheet_name='科目余额表（5级含未过账）', col_info.column_index=1
[TEMP DEBUG] initial: primary_header='期间:2025年第9期', secondary_header='科目代码'
[TEMP DEBUG] _generate_column_key called: sheet_name='科目余额表（5级含未过账）', col_info.column_index=1
[TEMP DEBUG] initial: primary_header='期间:2025年第9期', secondary_header='科目代码'
[TEMP DEBUG] _generate_column_key called: sheet_name='科目余额表（5级含未过账）', col_info.column_index=1
[TEMP DEBUG] initial: primary_header='期间:2025年第9期', secondary_header='科目代码'
[TEMP DEBUG] _generate_column_key called: sheet_name='科目余额表（5级含未过账）', col_info.column_index=1
[TEMP DEBUG] initial: primary_header='期间:2025年第9期', secondary_header='科目代码'
[TEMP DEBUG] _generate_column_key called: sheet_name='科目余额表（5级含未过账）', col_info.column_index=1
[TEMP DEBUG] initial: primary_header='期间:2025年第9期', secondary_header='科目代码'
[TEMP DEBUG] _generate_column_key called: sheet_name='科目余额表（5级含未过账）', col_info.column_index=1
[TEMP DEBUG] initial: primary_header='期间:2025年第9期', secondary_header='科目代码'
[TEMP DEBUG] _generate_column_key called: sheet_name='科目余额表（5级含未过账）', col_info.column_index=1
[TEMP DEBUG] initial: primary_header='期间:2025年第9期', secondary_header='科目代码'
[TEMP DEBUG] _generate_column_key called: sheet_name='科目余额表（5级含未过账）', col_info.column_index=1
[TEMP DEBUG] initial: primary_header='期间:2025年第9期', secondary_header='科目代码'
[TEMP DEBUG] _generate_column_key called: sheet_name='科目余额表（5级含未过账）', col_info.column_index=1
[TEMP DEBUG] initial: primary_header='期间:2025年第9期', secondary_header='科目代码'
[TEMP DEBUG] _generate_column_key called: sheet_name='科目余额表（5级含未过账）', col_info.column_index=1
[TEMP DEBUG] initial: primary_header='期间:2025年第9期', secondary_header='科目代码'
[TEMP DEBUG] _generate_column_key called: sheet_name='科目余额表（5级含未过账）', col_info.column_index=1
[TEMP DEBUG] initial: primary_header='期间:2025年第9期', secondary_header='科目代码'
[TEMP DEBUG] _generate_column_key called: sheet_name='科目余额表（5级含未过账）', col_info.column_index=1
[TEMP DEBUG] initial: primary_header='期间:2025年第9期', secondary_header='科目代码'
[TEMP DEBUG] _generate_column_key called: sheet_name='科目余额表（5级含未过账）', col_info.column_index=1
[TEMP DEBUG] initial: primary_header='期间:2025年第9期', secondary_header='科目代码'
[TEMP DEBUG] _generate_column_key called: sheet_name='科目余额表（5级含未过账）', col_info.column_index=1
[TEMP DEBUG] initial: primary_header='期间:2025年第9期', secondary_header='科目代码'
[TEMP DEBUG] _generate_column_key called: sheet_name='科目余额表（5级含未过账）', col_info.column_index=1
[TEMP DEBUG] initial: primary_header='期间:2025年第9期', secondary_header='科目代码'
[TEMP DEBUG] _generate_column_key called: sheet_name='科目余额表（5级含未过账）', col_info.column_index=1
[TEMP DEBUG] initial: primary_header='期间:2025年第9期', secondary_header='科目代码'
[TEMP DEBUG] _generate_column_key called: sheet_name='科目余额表（5级含未过账）', col_info.column_index=1
[TEMP DEBUG] initial: primary_header='期间:2025年第9期', secondary_header='科目代码'
[TEMP DEBUG] _generate_column_key called: sheet_name='科目余额表（5级含未过账）', col_info.column_index=1
[TEMP DEBUG] initial: primary_header='期间:2025年第9期', secondary_header='科目代码'
[TEMP DEBUG] _generate_column_key called: sheet_name='科目余额表（5级含未过账）', col_info.column_index=1
[TEMP DEBUG] initial: primary_header='期间:2025年第9期', secondary_header='科目代码'
[TEMP DEBUG] _generate_column_key called: sheet_name='科目余额表（5级含未过账）', col_info.column_index=1
[TEMP DEBUG] initial: primary_header='期间:2025年第9期', secondary_header='科目代码'
[TEMP DEBUG] _generate_column_key called: sheet_name='科目余额表（5级含未过账）', col_info.column_index=1
[TEMP DEBUG] initial: primary_header='期间:2025年第9期', secondary_header='科目代码'
[TEMP DEBUG] _generate_column_key called: sheet_name='科目余额表（5级含未过账）', col_info.column_index=1
[TEMP DEBUG] initial: primary_header='期间:2025年第9期', secondary_header='科目代码'
[TEMP DEBUG] _generate_column_key called: sheet_name='科目余额表（5级含未过账）', col_info.column_index=1
[TEMP DEBUG] initial: primary_header='期间:2025年第9期', secondary_header='科目代码'
[TEMP DEBUG] _generate_column_key called: sheet_name='科目余额表（5级含未过账）', col_info.column_index=1
[TEMP DEBUG] initial: primary_header='期间:2025年第9期', secondary_header='科目代码'
[TEMP DEBUG] _generate_column_key called: sheet_name='科目余额表（5级含未过账）', col_info.column_index=1
[TEMP DEBUG] initial: primary_header='期间:2025年第9期', secondary_header='科目代码'
[TEMP DEBUG] _generate_column_key called: sheet_name='科目余额表（5级含未过账）', col_info.column_index=1
[TEMP DEBUG] initial: primary_header='期间:2025年第9期', secondary_header='科目代码'
[TEMP DEBUG] _generate_column_key called: sheet_name='科目余额表（5级含未过账）', col_info.column_index=1
[TEMP DEBUG] initial: primary_header='期间:2025年第9期', secondary_header='科目代码'
[TEMP DEBUG] _generate_column_key called: sheet_name='科目余额表（5级含未过账）', col_info.column_index=1
[TEMP DEBUG] initial: primary_header='期间:2025年第9期', secondary_header='科目代码'
[TEMP DEBUG] _generate_column_key called: sheet_name='科目余额表（5级含未过账）', col_info.column_index=1
[TEMP DEBUG] initial: primary_header='期间:2025年第9期', secondary_header='科目代码'
[TEMP DEBUG] _generate_column_key called: sheet_name='科目余额表（5级含未过账）', col_info.column_index=1
[TEMP DEBUG] initial: primary_header='期间:2025年第9期', secondary_header='科目代码'
[TEMP DEBUG] _generate_column_key called: sheet_name='科目余额表（5级含未过账）', col_info.column_index=1
[TEMP DEBUG] initial: primary_header='期间:2025年第9期', secondary_header='科目代码'
[TEMP DEBUG] _generate_column_key called: sheet_name='科目余额表（5级含未过账）', col_info.column_index=1
[TEMP DEBUG] initial: primary_header='期间:2025年第9期', secondary_header='科目代码'
[TEMP DEBUG] _generate_column_key called: sheet_name='科目余额表（5级含未过账）', col_info.column_index=1
[TEMP DEBUG] initial: primary_header='期间:2025年第9期', secondary_header='科目代码'
[TEMP DEBUG] _generate_column_key called: sheet_name='科目余额表（5级含未过账）', col_info.column_index=1
[TEMP DEBUG] initial: primary_header='期间:2025年第9期', secondary_header='科目代码'
[TEMP DEBUG] _generate_column_key called: sheet_name='科目余额表（5级含未过账）', col_info.column_index=1
[TEMP DEBUG] initial: primary_header='期间:2025年第9期', secondary_header='科目代码'
[TEMP DEBUG] _generate_column_key called: sheet_name='科目余额表（5级含未过账）', col_info.column_index=1
[TEMP DEBUG] initial: primary_header='期间:2025年第9期', secondary_header='科目代码'
[TEMP DEBUG] _generate_column_key called: sheet_name='科目余额表（5级含未过账）', col_info.column_index=1
[TEMP DEBUG] initial: primary_header='期间:2025年第9期', secondary_header='科目代码'
[TEMP DEBUG] _generate_column_key called: sheet_name='科目余额表（5级含未过账）', col_info.column_index=1
[TEMP DEBUG] initial: primary_header='期间:2025年第9期', secondary_header='科目代码'
[TEMP DEBUG] _generate_column_key called: sheet_name='科目余额表（5级含未过账）', col_info.column_index=1
[TEMP DEBUG] initial: primary_header='期间:2025年第9期', secondary_header='科目代码'
[TEMP DEBUG] _generate_column_key called: sheet_name='科目余额表（5级含未过账）', col_info.column_index=1
[TEMP DEBUG] initial: primary_header='期间:2025年第9期', secondary_header='科目代码'
[TEMP DEBUG] _generate_column_key called: sheet_name='科目余额表（5级含未过账）', col_info.column_index=1
[TEMP DEBUG] initial: primary_header='期间:2025年第9期', secondary_header='科目代码'
[TEMP DEBUG] _generate_column_key called: sheet_name='科目余额表（5级含未过账）', col_info.column_index=1
[TEMP DEBUG] initial: primary_header='期间:2025年第9期', secondary_header='科目代码'
[TEMP DEBUG] _generate_column_key called: sheet_name='科目余额表（5级含未过账）', col_info.column_index=1
[TEMP DEBUG] initial: primary_header='期间:2025年第9期', secondary_header='科目代码'
[TEMP DEBUG] _generate_column_key called: sheet_name='科目余额表（5级含未过账）', col_info.column_index=1
[TEMP DEBUG] initial: primary_header='期间:2025年第9期', secondary_header='科目代码'
[TEMP DEBUG] _generate_column_key called: sheet_name='科目余额表（5级含未过账）', col_info.column_index=1
[TEMP DEBUG] initial: primary_header='期间:2025年第9期', secondary_header='科目代码'
[TEMP DEBUG] _generate_column_key called: sheet_name='科目余额表（5级含未过账）', col_info.column_index=1
[TEMP DEBUG] initial: primary_header='期间:2025年第9期', secondary_header='科目代码'
[TEMP DEBUG] _generate_column_key called: sheet_name='科目余额表（5级含未过账）', col_info.column_index=1
[TEMP DEBUG] initial: primary_header='期间:2025年第9期', secondary_header='科目代码'
[TEMP DEBUG] _generate_column_key called: sheet_name='科目余额表（5级含未过账）', col_info.column_index=1
[TEMP DEBUG] initial: primary_header='期间:2025年第9期', secondary_header='科目代码'
[TEMP DEBUG] _generate_column_key called: sheet_name='科目余额表（5级含未过账）', col_info.column_index=8
[TEMP DEBUG] initial: primary_header='', secondary_header=''
[TEMP DEBUG] Excel读取列头成功: col=8, header='916679.48'
[TEMP DEBUG] _generate_column_key called: sheet_name='科目余额表（5级含未过账）', col_info.column_index=9
[TEMP DEBUG] initial: primary_header='包含未过账凭证', secondary_header='本年累计'
[TEMP DEBUG] _generate_column_key called: sheet_name='科目余额表（5级含未过账）', col_info.column_index=10
[TEMP DEBUG] initial: primary_header='', secondary_header=''
[TEMP DEBUG] Excel读取列头成功: col=10, header='88590695.5'
[TEMP DEBUG] _generate_column_key called: sheet_name='科目余额表（5级含未过账）', col_info.column_index=1
[TEMP DEBUG] initial: primary_header='期间:2025年第9期', secondary_header='科目代码'
[TEMP DEBUG] _generate_column_key called: sheet_name='科目余额表（5级含未过账）', col_info.column_index=8
[TEMP DEBUG] initial: primary_header='', secondary_header=''
[TEMP DEBUG] Excel读取列头成功: col=8, header='916679.48'
[TEMP DEBUG] _generate_column_key called: sheet_name='科目余额表（5级含未过账）', col_info.column_index=9
[TEMP DEBUG] initial: primary_header='包含未过账凭证', secondary_header='本年累计'
[TEMP DEBUG] _generate_column_key called: sheet_name='科目余额表（5级含未过账）', col_info.column_index=10
[TEMP DEBUG] initial: primary_header='', secondary_header=''
[TEMP DEBUG] Excel读取列头成功: col=10, header='88590695.5'
[TEMP DEBUG] _generate_column_key called: sheet_name='科目余额表（5级含未过账）', col_info.column_index=8
[TEMP DEBUG] initial: primary_header='', secondary_header=''
[TEMP DEBUG] Excel读取列头成功: col=8, header='916679.48'
[TEMP DEBUG] _generate_column_key called: sheet_name='科目余额表（5级含未过账）', col_info.column_index=9
[TEMP DEBUG] initial: primary_header='包含未过账凭证', secondary_header='本年累计'
[TEMP DEBUG] _generate_column_key called: sheet_name='科目余额表（5级含未过账）', col_info.column_index=10
[TEMP DEBUG] initial: primary_header='', secondary_header=''
[TEMP DEBUG] Excel读取列头成功: col=10, header='88590695.5'
[TEMP DEBUG] _generate_column_key called: sheet_name='科目余额表（5级含未过账）', col_info.column_index=1
[TEMP DEBUG] initial: primary_header='期间:2025年第9期', secondary_header='科目代码'
[TEMP DEBUG] _generate_column_key called: sheet_name='科目余额表（5级含未过账）', col_info.column_index=8
[TEMP DEBUG] initial: primary_header='', secondary_header=''
[TEMP DEBUG] Excel读取列头成功: col=8, header='916679.48'
[TEMP DEBUG] _generate_column_key called: sheet_name='科目余额表（5级含未过账）', col_info.column_index=9
[TEMP DEBUG] initial: primary_header='包含未过账凭证', secondary_header='本年累计'
[TEMP DEBUG] _generate_column_key called: sheet_name='科目余额表（5级含未过账）', col_info.column_index=10
[TEMP DEBUG] initial: primary_header='', secondary_header=''
[TEMP DEBUG] Excel读取列头成功: col=10, header='88590695.5'
[TEMP DEBUG] _generate_column_key called: sheet_name='科目余额表（5级含未过账）', col_info.column_index=8
[TEMP DEBUG] initial: primary_header='', secondary_header=''
[TEMP DEBUG] Excel读取列头成功: col=8, header='916679.48'
[TEMP DEBUG] _generate_column_key called: sheet_name='科目余额表（5级含未过账）', col_info.column_index=9
[TEMP DEBUG] initial: primary_header='包含未过账凭证', secondary_header='本年累计'
[TEMP DEBUG] _generate_column_key called: sheet_name='科目余额表（5级含未过账）', col_info.column_index=10
[TEMP DEBUG] initial: primary_header='', secondary_header=''
[TEMP DEBUG] Excel读取列头成功: col=10, header='88590695.5'
[TEMP DEBUG] _generate_column_key called: sheet_name='科目余额表（5级含未过账）', col_info.column_index=1
[TEMP DEBUG] initial: primary_header='期间:2025年第9期', secondary_header='科目代码'
[TEMP DEBUG] _generate_column_key called: sheet_name='科目余额表（5级含未过账）', col_info.column_index=1
[TEMP DEBUG] initial: primary_header='期间:2025年第9期', secondary_header='科目代码'
[TEMP DEBUG] _generate_column_key called: sheet_name='科目余额表（5级含未过账）', col_info.column_index=1
[TEMP DEBUG] initial: primary_header='期间:2025年第9期', secondary_header='科目代码'
[TEMP DEBUG] _generate_column_key called: sheet_name='科目余额表（5级含未过账）', col_info.column_index=1
[TEMP DEBUG] initial: primary_header='期间:2025年第9期', secondary_header='科目代码'
[TEMP DEBUG] _generate_column_key called: sheet_name='科目余额表（5级含未过账）', col_info.column_index=9
[TEMP DEBUG] initial: primary_header='包含未过账凭证', secondary_header='本年累计'
[TEMP DEBUG] _generate_column_key called: sheet_name='科目余额表（5级含未过账）', col_info.column_index=10
[TEMP DEBUG] initial: primary_header='', secondary_header=''
[TEMP DEBUG] Excel读取列头成功: col=10, header='88590695.5'
[TEMP DEBUG] _generate_column_key called: sheet_name='科目余额表（5级含未过账）', col_info.column_index=1
[TEMP DEBUG] initial: primary_header='期间:2025年第9期', secondary_header='科目代码'
[TEMP DEBUG] _generate_column_key called: sheet_name='科目余额表（5级含未过账）', col_info.column_index=1
[TEMP DEBUG] initial: primary_header='期间:2025年第9期', secondary_header='科目代码'
[TEMP DEBUG] _generate_column_key called: sheet_name='科目余额表（5级含未过账）', col_info.column_index=9
[TEMP DEBUG] initial: primary_header='包含未过账凭证', secondary_header='本年累计'
[TEMP DEBUG] _generate_column_key called: sheet_name='科目余额表（5级含未过账）', col_info.column_index=10
[TEMP DEBUG] initial: primary_header='', secondary_header=''
[TEMP DEBUG] Excel读取列头成功: col=10, header='88590695.5'
[TEMP DEBUG] _generate_column_key called: sheet_name='科目余额表（5级含未过账）', col_info.column_index=9
[TEMP DEBUG] initial: primary_header='包含未过账凭证', secondary_header='本年累计'
[TEMP DEBUG] _generate_column_key called: sheet_name='科目余额表（5级含未过账）', col_info.column_index=10
[TEMP DEBUG] initial: primary_header='', secondary_header=''
[TEMP DEBUG] Excel读取列头成功: col=10, header='88590695.5'
[TEMP DEBUG] _generate_column_key called: sheet_name='科目余额表（5级含未过账）', col_info.column_index=1
[TEMP DEBUG] initial: primary_header='期间:2025年第9期', secondary_header='科目代码'
[TEMP DEBUG] _generate_column_key called: sheet_name='科目余额表（5级含未过账）', col_info.column_index=1
[TEMP DEBUG] initial: primary_header='期间:2025年第9期', secondary_header='科目代码'
[TEMP DEBUG] _generate_column_key called: sheet_name='科目余额表（5级含未过账）', col_info.column_index=1
[TEMP DEBUG] initial: primary_header='期间:2025年第9期', secondary_header='科目代码'
[TEMP DEBUG] _generate_column_key called: sheet_name='科目余额表（5级含未过账）', col_info.column_index=1
[TEMP DEBUG] initial: primary_header='期间:2025年第9期', secondary_header='科目代码'
[TEMP DEBUG] _generate_column_key called: sheet_name='科目余额表（5级含未过账）', col_info.column_index=1
[TEMP DEBUG] initial: primary_header='期间:2025年第9期', secondary_header='科目代码'
[TEMP DEBUG] _generate_column_key called: sheet_name='科目余额表（5级含未过账）', col_info.column_index=1
[TEMP DEBUG] initial: primary_header='期间:2025年第9期', secondary_header='科目代码'
[TEMP DEBUG] _generate_column_key called: sheet_name='科目余额表（5级含未过账）', col_info.column_index=1
[TEMP DEBUG] initial: primary_header='期间:2025年第9期', secondary_header='科目代码'
[TEMP DEBUG] _generate_column_key called: sheet_name='科目余额表（5级含未过账）', col_info.column_index=1
[TEMP DEBUG] initial: primary_header='期间:2025年第9期', secondary_header='科目代码'
[TEMP DEBUG] _generate_column_key called: sheet_name='科目余额表（5级含未过账）', col_info.column_index=1
[TEMP DEBUG] initial: primary_header='期间:2025年第9期', secondary_header='科目代码'
[TEMP DEBUG] _generate_column_key called: sheet_name='科目余额表（5级含未过账）', col_info.column_index=1
[TEMP DEBUG] initial: primary_header='期间:2025年第9期', secondary_header='科目代码'
[TEMP DEBUG] _generate_column_key called: sheet_name='科目余额表（5级含未过账）', col_info.column_index=9
[TEMP DEBUG] initial: primary_header='包含未过账凭证', secondary_header='本年累计'
[TEMP DEBUG] _generate_column_key called: sheet_name='科目余额表（5级含未过账）', col_info.column_index=10
[TEMP DEBUG] initial: primary_header='', secondary_header=''
[TEMP DEBUG] Excel读取列头成功: col=10, header='88590695.5'
[TEMP DEBUG] _generate_column_key called: sheet_name='科目余额表（5级含未过账）', col_info.column_index=1
[TEMP DEBUG] initial: primary_header='期间:2025年第9期', secondary_header='科目代码'
[TEMP DEBUG] _generate_column_key called: sheet_name='科目余额表（5级含未过账）', col_info.column_index=1
[TEMP DEBUG] initial: primary_header='期间:2025年第9期', secondary_header='科目代码'
[TEMP DEBUG] _generate_column_key called: sheet_name='科目余额表（5级含未过账）', col_info.column_index=9
[TEMP DEBUG] initial: primary_header='包含未过账凭证', secondary_header='本年累计'
[TEMP DEBUG] _generate_column_key called: sheet_name='科目余额表（5级含未过账）', col_info.column_index=10
[TEMP DEBUG] initial: primary_header='', secondary_header=''
[TEMP DEBUG] Excel读取列头成功: col=10, header='88590695.5'
[TEMP DEBUG] _generate_column_key called: sheet_name='科目余额表（5级含未过账）', col_info.column_index=1
[TEMP DEBUG] initial: primary_header='期间:2025年第9期', secondary_header='科目代码'
[TEMP DEBUG] _generate_column_key called: sheet_name='科目余额表（5级含未过账）', col_info.column_index=1
[TEMP DEBUG] initial: primary_header='期间:2025年第9期', secondary_header='科目代码'
[TEMP DEBUG] _generate_column_key called: sheet_name='科目余额表（5级含未过账）', col_info.column_index=9
[TEMP DEBUG] initial: primary_header='包含未过账凭证', secondary_header='本年累计'
[TEMP DEBUG] _generate_column_key called: sheet_name='科目余额表（5级含未过账）', col_info.column_index=10
[TEMP DEBUG] initial: primary_header='', secondary_header=''
[TEMP DEBUG] Excel读取列头成功: col=10, header='88590695.5'
[TEMP DEBUG] _generate_column_key called: sheet_name='科目余额表（5级含未过账）', col_info.column_index=1
[TEMP DEBUG] initial: primary_header='期间:2025年第9期', secondary_header='科目代码'
[TEMP DEBUG] _generate_column_key called: sheet_name='科目余额表（5级含未过账）', col_info.column_index=1
[TEMP DEBUG] initial: primary_header='期间:2025年第9期', secondary_header='科目代码'
[TEMP DEBUG] _generate_column_key called: sheet_name='科目余额表（5级含未过账）', col_info.column_index=1
[TEMP DEBUG] initial: primary_header='期间:2025年第9期', secondary_header='科目代码'
[TEMP DEBUG] _generate_column_key called: sheet_name='科目余额表（5级含未过账）', col_info.column_index=1
[TEMP DEBUG] initial: primary_header='期间:2025年第9期', secondary_header='科目代码'
[TEMP DEBUG] _generate_column_key called: sheet_name='科目余额表（5级含未过账）', col_info.column_index=1
[TEMP DEBUG] initial: primary_header='期间:2025年第9期', secondary_header='科目代码'
[TEMP DEBUG] _generate_column_key called: sheet_name='科目余额表（5级含未过账）', col_info.column_index=1
[TEMP DEBUG] initial: primary_header='期间:2025年第9期', secondary_header='科目代码'
[TEMP DEBUG] _generate_column_key called: sheet_name='科目余额表（5级含未过账）', col_info.column_index=1
[TEMP DEBUG] initial: primary_header='期间:2025年第9期', secondary_header='科目代码'
[TEMP DEBUG] _generate_column_key called: sheet_name='科目余额表（5级含未过账）', col_info.column_index=9
[TEMP DEBUG] initial: primary_header='包含未过账凭证', secondary_header='本年累计'
[TEMP DEBUG] _generate_column_key called: sheet_name='科目余额表（5级含未过账）', col_info.column_index=10
[TEMP DEBUG] initial: primary_header='', secondary_header=''
[TEMP DEBUG] Excel读取列头成功: col=10, header='88590695.5'
[TEMP DEBUG] _generate_column_key called: sheet_name='科目余额表（5级含未过账）', col_info.column_index=1
[TEMP DEBUG] initial: primary_header='期间:2025年第9期', secondary_header='科目代码'
[TEMP DEBUG] _generate_column_key called: sheet_name='科目余额表（5级含未过账）', col_info.column_index=8
[TEMP DEBUG] initial: primary_header='', secondary_header=''
[TEMP DEBUG] Excel读取列头成功: col=8, header='916679.48'
[TEMP DEBUG] _generate_column_key called: sheet_name='科目余额表（5级含未过账）', col_info.column_index=9
[TEMP DEBUG] initial: primary_header='包含未过账凭证', secondary_header='本年累计'
[TEMP DEBUG] _generate_column_key called: sheet_name='科目余额表（5级含未过账）', col_info.column_index=10
[TEMP DEBUG] initial: primary_header='', secondary_header=''
[TEMP DEBUG] Excel读取列头成功: col=10, header='88590695.5'
[TEMP DEBUG] _generate_column_key called: sheet_name='科目余额表（5级含未过账）', col_info.column_index=1
[TEMP DEBUG] initial: primary_header='期间:2025年第9期', secondary_header='科目代码'
[TEMP DEBUG] _generate_column_key called: sheet_name='科目余额表（5级含未过账）', col_info.column_index=8
[TEMP DEBUG] initial: primary_header='', secondary_header=''
[TEMP DEBUG] Excel读取列头成功: col=8, header='916679.48'
[TEMP DEBUG] _generate_column_key called: sheet_name='科目余额表（5级含未过账）', col_info.column_index=9
[TEMP DEBUG] initial: primary_header='包含未过账凭证', secondary_header='本年累计'
[TEMP DEBUG] _generate_column_key called: sheet_name='科目余额表（5级含未过账）', col_info.column_index=10
[TEMP DEBUG] initial: primary_header='', secondary_header=''
[TEMP DEBUG] Excel读取列头成功: col=10, header='88590695.5'
[TEMP DEBUG] _generate_column_key called: sheet_name='科目余额表（5级含未过账）', col_info.column_index=8
[TEMP DEBUG] initial: primary_header='', secondary_header=''
[TEMP DEBUG] Excel读取列头成功: col=8, header='916679.48'
[TEMP DEBUG] _generate_column_key called: sheet_name='科目余额表（5级含未过账）', col_info.column_index=9
[TEMP DEBUG] initial: primary_header='包含未过账凭证', secondary_header='本年累计'
[TEMP DEBUG] _generate_column_key called: sheet_name='科目余额表（5级含未过账）', col_info.column_index=10
[TEMP DEBUG] initial: primary_header='', secondary_header=''
[TEMP DEBUG] Excel读取列头成功: col=10, header='88590695.5'
[TEMP DEBUG] _generate_column_key called: sheet_name='科目余额表（5级含未过账）', col_info.column_index=1
[TEMP DEBUG] initial: primary_header='期间:2025年第9期', secondary_header='科目代码'
[TEMP DEBUG] _generate_column_key called: sheet_name='科目余额表（5级含未过账）', col_info.column_index=8
[TEMP DEBUG] initial: primary_header='', secondary_header=''
[TEMP DEBUG] Excel读取列头成功: col=8, header='916679.48'
[TEMP DEBUG] _generate_column_key called: sheet_name='科目余额表（5级含未过账）', col_info.column_index=9
[TEMP DEBUG] initial: primary_header='包含未过账凭证', secondary_header='本年累计'
[TEMP DEBUG] _generate_column_key called: sheet_name='科目余额表（5级含未过账）', col_info.column_index=10
[TEMP DEBUG] initial: primary_header='', secondary_header=''
[TEMP DEBUG] Excel读取列头成功: col=10, header='88590695.5'
[TEMP DEBUG] _generate_column_key called: sheet_name='科目余额表（5级含未过账）', col_info.column_index=8
[TEMP DEBUG] initial: primary_header='', secondary_header=''
[TEMP DEBUG] Excel读取列头成功: col=8, header='916679.48'
[TEMP DEBUG] _generate_column_key called: sheet_name='科目余额表（5级含未过账）', col_info.column_index=9
[TEMP DEBUG] initial: primary_header='包含未过账凭证', secondary_header='本年累计'
[TEMP DEBUG] _generate_column_key called: sheet_name='科目余额表（5级含未过账）', col_info.column_index=10
[TEMP DEBUG] initial: primary_header='', secondary_header=''
[TEMP DEBUG] Excel读取列头成功: col=10, header='88590695.5'
[TEMP DEBUG] _generate_column_key called: sheet_name='科目余额表（5级含未过账）', col_info.column_index=8
[TEMP DEBUG] initial: primary_header='', secondary_header=''
[TEMP DEBUG] Excel读取列头成功: col=8, header='916679.48'
[TEMP DEBUG] _generate_column_key called: sheet_name='科目余额表（5级含未过账）', col_info.column_index=9
[TEMP DEBUG] initial: primary_header='包含未过账凭证', secondary_header='本年累计'
[TEMP DEBUG] _generate_column_key called: sheet_name='科目余额表（5级含未过账）', col_info.column_index=10
[TEMP DEBUG] initial: primary_header='', secondary_header=''
[TEMP DEBUG] Excel读取列头成功: col=10, header='88590695.5'
[TEMP DEBUG] _generate_column_key called: sheet_name='科目余额表（5级含未过账）', col_info.column_index=1
[TEMP DEBUG] initial: primary_header='期间:2025年第9期', secondary_header='科目代码'
[TEMP DEBUG] _generate_column_key called: sheet_name='科目余额表（5级含未过账）', col_info.column_index=9
[TEMP DEBUG] initial: primary_header='包含未过账凭证', secondary_header='本年累计'
[TEMP DEBUG] _generate_column_key called: sheet_name='科目余额表（5级含未过账）', col_info.column_index=10
[TEMP DEBUG] initial: primary_header='', secondary_header=''
[TEMP DEBUG] Excel读取列头成功: col=10, header='88590695.5'
[TEMP DEBUG] _generate_column_key called: sheet_name='科目余额表（5级含未过账）', col_info.column_index=1
[TEMP DEBUG] initial: primary_header='期间:2025年第9期', secondary_header='科目代码'
[TEMP DEBUG] _generate_column_key called: sheet_name='科目余额表（5级含未过账）', col_info.column_index=1
[TEMP DEBUG] initial: primary_header='期间:2025年第9期', secondary_header='科目代码'
[TEMP DEBUG] _generate_column_key called: sheet_name='科目余额表（5级含未过账）', col_info.column_index=9
[TEMP DEBUG] initial: primary_header='包含未过账凭证', secondary_header='本年累计'
[TEMP DEBUG] _generate_column_key called: sheet_name='科目余额表（5级含未过账）', col_info.column_index=10
[TEMP DEBUG] initial: primary_header='', secondary_header=''
[TEMP DEBUG] Excel读取列头成功: col=10, header='88590695.5'
[TEMP DEBUG] _generate_column_key called: sheet_name='科目余额表（5级含未过账）', col_info.column_index=9
[TEMP DEBUG] initial: primary_header='包含未过账凭证', secondary_header='本年累计'
[TEMP DEBUG] _generate_column_key called: sheet_name='科目余额表（5级含未过账）', col_info.column_index=10
[TEMP DEBUG] initial: primary_header='', secondary_header=''
[TEMP DEBUG] Excel读取列头成功: col=10, header='88590695.5'
[TEMP DEBUG] _generate_column_key called: sheet_name='科目余额表（5级含未过账）', col_info.column_index=1
[TEMP DEBUG] initial: primary_header='期间:2025年第9期', secondary_header='科目代码'
[TEMP DEBUG] _generate_column_key called: sheet_name='科目余额表（5级含未过账）', col_info.column_index=8
[TEMP DEBUG] initial: primary_header='', secondary_header=''
[TEMP DEBUG] Excel读取列头成功: col=8, header='916679.48'
[TEMP DEBUG] _generate_column_key called: sheet_name='科目余额表（5级含未过账）', col_info.column_index=9
[TEMP DEBUG] initial: primary_header='包含未过账凭证', secondary_header='本年累计'
[TEMP DEBUG] _generate_column_key called: sheet_name='科目余额表（5级含未过账）', col_info.column_index=10
[TEMP DEBUG] initial: primary_header='', secondary_header=''
[TEMP DEBUG] Excel读取列头成功: col=10, header='88590695.5'
[TEMP DEBUG] _generate_column_key called: sheet_name='科目余额表（5级含未过账）', col_info.column_index=1
[TEMP DEBUG] initial: primary_header='期间:2025年第9期', secondary_header='科目代码'
[TEMP DEBUG] _generate_column_key called: sheet_name='科目余额表（5级含未过账）', col_info.column_index=1
[TEMP DEBUG] initial: primary_header='期间:2025年第9期', secondary_header='科目代码'
[TEMP DEBUG] _generate_column_key called: sheet_name='科目余额表（5级含未过账）', col_info.column_index=1
[TEMP DEBUG] initial: primary_header='期间:2025年第9期', secondary_header='科目代码'
[TEMP DEBUG] _generate_column_key called: sheet_name='科目余额表（5级含未过账）', col_info.column_index=1
[TEMP DEBUG] initial: primary_header='期间:2025年第9期', secondary_header='科目代码'
[TEMP DEBUG] _generate_column_key called: sheet_name='科目余额表（5级含未过账）', col_info.column_index=1
[TEMP DEBUG] initial: primary_header='期间:2025年第9期', secondary_header='科目代码'
[TEMP DEBUG] _generate_column_key called: sheet_name='科目余额表（5级含未过账）', col_info.column_index=1
[TEMP DEBUG] initial: primary_header='期间:2025年第9期', secondary_header='科目代码'
[TEMP DEBUG] _generate_column_key called: sheet_name='科目余额表（5级含未过账）', col_info.column_index=9
[TEMP DEBUG] initial: primary_header='包含未过账凭证', secondary_header='本年累计'
[TEMP DEBUG] _generate_column_key called: sheet_name='科目余额表（5级含未过账）', col_info.column_index=10
[TEMP DEBUG] initial: primary_header='', secondary_header=''
[TEMP DEBUG] Excel读取列头成功: col=10, header='88590695.5'
[TEMP DEBUG] _generate_column_key called: sheet_name='科目余额表（5级含未过账）', col_info.column_index=1
[TEMP DEBUG] initial: primary_header='期间:2025年第9期', secondary_header='科目代码'
[TEMP DEBUG] _generate_column_key called: sheet_name='科目余额表（5级含未过账）', col_info.column_index=9
[TEMP DEBUG] initial: primary_header='包含未过账凭证', secondary_header='本年累计'
[TEMP DEBUG] _generate_column_key called: sheet_name='科目余额表（5级含未过账）', col_info.column_index=10
[TEMP DEBUG] initial: primary_header='', secondary_header=''
[TEMP DEBUG] Excel读取列头成功: col=10, header='88590695.5'
[TEMP DEBUG] _generate_column_key called: sheet_name='科目余额表（5级含未过账）', col_info.column_index=1
[TEMP DEBUG] initial: primary_header='期间:2025年第9期', secondary_header='科目代码'
[TEMP DEBUG] _generate_column_key called: sheet_name='科目余额表（5级含未过账）', col_info.column_index=1
[TEMP DEBUG] initial: primary_header='期间:2025年第9期', secondary_header='科目代码'
[TEMP DEBUG] _generate_column_key called: sheet_name='科目余额表（5级含未过账）', col_info.column_index=1
[TEMP DEBUG] initial: primary_header='期间:2025年第9期', secondary_header='科目代码'
[TEMP DEBUG] _generate_column_key called: sheet_name='科目余额表（5级含未过账）', col_info.column_index=8
[TEMP DEBUG] initial: primary_header='', secondary_header=''
[TEMP DEBUG] Excel读取列头成功: col=8, header='916679.48'
[TEMP DEBUG] _generate_column_key called: sheet_name='科目余额表（5级含未过账）', col_info.column_index=9
[TEMP DEBUG] initial: primary_header='包含未过账凭证', secondary_header='本年累计'
[TEMP DEBUG] _generate_column_key called: sheet_name='科目余额表（5级含未过账）', col_info.column_index=10
[TEMP DEBUG] initial: primary_header='', secondary_header=''
[TEMP DEBUG] Excel读取列头成功: col=10, header='88590695.5'
[TEMP DEBUG] _generate_column_key called: sheet_name='科目余额表（5级含未过账）', col_info.column_index=1
[TEMP DEBUG] initial: primary_header='期间:2025年第9期', secondary_header='科目代码'
[TEMP DEBUG] _generate_column_key called: sheet_name='科目余额表（5级含未过账）', col_info.column_index=1
[TEMP DEBUG] initial: primary_header='期间:2025年第9期', secondary_header='科目代码'
[TEMP DEBUG] _generate_column_key called: sheet_name='科目余额表（5级含未过账）', col_info.column_index=1
[TEMP DEBUG] initial: primary_header='期间:2025年第9期', secondary_header='科目代码'
[TEMP DEBUG] _generate_column_key called: sheet_name='科目余额表（5级含未过账）', col_info.column_index=1
[TEMP DEBUG] initial: primary_header='期间:2025年第9期', secondary_header='科目代码'
[TEMP DEBUG] _generate_column_key called: sheet_name='科目余额表（5级含未过账）', col_info.column_index=1
[TEMP DEBUG] initial: primary_header='期间:2025年第9期', secondary_header='科目代码'
[TEMP DEBUG] _generate_column_key called: sheet_name='科目余额表（5级含未过账）', col_info.column_index=1
[TEMP DEBUG] initial: primary_header='期间:2025年第9期', secondary_header='科目代码'
[TEMP DEBUG] _generate_column_key called: sheet_name='科目余额表（5级含未过账）', col_info.column_index=1
[TEMP DEBUG] initial: primary_header='期间:2025年第9期', secondary_header='科目代码'
[TEMP DEBUG] _generate_column_key called: sheet_name='科目余额表（5级含未过账）', col_info.column_index=1
[TEMP DEBUG] initial: primary_header='期间:2025年第9期', secondary_header='科目代码'
[TEMP DEBUG] _generate_column_key called: sheet_name='科目余额表（5级含未过账）', col_info.column_index=9
[TEMP DEBUG] initial: primary_header='包含未过账凭证', secondary_header='本年累计'
[TEMP DEBUG] _generate_column_key called: sheet_name='科目余额表（5级含未过账）', col_info.column_index=10
[TEMP DEBUG] initial: primary_header='', secondary_header=''
[TEMP DEBUG] Excel读取列头成功: col=10, header='88590695.5'
[TEMP DEBUG] _generate_column_key called: sheet_name='科目余额表（5级含未过账）', col_info.column_index=1
[TEMP DEBUG] initial: primary_header='期间:2025年第9期', secondary_header='科目代码'
[TEMP DEBUG] _generate_column_key called: sheet_name='科目余额表（5级含未过账）', col_info.column_index=9
[TEMP DEBUG] initial: primary_header='包含未过账凭证', secondary_header='本年累计'
[TEMP DEBUG] _generate_column_key called: sheet_name='科目余额表（5级含未过账）', col_info.column_index=10
[TEMP DEBUG] initial: primary_header='', secondary_header=''
[TEMP DEBUG] Excel读取列头成功: col=10, header='88590695.5'
[TEMP DEBUG] _generate_column_key called: sheet_name='科目余额表（5级含未过账）', col_info.column_index=9
[TEMP DEBUG] initial: primary_header='包含未过账凭证', secondary_header='本年累计'
[TEMP DEBUG] _generate_column_key called: sheet_name='科目余额表（5级含未过账）', col_info.column_index=10
[TEMP DEBUG] initial: primary_header='', secondary_header=''
[TEMP DEBUG] Excel读取列头成功: col=10, header='88590695.5'
[TEMP DEBUG] _generate_column_key called: sheet_name='科目余额表（5级含未过账）', col_info.column_index=9
[TEMP DEBUG] initial: primary_header='包含未过账凭证', secondary_header='本年累计'
[TEMP DEBUG] _generate_column_key called: sheet_name='科目余额表（5级含未过账）', col_info.column_index=10
[TEMP DEBUG] initial: primary_header='', secondary_header=''
[TEMP DEBUG] Excel读取列头成功: col=10, header='88590695.5'
[TEMP DEBUG] _generate_column_key called: sheet_name='科目余额表（5级含未过账）', col_info.column_index=1
[TEMP DEBUG] initial: primary_header='期间:2025年第9期', secondary_header='科目代码'
[TEMP DEBUG] _generate_column_key called: sheet_name='科目余额表（5级含未过账）', col_info.column_index=9
[TEMP DEBUG] initial: primary_header='包含未过账凭证', secondary_header='本年累计'
[TEMP DEBUG] _generate_column_key called: sheet_name='科目余额表（5级含未过账）', col_info.column_index=10
[TEMP DEBUG] initial: primary_header='', secondary_header=''
[TEMP DEBUG] Excel读取列头成功: col=10, header='88590695.5'
[TEMP DEBUG] _generate_column_key called: sheet_name='科目余额表（5级含未过账）', col_info.column_index=9
[TEMP DEBUG] initial: primary_header='包含未过账凭证', secondary_header='本年累计'
[TEMP DEBUG] _generate_column_key called: sheet_name='科目余额表（5级含未过账）', col_info.column_index=10
[TEMP DEBUG] initial: primary_header='', secondary_header=''
[TEMP DEBUG] Excel读取列头成功: col=10, header='88590695.5'
[TEMP DEBUG] _generate_column_key called: sheet_name='科目余额表（5级含未过账）', col_info.column_index=9
[TEMP DEBUG] initial: primary_header='包含未过账凭证', secondary_header='本年累计'
[TEMP DEBUG] _generate_column_key called: sheet_name='科目余额表（5级含未过账）', col_info.column_index=10
[TEMP DEBUG] initial: primary_header='', secondary_header=''
[TEMP DEBUG] Excel读取列头成功: col=10, header='88590695.5'
[TEMP DEBUG] _generate_column_key called: sheet_name='科目余额表（5级含未过账）', col_info.column_index=9
[TEMP DEBUG] initial: primary_header='包含未过账凭证', secondary_header='本年累计'
[TEMP DEBUG] _generate_column_key called: sheet_name='科目余额表（5级含未过账）', col_info.column_index=10
[TEMP DEBUG] initial: primary_header='', secondary_header=''
[TEMP DEBUG] Excel读取列头成功: col=10, header='88590695.5'
[TEMP DEBUG] _generate_column_key called: sheet_name='科目余额表（5级含未过账）', col_info.column_index=1
[TEMP DEBUG] initial: primary_header='期间:2025年第9期', secondary_header='科目代码'
[TEMP DEBUG] _generate_column_key called: sheet_name='科目余额表（5级含未过账）', col_info.column_index=8
[TEMP DEBUG] initial: primary_header='', secondary_header=''
[TEMP DEBUG] Excel读取列头成功: col=8, header='916679.48'
[TEMP DEBUG] _generate_column_key called: sheet_name='科目余额表（5级含未过账）', col_info.column_index=9
[TEMP DEBUG] initial: primary_header='包含未过账凭证', secondary_header='本年累计'
[TEMP DEBUG] _generate_column_key called: sheet_name='科目余额表（5级含未过账）', col_info.column_index=10
[TEMP DEBUG] initial: primary_header='', secondary_header=''
[TEMP DEBUG] Excel读取列头成功: col=10, header='88590695.5'
[TEMP DEBUG] _generate_column_key called: sheet_name='科目余额表（5级含未过账）', col_info.column_index=1
[TEMP DEBUG] initial: primary_header='期间:2025年第9期', secondary_header='科目代码'
[TEMP DEBUG] _generate_column_key called: sheet_name='科目余额表（5级含未过账）', col_info.column_index=1
[TEMP DEBUG] initial: primary_header='期间:2025年第9期', secondary_header='科目代码'
[TEMP DEBUG] _generate_column_key called: sheet_name='科目余额表（5级含未过账）', col_info.column_index=8
[TEMP DEBUG] initial: primary_header='', secondary_header=''
[TEMP DEBUG] Excel读取列头成功: col=8, header='916679.48'
[TEMP DEBUG] _generate_column_key called: sheet_name='科目余额表（5级含未过账）', col_info.column_index=9
[TEMP DEBUG] initial: primary_header='包含未过账凭证', secondary_header='本年累计'
[TEMP DEBUG] _generate_column_key called: sheet_name='科目余额表（5级含未过账）', col_info.column_index=10
[TEMP DEBUG] initial: primary_header='', secondary_header=''
[TEMP DEBUG] Excel读取列头成功: col=10, header='88590695.5'
[TEMP DEBUG] _generate_column_key called: sheet_name='科目余额表（5级含未过账）', col_info.column_index=9
[TEMP DEBUG] initial: primary_header='包含未过账凭证', secondary_header='本年累计'
[TEMP DEBUG] _generate_column_key called: sheet_name='科目余额表（5级含未过账）', col_info.column_index=10
[TEMP DEBUG] initial: primary_header='', secondary_header=''
[TEMP DEBUG] Excel读取列头成功: col=10, header='88590695.5'
[TEMP DEBUG] _generate_column_key called: sheet_name='科目余额表（5级含未过账）', col_info.column_index=9
[TEMP DEBUG] initial: primary_header='包含未过账凭证', secondary_header='本年累计'
[TEMP DEBUG] _generate_column_key called: sheet_name='科目余额表（5级含未过账）', col_info.column_index=10
[TEMP DEBUG] initial: primary_header='', secondary_header=''
[TEMP DEBUG] Excel读取列头成功: col=10, header='88590695.5'
[TEMP DEBUG] _generate_column_key called: sheet_name='科目余额表（5级含未过账）', col_info.column_index=9
[TEMP DEBUG] initial: primary_header='包含未过账凭证', secondary_header='本年累计'
[TEMP DEBUG] _generate_column_key called: sheet_name='科目余额表（5级含未过账）', col_info.column_index=10
[TEMP DEBUG] initial: primary_header='', secondary_header=''
[TEMP DEBUG] Excel读取列头成功: col=10, header='88590695.5'
[TEMP DEBUG] _generate_column_key called: sheet_name='科目余额表（5级含未过账）', col_info.column_index=8
[TEMP DEBUG] initial: primary_header='', secondary_header=''
[TEMP DEBUG] Excel读取列头成功: col=8, header='916679.48'
[TEMP DEBUG] _generate_column_key called: sheet_name='科目余额表（5级含未过账）', col_info.column_index=9
[TEMP DEBUG] initial: primary_header='包含未过账凭证', secondary_header='本年累计'
[TEMP DEBUG] _generate_column_key called: sheet_name='科目余额表（5级含未过账）', col_info.column_index=10
[TEMP DEBUG] initial: primary_header='', secondary_header=''
[TEMP DEBUG] Excel读取列头成功: col=10, header='88590695.5'
[TEMP DEBUG] _generate_column_key called: sheet_name='科目余额表（5级含未过账）', col_info.column_index=8
[TEMP DEBUG] initial: primary_header='', secondary_header=''
[TEMP DEBUG] Excel读取列头成功: col=8, header='916679.48'
[TEMP DEBUG] _generate_column_key called: sheet_name='科目余额表（5级含未过账）', col_info.column_index=9
[TEMP DEBUG] initial: primary_header='包含未过账凭证', secondary_header='本年累计'
[TEMP DEBUG] _generate_column_key called: sheet_name='科目余额表（5级含未过账）', col_info.column_index=10
[TEMP DEBUG] initial: primary_header='', secondary_header=''
[TEMP DEBUG] Excel读取列头成功: col=10, header='88590695.5'
[TEMP DEBUG] _generate_column_key called: sheet_name='科目余额表（5级含未过账）', col_info.column_index=9
[TEMP DEBUG] initial: primary_header='包含未过账凭证', secondary_header='本年累计'
[TEMP DEBUG] _generate_column_key called: sheet_name='科目余额表（5级含未过账）', col_info.column_index=10
[TEMP DEBUG] initial: primary_header='', secondary_header=''
[TEMP DEBUG] Excel读取列头成功: col=10, header='88590695.5'
[TEMP DEBUG] _generate_column_key called: sheet_name='科目余额表（5级含未过账）', col_info.column_index=1
[TEMP DEBUG] initial: primary_header='期间:2025年第9期', secondary_header='科目代码'
[TEMP DEBUG] _generate_column_key called: sheet_name='科目余额表（5级含未过账）', col_info.column_index=1
[TEMP DEBUG] initial: primary_header='期间:2025年第9期', secondary_header='科目代码'
[TEMP DEBUG] _generate_column_key called: sheet_name='科目余额表（5级含未过账）', col_info.column_index=1
[TEMP DEBUG] initial: primary_header='期间:2025年第9期', secondary_header='科目代码'
[TEMP DEBUG] _generate_column_key called: sheet_name='科目余额表（5级含未过账）', col_info.column_index=1
[TEMP DEBUG] initial: primary_header='期间:2025年第9期', secondary_header='科目代码'
[TEMP DEBUG] _generate_column_key called: sheet_name='科目余额表（5级含未过账）', col_info.column_index=1
[TEMP DEBUG] initial: primary_header='期间:2025年第9期', secondary_header='科目代码'
[TEMP DEBUG] _generate_column_key called: sheet_name='科目余额表（5级含未过账）', col_info.column_index=1
[TEMP DEBUG] initial: primary_header='期间:2025年第9期', secondary_header='科目代码'
[TEMP DEBUG] _generate_column_key called: sheet_name='科目余额表（5级含未过账）', col_info.column_index=1
[TEMP DEBUG] initial: primary_header='期间:2025年第9期', secondary_header='科目代码'
[TEMP DEBUG] _generate_column_key called: sheet_name='科目余额表（5级含未过账）', col_info.column_index=1
[TEMP DEBUG] initial: primary_header='期间:2025年第9期', secondary_header='科目代码'
[TEMP DEBUG] _generate_column_key called: sheet_name='科目余额表（5级含未过账）', col_info.column_index=1
[TEMP DEBUG] initial: primary_header='期间:2025年第9期', secondary_header='科目代码'
[TEMP DEBUG] _generate_column_key called: sheet_name='科目余额表（5级含未过账）', col_info.column_index=1
[TEMP DEBUG] initial: primary_header='期间:2025年第9期', secondary_header='科目代码'
[TEMP DEBUG] _generate_column_key called: sheet_name='科目余额表（5级含未过账）', col_info.column_index=1
[TEMP DEBUG] initial: primary_header='期间:2025年第9期', secondary_header='科目代码'
[TEMP DEBUG] _generate_column_key called: sheet_name='科目余额表（5级含未过账）', col_info.column_index=1
[TEMP DEBUG] initial: primary_header='期间:2025年第9期', secondary_header='科目代码'
[TEMP DEBUG] _generate_column_key called: sheet_name='科目余额表（5级含未过账）', col_info.column_index=1
[TEMP DEBUG] initial: primary_header='期间:2025年第9期', secondary_header='科目代码'
[TEMP DEBUG] _generate_column_key called: sheet_name='科目余额表（5级含未过账）', col_info.column_index=1
[TEMP DEBUG] initial: primary_header='期间:2025年第9期', secondary_header='科目代码'
[TEMP DEBUG] _generate_column_key called: sheet_name='科目余额表（5级含未过账）', col_info.column_index=1
[TEMP DEBUG] initial: primary_header='期间:2025年第9期', secondary_header='科目代码'
[TEMP DEBUG] _generate_column_key called: sheet_name='科目余额表（5级含未过账）', col_info.column_index=1
[TEMP DEBUG] initial: primary_header='期间:2025年第9期', secondary_header='科目代码'
[TEMP DEBUG] _generate_column_key called: sheet_name='科目余额表（5级含未过账）', col_info.column_index=1
[TEMP DEBUG] initial: primary_header='期间:2025年第9期', secondary_header='科目代码'
[TEMP DEBUG] _generate_column_key called: sheet_name='科目余额表（5级含未过账）', col_info.column_index=1
[TEMP DEBUG] initial: primary_header='期间:2025年第9期', secondary_header='科目代码'
[TEMP DEBUG] _generate_column_key called: sheet_name='科目余额表（5级含未过账）', col_info.column_index=1
[TEMP DEBUG] initial: primary_header='期间:2025年第9期', secondary_header='科目代码'
[TEMP DEBUG] _generate_column_key called: sheet_name='科目余额表（5级含未过账）', col_info.column_index=1
[TEMP DEBUG] initial: primary_header='期间:2025年第9期', secondary_header='科目代码'
[TEMP DEBUG] _generate_column_key called: sheet_name='科目余额表（5级含未过账）', col_info.column_index=1
[TEMP DEBUG] initial: primary_header='期间:2025年第9期', secondary_header='科目代码'
[TEMP DEBUG] _generate_column_key called: sheet_name='科目余额表（5级含未过账）', col_info.column_index=1
[TEMP DEBUG] initial: primary_header='期间:2025年第9期', secondary_header='科目代码'
[TEMP DEBUG] _generate_column_key called: sheet_name='科目余额表（5级含未过账）', col_info.column_index=1
[TEMP DEBUG] initial: primary_header='期间:2025年第9期', secondary_header='科目代码'
[TEMP DEBUG] _generate_column_key called: sheet_name='科目余额表（5级含未过账）', col_info.column_index=9
[TEMP DEBUG] initial: primary_header='包含未过账凭证', secondary_header='本年累计'
[TEMP DEBUG] _generate_column_key called: sheet_name='科目余额表（5级含未过账）', col_info.column_index=10
[TEMP DEBUG] initial: primary_header='', secondary_header=''
[TEMP DEBUG] Excel读取列头成功: col=10, header='88590695.5'
[TEMP DEBUG] _generate_column_key called: sheet_name='科目余额表（5级含未过账）', col_info.column_index=1
[TEMP DEBUG] initial: primary_header='期间:2025年第9期', secondary_header='科目代码'
[TEMP DEBUG] _generate_column_key called: sheet_name='科目余额表（5级含未过账）', col_info.column_index=9
[TEMP DEBUG] initial: primary_header='包含未过账凭证', secondary_header='本年累计'
[TEMP DEBUG] _generate_column_key called: sheet_name='科目余额表（5级含未过账）', col_info.column_index=10
[TEMP DEBUG] initial: primary_header='', secondary_header=''
[TEMP DEBUG] Excel读取列头成功: col=10, header='88590695.5'
[TEMP DEBUG] _generate_column_key called: sheet_name='科目余额表（5级含未过账）', col_info.column_index=1
[TEMP DEBUG] initial: primary_header='期间:2025年第9期', secondary_header='科目代码'
[TEMP DEBUG] _generate_column_key called: sheet_name='科目余额表（5级含未过账）', col_info.column_index=1
[TEMP DEBUG] initial: primary_header='期间:2025年第9期', secondary_header='科目代码'
[TEMP DEBUG] _generate_column_key called: sheet_name='科目余额表（5级含未过账）', col_info.column_index=1
[TEMP DEBUG] initial: primary_header='期间:2025年第9期', secondary_header='科目代码'
[TEMP DEBUG] _generate_column_key called: sheet_name='科目余额表（5级含未过账）', col_info.column_index=1
[TEMP DEBUG] initial: primary_header='期间:2025年第9期', secondary_header='科目代码'
[TEMP DEBUG] _generate_column_key called: sheet_name='科目余额表（5级含未过账）', col_info.column_index=1
[TEMP DEBUG] initial: primary_header='期间:2025年第9期', secondary_header='科目代码'
[TEMP DEBUG] _generate_column_key called: sheet_name='科目余额表（5级含未过账）', col_info.column_index=1
[TEMP DEBUG] initial: primary_header='期间:2025年第9期', secondary_header='科目代码'
[TEMP DEBUG] _generate_column_key called: sheet_name='科目余额表（5级含未过账）', col_info.column_index=3
[TEMP DEBUG] initial: primary_header='', secondary_header='年初余额'
[TEMP DEBUG] Excel读取列头成功: col=3, header='14745610.82'
[TEMP DEBUG] _generate_column_key called: sheet_name='科目余额表（5级含未过账）', col_info.column_index=5
[TEMP DEBUG] initial: primary_header='币别:人民币', secondary_header='期初余额'
[TEMP DEBUG] _generate_column_key called: sheet_name='科目余额表（5级含未过账）', col_info.column_index=8
[TEMP DEBUG] initial: primary_header='', secondary_header=''
[TEMP DEBUG] Excel读取列头成功: col=8, header='916679.48'
[TEMP DEBUG] _generate_column_key called: sheet_name='科目余额表（5级含未过账）', col_info.column_index=9
[TEMP DEBUG] initial: primary_header='包含未过账凭证', secondary_header='本年累计'
[TEMP DEBUG] _generate_column_key called: sheet_name='科目余额表（5级含未过账）', col_info.column_index=10
[TEMP DEBUG] initial: primary_header='', secondary_header=''
[TEMP DEBUG] Excel读取列头成功: col=10, header='88590695.5'
[TEMP DEBUG] _generate_column_key called: sheet_name='科目余额表（5级含未过账）', col_info.column_index=11
[TEMP DEBUG] initial: primary_header='', secondary_header='期末余额'
[TEMP DEBUG] Excel读取列头成功: col=11, header='6460863.03'
    科目余额表提取完成，共 580 个项目
  提取到 580 个来源项

提取数据源表 '上年科目余额表' 的来源项...
  分析表格模式...
  识别为: 科目余额表
    使用科目余额表专用提取逻辑
    数据开始行: 4
    发现 9 个数据列
[TEMP DEBUG] _generate_column_key called: sheet_name='上年科目余额表', col_info.column_index=1
[TEMP DEBUG] initial: primary_header='期间:2024年第9期', secondary_header='科目代码'
[TEMP DEBUG] _generate_column_key called: sheet_name='上年科目余额表', col_info.column_index=1
[TEMP DEBUG] initial: primary_header='期间:2024年第9期', secondary_header='科目代码'
[TEMP DEBUG] _generate_column_key called: sheet_name='上年科目余额表', col_info.column_index=3
[TEMP DEBUG] initial: primary_header='', secondary_header='年初余额'
[TEMP DEBUG] Excel读取列头成功: col=3, header='4304903.78'
[TEMP DEBUG] _generate_column_key called: sheet_name='上年科目余额表', col_info.column_index=5
[TEMP DEBUG] initial: primary_header='币别:人民币', secondary_header='期初余额'
[TEMP DEBUG] _generate_column_key called: sheet_name='上年科目余额表', col_info.column_index=7
[TEMP DEBUG] initial: primary_header='公司:南宁产投智创科电投资开发有限责任公司', secondary_header='本期发生额'
[TEMP DEBUG] _generate_column_key called: sheet_name='上年科目余额表', col_info.column_index=8
[TEMP DEBUG] initial: primary_header='', secondary_header=''
[TEMP DEBUG] Excel读取列头成功: col=8, header='5170051.38'
[TEMP DEBUG] _generate_column_key called: sheet_name='上年科目余额表', col_info.column_index=9
[TEMP DEBUG] initial: primary_header='包含未过账凭证', secondary_header='本年累计'
[TEMP DEBUG] _generate_column_key called: sheet_name='上年科目余额表', col_info.column_index=10
[TEMP DEBUG] initial: primary_header='', secondary_header=''
[TEMP DEBUG] Excel读取列头成功: col=10, header='158844838.95'
[TEMP DEBUG] _generate_column_key called: sheet_name='上年科目余额表', col_info.column_index=11
[TEMP DEBUG] initial: primary_header='', secondary_header='期末余额'
[TEMP DEBUG] Excel读取列头成功: col=11, header='7436320.98'
[TEMP DEBUG] _generate_column_key called: sheet_name='上年科目余额表', col_info.column_index=1
[TEMP DEBUG] initial: primary_header='期间:2024年第9期', secondary_header='科目代码'
[TEMP DEBUG] _generate_column_key called: sheet_name='上年科目余额表', col_info.column_index=1
[TEMP DEBUG] initial: primary_header='期间:2024年第9期', secondary_header='科目代码'
[TEMP DEBUG] _generate_column_key called: sheet_name='上年科目余额表', col_info.column_index=1
[TEMP DEBUG] initial: primary_header='期间:2024年第9期', secondary_header='科目代码'
[TEMP DEBUG] _generate_column_key called: sheet_name='上年科目余额表', col_info.column_index=1
[TEMP DEBUG] initial: primary_header='期间:2024年第9期', secondary_header='科目代码'
[TEMP DEBUG] _generate_column_key called: sheet_name='上年科目余额表', col_info.column_index=1
[TEMP DEBUG] initial: primary_header='期间:2024年第9期', secondary_header='科目代码'
[TEMP DEBUG] _generate_column_key called: sheet_name='上年科目余额表', col_info.column_index=3
[TEMP DEBUG] initial: primary_header='', secondary_header='年初余额'
[TEMP DEBUG] Excel读取列头成功: col=3, header='4304903.78'
[TEMP DEBUG] _generate_column_key called: sheet_name='上年科目余额表', col_info.column_index=5
[TEMP DEBUG] initial: primary_header='币别:人民币', secondary_header='期初余额'
[TEMP DEBUG] _generate_column_key called: sheet_name='上年科目余额表', col_info.column_index=7
[TEMP DEBUG] initial: primary_header='公司:南宁产投智创科电投资开发有限责任公司', secondary_header='本期发生额'
[TEMP DEBUG] _generate_column_key called: sheet_name='上年科目余额表', col_info.column_index=8
[TEMP DEBUG] initial: primary_header='', secondary_header=''
[TEMP DEBUG] Excel读取列头成功: col=8, header='5170051.38'
[TEMP DEBUG] _generate_column_key called: sheet_name='上年科目余额表', col_info.column_index=9
[TEMP DEBUG] initial: primary_header='包含未过账凭证', secondary_header='本年累计'
[TEMP DEBUG] _generate_column_key called: sheet_name='上年科目余额表', col_info.column_index=10
[TEMP DEBUG] initial: primary_header='', secondary_header=''
[TEMP DEBUG] Excel读取列头成功: col=10, header='158844838.95'
[TEMP DEBUG] _generate_column_key called: sheet_name='上年科目余额表', col_info.column_index=11
[TEMP DEBUG] initial: primary_header='', secondary_header='期末余额'
[TEMP DEBUG] Excel读取列头成功: col=11, header='7436320.98'
[TEMP DEBUG] _generate_column_key called: sheet_name='上年科目余额表', col_info.column_index=1
[TEMP DEBUG] initial: primary_header='期间:2024年第9期', secondary_header='科目代码'
[TEMP DEBUG] _generate_column_key called: sheet_name='上年科目余额表', col_info.column_index=1
[TEMP DEBUG] initial: primary_header='期间:2024年第9期', secondary_header='科目代码'
[TEMP DEBUG] _generate_column_key called: sheet_name='上年科目余额表', col_info.column_index=1
[TEMP DEBUG] initial: primary_header='期间:2024年第9期', secondary_header='科目代码'
[TEMP DEBUG] _generate_column_key called: sheet_name='上年科目余额表', col_info.column_index=1
[TEMP DEBUG] initial: primary_header='期间:2024年第9期', secondary_header='科目代码'
[TEMP DEBUG] _generate_column_key called: sheet_name='上年科目余额表', col_info.column_index=5
[TEMP DEBUG] initial: primary_header='币别:人民币', secondary_header='期初余额'
[TEMP DEBUG] _generate_column_key called: sheet_name='上年科目余额表', col_info.column_index=7
[TEMP DEBUG] initial: primary_header='公司:南宁产投智创科电投资开发有限责任公司', secondary_header='本期发生额'
[TEMP DEBUG] _generate_column_key called: sheet_name='上年科目余额表', col_info.column_index=8
[TEMP DEBUG] initial: primary_header='', secondary_header=''
[TEMP DEBUG] Excel读取列头成功: col=8, header='5170051.38'
[TEMP DEBUG] _generate_column_key called: sheet_name='上年科目余额表', col_info.column_index=9
[TEMP DEBUG] initial: primary_header='包含未过账凭证', secondary_header='本年累计'
[TEMP DEBUG] _generate_column_key called: sheet_name='上年科目余额表', col_info.column_index=10
[TEMP DEBUG] initial: primary_header='', secondary_header=''
[TEMP DEBUG] Excel读取列头成功: col=10, header='158844838.95'
[TEMP DEBUG] _generate_column_key called: sheet_name='上年科目余额表', col_info.column_index=11
[TEMP DEBUG] initial: primary_header='', secondary_header='期末余额'
[TEMP DEBUG] Excel读取列头成功: col=11, header='7436320.98'
[TEMP DEBUG] _generate_column_key called: sheet_name='上年科目余额表', col_info.column_index=1
[TEMP DEBUG] initial: primary_header='期间:2024年第9期', secondary_header='科目代码'
[TEMP DEBUG] _generate_column_key called: sheet_name='上年科目余额表', col_info.column_index=5
[TEMP DEBUG] initial: primary_header='币别:人民币', secondary_header='期初余额'
[TEMP DEBUG] _generate_column_key called: sheet_name='上年科目余额表', col_info.column_index=7
[TEMP DEBUG] initial: primary_header='公司:南宁产投智创科电投资开发有限责任公司', secondary_header='本期发生额'
[TEMP DEBUG] _generate_column_key called: sheet_name='上年科目余额表', col_info.column_index=8
[TEMP DEBUG] initial: primary_header='', secondary_header=''
[TEMP DEBUG] Excel读取列头成功: col=8, header='5170051.38'
[TEMP DEBUG] _generate_column_key called: sheet_name='上年科目余额表', col_info.column_index=9
[TEMP DEBUG] initial: primary_header='包含未过账凭证', secondary_header='本年累计'
[TEMP DEBUG] _generate_column_key called: sheet_name='上年科目余额表', col_info.column_index=10
[TEMP DEBUG] initial: primary_header='', secondary_header=''
[TEMP DEBUG] Excel读取列头成功: col=10, header='158844838.95'
[TEMP DEBUG] _generate_column_key called: sheet_name='上年科目余额表', col_info.column_index=11
[TEMP DEBUG] initial: primary_header='', secondary_header='期末余额'
[TEMP DEBUG] Excel读取列头成功: col=11, header='7436320.98'
[TEMP DEBUG] _generate_column_key called: sheet_name='上年科目余额表', col_info.column_index=1
[TEMP DEBUG] initial: primary_header='期间:2024年第9期', secondary_header='科目代码'
[TEMP DEBUG] _generate_column_key called: sheet_name='上年科目余额表', col_info.column_index=1
[TEMP DEBUG] initial: primary_header='期间:2024年第9期', secondary_header='科目代码'
[TEMP DEBUG] _generate_column_key called: sheet_name='上年科目余额表', col_info.column_index=1
[TEMP DEBUG] initial: primary_header='期间:2024年第9期', secondary_header='科目代码'
[TEMP DEBUG] _generate_column_key called: sheet_name='上年科目余额表', col_info.column_index=1
[TEMP DEBUG] initial: primary_header='期间:2024年第9期', secondary_header='科目代码'
[TEMP DEBUG] _generate_column_key called: sheet_name='上年科目余额表', col_info.column_index=1
[TEMP DEBUG] initial: primary_header='期间:2024年第9期', secondary_header='科目代码'
[TEMP DEBUG] _generate_column_key called: sheet_name='上年科目余额表', col_info.column_index=1
[TEMP DEBUG] initial: primary_header='期间:2024年第9期', secondary_header='科目代码'
[TEMP DEBUG] _generate_column_key called: sheet_name='上年科目余额表', col_info.column_index=1
[TEMP DEBUG] initial: primary_header='期间:2024年第9期', secondary_header='科目代码'
[TEMP DEBUG] _generate_column_key called: sheet_name='上年科目余额表', col_info.column_index=1
[TEMP DEBUG] initial: primary_header='期间:2024年第9期', secondary_header='科目代码'
[TEMP DEBUG] _generate_column_key called: sheet_name='上年科目余额表', col_info.column_index=1
[TEMP DEBUG] initial: primary_header='期间:2024年第9期', secondary_header='科目代码'
[TEMP DEBUG] _generate_column_key called: sheet_name='上年科目余额表', col_info.column_index=1
[TEMP DEBUG] initial: primary_header='期间:2024年第9期', secondary_header='科目代码'
[TEMP DEBUG] _generate_column_key called: sheet_name='上年科目余额表', col_info.column_index=1
[TEMP DEBUG] initial: primary_header='期间:2024年第9期', secondary_header='科目代码'
[TEMP DEBUG] _generate_column_key called: sheet_name='上年科目余额表', col_info.column_index=3
[TEMP DEBUG] initial: primary_header='', secondary_header='年初余额'
[TEMP DEBUG] Excel读取列头成功: col=3, header='4304903.78'
[TEMP DEBUG] _generate_column_key called: sheet_name='上年科目余额表', col_info.column_index=5
[TEMP DEBUG] initial: primary_header='币别:人民币', secondary_header='期初余额'
[TEMP DEBUG] _generate_column_key called: sheet_name='上年科目余额表', col_info.column_index=7
[TEMP DEBUG] initial: primary_header='公司:南宁产投智创科电投资开发有限责任公司', secondary_header='本期发生额'
[TEMP DEBUG] _generate_column_key called: sheet_name='上年科目余额表', col_info.column_index=8
[TEMP DEBUG] initial: primary_header='', secondary_header=''
[TEMP DEBUG] Excel读取列头成功: col=8, header='5170051.38'
[TEMP DEBUG] _generate_column_key called: sheet_name='上年科目余额表', col_info.column_index=9
[TEMP DEBUG] initial: primary_header='包含未过账凭证', secondary_header='本年累计'
[TEMP DEBUG] _generate_column_key called: sheet_name='上年科目余额表', col_info.column_index=10
[TEMP DEBUG] initial: primary_header='', secondary_header=''
[TEMP DEBUG] Excel读取列头成功: col=10, header='158844838.95'
[TEMP DEBUG] _generate_column_key called: sheet_name='上年科目余额表', col_info.column_index=11
[TEMP DEBUG] initial: primary_header='', secondary_header='期末余额'
[TEMP DEBUG] Excel读取列头成功: col=11, header='7436320.98'
[TEMP DEBUG] _generate_column_key called: sheet_name='上年科目余额表', col_info.column_index=1
[TEMP DEBUG] initial: primary_header='期间:2024年第9期', secondary_header='科目代码'
[TEMP DEBUG] _generate_column_key called: sheet_name='上年科目余额表', col_info.column_index=1
[TEMP DEBUG] initial: primary_header='期间:2024年第9期', secondary_header='科目代码'
[TEMP DEBUG] _generate_column_key called: sheet_name='上年科目余额表', col_info.column_index=1
[TEMP DEBUG] initial: primary_header='期间:2024年第9期', secondary_header='科目代码'
[TEMP DEBUG] _generate_column_key called: sheet_name='上年科目余额表', col_info.column_index=1
[TEMP DEBUG] initial: primary_header='期间:2024年第9期', secondary_header='科目代码'
[TEMP DEBUG] _generate_column_key called: sheet_name='上年科目余额表', col_info.column_index=3
[TEMP DEBUG] initial: primary_header='', secondary_header='年初余额'
[TEMP DEBUG] Excel读取列头成功: col=3, header='4304903.78'
[TEMP DEBUG] _generate_column_key called: sheet_name='上年科目余额表', col_info.column_index=5
[TEMP DEBUG] initial: primary_header='币别:人民币', secondary_header='期初余额'
[TEMP DEBUG] _generate_column_key called: sheet_name='上年科目余额表', col_info.column_index=7
[TEMP DEBUG] initial: primary_header='公司:南宁产投智创科电投资开发有限责任公司', secondary_header='本期发生额'
[TEMP DEBUG] _generate_column_key called: sheet_name='上年科目余额表', col_info.column_index=8
[TEMP DEBUG] initial: primary_header='', secondary_header=''
[TEMP DEBUG] Excel读取列头成功: col=8, header='5170051.38'
[TEMP DEBUG] _generate_column_key called: sheet_name='上年科目余额表', col_info.column_index=9
[TEMP DEBUG] initial: primary_header='包含未过账凭证', secondary_header='本年累计'
[TEMP DEBUG] _generate_column_key called: sheet_name='上年科目余额表', col_info.column_index=10
[TEMP DEBUG] initial: primary_header='', secondary_header=''
[TEMP DEBUG] Excel读取列头成功: col=10, header='158844838.95'
[TEMP DEBUG] _generate_column_key called: sheet_name='上年科目余额表', col_info.column_index=11
[TEMP DEBUG] initial: primary_header='', secondary_header='期末余额'
[TEMP DEBUG] Excel读取列头成功: col=11, header='7436320.98'
[TEMP DEBUG] _generate_column_key called: sheet_name='上年科目余额表', col_info.column_index=1
[TEMP DEBUG] initial: primary_header='期间:2024年第9期', secondary_header='科目代码'
[TEMP DEBUG] _generate_column_key called: sheet_name='上年科目余额表', col_info.column_index=1
[TEMP DEBUG] initial: primary_header='期间:2024年第9期', secondary_header='科目代码'
[TEMP DEBUG] _generate_column_key called: sheet_name='上年科目余额表', col_info.column_index=1
[TEMP DEBUG] initial: primary_header='期间:2024年第9期', secondary_header='科目代码'
[TEMP DEBUG] _generate_column_key called: sheet_name='上年科目余额表', col_info.column_index=1
[TEMP DEBUG] initial: primary_header='期间:2024年第9期', secondary_header='科目代码'
[TEMP DEBUG] _generate_column_key called: sheet_name='上年科目余额表', col_info.column_index=1
[TEMP DEBUG] initial: primary_header='期间:2024年第9期', secondary_header='科目代码'
[TEMP DEBUG] _generate_column_key called: sheet_name='上年科目余额表', col_info.column_index=1
[TEMP DEBUG] initial: primary_header='期间:2024年第9期', secondary_header='科目代码'
[TEMP DEBUG] _generate_column_key called: sheet_name='上年科目余额表', col_info.column_index=1
[TEMP DEBUG] initial: primary_header='期间:2024年第9期', secondary_header='科目代码'
[TEMP DEBUG] _generate_column_key called: sheet_name='上年科目余额表', col_info.column_index=1
[TEMP DEBUG] initial: primary_header='期间:2024年第9期', secondary_header='科目代码'
[TEMP DEBUG] _generate_column_key called: sheet_name='上年科目余额表', col_info.column_index=5
[TEMP DEBUG] initial: primary_header='币别:人民币', secondary_header='期初余额'
[TEMP DEBUG] _generate_column_key called: sheet_name='上年科目余额表', col_info.column_index=9
[TEMP DEBUG] initial: primary_header='包含未过账凭证', secondary_header='本年累计'
[TEMP DEBUG] _generate_column_key called: sheet_name='上年科目余额表', col_info.column_index=10
[TEMP DEBUG] initial: primary_header='', secondary_header=''
[TEMP DEBUG] Excel读取列头成功: col=10, header='158844838.95'
[TEMP DEBUG] _generate_column_key called: sheet_name='上年科目余额表', col_info.column_index=11
[TEMP DEBUG] initial: primary_header='', secondary_header='期末余额'
[TEMP DEBUG] Excel读取列头成功: col=11, header='7436320.98'
[TEMP DEBUG] _generate_column_key called: sheet_name='上年科目余额表', col_info.column_index=1
[TEMP DEBUG] initial: primary_header='期间:2024年第9期', secondary_header='科目代码'
[TEMP DEBUG] _generate_column_key called: sheet_name='上年科目余额表', col_info.column_index=1
[TEMP DEBUG] initial: primary_header='期间:2024年第9期', secondary_header='科目代码'
[TEMP DEBUG] _generate_column_key called: sheet_name='上年科目余额表', col_info.column_index=1
[TEMP DEBUG] initial: primary_header='期间:2024年第9期', secondary_header='科目代码'
[TEMP DEBUG] _generate_column_key called: sheet_name='上年科目余额表', col_info.column_index=1
[TEMP DEBUG] initial: primary_header='期间:2024年第9期', secondary_header='科目代码'
[TEMP DEBUG] _generate_column_key called: sheet_name='上年科目余额表', col_info.column_index=1
[TEMP DEBUG] initial: primary_header='期间:2024年第9期', secondary_header='科目代码'
[TEMP DEBUG] _generate_column_key called: sheet_name='上年科目余额表', col_info.column_index=1
[TEMP DEBUG] initial: primary_header='期间:2024年第9期', secondary_header='科目代码'
[TEMP DEBUG] _generate_column_key called: sheet_name='上年科目余额表', col_info.column_index=1
[TEMP DEBUG] initial: primary_header='期间:2024年第9期', secondary_header='科目代码'
[TEMP DEBUG] _generate_column_key called: sheet_name='上年科目余额表', col_info.column_index=1
[TEMP DEBUG] initial: primary_header='期间:2024年第9期', secondary_header='科目代码'
[TEMP DEBUG] _generate_column_key called: sheet_name='上年科目余额表', col_info.column_index=1
[TEMP DEBUG] initial: primary_header='期间:2024年第9期', secondary_header='科目代码'
[TEMP DEBUG] _generate_column_key called: sheet_name='上年科目余额表', col_info.column_index=1
[TEMP DEBUG] initial: primary_header='期间:2024年第9期', secondary_header='科目代码'
[TEMP DEBUG] _generate_column_key called: sheet_name='上年科目余额表', col_info.column_index=1
[TEMP DEBUG] initial: primary_header='期间:2024年第9期', secondary_header='科目代码'
[TEMP DEBUG] _generate_column_key called: sheet_name='上年科目余额表', col_info.column_index=1
[TEMP DEBUG] initial: primary_header='期间:2024年第9期', secondary_header='科目代码'
[TEMP DEBUG] _generate_column_key called: sheet_name='上年科目余额表', col_info.column_index=1
[TEMP DEBUG] initial: primary_header='期间:2024年第9期', secondary_header='科目代码'
[TEMP DEBUG] _generate_column_key called: sheet_name='上年科目余额表', col_info.column_index=1
[TEMP DEBUG] initial: primary_header='期间:2024年第9期', secondary_header='科目代码'
[TEMP DEBUG] _generate_column_key called: sheet_name='上年科目余额表', col_info.column_index=1
[TEMP DEBUG] initial: primary_header='期间:2024年第9期', secondary_header='科目代码'
[TEMP DEBUG] _generate_column_key called: sheet_name='上年科目余额表', col_info.column_index=3
[TEMP DEBUG] initial: primary_header='', secondary_header='年初余额'
[TEMP DEBUG] Excel读取列头成功: col=3, header='4304903.78'
[TEMP DEBUG] _generate_column_key called: sheet_name='上年科目余额表', col_info.column_index=5
[TEMP DEBUG] initial: primary_header='币别:人民币', secondary_header='期初余额'
[TEMP DEBUG] _generate_column_key called: sheet_name='上年科目余额表', col_info.column_index=7
[TEMP DEBUG] initial: primary_header='公司:南宁产投智创科电投资开发有限责任公司', secondary_header='本期发生额'
[TEMP DEBUG] _generate_column_key called: sheet_name='上年科目余额表', col_info.column_index=8
[TEMP DEBUG] initial: primary_header='', secondary_header=''
[TEMP DEBUG] Excel读取列头成功: col=8, header='5170051.38'
[TEMP DEBUG] _generate_column_key called: sheet_name='上年科目余额表', col_info.column_index=9
[TEMP DEBUG] initial: primary_header='包含未过账凭证', secondary_header='本年累计'
[TEMP DEBUG] _generate_column_key called: sheet_name='上年科目余额表', col_info.column_index=10
[TEMP DEBUG] initial: primary_header='', secondary_header=''
[TEMP DEBUG] Excel读取列头成功: col=10, header='158844838.95'
[TEMP DEBUG] _generate_column_key called: sheet_name='上年科目余额表', col_info.column_index=11
[TEMP DEBUG] initial: primary_header='', secondary_header='期末余额'
[TEMP DEBUG] Excel读取列头成功: col=11, header='7436320.98'
[TEMP DEBUG] _generate_column_key called: sheet_name='上年科目余额表', col_info.column_index=1
[TEMP DEBUG] initial: primary_header='期间:2024年第9期', secondary_header='科目代码'
[TEMP DEBUG] _generate_column_key called: sheet_name='上年科目余额表', col_info.column_index=5
[TEMP DEBUG] initial: primary_header='币别:人民币', secondary_header='期初余额'
[TEMP DEBUG] _generate_column_key called: sheet_name='上年科目余额表', col_info.column_index=7
[TEMP DEBUG] initial: primary_header='公司:南宁产投智创科电投资开发有限责任公司', secondary_header='本期发生额'
[TEMP DEBUG] _generate_column_key called: sheet_name='上年科目余额表', col_info.column_index=8
[TEMP DEBUG] initial: primary_header='', secondary_header=''
[TEMP DEBUG] Excel读取列头成功: col=8, header='5170051.38'
[TEMP DEBUG] _generate_column_key called: sheet_name='上年科目余额表', col_info.column_index=9
[TEMP DEBUG] initial: primary_header='包含未过账凭证', secondary_header='本年累计'
[TEMP DEBUG] _generate_column_key called: sheet_name='上年科目余额表', col_info.column_index=10
[TEMP DEBUG] initial: primary_header='', secondary_header=''
[TEMP DEBUG] Excel读取列头成功: col=10, header='158844838.95'
[TEMP DEBUG] _generate_column_key called: sheet_name='上年科目余额表', col_info.column_index=11
[TEMP DEBUG] initial: primary_header='', secondary_header='期末余额'
[TEMP DEBUG] Excel读取列头成功: col=11, header='7436320.98'
[TEMP DEBUG] _generate_column_key called: sheet_name='上年科目余额表', col_info.column_index=8
[TEMP DEBUG] initial: primary_header='', secondary_header=''
[TEMP DEBUG] Excel读取列头成功: col=8, header='5170051.38'
[TEMP DEBUG] _generate_column_key called: sheet_name='上年科目余额表', col_info.column_index=10
[TEMP DEBUG] initial: primary_header='', secondary_header=''
[TEMP DEBUG] Excel读取列头成功: col=10, header='158844838.95'
[TEMP DEBUG] _generate_column_key called: sheet_name='上年科目余额表', col_info.column_index=10
[TEMP DEBUG] initial: primary_header='', secondary_header=''
[TEMP DEBUG] Excel读取列头成功: col=10, header='158844838.95'
[TEMP DEBUG] _generate_column_key called: sheet_name='上年科目余额表', col_info.column_index=5
[TEMP DEBUG] initial: primary_header='币别:人民币', secondary_header='期初余额'
[TEMP DEBUG] _generate_column_key called: sheet_name='上年科目余额表', col_info.column_index=7
[TEMP DEBUG] initial: primary_header='公司:南宁产投智创科电投资开发有限责任公司', secondary_header='本期发生额'
[TEMP DEBUG] _generate_column_key called: sheet_name='上年科目余额表', col_info.column_index=9
[TEMP DEBUG] initial: primary_header='包含未过账凭证', secondary_header='本年累计'
[TEMP DEBUG] _generate_column_key called: sheet_name='上年科目余额表', col_info.column_index=11
[TEMP DEBUG] initial: primary_header='', secondary_header='期末余额'
[TEMP DEBUG] Excel读取列头成功: col=11, header='7436320.98'
[TEMP DEBUG] _generate_column_key called: sheet_name='上年科目余额表', col_info.column_index=5
[TEMP DEBUG] initial: primary_header='币别:人民币', secondary_header='期初余额'
[TEMP DEBUG] _generate_column_key called: sheet_name='上年科目余额表', col_info.column_index=7
[TEMP DEBUG] initial: primary_header='公司:南宁产投智创科电投资开发有限责任公司', secondary_header='本期发生额'
[TEMP DEBUG] _generate_column_key called: sheet_name='上年科目余额表', col_info.column_index=9
[TEMP DEBUG] initial: primary_header='包含未过账凭证', secondary_header='本年累计'
[TEMP DEBUG] _generate_column_key called: sheet_name='上年科目余额表', col_info.column_index=11
[TEMP DEBUG] initial: primary_header='', secondary_header='期末余额'
[TEMP DEBUG] Excel读取列头成功: col=11, header='7436320.98'
[TEMP DEBUG] _generate_column_key called: sheet_name='上年科目余额表', col_info.column_index=1
[TEMP DEBUG] initial: primary_header='期间:2024年第9期', secondary_header='科目代码'
[TEMP DEBUG] _generate_column_key called: sheet_name='上年科目余额表', col_info.column_index=3
[TEMP DEBUG] initial: primary_header='', secondary_header='年初余额'
[TEMP DEBUG] Excel读取列头成功: col=3, header='4304903.78'
[TEMP DEBUG] _generate_column_key called: sheet_name='上年科目余额表', col_info.column_index=5
[TEMP DEBUG] initial: primary_header='币别:人民币', secondary_header='期初余额'
[TEMP DEBUG] _generate_column_key called: sheet_name='上年科目余额表', col_info.column_index=7
[TEMP DEBUG] initial: primary_header='公司:南宁产投智创科电投资开发有限责任公司', secondary_header='本期发生额'
[TEMP DEBUG] _generate_column_key called: sheet_name='上年科目余额表', col_info.column_index=8
[TEMP DEBUG] initial: primary_header='', secondary_header=''
[TEMP DEBUG] Excel读取列头成功: col=8, header='5170051.38'
[TEMP DEBUG] _generate_column_key called: sheet_name='上年科目余额表', col_info.column_index=9
[TEMP DEBUG] initial: primary_header='包含未过账凭证', secondary_header='本年累计'
[TEMP DEBUG] _generate_column_key called: sheet_name='上年科目余额表', col_info.column_index=10
[TEMP DEBUG] initial: primary_header='', secondary_header=''
[TEMP DEBUG] Excel读取列头成功: col=10, header='158844838.95'
[TEMP DEBUG] _generate_column_key called: sheet_name='上年科目余额表', col_info.column_index=11
[TEMP DEBUG] initial: primary_header='', secondary_header='期末余额'
[TEMP DEBUG] Excel读取列头成功: col=11, header='7436320.98'
[TEMP DEBUG] _generate_column_key called: sheet_name='上年科目余额表', col_info.column_index=3
[TEMP DEBUG] initial: primary_header='', secondary_header='年初余额'
[TEMP DEBUG] Excel读取列头成功: col=3, header='4304903.78'
[TEMP DEBUG] _generate_column_key called: sheet_name='上年科目余额表', col_info.column_index=5
[TEMP DEBUG] initial: primary_header='币别:人民币', secondary_header='期初余额'
[TEMP DEBUG] _generate_column_key called: sheet_name='上年科目余额表', col_info.column_index=7
[TEMP DEBUG] initial: primary_header='公司:南宁产投智创科电投资开发有限责任公司', secondary_header='本期发生额'
[TEMP DEBUG] _generate_column_key called: sheet_name='上年科目余额表', col_info.column_index=8
[TEMP DEBUG] initial: primary_header='', secondary_header=''
[TEMP DEBUG] Excel读取列头成功: col=8, header='5170051.38'
[TEMP DEBUG] _generate_column_key called: sheet_name='上年科目余额表', col_info.column_index=9
[TEMP DEBUG] initial: primary_header='包含未过账凭证', secondary_header='本年累计'
[TEMP DEBUG] _generate_column_key called: sheet_name='上年科目余额表', col_info.column_index=10
[TEMP DEBUG] initial: primary_header='', secondary_header=''
[TEMP DEBUG] Excel读取列头成功: col=10, header='158844838.95'
[TEMP DEBUG] _generate_column_key called: sheet_name='上年科目余额表', col_info.column_index=11
[TEMP DEBUG] initial: primary_header='', secondary_header='期末余额'
[TEMP DEBUG] Excel读取列头成功: col=11, header='7436320.98'
[TEMP DEBUG] _generate_column_key called: sheet_name='上年科目余额表', col_info.column_index=3
[TEMP DEBUG] initial: primary_header='', secondary_header='年初余额'
[TEMP DEBUG] Excel读取列头成功: col=3, header='4304903.78'
[TEMP DEBUG] _generate_column_key called: sheet_name='上年科目余额表', col_info.column_index=5
[TEMP DEBUG] initial: primary_header='币别:人民币', secondary_header='期初余额'
[TEMP DEBUG] _generate_column_key called: sheet_name='上年科目余额表', col_info.column_index=7
[TEMP DEBUG] initial: primary_header='公司:南宁产投智创科电投资开发有限责任公司', secondary_header='本期发生额'
[TEMP DEBUG] _generate_column_key called: sheet_name='上年科目余额表', col_info.column_index=8
[TEMP DEBUG] initial: primary_header='', secondary_header=''
[TEMP DEBUG] Excel读取列头成功: col=8, header='5170051.38'
[TEMP DEBUG] _generate_column_key called: sheet_name='上年科目余额表', col_info.column_index=9
[TEMP DEBUG] initial: primary_header='包含未过账凭证', secondary_header='本年累计'
[TEMP DEBUG] _generate_column_key called: sheet_name='上年科目余额表', col_info.column_index=10
[TEMP DEBUG] initial: primary_header='', secondary_header=''
[TEMP DEBUG] Excel读取列头成功: col=10, header='158844838.95'
[TEMP DEBUG] _generate_column_key called: sheet_name='上年科目余额表', col_info.column_index=11
[TEMP DEBUG] initial: primary_header='', secondary_header='期末余额'
[TEMP DEBUG] Excel读取列头成功: col=11, header='7436320.98'
[TEMP DEBUG] _generate_column_key called: sheet_name='上年科目余额表', col_info.column_index=1
[TEMP DEBUG] initial: primary_header='期间:2024年第9期', secondary_header='科目代码'
[TEMP DEBUG] _generate_column_key called: sheet_name='上年科目余额表', col_info.column_index=7
[TEMP DEBUG] initial: primary_header='公司:南宁产投智创科电投资开发有限责任公司', secondary_header='本期发生额'
[TEMP DEBUG] _generate_column_key called: sheet_name='上年科目余额表', col_info.column_index=8
[TEMP DEBUG] initial: primary_header='', secondary_header=''
[TEMP DEBUG] Excel读取列头成功: col=8, header='5170051.38'
[TEMP DEBUG] _generate_column_key called: sheet_name='上年科目余额表', col_info.column_index=9
[TEMP DEBUG] initial: primary_header='包含未过账凭证', secondary_header='本年累计'
[TEMP DEBUG] _generate_column_key called: sheet_name='上年科目余额表', col_info.column_index=10
[TEMP DEBUG] initial: primary_header='', secondary_header=''
[TEMP DEBUG] Excel读取列头成功: col=10, header='158844838.95'
[TEMP DEBUG] _generate_column_key called: sheet_name='上年科目余额表', col_info.column_index=1
[TEMP DEBUG] initial: primary_header='期间:2024年第9期', secondary_header='科目代码'
[TEMP DEBUG] _generate_column_key called: sheet_name='上年科目余额表', col_info.column_index=7
[TEMP DEBUG] initial: primary_header='公司:南宁产投智创科电投资开发有限责任公司', secondary_header='本期发生额'
[TEMP DEBUG] _generate_column_key called: sheet_name='上年科目余额表', col_info.column_index=9
[TEMP DEBUG] initial: primary_header='包含未过账凭证', secondary_header='本年累计'
[TEMP DEBUG] _generate_column_key called: sheet_name='上年科目余额表', col_info.column_index=10
[TEMP DEBUG] initial: primary_header='', secondary_header=''
[TEMP DEBUG] Excel读取列头成功: col=10, header='158844838.95'
[TEMP DEBUG] _generate_column_key called: sheet_name='上年科目余额表', col_info.column_index=7
[TEMP DEBUG] initial: primary_header='公司:南宁产投智创科电投资开发有限责任公司', secondary_header='本期发生额'
[TEMP DEBUG] _generate_column_key called: sheet_name='上年科目余额表', col_info.column_index=9
[TEMP DEBUG] initial: primary_header='包含未过账凭证', secondary_header='本年累计'
[TEMP DEBUG] _generate_column_key called: sheet_name='上年科目余额表', col_info.column_index=10
[TEMP DEBUG] initial: primary_header='', secondary_header=''
[TEMP DEBUG] Excel读取列头成功: col=10, header='158844838.95'
[TEMP DEBUG] _generate_column_key called: sheet_name='上年科目余额表', col_info.column_index=7
[TEMP DEBUG] initial: primary_header='公司:南宁产投智创科电投资开发有限责任公司', secondary_header='本期发生额'
[TEMP DEBUG] _generate_column_key called: sheet_name='上年科目余额表', col_info.column_index=9
[TEMP DEBUG] initial: primary_header='包含未过账凭证', secondary_header='本年累计'
[TEMP DEBUG] _generate_column_key called: sheet_name='上年科目余额表', col_info.column_index=10
[TEMP DEBUG] initial: primary_header='', secondary_header=''
[TEMP DEBUG] Excel读取列头成功: col=10, header='158844838.95'
[TEMP DEBUG] _generate_column_key called: sheet_name='上年科目余额表', col_info.column_index=1
[TEMP DEBUG] initial: primary_header='期间:2024年第9期', secondary_header='科目代码'
[TEMP DEBUG] _generate_column_key called: sheet_name='上年科目余额表', col_info.column_index=7
[TEMP DEBUG] initial: primary_header='公司:南宁产投智创科电投资开发有限责任公司', secondary_header='本期发生额'
[TEMP DEBUG] _generate_column_key called: sheet_name='上年科目余额表', col_info.column_index=8
[TEMP DEBUG] initial: primary_header='', secondary_header=''
[TEMP DEBUG] Excel读取列头成功: col=8, header='5170051.38'
[TEMP DEBUG] _generate_column_key called: sheet_name='上年科目余额表', col_info.column_index=9
[TEMP DEBUG] initial: primary_header='包含未过账凭证', secondary_header='本年累计'
[TEMP DEBUG] _generate_column_key called: sheet_name='上年科目余额表', col_info.column_index=10
[TEMP DEBUG] initial: primary_header='', secondary_header=''
[TEMP DEBUG] Excel读取列头成功: col=10, header='158844838.95'
[TEMP DEBUG] _generate_column_key called: sheet_name='上年科目余额表', col_info.column_index=7
[TEMP DEBUG] initial: primary_header='公司:南宁产投智创科电投资开发有限责任公司', secondary_header='本期发生额'
[TEMP DEBUG] _generate_column_key called: sheet_name='上年科目余额表', col_info.column_index=8
[TEMP DEBUG] initial: primary_header='', secondary_header=''
[TEMP DEBUG] Excel读取列头成功: col=8, header='5170051.38'
[TEMP DEBUG] _generate_column_key called: sheet_name='上年科目余额表', col_info.column_index=9
[TEMP DEBUG] initial: primary_header='包含未过账凭证', secondary_header='本年累计'
[TEMP DEBUG] _generate_column_key called: sheet_name='上年科目余额表', col_info.column_index=10
[TEMP DEBUG] initial: primary_header='', secondary_header=''
[TEMP DEBUG] Excel读取列头成功: col=10, header='158844838.95'
[TEMP DEBUG] _generate_column_key called: sheet_name='上年科目余额表', col_info.column_index=7
[TEMP DEBUG] initial: primary_header='公司:南宁产投智创科电投资开发有限责任公司', secondary_header='本期发生额'
[TEMP DEBUG] _generate_column_key called: sheet_name='上年科目余额表', col_info.column_index=8
[TEMP DEBUG] initial: primary_header='', secondary_header=''
[TEMP DEBUG] Excel读取列头成功: col=8, header='5170051.38'
[TEMP DEBUG] _generate_column_key called: sheet_name='上年科目余额表', col_info.column_index=9
[TEMP DEBUG] initial: primary_header='包含未过账凭证', secondary_header='本年累计'
[TEMP DEBUG] _generate_column_key called: sheet_name='上年科目余额表', col_info.column_index=10
[TEMP DEBUG] initial: primary_header='', secondary_header=''
[TEMP DEBUG] Excel读取列头成功: col=10, header='158844838.95'
[TEMP DEBUG] _generate_column_key called: sheet_name='上年科目余额表', col_info.column_index=10
[TEMP DEBUG] initial: primary_header='', secondary_header=''
[TEMP DEBUG] Excel读取列头成功: col=10, header='158844838.95'
[TEMP DEBUG] _generate_column_key called: sheet_name='上年科目余额表', col_info.column_index=1
[TEMP DEBUG] initial: primary_header='期间:2024年第9期', secondary_header='科目代码'
[TEMP DEBUG] _generate_column_key called: sheet_name='上年科目余额表', col_info.column_index=1
[TEMP DEBUG] initial: primary_header='期间:2024年第9期', secondary_header='科目代码'
[TEMP DEBUG] _generate_column_key called: sheet_name='上年科目余额表', col_info.column_index=1
[TEMP DEBUG] initial: primary_header='期间:2024年第9期', secondary_header='科目代码'
[TEMP DEBUG] _generate_column_key called: sheet_name='上年科目余额表', col_info.column_index=1
[TEMP DEBUG] initial: primary_header='期间:2024年第9期', secondary_header='科目代码'
[TEMP DEBUG] _generate_column_key called: sheet_name='上年科目余额表', col_info.column_index=1
[TEMP DEBUG] initial: primary_header='期间:2024年第9期', secondary_header='科目代码'
[TEMP DEBUG] _generate_column_key called: sheet_name='上年科目余额表', col_info.column_index=1
[TEMP DEBUG] initial: primary_header='期间:2024年第9期', secondary_header='科目代码'
[TEMP DEBUG] _generate_column_key called: sheet_name='上年科目余额表', col_info.column_index=1
[TEMP DEBUG] initial: primary_header='期间:2024年第9期', secondary_header='科目代码'
[TEMP DEBUG] _generate_column_key called: sheet_name='上年科目余额表', col_info.column_index=1
[TEMP DEBUG] initial: primary_header='期间:2024年第9期', secondary_header='科目代码'
[TEMP DEBUG] _generate_column_key called: sheet_name='上年科目余额表', col_info.column_index=7
[TEMP DEBUG] initial: primary_header='公司:南宁产投智创科电投资开发有限责任公司', secondary_header='本期发生额'
[TEMP DEBUG] _generate_column_key called: sheet_name='上年科目余额表', col_info.column_index=8
[TEMP DEBUG] initial: primary_header='', secondary_header=''
[TEMP DEBUG] Excel读取列头成功: col=8, header='5170051.38'
[TEMP DEBUG] _generate_column_key called: sheet_name='上年科目余额表', col_info.column_index=9
[TEMP DEBUG] initial: primary_header='包含未过账凭证', secondary_header='本年累计'
[TEMP DEBUG] _generate_column_key called: sheet_name='上年科目余额表', col_info.column_index=10
[TEMP DEBUG] initial: primary_header='', secondary_header=''
[TEMP DEBUG] Excel读取列头成功: col=10, header='158844838.95'
[TEMP DEBUG] _generate_column_key called: sheet_name='上年科目余额表', col_info.column_index=1
[TEMP DEBUG] initial: primary_header='期间:2024年第9期', secondary_header='科目代码'
[TEMP DEBUG] _generate_column_key called: sheet_name='上年科目余额表', col_info.column_index=8
[TEMP DEBUG] initial: primary_header='', secondary_header=''
[TEMP DEBUG] Excel读取列头成功: col=8, header='5170051.38'
[TEMP DEBUG] _generate_column_key called: sheet_name='上年科目余额表', col_info.column_index=9
[TEMP DEBUG] initial: primary_header='包含未过账凭证', secondary_header='本年累计'
[TEMP DEBUG] _generate_column_key called: sheet_name='上年科目余额表', col_info.column_index=10
[TEMP DEBUG] initial: primary_header='', secondary_header=''
[TEMP DEBUG] Excel读取列头成功: col=10, header='158844838.95'
[TEMP DEBUG] _generate_column_key called: sheet_name='上年科目余额表', col_info.column_index=8
[TEMP DEBUG] initial: primary_header='', secondary_header=''
[TEMP DEBUG] Excel读取列头成功: col=8, header='5170051.38'
[TEMP DEBUG] _generate_column_key called: sheet_name='上年科目余额表', col_info.column_index=9
[TEMP DEBUG] initial: primary_header='包含未过账凭证', secondary_header='本年累计'
[TEMP DEBUG] _generate_column_key called: sheet_name='上年科目余额表', col_info.column_index=10
[TEMP DEBUG] initial: primary_header='', secondary_header=''
[TEMP DEBUG] Excel读取列头成功: col=10, header='158844838.95'
[TEMP DEBUG] _generate_column_key called: sheet_name='上年科目余额表', col_info.column_index=10
[TEMP DEBUG] initial: primary_header='', secondary_header=''
[TEMP DEBUG] Excel读取列头成功: col=10, header='158844838.95'
[TEMP DEBUG] _generate_column_key called: sheet_name='上年科目余额表', col_info.column_index=1
[TEMP DEBUG] initial: primary_header='期间:2024年第9期', secondary_header='科目代码'
[TEMP DEBUG] _generate_column_key called: sheet_name='上年科目余额表', col_info.column_index=7
[TEMP DEBUG] initial: primary_header='公司:南宁产投智创科电投资开发有限责任公司', secondary_header='本期发生额'
[TEMP DEBUG] _generate_column_key called: sheet_name='上年科目余额表', col_info.column_index=9
[TEMP DEBUG] initial: primary_header='包含未过账凭证', secondary_header='本年累计'
[TEMP DEBUG] _generate_column_key called: sheet_name='上年科目余额表', col_info.column_index=11
[TEMP DEBUG] initial: primary_header='', secondary_header='期末余额'
[TEMP DEBUG] Excel读取列头成功: col=11, header='7436320.98'
[TEMP DEBUG] _generate_column_key called: sheet_name='上年科目余额表', col_info.column_index=7
[TEMP DEBUG] initial: primary_header='公司:南宁产投智创科电投资开发有限责任公司', secondary_header='本期发生额'
[TEMP DEBUG] _generate_column_key called: sheet_name='上年科目余额表', col_info.column_index=9
[TEMP DEBUG] initial: primary_header='包含未过账凭证', secondary_header='本年累计'
[TEMP DEBUG] _generate_column_key called: sheet_name='上年科目余额表', col_info.column_index=11
[TEMP DEBUG] initial: primary_header='', secondary_header='期末余额'
[TEMP DEBUG] Excel读取列头成功: col=11, header='7436320.98'
[TEMP DEBUG] _generate_column_key called: sheet_name='上年科目余额表', col_info.column_index=1
[TEMP DEBUG] initial: primary_header='期间:2024年第9期', secondary_header='科目代码'
[TEMP DEBUG] _generate_column_key called: sheet_name='上年科目余额表', col_info.column_index=1
[TEMP DEBUG] initial: primary_header='期间:2024年第9期', secondary_header='科目代码'
[TEMP DEBUG] _generate_column_key called: sheet_name='上年科目余额表', col_info.column_index=1
[TEMP DEBUG] initial: primary_header='期间:2024年第9期', secondary_header='科目代码'
[TEMP DEBUG] _generate_column_key called: sheet_name='上年科目余额表', col_info.column_index=1
[TEMP DEBUG] initial: primary_header='期间:2024年第9期', secondary_header='科目代码'
[TEMP DEBUG] _generate_column_key called: sheet_name='上年科目余额表', col_info.column_index=1
[TEMP DEBUG] initial: primary_header='期间:2024年第9期', secondary_header='科目代码'
[TEMP DEBUG] _generate_column_key called: sheet_name='上年科目余额表', col_info.column_index=1
[TEMP DEBUG] initial: primary_header='期间:2024年第9期', secondary_header='科目代码'
[TEMP DEBUG] _generate_column_key called: sheet_name='上年科目余额表', col_info.column_index=1
[TEMP DEBUG] initial: primary_header='期间:2024年第9期', secondary_header='科目代码'
[TEMP DEBUG] _generate_column_key called: sheet_name='上年科目余额表', col_info.column_index=1
[TEMP DEBUG] initial: primary_header='期间:2024年第9期', secondary_header='科目代码'
[TEMP DEBUG] _generate_column_key called: sheet_name='上年科目余额表', col_info.column_index=1
[TEMP DEBUG] initial: primary_header='期间:2024年第9期', secondary_header='科目代码'
[TEMP DEBUG] _generate_column_key called: sheet_name='上年科目余额表', col_info.column_index=1
[TEMP DEBUG] initial: primary_header='期间:2024年第9期', secondary_header='科目代码'
[TEMP DEBUG] _generate_column_key called: sheet_name='上年科目余额表', col_info.column_index=1
[TEMP DEBUG] initial: primary_header='期间:2024年第9期', secondary_header='科目代码'
[TEMP DEBUG] _generate_column_key called: sheet_name='上年科目余额表', col_info.column_index=1
[TEMP DEBUG] initial: primary_header='期间:2024年第9期', secondary_header='科目代码'
[TEMP DEBUG] _generate_column_key called: sheet_name='上年科目余额表', col_info.column_index=1
[TEMP DEBUG] initial: primary_header='期间:2024年第9期', secondary_header='科目代码'
[TEMP DEBUG] _generate_column_key called: sheet_name='上年科目余额表', col_info.column_index=1
[TEMP DEBUG] initial: primary_header='期间:2024年第9期', secondary_header='科目代码'
[TEMP DEBUG] _generate_column_key called: sheet_name='上年科目余额表', col_info.column_index=1
[TEMP DEBUG] initial: primary_header='期间:2024年第9期', secondary_header='科目代码'
[TEMP DEBUG] _generate_column_key called: sheet_name='上年科目余额表', col_info.column_index=1
[TEMP DEBUG] initial: primary_header='期间:2024年第9期', secondary_header='科目代码'
[TEMP DEBUG] _generate_column_key called: sheet_name='上年科目余额表', col_info.column_index=1
[TEMP DEBUG] initial: primary_header='期间:2024年第9期', secondary_header='科目代码'
[TEMP DEBUG] _generate_column_key called: sheet_name='上年科目余额表', col_info.column_index=1
[TEMP DEBUG] initial: primary_header='期间:2024年第9期', secondary_header='科目代码'
[TEMP DEBUG] _generate_column_key called: sheet_name='上年科目余额表', col_info.column_index=1
[TEMP DEBUG] initial: primary_header='期间:2024年第9期', secondary_header='科目代码'
[TEMP DEBUG] _generate_column_key called: sheet_name='上年科目余额表', col_info.column_index=1
[TEMP DEBUG] initial: primary_header='期间:2024年第9期', secondary_header='科目代码'
[TEMP DEBUG] _generate_column_key called: sheet_name='上年科目余额表', col_info.column_index=1
[TEMP DEBUG] initial: primary_header='期间:2024年第9期', secondary_header='科目代码'
[TEMP DEBUG] _generate_column_key called: sheet_name='上年科目余额表', col_info.column_index=1
[TEMP DEBUG] initial: primary_header='期间:2024年第9期', secondary_header='科目代码'
[TEMP DEBUG] _generate_column_key called: sheet_name='上年科目余额表', col_info.column_index=1
[TEMP DEBUG] initial: primary_header='期间:2024年第9期', secondary_header='科目代码'
[TEMP DEBUG] _generate_column_key called: sheet_name='上年科目余额表', col_info.column_index=1
[TEMP DEBUG] initial: primary_header='期间:2024年第9期', secondary_header='科目代码'
[TEMP DEBUG] _generate_column_key called: sheet_name='上年科目余额表', col_info.column_index=1
[TEMP DEBUG] initial: primary_header='期间:2024年第9期', secondary_header='科目代码'
[TEMP DEBUG] _generate_column_key called: sheet_name='上年科目余额表', col_info.column_index=1
[TEMP DEBUG] initial: primary_header='期间:2024年第9期', secondary_header='科目代码'
[TEMP DEBUG] _generate_column_key called: sheet_name='上年科目余额表', col_info.column_index=1
[TEMP DEBUG] initial: primary_header='期间:2024年第9期', secondary_header='科目代码'
[TEMP DEBUG] _generate_column_key called: sheet_name='上年科目余额表', col_info.column_index=1
[TEMP DEBUG] initial: primary_header='期间:2024年第9期', secondary_header='科目代码'
[TEMP DEBUG] _generate_column_key called: sheet_name='上年科目余额表', col_info.column_index=1
[TEMP DEBUG] initial: primary_header='期间:2024年第9期', secondary_header='科目代码'
[TEMP DEBUG] _generate_column_key called: sheet_name='上年科目余额表', col_info.column_index=1
[TEMP DEBUG] initial: primary_header='期间:2024年第9期', secondary_header='科目代码'
[TEMP DEBUG] _generate_column_key called: sheet_name='上年科目余额表', col_info.column_index=1
[TEMP DEBUG] initial: primary_header='期间:2024年第9期', secondary_header='科目代码'
[TEMP DEBUG] _generate_column_key called: sheet_name='上年科目余额表', col_info.column_index=1
[TEMP DEBUG] initial: primary_header='期间:2024年第9期', secondary_header='科目代码'
[TEMP DEBUG] _generate_column_key called: sheet_name='上年科目余额表', col_info.column_index=1
[TEMP DEBUG] initial: primary_header='期间:2024年第9期', secondary_header='科目代码'
[TEMP DEBUG] _generate_column_key called: sheet_name='上年科目余额表', col_info.column_index=1
[TEMP DEBUG] initial: primary_header='期间:2024年第9期', secondary_header='科目代码'
[TEMP DEBUG] _generate_column_key called: sheet_name='上年科目余额表', col_info.column_index=1
[TEMP DEBUG] initial: primary_header='期间:2024年第9期', secondary_header='科目代码'
[TEMP DEBUG] _generate_column_key called: sheet_name='上年科目余额表', col_info.column_index=1
[TEMP DEBUG] initial: primary_header='期间:2024年第9期', secondary_header='科目代码'
[TEMP DEBUG] _generate_column_key called: sheet_name='上年科目余额表', col_info.column_index=1
[TEMP DEBUG] initial: primary_header='期间:2024年第9期', secondary_header='科目代码'
[TEMP DEBUG] _generate_column_key called: sheet_name='上年科目余额表', col_info.column_index=1
[TEMP DEBUG] initial: primary_header='期间:2024年第9期', secondary_header='科目代码'
[TEMP DEBUG] _generate_column_key called: sheet_name='上年科目余额表', col_info.column_index=1
[TEMP DEBUG] initial: primary_header='期间:2024年第9期', secondary_header='科目代码'
[TEMP DEBUG] _generate_column_key called: sheet_name='上年科目余额表', col_info.column_index=1
[TEMP DEBUG] initial: primary_header='期间:2024年第9期', secondary_header='科目代码'
[TEMP DEBUG] _generate_column_key called: sheet_name='上年科目余额表', col_info.column_index=1
[TEMP DEBUG] initial: primary_header='期间:2024年第9期', secondary_header='科目代码'
[TEMP DEBUG] _generate_column_key called: sheet_name='上年科目余额表', col_info.column_index=1
[TEMP DEBUG] initial: primary_header='期间:2024年第9期', secondary_header='科目代码'
[TEMP DEBUG] _generate_column_key called: sheet_name='上年科目余额表', col_info.column_index=1
[TEMP DEBUG] initial: primary_header='期间:2024年第9期', secondary_header='科目代码'
[TEMP DEBUG] _generate_column_key called: sheet_name='上年科目余额表', col_info.column_index=1
[TEMP DEBUG] initial: primary_header='期间:2024年第9期', secondary_header='科目代码'
[TEMP DEBUG] _generate_column_key called: sheet_name='上年科目余额表', col_info.column_index=1
[TEMP DEBUG] initial: primary_header='期间:2024年第9期', secondary_header='科目代码'
[TEMP DEBUG] _generate_column_key called: sheet_name='上年科目余额表', col_info.column_index=1
[TEMP DEBUG] initial: primary_header='期间:2024年第9期', secondary_header='科目代码'
[TEMP DEBUG] _generate_column_key called: sheet_name='上年科目余额表', col_info.column_index=1
[TEMP DEBUG] initial: primary_header='期间:2024年第9期', secondary_header='科目代码'
[TEMP DEBUG] _generate_column_key called: sheet_name='上年科目余额表', col_info.column_index=1
[TEMP DEBUG] initial: primary_header='期间:2024年第9期', secondary_header='科目代码'
[TEMP DEBUG] _generate_column_key called: sheet_name='上年科目余额表', col_info.column_index=1
[TEMP DEBUG] initial: primary_header='期间:2024年第9期', secondary_header='科目代码'
[TEMP DEBUG] _generate_column_key called: sheet_name='上年科目余额表', col_info.column_index=1
[TEMP DEBUG] initial: primary_header='期间:2024年第9期', secondary_header='科目代码'
[TEMP DEBUG] _generate_column_key called: sheet_name='上年科目余额表', col_info.column_index=1
[TEMP DEBUG] initial: primary_header='期间:2024年第9期', secondary_header='科目代码'
[TEMP DEBUG] _generate_column_key called: sheet_name='上年科目余额表', col_info.column_index=1
[TEMP DEBUG] initial: primary_header='期间:2024年第9期', secondary_header='科目代码'
[TEMP DEBUG] _generate_column_key called: sheet_name='上年科目余额表', col_info.column_index=1
[TEMP DEBUG] initial: primary_header='期间:2024年第9期', secondary_header='科目代码'
[TEMP DEBUG] _generate_column_key called: sheet_name='上年科目余额表', col_info.column_index=1
[TEMP DEBUG] initial: primary_header='期间:2024年第9期', secondary_header='科目代码'
[TEMP DEBUG] _generate_column_key called: sheet_name='上年科目余额表', col_info.column_index=1
[TEMP DEBUG] initial: primary_header='期间:2024年第9期', secondary_header='科目代码'
[TEMP DEBUG] _generate_column_key called: sheet_name='上年科目余额表', col_info.column_index=1
[TEMP DEBUG] initial: primary_header='期间:2024年第9期', secondary_header='科目代码'
[TEMP DEBUG] _generate_column_key called: sheet_name='上年科目余额表', col_info.column_index=1
[TEMP DEBUG] initial: primary_header='期间:2024年第9期', secondary_header='科目代码'
[TEMP DEBUG] _generate_column_key called: sheet_name='上年科目余额表', col_info.column_index=1
[TEMP DEBUG] initial: primary_header='期间:2024年第9期', secondary_header='科目代码'
[TEMP DEBUG] _generate_column_key called: sheet_name='上年科目余额表', col_info.column_index=3
[TEMP DEBUG] initial: primary_header='', secondary_header='年初余额'
[TEMP DEBUG] Excel读取列头成功: col=3, header='4304903.78'
[TEMP DEBUG] _generate_column_key called: sheet_name='上年科目余额表', col_info.column_index=5
[TEMP DEBUG] initial: primary_header='币别:人民币', secondary_header='期初余额'
[TEMP DEBUG] _generate_column_key called: sheet_name='上年科目余额表', col_info.column_index=9
[TEMP DEBUG] initial: primary_header='包含未过账凭证', secondary_header='本年累计'
[TEMP DEBUG] _generate_column_key called: sheet_name='上年科目余额表', col_info.column_index=11
[TEMP DEBUG] initial: primary_header='', secondary_header='期末余额'
[TEMP DEBUG] Excel读取列头成功: col=11, header='7436320.98'
[TEMP DEBUG] _generate_column_key called: sheet_name='上年科目余额表', col_info.column_index=1
[TEMP DEBUG] initial: primary_header='期间:2024年第9期', secondary_header='科目代码'
[TEMP DEBUG] _generate_column_key called: sheet_name='上年科目余额表', col_info.column_index=1
[TEMP DEBUG] initial: primary_header='期间:2024年第9期', secondary_header='科目代码'
[TEMP DEBUG] _generate_column_key called: sheet_name='上年科目余额表', col_info.column_index=3
[TEMP DEBUG] initial: primary_header='', secondary_header='年初余额'
[TEMP DEBUG] Excel读取列头成功: col=3, header='4304903.78'
[TEMP DEBUG] _generate_column_key called: sheet_name='上年科目余额表', col_info.column_index=5
[TEMP DEBUG] initial: primary_header='币别:人民币', secondary_header='期初余额'
[TEMP DEBUG] _generate_column_key called: sheet_name='上年科目余额表', col_info.column_index=9
[TEMP DEBUG] initial: primary_header='包含未过账凭证', secondary_header='本年累计'
[TEMP DEBUG] _generate_column_key called: sheet_name='上年科目余额表', col_info.column_index=11
[TEMP DEBUG] initial: primary_header='', secondary_header='期末余额'
[TEMP DEBUG] Excel读取列头成功: col=11, header='7436320.98'
[TEMP DEBUG] _generate_column_key called: sheet_name='上年科目余额表', col_info.column_index=1
[TEMP DEBUG] initial: primary_header='期间:2024年第9期', secondary_header='科目代码'
[TEMP DEBUG] _generate_column_key called: sheet_name='上年科目余额表', col_info.column_index=1
[TEMP DEBUG] initial: primary_header='期间:2024年第9期', secondary_header='科目代码'
[TEMP DEBUG] _generate_column_key called: sheet_name='上年科目余额表', col_info.column_index=1
[TEMP DEBUG] initial: primary_header='期间:2024年第9期', secondary_header='科目代码'
[TEMP DEBUG] _generate_column_key called: sheet_name='上年科目余额表', col_info.column_index=1
[TEMP DEBUG] initial: primary_header='期间:2024年第9期', secondary_header='科目代码'
[TEMP DEBUG] _generate_column_key called: sheet_name='上年科目余额表', col_info.column_index=1
[TEMP DEBUG] initial: primary_header='期间:2024年第9期', secondary_header='科目代码'
[TEMP DEBUG] _generate_column_key called: sheet_name='上年科目余额表', col_info.column_index=1
[TEMP DEBUG] initial: primary_header='期间:2024年第9期', secondary_header='科目代码'
[TEMP DEBUG] _generate_column_key called: sheet_name='上年科目余额表', col_info.column_index=8
[TEMP DEBUG] initial: primary_header='', secondary_header=''
[TEMP DEBUG] Excel读取列头成功: col=8, header='5170051.38'
[TEMP DEBUG] _generate_column_key called: sheet_name='上年科目余额表', col_info.column_index=10
[TEMP DEBUG] initial: primary_header='', secondary_header=''
[TEMP DEBUG] Excel读取列头成功: col=10, header='158844838.95'
[TEMP DEBUG] _generate_column_key called: sheet_name='上年科目余额表', col_info.column_index=1
[TEMP DEBUG] initial: primary_header='期间:2024年第9期', secondary_header='科目代码'
[TEMP DEBUG] _generate_column_key called: sheet_name='上年科目余额表', col_info.column_index=1
[TEMP DEBUG] initial: primary_header='期间:2024年第9期', secondary_header='科目代码'
[TEMP DEBUG] _generate_column_key called: sheet_name='上年科目余额表', col_info.column_index=8
[TEMP DEBUG] initial: primary_header='', secondary_header=''
[TEMP DEBUG] Excel读取列头成功: col=8, header='5170051.38'
[TEMP DEBUG] _generate_column_key called: sheet_name='上年科目余额表', col_info.column_index=10
[TEMP DEBUG] initial: primary_header='', secondary_header=''
[TEMP DEBUG] Excel读取列头成功: col=10, header='158844838.95'
[TEMP DEBUG] _generate_column_key called: sheet_name='上年科目余额表', col_info.column_index=1
[TEMP DEBUG] initial: primary_header='期间:2024年第9期', secondary_header='科目代码'
[TEMP DEBUG] _generate_column_key called: sheet_name='上年科目余额表', col_info.column_index=1
[TEMP DEBUG] initial: primary_header='期间:2024年第9期', secondary_header='科目代码'
[TEMP DEBUG] _generate_column_key called: sheet_name='上年科目余额表', col_info.column_index=1
[TEMP DEBUG] initial: primary_header='期间:2024年第9期', secondary_header='科目代码'
[TEMP DEBUG] _generate_column_key called: sheet_name='上年科目余额表', col_info.column_index=1
[TEMP DEBUG] initial: primary_header='期间:2024年第9期', secondary_header='科目代码'
[TEMP DEBUG] _generate_column_key called: sheet_name='上年科目余额表', col_info.column_index=1
[TEMP DEBUG] initial: primary_header='期间:2024年第9期', secondary_header='科目代码'
[TEMP DEBUG] _generate_column_key called: sheet_name='上年科目余额表', col_info.column_index=1
[TEMP DEBUG] initial: primary_header='期间:2024年第9期', secondary_header='科目代码'
[TEMP DEBUG] _generate_column_key called: sheet_name='上年科目余额表', col_info.column_index=1
[TEMP DEBUG] initial: primary_header='期间:2024年第9期', secondary_header='科目代码'
[TEMP DEBUG] _generate_column_key called: sheet_name='上年科目余额表', col_info.column_index=1
[TEMP DEBUG] initial: primary_header='期间:2024年第9期', secondary_header='科目代码'
[TEMP DEBUG] _generate_column_key called: sheet_name='上年科目余额表', col_info.column_index=1
[TEMP DEBUG] initial: primary_header='期间:2024年第9期', secondary_header='科目代码'
[TEMP DEBUG] _generate_column_key called: sheet_name='上年科目余额表', col_info.column_index=1
[TEMP DEBUG] initial: primary_header='期间:2024年第9期', secondary_header='科目代码'
[TEMP DEBUG] _generate_column_key called: sheet_name='上年科目余额表', col_info.column_index=1
[TEMP DEBUG] initial: primary_header='期间:2024年第9期', secondary_header='科目代码'
[TEMP DEBUG] _generate_column_key called: sheet_name='上年科目余额表', col_info.column_index=1
[TEMP DEBUG] initial: primary_header='期间:2024年第9期', secondary_header='科目代码'
[TEMP DEBUG] _generate_column_key called: sheet_name='上年科目余额表', col_info.column_index=1
[TEMP DEBUG] initial: primary_header='期间:2024年第9期', secondary_header='科目代码'
[TEMP DEBUG] _generate_column_key called: sheet_name='上年科目余额表', col_info.column_index=1
[TEMP DEBUG] initial: primary_header='期间:2024年第9期', secondary_header='科目代码'
[TEMP DEBUG] _generate_column_key called: sheet_name='上年科目余额表', col_info.column_index=3
[TEMP DEBUG] initial: primary_header='', secondary_header='年初余额'
[TEMP DEBUG] Excel读取列头成功: col=3, header='4304903.78'
[TEMP DEBUG] _generate_column_key called: sheet_name='上年科目余额表', col_info.column_index=5
[TEMP DEBUG] initial: primary_header='币别:人民币', secondary_header='期初余额'
[TEMP DEBUG] _generate_column_key called: sheet_name='上年科目余额表', col_info.column_index=7
[TEMP DEBUG] initial: primary_header='公司:南宁产投智创科电投资开发有限责任公司', secondary_header='本期发生额'
[TEMP DEBUG] _generate_column_key called: sheet_name='上年科目余额表', col_info.column_index=9
[TEMP DEBUG] initial: primary_header='包含未过账凭证', secondary_header='本年累计'
[TEMP DEBUG] _generate_column_key called: sheet_name='上年科目余额表', col_info.column_index=10
[TEMP DEBUG] initial: primary_header='', secondary_header=''
[TEMP DEBUG] Excel读取列头成功: col=10, header='158844838.95'
[TEMP DEBUG] _generate_column_key called: sheet_name='上年科目余额表', col_info.column_index=11
[TEMP DEBUG] initial: primary_header='', secondary_header='期末余额'
[TEMP DEBUG] Excel读取列头成功: col=11, header='7436320.98'
[TEMP DEBUG] _generate_column_key called: sheet_name='上年科目余额表', col_info.column_index=1
[TEMP DEBUG] initial: primary_header='期间:2024年第9期', secondary_header='科目代码'
[TEMP DEBUG] _generate_column_key called: sheet_name='上年科目余额表', col_info.column_index=3
[TEMP DEBUG] initial: primary_header='', secondary_header='年初余额'
[TEMP DEBUG] Excel读取列头成功: col=3, header='4304903.78'
[TEMP DEBUG] _generate_column_key called: sheet_name='上年科目余额表', col_info.column_index=5
[TEMP DEBUG] initial: primary_header='币别:人民币', secondary_header='期初余额'
[TEMP DEBUG] _generate_column_key called: sheet_name='上年科目余额表', col_info.column_index=7
[TEMP DEBUG] initial: primary_header='公司:南宁产投智创科电投资开发有限责任公司', secondary_header='本期发生额'
[TEMP DEBUG] _generate_column_key called: sheet_name='上年科目余额表', col_info.column_index=9
[TEMP DEBUG] initial: primary_header='包含未过账凭证', secondary_header='本年累计'
[TEMP DEBUG] _generate_column_key called: sheet_name='上年科目余额表', col_info.column_index=11
[TEMP DEBUG] initial: primary_header='', secondary_header='期末余额'
[TEMP DEBUG] Excel读取列头成功: col=11, header='7436320.98'
[TEMP DEBUG] _generate_column_key called: sheet_name='上年科目余额表', col_info.column_index=3
[TEMP DEBUG] initial: primary_header='', secondary_header='年初余额'
[TEMP DEBUG] Excel读取列头成功: col=3, header='4304903.78'
[TEMP DEBUG] _generate_column_key called: sheet_name='上年科目余额表', col_info.column_index=5
[TEMP DEBUG] initial: primary_header='币别:人民币', secondary_header='期初余额'
[TEMP DEBUG] _generate_column_key called: sheet_name='上年科目余额表', col_info.column_index=7
[TEMP DEBUG] initial: primary_header='公司:南宁产投智创科电投资开发有限责任公司', secondary_header='本期发生额'
[TEMP DEBUG] _generate_column_key called: sheet_name='上年科目余额表', col_info.column_index=9
[TEMP DEBUG] initial: primary_header='包含未过账凭证', secondary_header='本年累计'
[TEMP DEBUG] _generate_column_key called: sheet_name='上年科目余额表', col_info.column_index=11
[TEMP DEBUG] initial: primary_header='', secondary_header='期末余额'
[TEMP DEBUG] Excel读取列头成功: col=11, header='7436320.98'
[TEMP DEBUG] _generate_column_key called: sheet_name='上年科目余额表', col_info.column_index=1
[TEMP DEBUG] initial: primary_header='期间:2024年第9期', secondary_header='科目代码'
[TEMP DEBUG] _generate_column_key called: sheet_name='上年科目余额表', col_info.column_index=3
[TEMP DEBUG] initial: primary_header='', secondary_header='年初余额'
[TEMP DEBUG] Excel读取列头成功: col=3, header='4304903.78'
[TEMP DEBUG] _generate_column_key called: sheet_name='上年科目余额表', col_info.column_index=5
[TEMP DEBUG] initial: primary_header='币别:人民币', secondary_header='期初余额'
[TEMP DEBUG] _generate_column_key called: sheet_name='上年科目余额表', col_info.column_index=9
[TEMP DEBUG] initial: primary_header='包含未过账凭证', secondary_header='本年累计'
[TEMP DEBUG] _generate_column_key called: sheet_name='上年科目余额表', col_info.column_index=10
[TEMP DEBUG] initial: primary_header='', secondary_header=''
[TEMP DEBUG] Excel读取列头成功: col=10, header='158844838.95'
[TEMP DEBUG] _generate_column_key called: sheet_name='上年科目余额表', col_info.column_index=11
[TEMP DEBUG] initial: primary_header='', secondary_header='期末余额'
[TEMP DEBUG] Excel读取列头成功: col=11, header='7436320.98'
[TEMP DEBUG] _generate_column_key called: sheet_name='上年科目余额表', col_info.column_index=3
[TEMP DEBUG] initial: primary_header='', secondary_header='年初余额'
[TEMP DEBUG] Excel读取列头成功: col=3, header='4304903.78'
[TEMP DEBUG] _generate_column_key called: sheet_name='上年科目余额表', col_info.column_index=5
[TEMP DEBUG] initial: primary_header='币别:人民币', secondary_header='期初余额'
[TEMP DEBUG] _generate_column_key called: sheet_name='上年科目余额表', col_info.column_index=11
[TEMP DEBUG] initial: primary_header='', secondary_header='期末余额'
[TEMP DEBUG] Excel读取列头成功: col=11, header='7436320.98'
[TEMP DEBUG] _generate_column_key called: sheet_name='上年科目余额表', col_info.column_index=3
[TEMP DEBUG] initial: primary_header='', secondary_header='年初余额'
[TEMP DEBUG] Excel读取列头成功: col=3, header='4304903.78'
[TEMP DEBUG] _generate_column_key called: sheet_name='上年科目余额表', col_info.column_index=5
[TEMP DEBUG] initial: primary_header='币别:人民币', secondary_header='期初余额'
[TEMP DEBUG] _generate_column_key called: sheet_name='上年科目余额表', col_info.column_index=9
[TEMP DEBUG] initial: primary_header='包含未过账凭证', secondary_header='本年累计'
[TEMP DEBUG] _generate_column_key called: sheet_name='上年科目余额表', col_info.column_index=10
[TEMP DEBUG] initial: primary_header='', secondary_header=''
[TEMP DEBUG] Excel读取列头成功: col=10, header='158844838.95'
[TEMP DEBUG] _generate_column_key called: sheet_name='上年科目余额表', col_info.column_index=11
[TEMP DEBUG] initial: primary_header='', secondary_header='期末余额'
[TEMP DEBUG] Excel读取列头成功: col=11, header='7436320.98'
[TEMP DEBUG] _generate_column_key called: sheet_name='上年科目余额表', col_info.column_index=3
[TEMP DEBUG] initial: primary_header='', secondary_header='年初余额'
[TEMP DEBUG] Excel读取列头成功: col=3, header='4304903.78'
[TEMP DEBUG] _generate_column_key called: sheet_name='上年科目余额表', col_info.column_index=5
[TEMP DEBUG] initial: primary_header='币别:人民币', secondary_header='期初余额'
[TEMP DEBUG] _generate_column_key called: sheet_name='上年科目余额表', col_info.column_index=11
[TEMP DEBUG] initial: primary_header='', secondary_header='期末余额'
[TEMP DEBUG] Excel读取列头成功: col=11, header='7436320.98'
[TEMP DEBUG] _generate_column_key called: sheet_name='上年科目余额表', col_info.column_index=3
[TEMP DEBUG] initial: primary_header='', secondary_header='年初余额'
[TEMP DEBUG] Excel读取列头成功: col=3, header='4304903.78'
[TEMP DEBUG] _generate_column_key called: sheet_name='上年科目余额表', col_info.column_index=5
[TEMP DEBUG] initial: primary_header='币别:人民币', secondary_header='期初余额'
[TEMP DEBUG] _generate_column_key called: sheet_name='上年科目余额表', col_info.column_index=11
[TEMP DEBUG] initial: primary_header='', secondary_header='期末余额'
[TEMP DEBUG] Excel读取列头成功: col=11, header='7436320.98'
[TEMP DEBUG] _generate_column_key called: sheet_name='上年科目余额表', col_info.column_index=3
[TEMP DEBUG] initial: primary_header='', secondary_header='年初余额'
[TEMP DEBUG] Excel读取列头成功: col=3, header='4304903.78'
[TEMP DEBUG] _generate_column_key called: sheet_name='上年科目余额表', col_info.column_index=5
[TEMP DEBUG] initial: primary_header='币别:人民币', secondary_header='期初余额'
[TEMP DEBUG] _generate_column_key called: sheet_name='上年科目余额表', col_info.column_index=11
[TEMP DEBUG] initial: primary_header='', secondary_header='期末余额'
[TEMP DEBUG] Excel读取列头成功: col=11, header='7436320.98'
[TEMP DEBUG] _generate_column_key called: sheet_name='上年科目余额表', col_info.column_index=3
[TEMP DEBUG] initial: primary_header='', secondary_header='年初余额'
[TEMP DEBUG] Excel读取列头成功: col=3, header='4304903.78'
[TEMP DEBUG] _generate_column_key called: sheet_name='上年科目余额表', col_info.column_index=5
[TEMP DEBUG] initial: primary_header='币别:人民币', secondary_header='期初余额'
[TEMP DEBUG] _generate_column_key called: sheet_name='上年科目余额表', col_info.column_index=9
[TEMP DEBUG] initial: primary_header='包含未过账凭证', secondary_header='本年累计'
[TEMP DEBUG] _generate_column_key called: sheet_name='上年科目余额表', col_info.column_index=10
[TEMP DEBUG] initial: primary_header='', secondary_header=''
[TEMP DEBUG] Excel读取列头成功: col=10, header='158844838.95'
[TEMP DEBUG] _generate_column_key called: sheet_name='上年科目余额表', col_info.column_index=11
[TEMP DEBUG] initial: primary_header='', secondary_header='期末余额'
[TEMP DEBUG] Excel读取列头成功: col=11, header='7436320.98'
[TEMP DEBUG] _generate_column_key called: sheet_name='上年科目余额表', col_info.column_index=3
[TEMP DEBUG] initial: primary_header='', secondary_header='年初余额'
[TEMP DEBUG] Excel读取列头成功: col=3, header='4304903.78'
[TEMP DEBUG] _generate_column_key called: sheet_name='上年科目余额表', col_info.column_index=5
[TEMP DEBUG] initial: primary_header='币别:人民币', secondary_header='期初余额'
[TEMP DEBUG] _generate_column_key called: sheet_name='上年科目余额表', col_info.column_index=9
[TEMP DEBUG] initial: primary_header='包含未过账凭证', secondary_header='本年累计'
[TEMP DEBUG] _generate_column_key called: sheet_name='上年科目余额表', col_info.column_index=10
[TEMP DEBUG] initial: primary_header='', secondary_header=''
[TEMP DEBUG] Excel读取列头成功: col=10, header='158844838.95'
[TEMP DEBUG] _generate_column_key called: sheet_name='上年科目余额表', col_info.column_index=11
[TEMP DEBUG] initial: primary_header='', secondary_header='期末余额'
[TEMP DEBUG] Excel读取列头成功: col=11, header='7436320.98'
[TEMP DEBUG] _generate_column_key called: sheet_name='上年科目余额表', col_info.column_index=3
[TEMP DEBUG] initial: primary_header='', secondary_header='年初余额'
[TEMP DEBUG] Excel读取列头成功: col=3, header='4304903.78'
[TEMP DEBUG] _generate_column_key called: sheet_name='上年科目余额表', col_info.column_index=5
[TEMP DEBUG] initial: primary_header='币别:人民币', secondary_header='期初余额'
[TEMP DEBUG] _generate_column_key called: sheet_name='上年科目余额表', col_info.column_index=11
[TEMP DEBUG] initial: primary_header='', secondary_header='期末余额'
[TEMP DEBUG] Excel读取列头成功: col=11, header='7436320.98'
[TEMP DEBUG] _generate_column_key called: sheet_name='上年科目余额表', col_info.column_index=5
[TEMP DEBUG] initial: primary_header='币别:人民币', secondary_header='期初余额'
[TEMP DEBUG] _generate_column_key called: sheet_name='上年科目余额表', col_info.column_index=9
[TEMP DEBUG] initial: primary_header='包含未过账凭证', secondary_header='本年累计'
[TEMP DEBUG] _generate_column_key called: sheet_name='上年科目余额表', col_info.column_index=11
[TEMP DEBUG] initial: primary_header='', secondary_header='期末余额'
[TEMP DEBUG] Excel读取列头成功: col=11, header='7436320.98'
[TEMP DEBUG] _generate_column_key called: sheet_name='上年科目余额表', col_info.column_index=1
[TEMP DEBUG] initial: primary_header='期间:2024年第9期', secondary_header='科目代码'
[TEMP DEBUG] _generate_column_key called: sheet_name='上年科目余额表', col_info.column_index=3
[TEMP DEBUG] initial: primary_header='', secondary_header='年初余额'
[TEMP DEBUG] Excel读取列头成功: col=3, header='4304903.78'
[TEMP DEBUG] _generate_column_key called: sheet_name='上年科目余额表', col_info.column_index=5
[TEMP DEBUG] initial: primary_header='币别:人民币', secondary_header='期初余额'
[TEMP DEBUG] _generate_column_key called: sheet_name='上年科目余额表', col_info.column_index=7
[TEMP DEBUG] initial: primary_header='公司:南宁产投智创科电投资开发有限责任公司', secondary_header='本期发生额'
[TEMP DEBUG] _generate_column_key called: sheet_name='上年科目余额表', col_info.column_index=9
[TEMP DEBUG] initial: primary_header='包含未过账凭证', secondary_header='本年累计'
[TEMP DEBUG] _generate_column_key called: sheet_name='上年科目余额表', col_info.column_index=10
[TEMP DEBUG] initial: primary_header='', secondary_header=''
[TEMP DEBUG] Excel读取列头成功: col=10, header='158844838.95'
[TEMP DEBUG] _generate_column_key called: sheet_name='上年科目余额表', col_info.column_index=11
[TEMP DEBUG] initial: primary_header='', secondary_header='期末余额'
[TEMP DEBUG] Excel读取列头成功: col=11, header='7436320.98'
[TEMP DEBUG] _generate_column_key called: sheet_name='上年科目余额表', col_info.column_index=3
[TEMP DEBUG] initial: primary_header='', secondary_header='年初余额'
[TEMP DEBUG] Excel读取列头成功: col=3, header='4304903.78'
[TEMP DEBUG] _generate_column_key called: sheet_name='上年科目余额表', col_info.column_index=5
[TEMP DEBUG] initial: primary_header='币别:人民币', secondary_header='期初余额'
[TEMP DEBUG] _generate_column_key called: sheet_name='上年科目余额表', col_info.column_index=7
[TEMP DEBUG] initial: primary_header='公司:南宁产投智创科电投资开发有限责任公司', secondary_header='本期发生额'
[TEMP DEBUG] _generate_column_key called: sheet_name='上年科目余额表', col_info.column_index=9
[TEMP DEBUG] initial: primary_header='包含未过账凭证', secondary_header='本年累计'
[TEMP DEBUG] _generate_column_key called: sheet_name='上年科目余额表', col_info.column_index=10
[TEMP DEBUG] initial: primary_header='', secondary_header=''
[TEMP DEBUG] Excel读取列头成功: col=10, header='158844838.95'
[TEMP DEBUG] _generate_column_key called: sheet_name='上年科目余额表', col_info.column_index=11
[TEMP DEBUG] initial: primary_header='', secondary_header='期末余额'
[TEMP DEBUG] Excel读取列头成功: col=11, header='7436320.98'
[TEMP DEBUG] _generate_column_key called: sheet_name='上年科目余额表', col_info.column_index=9
[TEMP DEBUG] initial: primary_header='包含未过账凭证', secondary_header='本年累计'
[TEMP DEBUG] _generate_column_key called: sheet_name='上年科目余额表', col_info.column_index=10
[TEMP DEBUG] initial: primary_header='', secondary_header=''
[TEMP DEBUG] Excel读取列头成功: col=10, header='158844838.95'
[TEMP DEBUG] _generate_column_key called: sheet_name='上年科目余额表', col_info.column_index=1
[TEMP DEBUG] initial: primary_header='期间:2024年第9期', secondary_header='科目代码'
[TEMP DEBUG] _generate_column_key called: sheet_name='上年科目余额表', col_info.column_index=1
[TEMP DEBUG] initial: primary_header='期间:2024年第9期', secondary_header='科目代码'
[TEMP DEBUG] _generate_column_key called: sheet_name='上年科目余额表', col_info.column_index=1
[TEMP DEBUG] initial: primary_header='期间:2024年第9期', secondary_header='科目代码'
[TEMP DEBUG] _generate_column_key called: sheet_name='上年科目余额表', col_info.column_index=3
[TEMP DEBUG] initial: primary_header='', secondary_header='年初余额'
[TEMP DEBUG] Excel读取列头成功: col=3, header='4304903.78'
[TEMP DEBUG] _generate_column_key called: sheet_name='上年科目余额表', col_info.column_index=5
[TEMP DEBUG] initial: primary_header='币别:人民币', secondary_header='期初余额'
[TEMP DEBUG] _generate_column_key called: sheet_name='上年科目余额表', col_info.column_index=7
[TEMP DEBUG] initial: primary_header='公司:南宁产投智创科电投资开发有限责任公司', secondary_header='本期发生额'
[TEMP DEBUG] _generate_column_key called: sheet_name='上年科目余额表', col_info.column_index=9
[TEMP DEBUG] initial: primary_header='包含未过账凭证', secondary_header='本年累计'
[TEMP DEBUG] _generate_column_key called: sheet_name='上年科目余额表', col_info.column_index=10
[TEMP DEBUG] initial: primary_header='', secondary_header=''
[TEMP DEBUG] Excel读取列头成功: col=10, header='158844838.95'
[TEMP DEBUG] _generate_column_key called: sheet_name='上年科目余额表', col_info.column_index=11
[TEMP DEBUG] initial: primary_header='', secondary_header='期末余额'
[TEMP DEBUG] Excel读取列头成功: col=11, header='7436320.98'
[TEMP DEBUG] _generate_column_key called: sheet_name='上年科目余额表', col_info.column_index=3
[TEMP DEBUG] initial: primary_header='', secondary_header='年初余额'
[TEMP DEBUG] Excel读取列头成功: col=3, header='4304903.78'
[TEMP DEBUG] _generate_column_key called: sheet_name='上年科目余额表', col_info.column_index=5
[TEMP DEBUG] initial: primary_header='币别:人民币', secondary_header='期初余额'
[TEMP DEBUG] _generate_column_key called: sheet_name='上年科目余额表', col_info.column_index=7
[TEMP DEBUG] initial: primary_header='公司:南宁产投智创科电投资开发有限责任公司', secondary_header='本期发生额'
[TEMP DEBUG] _generate_column_key called: sheet_name='上年科目余额表', col_info.column_index=9
[TEMP DEBUG] initial: primary_header='包含未过账凭证', secondary_header='本年累计'
[TEMP DEBUG] _generate_column_key called: sheet_name='上年科目余额表', col_info.column_index=11
[TEMP DEBUG] initial: primary_header='', secondary_header='期末余额'
[TEMP DEBUG] Excel读取列头成功: col=11, header='7436320.98'
[TEMP DEBUG] _generate_column_key called: sheet_name='上年科目余额表', col_info.column_index=3
[TEMP DEBUG] initial: primary_header='', secondary_header='年初余额'
[TEMP DEBUG] Excel读取列头成功: col=3, header='4304903.78'
[TEMP DEBUG] _generate_column_key called: sheet_name='上年科目余额表', col_info.column_index=5
[TEMP DEBUG] initial: primary_header='币别:人民币', secondary_header='期初余额'
[TEMP DEBUG] _generate_column_key called: sheet_name='上年科目余额表', col_info.column_index=9
[TEMP DEBUG] initial: primary_header='包含未过账凭证', secondary_header='本年累计'
[TEMP DEBUG] _generate_column_key called: sheet_name='上年科目余额表', col_info.column_index=10
[TEMP DEBUG] initial: primary_header='', secondary_header=''
[TEMP DEBUG] Excel读取列头成功: col=10, header='158844838.95'
[TEMP DEBUG] _generate_column_key called: sheet_name='上年科目余额表', col_info.column_index=11
[TEMP DEBUG] initial: primary_header='', secondary_header='期末余额'
[TEMP DEBUG] Excel读取列头成功: col=11, header='7436320.98'
[TEMP DEBUG] _generate_column_key called: sheet_name='上年科目余额表', col_info.column_index=1
[TEMP DEBUG] initial: primary_header='期间:2024年第9期', secondary_header='科目代码'
[TEMP DEBUG] _generate_column_key called: sheet_name='上年科目余额表', col_info.column_index=5
[TEMP DEBUG] initial: primary_header='币别:人民币', secondary_header='期初余额'
[TEMP DEBUG] _generate_column_key called: sheet_name='上年科目余额表', col_info.column_index=9
[TEMP DEBUG] initial: primary_header='包含未过账凭证', secondary_header='本年累计'
[TEMP DEBUG] _generate_column_key called: sheet_name='上年科目余额表', col_info.column_index=11
[TEMP DEBUG] initial: primary_header='', secondary_header='期末余额'
[TEMP DEBUG] Excel读取列头成功: col=11, header='7436320.98'
[TEMP DEBUG] _generate_column_key called: sheet_name='上年科目余额表', col_info.column_index=5
[TEMP DEBUG] initial: primary_header='币别:人民币', secondary_header='期初余额'
[TEMP DEBUG] _generate_column_key called: sheet_name='上年科目余额表', col_info.column_index=9
[TEMP DEBUG] initial: primary_header='包含未过账凭证', secondary_header='本年累计'
[TEMP DEBUG] _generate_column_key called: sheet_name='上年科目余额表', col_info.column_index=11
[TEMP DEBUG] initial: primary_header='', secondary_header='期末余额'
[TEMP DEBUG] Excel读取列头成功: col=11, header='7436320.98'
[TEMP DEBUG] _generate_column_key called: sheet_name='上年科目余额表', col_info.column_index=1
[TEMP DEBUG] initial: primary_header='期间:2024年第9期', secondary_header='科目代码'
[TEMP DEBUG] _generate_column_key called: sheet_name='上年科目余额表', col_info.column_index=3
[TEMP DEBUG] initial: primary_header='', secondary_header='年初余额'
[TEMP DEBUG] Excel读取列头成功: col=3, header='4304903.78'
[TEMP DEBUG] _generate_column_key called: sheet_name='上年科目余额表', col_info.column_index=5
[TEMP DEBUG] initial: primary_header='币别:人民币', secondary_header='期初余额'
[TEMP DEBUG] _generate_column_key called: sheet_name='上年科目余额表', col_info.column_index=7
[TEMP DEBUG] initial: primary_header='公司:南宁产投智创科电投资开发有限责任公司', secondary_header='本期发生额'
[TEMP DEBUG] _generate_column_key called: sheet_name='上年科目余额表', col_info.column_index=9
[TEMP DEBUG] initial: primary_header='包含未过账凭证', secondary_header='本年累计'
[TEMP DEBUG] _generate_column_key called: sheet_name='上年科目余额表', col_info.column_index=10
[TEMP DEBUG] initial: primary_header='', secondary_header=''
[TEMP DEBUG] Excel读取列头成功: col=10, header='158844838.95'
[TEMP DEBUG] _generate_column_key called: sheet_name='上年科目余额表', col_info.column_index=11
[TEMP DEBUG] initial: primary_header='', secondary_header='期末余额'
[TEMP DEBUG] Excel读取列头成功: col=11, header='7436320.98'
[TEMP DEBUG] _generate_column_key called: sheet_name='上年科目余额表', col_info.column_index=3
[TEMP DEBUG] initial: primary_header='', secondary_header='年初余额'
[TEMP DEBUG] Excel读取列头成功: col=3, header='4304903.78'
[TEMP DEBUG] _generate_column_key called: sheet_name='上年科目余额表', col_info.column_index=5
[TEMP DEBUG] initial: primary_header='币别:人民币', secondary_header='期初余额'
[TEMP DEBUG] _generate_column_key called: sheet_name='上年科目余额表', col_info.column_index=11
[TEMP DEBUG] initial: primary_header='', secondary_header='期末余额'
[TEMP DEBUG] Excel读取列头成功: col=11, header='7436320.98'
[TEMP DEBUG] _generate_column_key called: sheet_name='上年科目余额表', col_info.column_index=5
[TEMP DEBUG] initial: primary_header='币别:人民币', secondary_header='期初余额'
[TEMP DEBUG] _generate_column_key called: sheet_name='上年科目余额表', col_info.column_index=9
[TEMP DEBUG] initial: primary_header='包含未过账凭证', secondary_header='本年累计'
[TEMP DEBUG] _generate_column_key called: sheet_name='上年科目余额表', col_info.column_index=11
[TEMP DEBUG] initial: primary_header='', secondary_header='期末余额'
[TEMP DEBUG] Excel读取列头成功: col=11, header='7436320.98'
[TEMP DEBUG] _generate_column_key called: sheet_name='上年科目余额表', col_info.column_index=3
[TEMP DEBUG] initial: primary_header='', secondary_header='年初余额'
[TEMP DEBUG] Excel读取列头成功: col=3, header='4304903.78'
[TEMP DEBUG] _generate_column_key called: sheet_name='上年科目余额表', col_info.column_index=5
[TEMP DEBUG] initial: primary_header='币别:人民币', secondary_header='期初余额'
[TEMP DEBUG] _generate_column_key called: sheet_name='上年科目余额表', col_info.column_index=9
[TEMP DEBUG] initial: primary_header='包含未过账凭证', secondary_header='本年累计'
[TEMP DEBUG] _generate_column_key called: sheet_name='上年科目余额表', col_info.column_index=11
[TEMP DEBUG] initial: primary_header='', secondary_header='期末余额'
[TEMP DEBUG] Excel读取列头成功: col=11, header='7436320.98'
[TEMP DEBUG] _generate_column_key called: sheet_name='上年科目余额表', col_info.column_index=5
[TEMP DEBUG] initial: primary_header='币别:人民币', secondary_header='期初余额'
[TEMP DEBUG] _generate_column_key called: sheet_name='上年科目余额表', col_info.column_index=9
[TEMP DEBUG] initial: primary_header='包含未过账凭证', secondary_header='本年累计'
[TEMP DEBUG] _generate_column_key called: sheet_name='上年科目余额表', col_info.column_index=11
[TEMP DEBUG] initial: primary_header='', secondary_header='期末余额'
[TEMP DEBUG] Excel读取列头成功: col=11, header='7436320.98'
[TEMP DEBUG] _generate_column_key called: sheet_name='上年科目余额表', col_info.column_index=5
[TEMP DEBUG] initial: primary_header='币别:人民币', secondary_header='期初余额'
[TEMP DEBUG] _generate_column_key called: sheet_name='上年科目余额表', col_info.column_index=9
[TEMP DEBUG] initial: primary_header='包含未过账凭证', secondary_header='本年累计'
[TEMP DEBUG] _generate_column_key called: sheet_name='上年科目余额表', col_info.column_index=11
[TEMP DEBUG] initial: primary_header='', secondary_header='期末余额'
[TEMP DEBUG] Excel读取列头成功: col=11, header='7436320.98'
[TEMP DEBUG] _generate_column_key called: sheet_name='上年科目余额表', col_info.column_index=5
[TEMP DEBUG] initial: primary_header='币别:人民币', secondary_header='期初余额'
[TEMP DEBUG] _generate_column_key called: sheet_name='上年科目余额表', col_info.column_index=9
[TEMP DEBUG] initial: primary_header='包含未过账凭证', secondary_header='本年累计'
[TEMP DEBUG] _generate_column_key called: sheet_name='上年科目余额表', col_info.column_index=11
[TEMP DEBUG] initial: primary_header='', secondary_header='期末余额'
[TEMP DEBUG] Excel读取列头成功: col=11, header='7436320.98'
[TEMP DEBUG] _generate_column_key called: sheet_name='上年科目余额表', col_info.column_index=5
[TEMP DEBUG] initial: primary_header='币别:人民币', secondary_header='期初余额'
[TEMP DEBUG] _generate_column_key called: sheet_name='上年科目余额表', col_info.column_index=9
[TEMP DEBUG] initial: primary_header='包含未过账凭证', secondary_header='本年累计'
[TEMP DEBUG] _generate_column_key called: sheet_name='上年科目余额表', col_info.column_index=11
[TEMP DEBUG] initial: primary_header='', secondary_header='期末余额'
[TEMP DEBUG] Excel读取列头成功: col=11, header='7436320.98'
[TEMP DEBUG] _generate_column_key called: sheet_name='上年科目余额表', col_info.column_index=5
[TEMP DEBUG] initial: primary_header='币别:人民币', secondary_header='期初余额'
[TEMP DEBUG] _generate_column_key called: sheet_name='上年科目余额表', col_info.column_index=9
[TEMP DEBUG] initial: primary_header='包含未过账凭证', secondary_header='本年累计'
[TEMP DEBUG] _generate_column_key called: sheet_name='上年科目余额表', col_info.column_index=11
[TEMP DEBUG] initial: primary_header='', secondary_header='期末余额'
[TEMP DEBUG] Excel读取列头成功: col=11, header='7436320.98'
[TEMP DEBUG] _generate_column_key called: sheet_name='上年科目余额表', col_info.column_index=5
[TEMP DEBUG] initial: primary_header='币别:人民币', secondary_header='期初余额'
[TEMP DEBUG] _generate_column_key called: sheet_name='上年科目余额表', col_info.column_index=9
[TEMP DEBUG] initial: primary_header='包含未过账凭证', secondary_header='本年累计'
[TEMP DEBUG] _generate_column_key called: sheet_name='上年科目余额表', col_info.column_index=11
[TEMP DEBUG] initial: primary_header='', secondary_header='期末余额'
[TEMP DEBUG] Excel读取列头成功: col=11, header='7436320.98'
[TEMP DEBUG] _generate_column_key called: sheet_name='上年科目余额表', col_info.column_index=5
[TEMP DEBUG] initial: primary_header='币别:人民币', secondary_header='期初余额'
[TEMP DEBUG] _generate_column_key called: sheet_name='上年科目余额表', col_info.column_index=9
[TEMP DEBUG] initial: primary_header='包含未过账凭证', secondary_header='本年累计'
[TEMP DEBUG] _generate_column_key called: sheet_name='上年科目余额表', col_info.column_index=11
[TEMP DEBUG] initial: primary_header='', secondary_header='期末余额'
[TEMP DEBUG] Excel读取列头成功: col=11, header='7436320.98'
[TEMP DEBUG] _generate_column_key called: sheet_name='上年科目余额表', col_info.column_index=5
[TEMP DEBUG] initial: primary_header='币别:人民币', secondary_header='期初余额'
[TEMP DEBUG] _generate_column_key called: sheet_name='上年科目余额表', col_info.column_index=7
[TEMP DEBUG] initial: primary_header='公司:南宁产投智创科电投资开发有限责任公司', secondary_header='本期发生额'
[TEMP DEBUG] _generate_column_key called: sheet_name='上年科目余额表', col_info.column_index=9
[TEMP DEBUG] initial: primary_header='包含未过账凭证', secondary_header='本年累计'
[TEMP DEBUG] _generate_column_key called: sheet_name='上年科目余额表', col_info.column_index=10
[TEMP DEBUG] initial: primary_header='', secondary_header=''
[TEMP DEBUG] Excel读取列头成功: col=10, header='158844838.95'
[TEMP DEBUG] _generate_column_key called: sheet_name='上年科目余额表', col_info.column_index=11
[TEMP DEBUG] initial: primary_header='', secondary_header='期末余额'
[TEMP DEBUG] Excel读取列头成功: col=11, header='7436320.98'
[TEMP DEBUG] _generate_column_key called: sheet_name='上年科目余额表', col_info.column_index=3
[TEMP DEBUG] initial: primary_header='', secondary_header='年初余额'
[TEMP DEBUG] Excel读取列头成功: col=3, header='4304903.78'
[TEMP DEBUG] _generate_column_key called: sheet_name='上年科目余额表', col_info.column_index=5
[TEMP DEBUG] initial: primary_header='币别:人民币', secondary_header='期初余额'
[TEMP DEBUG] _generate_column_key called: sheet_name='上年科目余额表', col_info.column_index=7
[TEMP DEBUG] initial: primary_header='公司:南宁产投智创科电投资开发有限责任公司', secondary_header='本期发生额'
[TEMP DEBUG] _generate_column_key called: sheet_name='上年科目余额表', col_info.column_index=9
[TEMP DEBUG] initial: primary_header='包含未过账凭证', secondary_header='本年累计'
[TEMP DEBUG] _generate_column_key called: sheet_name='上年科目余额表', col_info.column_index=10
[TEMP DEBUG] initial: primary_header='', secondary_header=''
[TEMP DEBUG] Excel读取列头成功: col=10, header='158844838.95'
[TEMP DEBUG] _generate_column_key called: sheet_name='上年科目余额表', col_info.column_index=11
[TEMP DEBUG] initial: primary_header='', secondary_header='期末余额'
[TEMP DEBUG] Excel读取列头成功: col=11, header='7436320.98'
[TEMP DEBUG] _generate_column_key called: sheet_name='上年科目余额表', col_info.column_index=7
[TEMP DEBUG] initial: primary_header='公司:南宁产投智创科电投资开发有限责任公司', secondary_header='本期发生额'
[TEMP DEBUG] _generate_column_key called: sheet_name='上年科目余额表', col_info.column_index=9
[TEMP DEBUG] initial: primary_header='包含未过账凭证', secondary_header='本年累计'
[TEMP DEBUG] _generate_column_key called: sheet_name='上年科目余额表', col_info.column_index=10
[TEMP DEBUG] initial: primary_header='', secondary_header=''
[TEMP DEBUG] Excel读取列头成功: col=10, header='158844838.95'
[TEMP DEBUG] _generate_column_key called: sheet_name='上年科目余额表', col_info.column_index=3
[TEMP DEBUG] initial: primary_header='', secondary_header='年初余额'
[TEMP DEBUG] Excel读取列头成功: col=3, header='4304903.78'
[TEMP DEBUG] _generate_column_key called: sheet_name='上年科目余额表', col_info.column_index=5
[TEMP DEBUG] initial: primary_header='币别:人民币', secondary_header='期初余额'
[TEMP DEBUG] _generate_column_key called: sheet_name='上年科目余额表', col_info.column_index=9
[TEMP DEBUG] initial: primary_header='包含未过账凭证', secondary_header='本年累计'
[TEMP DEBUG] _generate_column_key called: sheet_name='上年科目余额表', col_info.column_index=10
[TEMP DEBUG] initial: primary_header='', secondary_header=''
[TEMP DEBUG] Excel读取列头成功: col=10, header='158844838.95'
[TEMP DEBUG] _generate_column_key called: sheet_name='上年科目余额表', col_info.column_index=11
[TEMP DEBUG] initial: primary_header='', secondary_header='期末余额'
[TEMP DEBUG] Excel读取列头成功: col=11, header='7436320.98'
[TEMP DEBUG] _generate_column_key called: sheet_name='上年科目余额表', col_info.column_index=3
[TEMP DEBUG] initial: primary_header='', secondary_header='年初余额'
[TEMP DEBUG] Excel读取列头成功: col=3, header='4304903.78'
[TEMP DEBUG] _generate_column_key called: sheet_name='上年科目余额表', col_info.column_index=5
[TEMP DEBUG] initial: primary_header='币别:人民币', secondary_header='期初余额'
[TEMP DEBUG] _generate_column_key called: sheet_name='上年科目余额表', col_info.column_index=9
[TEMP DEBUG] initial: primary_header='包含未过账凭证', secondary_header='本年累计'
[TEMP DEBUG] _generate_column_key called: sheet_name='上年科目余额表', col_info.column_index=10
[TEMP DEBUG] initial: primary_header='', secondary_header=''
[TEMP DEBUG] Excel读取列头成功: col=10, header='158844838.95'
[TEMP DEBUG] _generate_column_key called: sheet_name='上年科目余额表', col_info.column_index=11
[TEMP DEBUG] initial: primary_header='', secondary_header='期末余额'
[TEMP DEBUG] Excel读取列头成功: col=11, header='7436320.98'
[TEMP DEBUG] _generate_column_key called: sheet_name='上年科目余额表', col_info.column_index=3
[TEMP DEBUG] initial: primary_header='', secondary_header='年初余额'
[TEMP DEBUG] Excel读取列头成功: col=3, header='4304903.78'
[TEMP DEBUG] _generate_column_key called: sheet_name='上年科目余额表', col_info.column_index=5
[TEMP DEBUG] initial: primary_header='币别:人民币', secondary_header='期初余额'
[TEMP DEBUG] _generate_column_key called: sheet_name='上年科目余额表', col_info.column_index=9
[TEMP DEBUG] initial: primary_header='包含未过账凭证', secondary_header='本年累计'
[TEMP DEBUG] _generate_column_key called: sheet_name='上年科目余额表', col_info.column_index=10
[TEMP DEBUG] initial: primary_header='', secondary_header=''
[TEMP DEBUG] Excel读取列头成功: col=10, header='158844838.95'
[TEMP DEBUG] _generate_column_key called: sheet_name='上年科目余额表', col_info.column_index=11
[TEMP DEBUG] initial: primary_header='', secondary_header='期末余额'
[TEMP DEBUG] Excel读取列头成功: col=11, header='7436320.98'
[TEMP DEBUG] _generate_column_key called: sheet_name='上年科目余额表', col_info.column_index=3
[TEMP DEBUG] initial: primary_header='', secondary_header='年初余额'
[TEMP DEBUG] Excel读取列头成功: col=3, header='4304903.78'
[TEMP DEBUG] _generate_column_key called: sheet_name='上年科目余额表', col_info.column_index=5
[TEMP DEBUG] initial: primary_header='币别:人民币', secondary_header='期初余额'
[TEMP DEBUG] _generate_column_key called: sheet_name='上年科目余额表', col_info.column_index=9
[TEMP DEBUG] initial: primary_header='包含未过账凭证', secondary_header='本年累计'
[TEMP DEBUG] _generate_column_key called: sheet_name='上年科目余额表', col_info.column_index=11
[TEMP DEBUG] initial: primary_header='', secondary_header='期末余额'
[TEMP DEBUG] Excel读取列头成功: col=11, header='7436320.98'
[TEMP DEBUG] _generate_column_key called: sheet_name='上年科目余额表', col_info.column_index=3
[TEMP DEBUG] initial: primary_header='', secondary_header='年初余额'
[TEMP DEBUG] Excel读取列头成功: col=3, header='4304903.78'
[TEMP DEBUG] _generate_column_key called: sheet_name='上年科目余额表', col_info.column_index=5
[TEMP DEBUG] initial: primary_header='币别:人民币', secondary_header='期初余额'
[TEMP DEBUG] _generate_column_key called: sheet_name='上年科目余额表', col_info.column_index=9
[TEMP DEBUG] initial: primary_header='包含未过账凭证', secondary_header='本年累计'
[TEMP DEBUG] _generate_column_key called: sheet_name='上年科目余额表', col_info.column_index=11
[TEMP DEBUG] initial: primary_header='', secondary_header='期末余额'
[TEMP DEBUG] Excel读取列头成功: col=11, header='7436320.98'
[TEMP DEBUG] _generate_column_key called: sheet_name='上年科目余额表', col_info.column_index=3
[TEMP DEBUG] initial: primary_header='', secondary_header='年初余额'
[TEMP DEBUG] Excel读取列头成功: col=3, header='4304903.78'
[TEMP DEBUG] _generate_column_key called: sheet_name='上年科目余额表', col_info.column_index=5
[TEMP DEBUG] initial: primary_header='币别:人民币', secondary_header='期初余额'
[TEMP DEBUG] _generate_column_key called: sheet_name='上年科目余额表', col_info.column_index=9
[TEMP DEBUG] initial: primary_header='包含未过账凭证', secondary_header='本年累计'
[TEMP DEBUG] _generate_column_key called: sheet_name='上年科目余额表', col_info.column_index=11
[TEMP DEBUG] initial: primary_header='', secondary_header='期末余额'
[TEMP DEBUG] Excel读取列头成功: col=11, header='7436320.98'
[TEMP DEBUG] _generate_column_key called: sheet_name='上年科目余额表', col_info.column_index=3
[TEMP DEBUG] initial: primary_header='', secondary_header='年初余额'
[TEMP DEBUG] Excel读取列头成功: col=3, header='4304903.78'
[TEMP DEBUG] _generate_column_key called: sheet_name='上年科目余额表', col_info.column_index=5
[TEMP DEBUG] initial: primary_header='币别:人民币', secondary_header='期初余额'
[TEMP DEBUG] _generate_column_key called: sheet_name='上年科目余额表', col_info.column_index=11
[TEMP DEBUG] initial: primary_header='', secondary_header='期末余额'
[TEMP DEBUG] Excel读取列头成功: col=11, header='7436320.98'
[TEMP DEBUG] _generate_column_key called: sheet_name='上年科目余额表', col_info.column_index=3
[TEMP DEBUG] initial: primary_header='', secondary_header='年初余额'
[TEMP DEBUG] Excel读取列头成功: col=3, header='4304903.78'
[TEMP DEBUG] _generate_column_key called: sheet_name='上年科目余额表', col_info.column_index=5
[TEMP DEBUG] initial: primary_header='币别:人民币', secondary_header='期初余额'
[TEMP DEBUG] _generate_column_key called: sheet_name='上年科目余额表', col_info.column_index=7
[TEMP DEBUG] initial: primary_header='公司:南宁产投智创科电投资开发有限责任公司', secondary_header='本期发生额'
[TEMP DEBUG] _generate_column_key called: sheet_name='上年科目余额表', col_info.column_index=9
[TEMP DEBUG] initial: primary_header='包含未过账凭证', secondary_header='本年累计'
[TEMP DEBUG] _generate_column_key called: sheet_name='上年科目余额表', col_info.column_index=11
[TEMP DEBUG] initial: primary_header='', secondary_header='期末余额'
[TEMP DEBUG] Excel读取列头成功: col=11, header='7436320.98'
[TEMP DEBUG] _generate_column_key called: sheet_name='上年科目余额表', col_info.column_index=5
[TEMP DEBUG] initial: primary_header='币别:人民币', secondary_header='期初余额'
[TEMP DEBUG] _generate_column_key called: sheet_name='上年科目余额表', col_info.column_index=9
[TEMP DEBUG] initial: primary_header='包含未过账凭证', secondary_header='本年累计'
[TEMP DEBUG] _generate_column_key called: sheet_name='上年科目余额表', col_info.column_index=10
[TEMP DEBUG] initial: primary_header='', secondary_header=''
[TEMP DEBUG] Excel读取列头成功: col=10, header='158844838.95'
[TEMP DEBUG] _generate_column_key called: sheet_name='上年科目余额表', col_info.column_index=11
[TEMP DEBUG] initial: primary_header='', secondary_header='期末余额'
[TEMP DEBUG] Excel读取列头成功: col=11, header='7436320.98'
[TEMP DEBUG] _generate_column_key called: sheet_name='上年科目余额表', col_info.column_index=1
[TEMP DEBUG] initial: primary_header='期间:2024年第9期', secondary_header='科目代码'
[TEMP DEBUG] _generate_column_key called: sheet_name='上年科目余额表', col_info.column_index=1
[TEMP DEBUG] initial: primary_header='期间:2024年第9期', secondary_header='科目代码'
[TEMP DEBUG] _generate_column_key called: sheet_name='上年科目余额表', col_info.column_index=1
[TEMP DEBUG] initial: primary_header='期间:2024年第9期', secondary_header='科目代码'
[TEMP DEBUG] _generate_column_key called: sheet_name='上年科目余额表', col_info.column_index=1
[TEMP DEBUG] initial: primary_header='期间:2024年第9期', secondary_header='科目代码'
[TEMP DEBUG] _generate_column_key called: sheet_name='上年科目余额表', col_info.column_index=1
[TEMP DEBUG] initial: primary_header='期间:2024年第9期', secondary_header='科目代码'
[TEMP DEBUG] _generate_column_key called: sheet_name='上年科目余额表', col_info.column_index=1
[TEMP DEBUG] initial: primary_header='期间:2024年第9期', secondary_header='科目代码'
[TEMP DEBUG] _generate_column_key called: sheet_name='上年科目余额表', col_info.column_index=1
[TEMP DEBUG] initial: primary_header='期间:2024年第9期', secondary_header='科目代码'
[TEMP DEBUG] _generate_column_key called: sheet_name='上年科目余额表', col_info.column_index=1
[TEMP DEBUG] initial: primary_header='期间:2024年第9期', secondary_header='科目代码'
[TEMP DEBUG] _generate_column_key called: sheet_name='上年科目余额表', col_info.column_index=1
[TEMP DEBUG] initial: primary_header='期间:2024年第9期', secondary_header='科目代码'
[TEMP DEBUG] _generate_column_key called: sheet_name='上年科目余额表', col_info.column_index=1
[TEMP DEBUG] initial: primary_header='期间:2024年第9期', secondary_header='科目代码'
[TEMP DEBUG] _generate_column_key called: sheet_name='上年科目余额表', col_info.column_index=1
[TEMP DEBUG] initial: primary_header='期间:2024年第9期', secondary_header='科目代码'
[TEMP DEBUG] _generate_column_key called: sheet_name='上年科目余额表', col_info.column_index=1
[TEMP DEBUG] initial: primary_header='期间:2024年第9期', secondary_header='科目代码'
[TEMP DEBUG] _generate_column_key called: sheet_name='上年科目余额表', col_info.column_index=1
[TEMP DEBUG] initial: primary_header='期间:2024年第9期', secondary_header='科目代码'
[TEMP DEBUG] _generate_column_key called: sheet_name='上年科目余额表', col_info.column_index=1
[TEMP DEBUG] initial: primary_header='期间:2024年第9期', secondary_header='科目代码'
[TEMP DEBUG] _generate_column_key called: sheet_name='上年科目余额表', col_info.column_index=1
[TEMP DEBUG] initial: primary_header='期间:2024年第9期', secondary_header='科目代码'
[TEMP DEBUG] _generate_column_key called: sheet_name='上年科目余额表', col_info.column_index=1
[TEMP DEBUG] initial: primary_header='期间:2024年第9期', secondary_header='科目代码'
[TEMP DEBUG] _generate_column_key called: sheet_name='上年科目余额表', col_info.column_index=1
[TEMP DEBUG] initial: primary_header='期间:2024年第9期', secondary_header='科目代码'
[TEMP DEBUG] _generate_column_key called: sheet_name='上年科目余额表', col_info.column_index=1
[TEMP DEBUG] initial: primary_header='期间:2024年第9期', secondary_header='科目代码'
[TEMP DEBUG] _generate_column_key called: sheet_name='上年科目余额表', col_info.column_index=1
[TEMP DEBUG] initial: primary_header='期间:2024年第9期', secondary_header='科目代码'
[TEMP DEBUG] _generate_column_key called: sheet_name='上年科目余额表', col_info.column_index=1
[TEMP DEBUG] initial: primary_header='期间:2024年第9期', secondary_header='科目代码'
[TEMP DEBUG] _generate_column_key called: sheet_name='上年科目余额表', col_info.column_index=1
[TEMP DEBUG] initial: primary_header='期间:2024年第9期', secondary_header='科目代码'
[TEMP DEBUG] _generate_column_key called: sheet_name='上年科目余额表', col_info.column_index=1
[TEMP DEBUG] initial: primary_header='期间:2024年第9期', secondary_header='科目代码'
[TEMP DEBUG] _generate_column_key called: sheet_name='上年科目余额表', col_info.column_index=1
[TEMP DEBUG] initial: primary_header='期间:2024年第9期', secondary_header='科目代码'
[TEMP DEBUG] _generate_column_key called: sheet_name='上年科目余额表', col_info.column_index=1
[TEMP DEBUG] initial: primary_header='期间:2024年第9期', secondary_header='科目代码'
[TEMP DEBUG] _generate_column_key called: sheet_name='上年科目余额表', col_info.column_index=1
[TEMP DEBUG] initial: primary_header='期间:2024年第9期', secondary_header='科目代码'
[TEMP DEBUG] _generate_column_key called: sheet_name='上年科目余额表', col_info.column_index=1
[TEMP DEBUG] initial: primary_header='期间:2024年第9期', secondary_header='科目代码'
[TEMP DEBUG] _generate_column_key called: sheet_name='上年科目余额表', col_info.column_index=1
[TEMP DEBUG] initial: primary_header='期间:2024年第9期', secondary_header='科目代码'
[TEMP DEBUG] _generate_column_key called: sheet_name='上年科目余额表', col_info.column_index=1
[TEMP DEBUG] initial: primary_header='期间:2024年第9期', secondary_header='科目代码'
[TEMP DEBUG] _generate_column_key called: sheet_name='上年科目余额表', col_info.column_index=1
[TEMP DEBUG] initial: primary_header='期间:2024年第9期', secondary_header='科目代码'
[TEMP DEBUG] _generate_column_key called: sheet_name='上年科目余额表', col_info.column_index=1
[TEMP DEBUG] initial: primary_header='期间:2024年第9期', secondary_header='科目代码'
[TEMP DEBUG] _generate_column_key called: sheet_name='上年科目余额表', col_info.column_index=1
[TEMP DEBUG] initial: primary_header='期间:2024年第9期', secondary_header='科目代码'
[TEMP DEBUG] _generate_column_key called: sheet_name='上年科目余额表', col_info.column_index=1
[TEMP DEBUG] initial: primary_header='期间:2024年第9期', secondary_header='科目代码'
[TEMP DEBUG] _generate_column_key called: sheet_name='上年科目余额表', col_info.column_index=1
[TEMP DEBUG] initial: primary_header='期间:2024年第9期', secondary_header='科目代码'
[TEMP DEBUG] _generate_column_key called: sheet_name='上年科目余额表', col_info.column_index=1
[TEMP DEBUG] initial: primary_header='期间:2024年第9期', secondary_header='科目代码'
[TEMP DEBUG] _generate_column_key called: sheet_name='上年科目余额表', col_info.column_index=1
[TEMP DEBUG] initial: primary_header='期间:2024年第9期', secondary_header='科目代码'
[TEMP DEBUG] _generate_column_key called: sheet_name='上年科目余额表', col_info.column_index=1
[TEMP DEBUG] initial: primary_header='期间:2024年第9期', secondary_header='科目代码'
[TEMP DEBUG] _generate_column_key called: sheet_name='上年科目余额表', col_info.column_index=1
[TEMP DEBUG] initial: primary_header='期间:2024年第9期', secondary_header='科目代码'
[TEMP DEBUG] _generate_column_key called: sheet_name='上年科目余额表', col_info.column_index=3
[TEMP DEBUG] initial: primary_header='', secondary_header='年初余额'
[TEMP DEBUG] Excel读取列头成功: col=3, header='4304903.78'
[TEMP DEBUG] _generate_column_key called: sheet_name='上年科目余额表', col_info.column_index=5
[TEMP DEBUG] initial: primary_header='币别:人民币', secondary_header='期初余额'
[TEMP DEBUG] _generate_column_key called: sheet_name='上年科目余额表', col_info.column_index=11
[TEMP DEBUG] initial: primary_header='', secondary_header='期末余额'
[TEMP DEBUG] Excel读取列头成功: col=11, header='7436320.98'
[TEMP DEBUG] _generate_column_key called: sheet_name='上年科目余额表', col_info.column_index=1
[TEMP DEBUG] initial: primary_header='期间:2024年第9期', secondary_header='科目代码'
[TEMP DEBUG] _generate_column_key called: sheet_name='上年科目余额表', col_info.column_index=1
[TEMP DEBUG] initial: primary_header='期间:2024年第9期', secondary_header='科目代码'
[TEMP DEBUG] _generate_column_key called: sheet_name='上年科目余额表', col_info.column_index=1
[TEMP DEBUG] initial: primary_header='期间:2024年第9期', secondary_header='科目代码'
[TEMP DEBUG] _generate_column_key called: sheet_name='上年科目余额表', col_info.column_index=1
[TEMP DEBUG] initial: primary_header='期间:2024年第9期', secondary_header='科目代码'
[TEMP DEBUG] _generate_column_key called: sheet_name='上年科目余额表', col_info.column_index=1
[TEMP DEBUG] initial: primary_header='期间:2024年第9期', secondary_header='科目代码'
[TEMP DEBUG] _generate_column_key called: sheet_name='上年科目余额表', col_info.column_index=3
[TEMP DEBUG] initial: primary_header='', secondary_header='年初余额'
[TEMP DEBUG] Excel读取列头成功: col=3, header='4304903.78'
[TEMP DEBUG] _generate_column_key called: sheet_name='上年科目余额表', col_info.column_index=5
[TEMP DEBUG] initial: primary_header='币别:人民币', secondary_header='期初余额'
[TEMP DEBUG] _generate_column_key called: sheet_name='上年科目余额表', col_info.column_index=11
[TEMP DEBUG] initial: primary_header='', secondary_header='期末余额'
[TEMP DEBUG] Excel读取列头成功: col=11, header='7436320.98'
[TEMP DEBUG] _generate_column_key called: sheet_name='上年科目余额表', col_info.column_index=3
[TEMP DEBUG] initial: primary_header='', secondary_header='年初余额'
[TEMP DEBUG] Excel读取列头成功: col=3, header='4304903.78'
[TEMP DEBUG] _generate_column_key called: sheet_name='上年科目余额表', col_info.column_index=5
[TEMP DEBUG] initial: primary_header='币别:人民币', secondary_header='期初余额'
[TEMP DEBUG] _generate_column_key called: sheet_name='上年科目余额表', col_info.column_index=11
[TEMP DEBUG] initial: primary_header='', secondary_header='期末余额'
[TEMP DEBUG] Excel读取列头成功: col=11, header='7436320.98'
[TEMP DEBUG] _generate_column_key called: sheet_name='上年科目余额表', col_info.column_index=1
[TEMP DEBUG] initial: primary_header='期间:2024年第9期', secondary_header='科目代码'
[TEMP DEBUG] _generate_column_key called: sheet_name='上年科目余额表', col_info.column_index=1
[TEMP DEBUG] initial: primary_header='期间:2024年第9期', secondary_header='科目代码'
[TEMP DEBUG] _generate_column_key called: sheet_name='上年科目余额表', col_info.column_index=1
[TEMP DEBUG] initial: primary_header='期间:2024年第9期', secondary_header='科目代码'
[TEMP DEBUG] _generate_column_key called: sheet_name='上年科目余额表', col_info.column_index=1
[TEMP DEBUG] initial: primary_header='期间:2024年第9期', secondary_header='科目代码'
[TEMP DEBUG] _generate_column_key called: sheet_name='上年科目余额表', col_info.column_index=1
[TEMP DEBUG] initial: primary_header='期间:2024年第9期', secondary_header='科目代码'
[TEMP DEBUG] _generate_column_key called: sheet_name='上年科目余额表', col_info.column_index=1
[TEMP DEBUG] initial: primary_header='期间:2024年第9期', secondary_header='科目代码'
[TEMP DEBUG] _generate_column_key called: sheet_name='上年科目余额表', col_info.column_index=8
[TEMP DEBUG] initial: primary_header='', secondary_header=''
[TEMP DEBUG] Excel读取列头成功: col=8, header='5170051.38'
[TEMP DEBUG] _generate_column_key called: sheet_name='上年科目余额表', col_info.column_index=10
[TEMP DEBUG] initial: primary_header='', secondary_header=''
[TEMP DEBUG] Excel读取列头成功: col=10, header='158844838.95'
[TEMP DEBUG] _generate_column_key called: sheet_name='上年科目余额表', col_info.column_index=1
[TEMP DEBUG] initial: primary_header='期间:2024年第9期', secondary_header='科目代码'
[TEMP DEBUG] _generate_column_key called: sheet_name='上年科目余额表', col_info.column_index=1
[TEMP DEBUG] initial: primary_header='期间:2024年第9期', secondary_header='科目代码'
[TEMP DEBUG] _generate_column_key called: sheet_name='上年科目余额表', col_info.column_index=1
[TEMP DEBUG] initial: primary_header='期间:2024年第9期', secondary_header='科目代码'
[TEMP DEBUG] _generate_column_key called: sheet_name='上年科目余额表', col_info.column_index=1
[TEMP DEBUG] initial: primary_header='期间:2024年第9期', secondary_header='科目代码'
[TEMP DEBUG] _generate_column_key called: sheet_name='上年科目余额表', col_info.column_index=1
[TEMP DEBUG] initial: primary_header='期间:2024年第9期', secondary_header='科目代码'
[TEMP DEBUG] _generate_column_key called: sheet_name='上年科目余额表', col_info.column_index=8
[TEMP DEBUG] initial: primary_header='', secondary_header=''
[TEMP DEBUG] Excel读取列头成功: col=8, header='5170051.38'
[TEMP DEBUG] _generate_column_key called: sheet_name='上年科目余额表', col_info.column_index=10
[TEMP DEBUG] initial: primary_header='', secondary_header=''
[TEMP DEBUG] Excel读取列头成功: col=10, header='158844838.95'
[TEMP DEBUG] _generate_column_key called: sheet_name='上年科目余额表', col_info.column_index=8
[TEMP DEBUG] initial: primary_header='', secondary_header=''
[TEMP DEBUG] Excel读取列头成功: col=8, header='5170051.38'
[TEMP DEBUG] _generate_column_key called: sheet_name='上年科目余额表', col_info.column_index=10
[TEMP DEBUG] initial: primary_header='', secondary_header=''
[TEMP DEBUG] Excel读取列头成功: col=10, header='158844838.95'
[TEMP DEBUG] _generate_column_key called: sheet_name='上年科目余额表', col_info.column_index=1
[TEMP DEBUG] initial: primary_header='期间:2024年第9期', secondary_header='科目代码'
[TEMP DEBUG] _generate_column_key called: sheet_name='上年科目余额表', col_info.column_index=1
[TEMP DEBUG] initial: primary_header='期间:2024年第9期', secondary_header='科目代码'
[TEMP DEBUG] _generate_column_key called: sheet_name='上年科目余额表', col_info.column_index=1
[TEMP DEBUG] initial: primary_header='期间:2024年第9期', secondary_header='科目代码'
[TEMP DEBUG] _generate_column_key called: sheet_name='上年科目余额表', col_info.column_index=1
[TEMP DEBUG] initial: primary_header='期间:2024年第9期', secondary_header='科目代码'
[TEMP DEBUG] _generate_column_key called: sheet_name='上年科目余额表', col_info.column_index=1
[TEMP DEBUG] initial: primary_header='期间:2024年第9期', secondary_header='科目代码'
[TEMP DEBUG] _generate_column_key called: sheet_name='上年科目余额表', col_info.column_index=1
[TEMP DEBUG] initial: primary_header='期间:2024年第9期', secondary_header='科目代码'
[TEMP DEBUG] _generate_column_key called: sheet_name='上年科目余额表', col_info.column_index=1
[TEMP DEBUG] initial: primary_header='期间:2024年第9期', secondary_header='科目代码'
[TEMP DEBUG] _generate_column_key called: sheet_name='上年科目余额表', col_info.column_index=1
[TEMP DEBUG] initial: primary_header='期间:2024年第9期', secondary_header='科目代码'
[TEMP DEBUG] _generate_column_key called: sheet_name='上年科目余额表', col_info.column_index=1
[TEMP DEBUG] initial: primary_header='期间:2024年第9期', secondary_header='科目代码'
[TEMP DEBUG] _generate_column_key called: sheet_name='上年科目余额表', col_info.column_index=1
[TEMP DEBUG] initial: primary_header='期间:2024年第9期', secondary_header='科目代码'
[TEMP DEBUG] _generate_column_key called: sheet_name='上年科目余额表', col_info.column_index=1
[TEMP DEBUG] initial: primary_header='期间:2024年第9期', secondary_header='科目代码'
[TEMP DEBUG] _generate_column_key called: sheet_name='上年科目余额表', col_info.column_index=1
[TEMP DEBUG] initial: primary_header='期间:2024年第9期', secondary_header='科目代码'
[TEMP DEBUG] _generate_column_key called: sheet_name='上年科目余额表', col_info.column_index=1
[TEMP DEBUG] initial: primary_header='期间:2024年第9期', secondary_header='科目代码'
[TEMP DEBUG] _generate_column_key called: sheet_name='上年科目余额表', col_info.column_index=1
[TEMP DEBUG] initial: primary_header='期间:2024年第9期', secondary_header='科目代码'
[TEMP DEBUG] _generate_column_key called: sheet_name='上年科目余额表', col_info.column_index=1
[TEMP DEBUG] initial: primary_header='期间:2024年第9期', secondary_header='科目代码'
[TEMP DEBUG] _generate_column_key called: sheet_name='上年科目余额表', col_info.column_index=1
[TEMP DEBUG] initial: primary_header='期间:2024年第9期', secondary_header='科目代码'
[TEMP DEBUG] _generate_column_key called: sheet_name='上年科目余额表', col_info.column_index=1
[TEMP DEBUG] initial: primary_header='期间:2024年第9期', secondary_header='科目代码'
[TEMP DEBUG] _generate_column_key called: sheet_name='上年科目余额表', col_info.column_index=1
[TEMP DEBUG] initial: primary_header='期间:2024年第9期', secondary_header='科目代码'
[TEMP DEBUG] _generate_column_key called: sheet_name='上年科目余额表', col_info.column_index=1
[TEMP DEBUG] initial: primary_header='期间:2024年第9期', secondary_header='科目代码'
[TEMP DEBUG] _generate_column_key called: sheet_name='上年科目余额表', col_info.column_index=1
[TEMP DEBUG] initial: primary_header='期间:2024年第9期', secondary_header='科目代码'
[TEMP DEBUG] _generate_column_key called: sheet_name='上年科目余额表', col_info.column_index=1
[TEMP DEBUG] initial: primary_header='期间:2024年第9期', secondary_header='科目代码'
[TEMP DEBUG] _generate_column_key called: sheet_name='上年科目余额表', col_info.column_index=1
[TEMP DEBUG] initial: primary_header='期间:2024年第9期', secondary_header='科目代码'
[TEMP DEBUG] _generate_column_key called: sheet_name='上年科目余额表', col_info.column_index=1
[TEMP DEBUG] initial: primary_header='期间:2024年第9期', secondary_header='科目代码'
[TEMP DEBUG] _generate_column_key called: sheet_name='上年科目余额表', col_info.column_index=1
[TEMP DEBUG] initial: primary_header='期间:2024年第9期', secondary_header='科目代码'
[TEMP DEBUG] _generate_column_key called: sheet_name='上年科目余额表', col_info.column_index=1
[TEMP DEBUG] initial: primary_header='期间:2024年第9期', secondary_header='科目代码'
[TEMP DEBUG] _generate_column_key called: sheet_name='上年科目余额表', col_info.column_index=1
[TEMP DEBUG] initial: primary_header='期间:2024年第9期', secondary_header='科目代码'
[TEMP DEBUG] _generate_column_key called: sheet_name='上年科目余额表', col_info.column_index=1
[TEMP DEBUG] initial: primary_header='期间:2024年第9期', secondary_header='科目代码'
[TEMP DEBUG] _generate_column_key called: sheet_name='上年科目余额表', col_info.column_index=1
[TEMP DEBUG] initial: primary_header='期间:2024年第9期', secondary_header='科目代码'
[TEMP DEBUG] _generate_column_key called: sheet_name='上年科目余额表', col_info.column_index=1
[TEMP DEBUG] initial: primary_header='期间:2024年第9期', secondary_header='科目代码'
[TEMP DEBUG] _generate_column_key called: sheet_name='上年科目余额表', col_info.column_index=1
[TEMP DEBUG] initial: primary_header='期间:2024年第9期', secondary_header='科目代码'
[TEMP DEBUG] _generate_column_key called: sheet_name='上年科目余额表', col_info.column_index=1
[TEMP DEBUG] initial: primary_header='期间:2024年第9期', secondary_header='科目代码'
[TEMP DEBUG] _generate_column_key called: sheet_name='上年科目余额表', col_info.column_index=1
[TEMP DEBUG] initial: primary_header='期间:2024年第9期', secondary_header='科目代码'
[TEMP DEBUG] _generate_column_key called: sheet_name='上年科目余额表', col_info.column_index=1
[TEMP DEBUG] initial: primary_header='期间:2024年第9期', secondary_header='科目代码'
[TEMP DEBUG] _generate_column_key called: sheet_name='上年科目余额表', col_info.column_index=1
[TEMP DEBUG] initial: primary_header='期间:2024年第9期', secondary_header='科目代码'
[TEMP DEBUG] _generate_column_key called: sheet_name='上年科目余额表', col_info.column_index=1
[TEMP DEBUG] initial: primary_header='期间:2024年第9期', secondary_header='科目代码'
[TEMP DEBUG] _generate_column_key called: sheet_name='上年科目余额表', col_info.column_index=1
[TEMP DEBUG] initial: primary_header='期间:2024年第9期', secondary_header='科目代码'
[TEMP DEBUG] _generate_column_key called: sheet_name='上年科目余额表', col_info.column_index=1
[TEMP DEBUG] initial: primary_header='期间:2024年第9期', secondary_header='科目代码'
[TEMP DEBUG] _generate_column_key called: sheet_name='上年科目余额表', col_info.column_index=1
[TEMP DEBUG] initial: primary_header='期间:2024年第9期', secondary_header='科目代码'
[TEMP DEBUG] _generate_column_key called: sheet_name='上年科目余额表', col_info.column_index=1
[TEMP DEBUG] initial: primary_header='期间:2024年第9期', secondary_header='科目代码'
[TEMP DEBUG] _generate_column_key called: sheet_name='上年科目余额表', col_info.column_index=1
[TEMP DEBUG] initial: primary_header='期间:2024年第9期', secondary_header='科目代码'
[TEMP DEBUG] _generate_column_key called: sheet_name='上年科目余额表', col_info.column_index=10
[TEMP DEBUG] initial: primary_header='', secondary_header=''
[TEMP DEBUG] Excel读取列头成功: col=10, header='158844838.95'
[TEMP DEBUG] _generate_column_key called: sheet_name='上年科目余额表', col_info.column_index=1
[TEMP DEBUG] initial: primary_header='期间:2024年第9期', secondary_header='科目代码'
[TEMP DEBUG] _generate_column_key called: sheet_name='上年科目余额表', col_info.column_index=1
[TEMP DEBUG] initial: primary_header='期间:2024年第9期', secondary_header='科目代码'
[TEMP DEBUG] _generate_column_key called: sheet_name='上年科目余额表', col_info.column_index=10
[TEMP DEBUG] initial: primary_header='', secondary_header=''
[TEMP DEBUG] Excel读取列头成功: col=10, header='158844838.95'
[TEMP DEBUG] _generate_column_key called: sheet_name='上年科目余额表', col_info.column_index=1
[TEMP DEBUG] initial: primary_header='期间:2024年第9期', secondary_header='科目代码'
[TEMP DEBUG] _generate_column_key called: sheet_name='上年科目余额表', col_info.column_index=8
[TEMP DEBUG] initial: primary_header='', secondary_header=''
[TEMP DEBUG] Excel读取列头成功: col=8, header='5170051.38'
[TEMP DEBUG] _generate_column_key called: sheet_name='上年科目余额表', col_info.column_index=10
[TEMP DEBUG] initial: primary_header='', secondary_header=''
[TEMP DEBUG] Excel读取列头成功: col=10, header='158844838.95'
[TEMP DEBUG] _generate_column_key called: sheet_name='上年科目余额表', col_info.column_index=1
[TEMP DEBUG] initial: primary_header='期间:2024年第9期', secondary_header='科目代码'
[TEMP DEBUG] _generate_column_key called: sheet_name='上年科目余额表', col_info.column_index=8
[TEMP DEBUG] initial: primary_header='', secondary_header=''
[TEMP DEBUG] Excel读取列头成功: col=8, header='5170051.38'
[TEMP DEBUG] _generate_column_key called: sheet_name='上年科目余额表', col_info.column_index=10
[TEMP DEBUG] initial: primary_header='', secondary_header=''
[TEMP DEBUG] Excel读取列头成功: col=10, header='158844838.95'
[TEMP DEBUG] _generate_column_key called: sheet_name='上年科目余额表', col_info.column_index=8
[TEMP DEBUG] initial: primary_header='', secondary_header=''
[TEMP DEBUG] Excel读取列头成功: col=8, header='5170051.38'
[TEMP DEBUG] _generate_column_key called: sheet_name='上年科目余额表', col_info.column_index=10
[TEMP DEBUG] initial: primary_header='', secondary_header=''
[TEMP DEBUG] Excel读取列头成功: col=10, header='158844838.95'
[TEMP DEBUG] _generate_column_key called: sheet_name='上年科目余额表', col_info.column_index=1
[TEMP DEBUG] initial: primary_header='期间:2024年第9期', secondary_header='科目代码'
[TEMP DEBUG] _generate_column_key called: sheet_name='上年科目余额表', col_info.column_index=1
[TEMP DEBUG] initial: primary_header='期间:2024年第9期', secondary_header='科目代码'
[TEMP DEBUG] _generate_column_key called: sheet_name='上年科目余额表', col_info.column_index=1
[TEMP DEBUG] initial: primary_header='期间:2024年第9期', secondary_header='科目代码'
[TEMP DEBUG] _generate_column_key called: sheet_name='上年科目余额表', col_info.column_index=1
[TEMP DEBUG] initial: primary_header='期间:2024年第9期', secondary_header='科目代码'
[TEMP DEBUG] _generate_column_key called: sheet_name='上年科目余额表', col_info.column_index=1
[TEMP DEBUG] initial: primary_header='期间:2024年第9期', secondary_header='科目代码'
[TEMP DEBUG] _generate_column_key called: sheet_name='上年科目余额表', col_info.column_index=1
[TEMP DEBUG] initial: primary_header='期间:2024年第9期', secondary_header='科目代码'
[TEMP DEBUG] _generate_column_key called: sheet_name='上年科目余额表', col_info.column_index=1
[TEMP DEBUG] initial: primary_header='期间:2024年第9期', secondary_header='科目代码'
[TEMP DEBUG] _generate_column_key called: sheet_name='上年科目余额表', col_info.column_index=1
[TEMP DEBUG] initial: primary_header='期间:2024年第9期', secondary_header='科目代码'
[TEMP DEBUG] _generate_column_key called: sheet_name='上年科目余额表', col_info.column_index=9
[TEMP DEBUG] initial: primary_header='包含未过账凭证', secondary_header='本年累计'
[TEMP DEBUG] _generate_column_key called: sheet_name='上年科目余额表', col_info.column_index=10
[TEMP DEBUG] initial: primary_header='', secondary_header=''
[TEMP DEBUG] Excel读取列头成功: col=10, header='158844838.95'
[TEMP DEBUG] _generate_column_key called: sheet_name='上年科目余额表', col_info.column_index=1
[TEMP DEBUG] initial: primary_header='期间:2024年第9期', secondary_header='科目代码'
[TEMP DEBUG] _generate_column_key called: sheet_name='上年科目余额表', col_info.column_index=9
[TEMP DEBUG] initial: primary_header='包含未过账凭证', secondary_header='本年累计'
[TEMP DEBUG] _generate_column_key called: sheet_name='上年科目余额表', col_info.column_index=10
[TEMP DEBUG] initial: primary_header='', secondary_header=''
[TEMP DEBUG] Excel读取列头成功: col=10, header='158844838.95'
[TEMP DEBUG] _generate_column_key called: sheet_name='上年科目余额表', col_info.column_index=9
[TEMP DEBUG] initial: primary_header='包含未过账凭证', secondary_header='本年累计'
[TEMP DEBUG] _generate_column_key called: sheet_name='上年科目余额表', col_info.column_index=10
[TEMP DEBUG] initial: primary_header='', secondary_header=''
[TEMP DEBUG] Excel读取列头成功: col=10, header='158844838.95'
[TEMP DEBUG] _generate_column_key called: sheet_name='上年科目余额表', col_info.column_index=1
[TEMP DEBUG] initial: primary_header='期间:2024年第9期', secondary_header='科目代码'
[TEMP DEBUG] _generate_column_key called: sheet_name='上年科目余额表', col_info.column_index=1
[TEMP DEBUG] initial: primary_header='期间:2024年第9期', secondary_header='科目代码'
[TEMP DEBUG] _generate_column_key called: sheet_name='上年科目余额表', col_info.column_index=9
[TEMP DEBUG] initial: primary_header='包含未过账凭证', secondary_header='本年累计'
[TEMP DEBUG] _generate_column_key called: sheet_name='上年科目余额表', col_info.column_index=10
[TEMP DEBUG] initial: primary_header='', secondary_header=''
[TEMP DEBUG] Excel读取列头成功: col=10, header='158844838.95'
[TEMP DEBUG] _generate_column_key called: sheet_name='上年科目余额表', col_info.column_index=9
[TEMP DEBUG] initial: primary_header='包含未过账凭证', secondary_header='本年累计'
[TEMP DEBUG] _generate_column_key called: sheet_name='上年科目余额表', col_info.column_index=10
[TEMP DEBUG] initial: primary_header='', secondary_header=''
[TEMP DEBUG] Excel读取列头成功: col=10, header='158844838.95'
[TEMP DEBUG] _generate_column_key called: sheet_name='上年科目余额表', col_info.column_index=9
[TEMP DEBUG] initial: primary_header='包含未过账凭证', secondary_header='本年累计'
[TEMP DEBUG] _generate_column_key called: sheet_name='上年科目余额表', col_info.column_index=10
[TEMP DEBUG] initial: primary_header='', secondary_header=''
[TEMP DEBUG] Excel读取列头成功: col=10, header='158844838.95'
[TEMP DEBUG] _generate_column_key called: sheet_name='上年科目余额表', col_info.column_index=9
[TEMP DEBUG] initial: primary_header='包含未过账凭证', secondary_header='本年累计'
[TEMP DEBUG] _generate_column_key called: sheet_name='上年科目余额表', col_info.column_index=10
[TEMP DEBUG] initial: primary_header='', secondary_header=''
[TEMP DEBUG] Excel读取列头成功: col=10, header='158844838.95'
[TEMP DEBUG] _generate_column_key called: sheet_name='上年科目余额表', col_info.column_index=9
[TEMP DEBUG] initial: primary_header='包含未过账凭证', secondary_header='本年累计'
[TEMP DEBUG] _generate_column_key called: sheet_name='上年科目余额表', col_info.column_index=10
[TEMP DEBUG] initial: primary_header='', secondary_header=''
[TEMP DEBUG] Excel读取列头成功: col=10, header='158844838.95'
[TEMP DEBUG] _generate_column_key called: sheet_name='上年科目余额表', col_info.column_index=1
[TEMP DEBUG] initial: primary_header='期间:2024年第9期', secondary_header='科目代码'
[TEMP DEBUG] _generate_column_key called: sheet_name='上年科目余额表', col_info.column_index=1
[TEMP DEBUG] initial: primary_header='期间:2024年第9期', secondary_header='科目代码'
[TEMP DEBUG] _generate_column_key called: sheet_name='上年科目余额表', col_info.column_index=9
[TEMP DEBUG] initial: primary_header='包含未过账凭证', secondary_header='本年累计'
[TEMP DEBUG] _generate_column_key called: sheet_name='上年科目余额表', col_info.column_index=10
[TEMP DEBUG] initial: primary_header='', secondary_header=''
[TEMP DEBUG] Excel读取列头成功: col=10, header='158844838.95'
[TEMP DEBUG] _generate_column_key called: sheet_name='上年科目余额表', col_info.column_index=1
[TEMP DEBUG] initial: primary_header='期间:2024年第9期', secondary_header='科目代码'
[TEMP DEBUG] _generate_column_key called: sheet_name='上年科目余额表', col_info.column_index=1
[TEMP DEBUG] initial: primary_header='期间:2024年第9期', secondary_header='科目代码'
[TEMP DEBUG] _generate_column_key called: sheet_name='上年科目余额表', col_info.column_index=1
[TEMP DEBUG] initial: primary_header='期间:2024年第9期', secondary_header='科目代码'
[TEMP DEBUG] _generate_column_key called: sheet_name='上年科目余额表', col_info.column_index=1
[TEMP DEBUG] initial: primary_header='期间:2024年第9期', secondary_header='科目代码'
[TEMP DEBUG] _generate_column_key called: sheet_name='上年科目余额表', col_info.column_index=1
[TEMP DEBUG] initial: primary_header='期间:2024年第9期', secondary_header='科目代码'
[TEMP DEBUG] _generate_column_key called: sheet_name='上年科目余额表', col_info.column_index=1
[TEMP DEBUG] initial: primary_header='期间:2024年第9期', secondary_header='科目代码'
[TEMP DEBUG] _generate_column_key called: sheet_name='上年科目余额表', col_info.column_index=1
[TEMP DEBUG] initial: primary_header='期间:2024年第9期', secondary_header='科目代码'
[TEMP DEBUG] _generate_column_key called: sheet_name='上年科目余额表', col_info.column_index=1
[TEMP DEBUG] initial: primary_header='期间:2024年第9期', secondary_header='科目代码'
[TEMP DEBUG] _generate_column_key called: sheet_name='上年科目余额表', col_info.column_index=1
[TEMP DEBUG] initial: primary_header='期间:2024年第9期', secondary_header='科目代码'
[TEMP DEBUG] _generate_column_key called: sheet_name='上年科目余额表', col_info.column_index=3
[TEMP DEBUG] initial: primary_header='', secondary_header='年初余额'
[TEMP DEBUG] Excel读取列头成功: col=3, header='4304903.78'
[TEMP DEBUG] _generate_column_key called: sheet_name='上年科目余额表', col_info.column_index=5
[TEMP DEBUG] initial: primary_header='币别:人民币', secondary_header='期初余额'
[TEMP DEBUG] _generate_column_key called: sheet_name='上年科目余额表', col_info.column_index=7
[TEMP DEBUG] initial: primary_header='公司:南宁产投智创科电投资开发有限责任公司', secondary_header='本期发生额'
[TEMP DEBUG] _generate_column_key called: sheet_name='上年科目余额表', col_info.column_index=8
[TEMP DEBUG] initial: primary_header='', secondary_header=''
[TEMP DEBUG] Excel读取列头成功: col=8, header='5170051.38'
[TEMP DEBUG] _generate_column_key called: sheet_name='上年科目余额表', col_info.column_index=9
[TEMP DEBUG] initial: primary_header='包含未过账凭证', secondary_header='本年累计'
[TEMP DEBUG] _generate_column_key called: sheet_name='上年科目余额表', col_info.column_index=10
[TEMP DEBUG] initial: primary_header='', secondary_header=''
[TEMP DEBUG] Excel读取列头成功: col=10, header='158844838.95'
[TEMP DEBUG] _generate_column_key called: sheet_name='上年科目余额表', col_info.column_index=11
[TEMP DEBUG] initial: primary_header='', secondary_header='期末余额'
[TEMP DEBUG] Excel读取列头成功: col=11, header='7436320.98'
[TEMP DEBUG] _generate_column_key called: sheet_name='上年科目余额表', col_info.column_index=1
[TEMP DEBUG] initial: primary_header='期间:2024年第9期', secondary_header='科目代码'
[TEMP DEBUG] _generate_column_key called: sheet_name='上年科目余额表', col_info.column_index=3
[TEMP DEBUG] initial: primary_header='', secondary_header='年初余额'
[TEMP DEBUG] Excel读取列头成功: col=3, header='4304903.78'
[TEMP DEBUG] _generate_column_key called: sheet_name='上年科目余额表', col_info.column_index=5
[TEMP DEBUG] initial: primary_header='币别:人民币', secondary_header='期初余额'
[TEMP DEBUG] _generate_column_key called: sheet_name='上年科目余额表', col_info.column_index=7
[TEMP DEBUG] initial: primary_header='公司:南宁产投智创科电投资开发有限责任公司', secondary_header='本期发生额'
[TEMP DEBUG] _generate_column_key called: sheet_name='上年科目余额表', col_info.column_index=8
[TEMP DEBUG] initial: primary_header='', secondary_header=''
[TEMP DEBUG] Excel读取列头成功: col=8, header='5170051.38'
[TEMP DEBUG] _generate_column_key called: sheet_name='上年科目余额表', col_info.column_index=9
[TEMP DEBUG] initial: primary_header='包含未过账凭证', secondary_header='本年累计'
[TEMP DEBUG] _generate_column_key called: sheet_name='上年科目余额表', col_info.column_index=10
[TEMP DEBUG] initial: primary_header='', secondary_header=''
[TEMP DEBUG] Excel读取列头成功: col=10, header='158844838.95'
[TEMP DEBUG] _generate_column_key called: sheet_name='上年科目余额表', col_info.column_index=11
[TEMP DEBUG] initial: primary_header='', secondary_header='期末余额'
[TEMP DEBUG] Excel读取列头成功: col=11, header='7436320.98'
[TEMP DEBUG] _generate_column_key called: sheet_name='上年科目余额表', col_info.column_index=7
[TEMP DEBUG] initial: primary_header='公司:南宁产投智创科电投资开发有限责任公司', secondary_header='本期发生额'
[TEMP DEBUG] _generate_column_key called: sheet_name='上年科目余额表', col_info.column_index=8
[TEMP DEBUG] initial: primary_header='', secondary_header=''
[TEMP DEBUG] Excel读取列头成功: col=8, header='5170051.38'
[TEMP DEBUG] _generate_column_key called: sheet_name='上年科目余额表', col_info.column_index=9
[TEMP DEBUG] initial: primary_header='包含未过账凭证', secondary_header='本年累计'
[TEMP DEBUG] _generate_column_key called: sheet_name='上年科目余额表', col_info.column_index=10
[TEMP DEBUG] initial: primary_header='', secondary_header=''
[TEMP DEBUG] Excel读取列头成功: col=10, header='158844838.95'
[TEMP DEBUG] _generate_column_key called: sheet_name='上年科目余额表', col_info.column_index=3
[TEMP DEBUG] initial: primary_header='', secondary_header='年初余额'
[TEMP DEBUG] Excel读取列头成功: col=3, header='4304903.78'
[TEMP DEBUG] _generate_column_key called: sheet_name='上年科目余额表', col_info.column_index=5
[TEMP DEBUG] initial: primary_header='币别:人民币', secondary_header='期初余额'
[TEMP DEBUG] _generate_column_key called: sheet_name='上年科目余额表', col_info.column_index=7
[TEMP DEBUG] initial: primary_header='公司:南宁产投智创科电投资开发有限责任公司', secondary_header='本期发生额'
[TEMP DEBUG] _generate_column_key called: sheet_name='上年科目余额表', col_info.column_index=8
[TEMP DEBUG] initial: primary_header='', secondary_header=''
[TEMP DEBUG] Excel读取列头成功: col=8, header='5170051.38'
[TEMP DEBUG] _generate_column_key called: sheet_name='上年科目余额表', col_info.column_index=9
[TEMP DEBUG] initial: primary_header='包含未过账凭证', secondary_header='本年累计'
[TEMP DEBUG] _generate_column_key called: sheet_name='上年科目余额表', col_info.column_index=10
[TEMP DEBUG] initial: primary_header='', secondary_header=''
[TEMP DEBUG] Excel读取列头成功: col=10, header='158844838.95'
[TEMP DEBUG] _generate_column_key called: sheet_name='上年科目余额表', col_info.column_index=11
[TEMP DEBUG] initial: primary_header='', secondary_header='期末余额'
[TEMP DEBUG] Excel读取列头成功: col=11, header='7436320.98'
[TEMP DEBUG] _generate_column_key called: sheet_name='上年科目余额表', col_info.column_index=7
[TEMP DEBUG] initial: primary_header='公司:南宁产投智创科电投资开发有限责任公司', secondary_header='本期发生额'
[TEMP DEBUG] _generate_column_key called: sheet_name='上年科目余额表', col_info.column_index=8
[TEMP DEBUG] initial: primary_header='', secondary_header=''
[TEMP DEBUG] Excel读取列头成功: col=8, header='5170051.38'
[TEMP DEBUG] _generate_column_key called: sheet_name='上年科目余额表', col_info.column_index=9
[TEMP DEBUG] initial: primary_header='包含未过账凭证', secondary_header='本年累计'
[TEMP DEBUG] _generate_column_key called: sheet_name='上年科目余额表', col_info.column_index=10
[TEMP DEBUG] initial: primary_header='', secondary_header=''
[TEMP DEBUG] Excel读取列头成功: col=10, header='158844838.95'
[TEMP DEBUG] _generate_column_key called: sheet_name='上年科目余额表', col_info.column_index=7
[TEMP DEBUG] initial: primary_header='公司:南宁产投智创科电投资开发有限责任公司', secondary_header='本期发生额'
[TEMP DEBUG] _generate_column_key called: sheet_name='上年科目余额表', col_info.column_index=8
[TEMP DEBUG] initial: primary_header='', secondary_header=''
[TEMP DEBUG] Excel读取列头成功: col=8, header='5170051.38'
[TEMP DEBUG] _generate_column_key called: sheet_name='上年科目余额表', col_info.column_index=9
[TEMP DEBUG] initial: primary_header='包含未过账凭证', secondary_header='本年累计'
[TEMP DEBUG] _generate_column_key called: sheet_name='上年科目余额表', col_info.column_index=10
[TEMP DEBUG] initial: primary_header='', secondary_header=''
[TEMP DEBUG] Excel读取列头成功: col=10, header='158844838.95'
[TEMP DEBUG] _generate_column_key called: sheet_name='上年科目余额表', col_info.column_index=1
[TEMP DEBUG] initial: primary_header='期间:2024年第9期', secondary_header='科目代码'
[TEMP DEBUG] _generate_column_key called: sheet_name='上年科目余额表', col_info.column_index=1
[TEMP DEBUG] initial: primary_header='期间:2024年第9期', secondary_header='科目代码'
[TEMP DEBUG] _generate_column_key called: sheet_name='上年科目余额表', col_info.column_index=1
[TEMP DEBUG] initial: primary_header='期间:2024年第9期', secondary_header='科目代码'
[TEMP DEBUG] _generate_column_key called: sheet_name='上年科目余额表', col_info.column_index=1
[TEMP DEBUG] initial: primary_header='期间:2024年第9期', secondary_header='科目代码'
[TEMP DEBUG] _generate_column_key called: sheet_name='上年科目余额表', col_info.column_index=3
[TEMP DEBUG] initial: primary_header='', secondary_header='年初余额'
[TEMP DEBUG] Excel读取列头成功: col=3, header='4304903.78'
[TEMP DEBUG] _generate_column_key called: sheet_name='上年科目余额表', col_info.column_index=5
[TEMP DEBUG] initial: primary_header='币别:人民币', secondary_header='期初余额'
[TEMP DEBUG] _generate_column_key called: sheet_name='上年科目余额表', col_info.column_index=7
[TEMP DEBUG] initial: primary_header='公司:南宁产投智创科电投资开发有限责任公司', secondary_header='本期发生额'
[TEMP DEBUG] _generate_column_key called: sheet_name='上年科目余额表', col_info.column_index=9
[TEMP DEBUG] initial: primary_header='包含未过账凭证', secondary_header='本年累计'
[TEMP DEBUG] _generate_column_key called: sheet_name='上年科目余额表', col_info.column_index=10
[TEMP DEBUG] initial: primary_header='', secondary_header=''
[TEMP DEBUG] Excel读取列头成功: col=10, header='158844838.95'
[TEMP DEBUG] _generate_column_key called: sheet_name='上年科目余额表', col_info.column_index=11
[TEMP DEBUG] initial: primary_header='', secondary_header='期末余额'
[TEMP DEBUG] Excel读取列头成功: col=11, header='7436320.98'
[TEMP DEBUG] _generate_column_key called: sheet_name='上年科目余额表', col_info.column_index=1
[TEMP DEBUG] initial: primary_header='期间:2024年第9期', secondary_header='科目代码'
[TEMP DEBUG] _generate_column_key called: sheet_name='上年科目余额表', col_info.column_index=1
[TEMP DEBUG] initial: primary_header='期间:2024年第9期', secondary_header='科目代码'
[TEMP DEBUG] _generate_column_key called: sheet_name='上年科目余额表', col_info.column_index=1
[TEMP DEBUG] initial: primary_header='期间:2024年第9期', secondary_header='科目代码'
[TEMP DEBUG] _generate_column_key called: sheet_name='上年科目余额表', col_info.column_index=1
[TEMP DEBUG] initial: primary_header='期间:2024年第9期', secondary_header='科目代码'
[TEMP DEBUG] _generate_column_key called: sheet_name='上年科目余额表', col_info.column_index=1
[TEMP DEBUG] initial: primary_header='期间:2024年第9期', secondary_header='科目代码'
[TEMP DEBUG] _generate_column_key called: sheet_name='上年科目余额表', col_info.column_index=1
[TEMP DEBUG] initial: primary_header='期间:2024年第9期', secondary_header='科目代码'
[TEMP DEBUG] _generate_column_key called: sheet_name='上年科目余额表', col_info.column_index=1
[TEMP DEBUG] initial: primary_header='期间:2024年第9期', secondary_header='科目代码'
[TEMP DEBUG] _generate_column_key called: sheet_name='上年科目余额表', col_info.column_index=9
[TEMP DEBUG] initial: primary_header='包含未过账凭证', secondary_header='本年累计'
[TEMP DEBUG] _generate_column_key called: sheet_name='上年科目余额表', col_info.column_index=1
[TEMP DEBUG] initial: primary_header='期间:2024年第9期', secondary_header='科目代码'
[TEMP DEBUG] _generate_column_key called: sheet_name='上年科目余额表', col_info.column_index=1
[TEMP DEBUG] initial: primary_header='期间:2024年第9期', secondary_header='科目代码'
[TEMP DEBUG] _generate_column_key called: sheet_name='上年科目余额表', col_info.column_index=1
[TEMP DEBUG] initial: primary_header='期间:2024年第9期', secondary_header='科目代码'
[TEMP DEBUG] _generate_column_key called: sheet_name='上年科目余额表', col_info.column_index=7
[TEMP DEBUG] initial: primary_header='公司:南宁产投智创科电投资开发有限责任公司', secondary_header='本期发生额'
[TEMP DEBUG] _generate_column_key called: sheet_name='上年科目余额表', col_info.column_index=8
[TEMP DEBUG] initial: primary_header='', secondary_header=''
[TEMP DEBUG] Excel读取列头成功: col=8, header='5170051.38'
[TEMP DEBUG] _generate_column_key called: sheet_name='上年科目余额表', col_info.column_index=9
[TEMP DEBUG] initial: primary_header='包含未过账凭证', secondary_header='本年累计'
[TEMP DEBUG] _generate_column_key called: sheet_name='上年科目余额表', col_info.column_index=10
[TEMP DEBUG] initial: primary_header='', secondary_header=''
[TEMP DEBUG] Excel读取列头成功: col=10, header='158844838.95'
[TEMP DEBUG] _generate_column_key called: sheet_name='上年科目余额表', col_info.column_index=1
[TEMP DEBUG] initial: primary_header='期间:2024年第9期', secondary_header='科目代码'
[TEMP DEBUG] _generate_column_key called: sheet_name='上年科目余额表', col_info.column_index=9
[TEMP DEBUG] initial: primary_header='包含未过账凭证', secondary_header='本年累计'
[TEMP DEBUG] _generate_column_key called: sheet_name='上年科目余额表', col_info.column_index=10
[TEMP DEBUG] initial: primary_header='', secondary_header=''
[TEMP DEBUG] Excel读取列头成功: col=10, header='158844838.95'
[TEMP DEBUG] _generate_column_key called: sheet_name='上年科目余额表', col_info.column_index=1
[TEMP DEBUG] initial: primary_header='期间:2024年第9期', secondary_header='科目代码'
[TEMP DEBUG] _generate_column_key called: sheet_name='上年科目余额表', col_info.column_index=1
[TEMP DEBUG] initial: primary_header='期间:2024年第9期', secondary_header='科目代码'
[TEMP DEBUG] _generate_column_key called: sheet_name='上年科目余额表', col_info.column_index=1
[TEMP DEBUG] initial: primary_header='期间:2024年第9期', secondary_header='科目代码'
[TEMP DEBUG] _generate_column_key called: sheet_name='上年科目余额表', col_info.column_index=1
[TEMP DEBUG] initial: primary_header='期间:2024年第9期', secondary_header='科目代码'
[TEMP DEBUG] _generate_column_key called: sheet_name='上年科目余额表', col_info.column_index=1
[TEMP DEBUG] initial: primary_header='期间:2024年第9期', secondary_header='科目代码'
[TEMP DEBUG] _generate_column_key called: sheet_name='上年科目余额表', col_info.column_index=1
[TEMP DEBUG] initial: primary_header='期间:2024年第9期', secondary_header='科目代码'
[TEMP DEBUG] _generate_column_key called: sheet_name='上年科目余额表', col_info.column_index=1
[TEMP DEBUG] initial: primary_header='期间:2024年第9期', secondary_header='科目代码'
[TEMP DEBUG] _generate_column_key called: sheet_name='上年科目余额表', col_info.column_index=1
[TEMP DEBUG] initial: primary_header='期间:2024年第9期', secondary_header='科目代码'
[TEMP DEBUG] _generate_column_key called: sheet_name='上年科目余额表', col_info.column_index=1
[TEMP DEBUG] initial: primary_header='期间:2024年第9期', secondary_header='科目代码'
[TEMP DEBUG] _generate_column_key called: sheet_name='上年科目余额表', col_info.column_index=1
[TEMP DEBUG] initial: primary_header='期间:2024年第9期', secondary_header='科目代码'
[TEMP DEBUG] _generate_column_key called: sheet_name='上年科目余额表', col_info.column_index=1
[TEMP DEBUG] initial: primary_header='期间:2024年第9期', secondary_header='科目代码'
[TEMP DEBUG] _generate_column_key called: sheet_name='上年科目余额表', col_info.column_index=1
[TEMP DEBUG] initial: primary_header='期间:2024年第9期', secondary_header='科目代码'
[TEMP DEBUG] _generate_column_key called: sheet_name='上年科目余额表', col_info.column_index=5
[TEMP DEBUG] initial: primary_header='币别:人民币', secondary_header='期初余额'
[TEMP DEBUG] _generate_column_key called: sheet_name='上年科目余额表', col_info.column_index=7
[TEMP DEBUG] initial: primary_header='公司:南宁产投智创科电投资开发有限责任公司', secondary_header='本期发生额'
[TEMP DEBUG] _generate_column_key called: sheet_name='上年科目余额表', col_info.column_index=8
[TEMP DEBUG] initial: primary_header='', secondary_header=''
[TEMP DEBUG] Excel读取列头成功: col=8, header='5170051.38'
[TEMP DEBUG] _generate_column_key called: sheet_name='上年科目余额表', col_info.column_index=9
[TEMP DEBUG] initial: primary_header='包含未过账凭证', secondary_header='本年累计'
[TEMP DEBUG] _generate_column_key called: sheet_name='上年科目余额表', col_info.column_index=10
[TEMP DEBUG] initial: primary_header='', secondary_header=''
[TEMP DEBUG] Excel读取列头成功: col=10, header='158844838.95'
[TEMP DEBUG] _generate_column_key called: sheet_name='上年科目余额表', col_info.column_index=1
[TEMP DEBUG] initial: primary_header='期间:2024年第9期', secondary_header='科目代码'
[TEMP DEBUG] _generate_column_key called: sheet_name='上年科目余额表', col_info.column_index=7
[TEMP DEBUG] initial: primary_header='公司:南宁产投智创科电投资开发有限责任公司', secondary_header='本期发生额'
[TEMP DEBUG] _generate_column_key called: sheet_name='上年科目余额表', col_info.column_index=8
[TEMP DEBUG] initial: primary_header='', secondary_header=''
[TEMP DEBUG] Excel读取列头成功: col=8, header='5170051.38'
[TEMP DEBUG] _generate_column_key called: sheet_name='上年科目余额表', col_info.column_index=9
[TEMP DEBUG] initial: primary_header='包含未过账凭证', secondary_header='本年累计'
[TEMP DEBUG] _generate_column_key called: sheet_name='上年科目余额表', col_info.column_index=10
[TEMP DEBUG] initial: primary_header='', secondary_header=''
[TEMP DEBUG] Excel读取列头成功: col=10, header='158844838.95'
[TEMP DEBUG] _generate_column_key called: sheet_name='上年科目余额表', col_info.column_index=1
[TEMP DEBUG] initial: primary_header='期间:2024年第9期', secondary_header='科目代码'
[TEMP DEBUG] _generate_column_key called: sheet_name='上年科目余额表', col_info.column_index=5
[TEMP DEBUG] initial: primary_header='币别:人民币', secondary_header='期初余额'
[TEMP DEBUG] _generate_column_key called: sheet_name='上年科目余额表', col_info.column_index=8
[TEMP DEBUG] initial: primary_header='', secondary_header=''
[TEMP DEBUG] Excel读取列头成功: col=8, header='5170051.38'
[TEMP DEBUG] _generate_column_key called: sheet_name='上年科目余额表', col_info.column_index=9
[TEMP DEBUG] initial: primary_header='包含未过账凭证', secondary_header='本年累计'
[TEMP DEBUG] _generate_column_key called: sheet_name='上年科目余额表', col_info.column_index=10
[TEMP DEBUG] initial: primary_header='', secondary_header=''
[TEMP DEBUG] Excel读取列头成功: col=10, header='158844838.95'
[TEMP DEBUG] _generate_column_key called: sheet_name='上年科目余额表', col_info.column_index=1
[TEMP DEBUG] initial: primary_header='期间:2024年第9期', secondary_header='科目代码'
[TEMP DEBUG] _generate_column_key called: sheet_name='上年科目余额表', col_info.column_index=1
[TEMP DEBUG] initial: primary_header='期间:2024年第9期', secondary_header='科目代码'
[TEMP DEBUG] _generate_column_key called: sheet_name='上年科目余额表', col_info.column_index=1
[TEMP DEBUG] initial: primary_header='期间:2024年第9期', secondary_header='科目代码'
[TEMP DEBUG] _generate_column_key called: sheet_name='上年科目余额表', col_info.column_index=1
[TEMP DEBUG] initial: primary_header='期间:2024年第9期', secondary_header='科目代码'
[TEMP DEBUG] _generate_column_key called: sheet_name='上年科目余额表', col_info.column_index=1
[TEMP DEBUG] initial: primary_header='期间:2024年第9期', secondary_header='科目代码'
[TEMP DEBUG] _generate_column_key called: sheet_name='上年科目余额表', col_info.column_index=1
[TEMP DEBUG] initial: primary_header='期间:2024年第9期', secondary_header='科目代码'
[TEMP DEBUG] _generate_column_key called: sheet_name='上年科目余额表', col_info.column_index=1
[TEMP DEBUG] initial: primary_header='期间:2024年第9期', secondary_header='科目代码'
[TEMP DEBUG] _generate_column_key called: sheet_name='上年科目余额表', col_info.column_index=9
[TEMP DEBUG] initial: primary_header='包含未过账凭证', secondary_header='本年累计'
[TEMP DEBUG] _generate_column_key called: sheet_name='上年科目余额表', col_info.column_index=10
[TEMP DEBUG] initial: primary_header='', secondary_header=''
[TEMP DEBUG] Excel读取列头成功: col=10, header='158844838.95'
[TEMP DEBUG] _generate_column_key called: sheet_name='上年科目余额表', col_info.column_index=1
[TEMP DEBUG] initial: primary_header='期间:2024年第9期', secondary_header='科目代码'
[TEMP DEBUG] _generate_column_key called: sheet_name='上年科目余额表', col_info.column_index=9
[TEMP DEBUG] initial: primary_header='包含未过账凭证', secondary_header='本年累计'
[TEMP DEBUG] _generate_column_key called: sheet_name='上年科目余额表', col_info.column_index=10
[TEMP DEBUG] initial: primary_header='', secondary_header=''
[TEMP DEBUG] Excel读取列头成功: col=10, header='158844838.95'
[TEMP DEBUG] _generate_column_key called: sheet_name='上年科目余额表', col_info.column_index=9
[TEMP DEBUG] initial: primary_header='包含未过账凭证', secondary_header='本年累计'
[TEMP DEBUG] _generate_column_key called: sheet_name='上年科目余额表', col_info.column_index=10
[TEMP DEBUG] initial: primary_header='', secondary_header=''
[TEMP DEBUG] Excel读取列头成功: col=10, header='158844838.95'
[TEMP DEBUG] _generate_column_key called: sheet_name='上年科目余额表', col_info.column_index=9
[TEMP DEBUG] initial: primary_header='包含未过账凭证', secondary_header='本年累计'
[TEMP DEBUG] _generate_column_key called: sheet_name='上年科目余额表', col_info.column_index=10
[TEMP DEBUG] initial: primary_header='', secondary_header=''
[TEMP DEBUG] Excel读取列头成功: col=10, header='158844838.95'
[TEMP DEBUG] _generate_column_key called: sheet_name='上年科目余额表', col_info.column_index=9
[TEMP DEBUG] initial: primary_header='包含未过账凭证', secondary_header='本年累计'
[TEMP DEBUG] _generate_column_key called: sheet_name='上年科目余额表', col_info.column_index=10
[TEMP DEBUG] initial: primary_header='', secondary_header=''
[TEMP DEBUG] Excel读取列头成功: col=10, header='158844838.95'
[TEMP DEBUG] _generate_column_key called: sheet_name='上年科目余额表', col_info.column_index=9
[TEMP DEBUG] initial: primary_header='包含未过账凭证', secondary_header='本年累计'
[TEMP DEBUG] _generate_column_key called: sheet_name='上年科目余额表', col_info.column_index=10
[TEMP DEBUG] initial: primary_header='', secondary_header=''
[TEMP DEBUG] Excel读取列头成功: col=10, header='158844838.95'
[TEMP DEBUG] _generate_column_key called: sheet_name='上年科目余额表', col_info.column_index=9
[TEMP DEBUG] initial: primary_header='包含未过账凭证', secondary_header='本年累计'
[TEMP DEBUG] _generate_column_key called: sheet_name='上年科目余额表', col_info.column_index=10
[TEMP DEBUG] initial: primary_header='', secondary_header=''
[TEMP DEBUG] Excel读取列头成功: col=10, header='158844838.95'
[TEMP DEBUG] _generate_column_key called: sheet_name='上年科目余额表', col_info.column_index=1
[TEMP DEBUG] initial: primary_header='期间:2024年第9期', secondary_header='科目代码'
[TEMP DEBUG] _generate_column_key called: sheet_name='上年科目余额表', col_info.column_index=9
[TEMP DEBUG] initial: primary_header='包含未过账凭证', secondary_header='本年累计'
[TEMP DEBUG] _generate_column_key called: sheet_name='上年科目余额表', col_info.column_index=10
[TEMP DEBUG] initial: primary_header='', secondary_header=''
[TEMP DEBUG] Excel读取列头成功: col=10, header='158844838.95'
[TEMP DEBUG] _generate_column_key called: sheet_name='上年科目余额表', col_info.column_index=9
[TEMP DEBUG] initial: primary_header='包含未过账凭证', secondary_header='本年累计'
[TEMP DEBUG] _generate_column_key called: sheet_name='上年科目余额表', col_info.column_index=10
[TEMP DEBUG] initial: primary_header='', secondary_header=''
[TEMP DEBUG] Excel读取列头成功: col=10, header='158844838.95'
[TEMP DEBUG] _generate_column_key called: sheet_name='上年科目余额表', col_info.column_index=9
[TEMP DEBUG] initial: primary_header='包含未过账凭证', secondary_header='本年累计'
[TEMP DEBUG] _generate_column_key called: sheet_name='上年科目余额表', col_info.column_index=10
[TEMP DEBUG] initial: primary_header='', secondary_header=''
[TEMP DEBUG] Excel读取列头成功: col=10, header='158844838.95'
[TEMP DEBUG] _generate_column_key called: sheet_name='上年科目余额表', col_info.column_index=1
[TEMP DEBUG] initial: primary_header='期间:2024年第9期', secondary_header='科目代码'
[TEMP DEBUG] _generate_column_key called: sheet_name='上年科目余额表', col_info.column_index=10
[TEMP DEBUG] initial: primary_header='', secondary_header=''
[TEMP DEBUG] Excel读取列头成功: col=10, header='158844838.95'
[TEMP DEBUG] _generate_column_key called: sheet_name='上年科目余额表', col_info.column_index=1
[TEMP DEBUG] initial: primary_header='期间:2024年第9期', secondary_header='科目代码'
[TEMP DEBUG] _generate_column_key called: sheet_name='上年科目余额表', col_info.column_index=9
[TEMP DEBUG] initial: primary_header='包含未过账凭证', secondary_header='本年累计'
[TEMP DEBUG] _generate_column_key called: sheet_name='上年科目余额表', col_info.column_index=10
[TEMP DEBUG] initial: primary_header='', secondary_header=''
[TEMP DEBUG] Excel读取列头成功: col=10, header='158844838.95'
[TEMP DEBUG] _generate_column_key called: sheet_name='上年科目余额表', col_info.column_index=1
[TEMP DEBUG] initial: primary_header='期间:2024年第9期', secondary_header='科目代码'
[TEMP DEBUG] _generate_column_key called: sheet_name='上年科目余额表', col_info.column_index=1
[TEMP DEBUG] initial: primary_header='期间:2024年第9期', secondary_header='科目代码'
[TEMP DEBUG] _generate_column_key called: sheet_name='上年科目余额表', col_info.column_index=1
[TEMP DEBUG] initial: primary_header='期间:2024年第9期', secondary_header='科目代码'
[TEMP DEBUG] _generate_column_key called: sheet_name='上年科目余额表', col_info.column_index=10
[TEMP DEBUG] initial: primary_header='', secondary_header=''
[TEMP DEBUG] Excel读取列头成功: col=10, header='158844838.95'
[TEMP DEBUG] _generate_column_key called: sheet_name='上年科目余额表', col_info.column_index=10
[TEMP DEBUG] initial: primary_header='', secondary_header=''
[TEMP DEBUG] Excel读取列头成功: col=10, header='158844838.95'
[TEMP DEBUG] _generate_column_key called: sheet_name='上年科目余额表', col_info.column_index=1
[TEMP DEBUG] initial: primary_header='期间:2024年第9期', secondary_header='科目代码'
[TEMP DEBUG] _generate_column_key called: sheet_name='上年科目余额表', col_info.column_index=9
[TEMP DEBUG] initial: primary_header='包含未过账凭证', secondary_header='本年累计'
[TEMP DEBUG] _generate_column_key called: sheet_name='上年科目余额表', col_info.column_index=10
[TEMP DEBUG] initial: primary_header='', secondary_header=''
[TEMP DEBUG] Excel读取列头成功: col=10, header='158844838.95'
[TEMP DEBUG] _generate_column_key called: sheet_name='上年科目余额表', col_info.column_index=9
[TEMP DEBUG] initial: primary_header='包含未过账凭证', secondary_header='本年累计'
[TEMP DEBUG] _generate_column_key called: sheet_name='上年科目余额表', col_info.column_index=10
[TEMP DEBUG] initial: primary_header='', secondary_header=''
[TEMP DEBUG] Excel读取列头成功: col=10, header='158844838.95'
[TEMP DEBUG] _generate_column_key called: sheet_name='上年科目余额表', col_info.column_index=1
[TEMP DEBUG] initial: primary_header='期间:2024年第9期', secondary_header='科目代码'
[TEMP DEBUG] _generate_column_key called: sheet_name='上年科目余额表', col_info.column_index=1
[TEMP DEBUG] initial: primary_header='期间:2024年第9期', secondary_header='科目代码'
[TEMP DEBUG] _generate_column_key called: sheet_name='上年科目余额表', col_info.column_index=1
[TEMP DEBUG] initial: primary_header='期间:2024年第9期', secondary_header='科目代码'
[TEMP DEBUG] _generate_column_key called: sheet_name='上年科目余额表', col_info.column_index=1
[TEMP DEBUG] initial: primary_header='期间:2024年第9期', secondary_header='科目代码'
[TEMP DEBUG] _generate_column_key called: sheet_name='上年科目余额表', col_info.column_index=1
[TEMP DEBUG] initial: primary_header='期间:2024年第9期', secondary_header='科目代码'
[TEMP DEBUG] _generate_column_key called: sheet_name='上年科目余额表', col_info.column_index=1
[TEMP DEBUG] initial: primary_header='期间:2024年第9期', secondary_header='科目代码'
[TEMP DEBUG] _generate_column_key called: sheet_name='上年科目余额表', col_info.column_index=1
[TEMP DEBUG] initial: primary_header='期间:2024年第9期', secondary_header='科目代码'
[TEMP DEBUG] _generate_column_key called: sheet_name='上年科目余额表', col_info.column_index=1
[TEMP DEBUG] initial: primary_header='期间:2024年第9期', secondary_header='科目代码'
[TEMP DEBUG] _generate_column_key called: sheet_name='上年科目余额表', col_info.column_index=1
[TEMP DEBUG] initial: primary_header='期间:2024年第9期', secondary_header='科目代码'
[TEMP DEBUG] _generate_column_key called: sheet_name='上年科目余额表', col_info.column_index=1
[TEMP DEBUG] initial: primary_header='期间:2024年第9期', secondary_header='科目代码'
[TEMP DEBUG] _generate_column_key called: sheet_name='上年科目余额表', col_info.column_index=1
[TEMP DEBUG] initial: primary_header='期间:2024年第9期', secondary_header='科目代码'
[TEMP DEBUG] _generate_column_key called: sheet_name='上年科目余额表', col_info.column_index=1
[TEMP DEBUG] initial: primary_header='期间:2024年第9期', secondary_header='科目代码'
[TEMP DEBUG] _generate_column_key called: sheet_name='上年科目余额表', col_info.column_index=1
[TEMP DEBUG] initial: primary_header='期间:2024年第9期', secondary_header='科目代码'
[TEMP DEBUG] _generate_column_key called: sheet_name='上年科目余额表', col_info.column_index=1
[TEMP DEBUG] initial: primary_header='期间:2024年第9期', secondary_header='科目代码'
[TEMP DEBUG] _generate_column_key called: sheet_name='上年科目余额表', col_info.column_index=1
[TEMP DEBUG] initial: primary_header='期间:2024年第9期', secondary_header='科目代码'
[TEMP DEBUG] _generate_column_key called: sheet_name='上年科目余额表', col_info.column_index=1
[TEMP DEBUG] initial: primary_header='期间:2024年第9期', secondary_header='科目代码'
[TEMP DEBUG] _generate_column_key called: sheet_name='上年科目余额表', col_info.column_index=1
[TEMP DEBUG] initial: primary_header='期间:2024年第9期', secondary_header='科目代码'
[TEMP DEBUG] _generate_column_key called: sheet_name='上年科目余额表', col_info.column_index=1
[TEMP DEBUG] initial: primary_header='期间:2024年第9期', secondary_header='科目代码'
[TEMP DEBUG] _generate_column_key called: sheet_name='上年科目余额表', col_info.column_index=1
[TEMP DEBUG] initial: primary_header='期间:2024年第9期', secondary_header='科目代码'
[TEMP DEBUG] _generate_column_key called: sheet_name='上年科目余额表', col_info.column_index=1
[TEMP DEBUG] initial: primary_header='期间:2024年第9期', secondary_header='科目代码'
[TEMP DEBUG] _generate_column_key called: sheet_name='上年科目余额表', col_info.column_index=1
[TEMP DEBUG] initial: primary_header='期间:2024年第9期', secondary_header='科目代码'
[TEMP DEBUG] _generate_column_key called: sheet_name='上年科目余额表', col_info.column_index=1
[TEMP DEBUG] initial: primary_header='期间:2024年第9期', secondary_header='科目代码'
[TEMP DEBUG] _generate_column_key called: sheet_name='上年科目余额表', col_info.column_index=1
[TEMP DEBUG] initial: primary_header='期间:2024年第9期', secondary_header='科目代码'
[TEMP DEBUG] _generate_column_key called: sheet_name='上年科目余额表', col_info.column_index=1
[TEMP DEBUG] initial: primary_header='期间:2024年第9期', secondary_header='科目代码'
[TEMP DEBUG] _generate_column_key called: sheet_name='上年科目余额表', col_info.column_index=1
[TEMP DEBUG] initial: primary_header='期间:2024年第9期', secondary_header='科目代码'
[TEMP DEBUG] _generate_column_key called: sheet_name='上年科目余额表', col_info.column_index=1
[TEMP DEBUG] initial: primary_header='期间:2024年第9期', secondary_header='科目代码'
[TEMP DEBUG] _generate_column_key called: sheet_name='上年科目余额表', col_info.column_index=1
[TEMP DEBUG] initial: primary_header='期间:2024年第9期', secondary_header='科目代码'
[TEMP DEBUG] _generate_column_key called: sheet_name='上年科目余额表', col_info.column_index=1
[TEMP DEBUG] initial: primary_header='期间:2024年第9期', secondary_header='科目代码'
[TEMP DEBUG] _generate_column_key called: sheet_name='上年科目余额表', col_info.column_index=1
[TEMP DEBUG] initial: primary_header='期间:2024年第9期', secondary_header='科目代码'
[TEMP DEBUG] _generate_column_key called: sheet_name='上年科目余额表', col_info.column_index=1
[TEMP DEBUG] initial: primary_header='期间:2024年第9期', secondary_header='科目代码'
[TEMP DEBUG] _generate_column_key called: sheet_name='上年科目余额表', col_info.column_index=1
[TEMP DEBUG] initial: primary_header='期间:2024年第9期', secondary_header='科目代码'
[TEMP DEBUG] _generate_column_key called: sheet_name='上年科目余额表', col_info.column_index=10
[TEMP DEBUG] initial: primary_header='', secondary_header=''
[TEMP DEBUG] Excel读取列头成功: col=10, header='158844838.95'
[TEMP DEBUG] _generate_column_key called: sheet_name='上年科目余额表', col_info.column_index=1
[TEMP DEBUG] initial: primary_header='期间:2024年第9期', secondary_header='科目代码'
[TEMP DEBUG] _generate_column_key called: sheet_name='上年科目余额表', col_info.column_index=10
[TEMP DEBUG] initial: primary_header='', secondary_header=''
[TEMP DEBUG] Excel读取列头成功: col=10, header='158844838.95'
[TEMP DEBUG] _generate_column_key called: sheet_name='上年科目余额表', col_info.column_index=10
[TEMP DEBUG] initial: primary_header='', secondary_header=''
[TEMP DEBUG] Excel读取列头成功: col=10, header='158844838.95'
[TEMP DEBUG] _generate_column_key called: sheet_name='上年科目余额表', col_info.column_index=10
[TEMP DEBUG] initial: primary_header='', secondary_header=''
[TEMP DEBUG] Excel读取列头成功: col=10, header='158844838.95'
[TEMP DEBUG] _generate_column_key called: sheet_name='上年科目余额表', col_info.column_index=1
[TEMP DEBUG] initial: primary_header='期间:2024年第9期', secondary_header='科目代码'
[TEMP DEBUG] _generate_column_key called: sheet_name='上年科目余额表', col_info.column_index=1
[TEMP DEBUG] initial: primary_header='期间:2024年第9期', secondary_header='科目代码'
[TEMP DEBUG] _generate_column_key called: sheet_name='上年科目余额表', col_info.column_index=1
[TEMP DEBUG] initial: primary_header='期间:2024年第9期', secondary_header='科目代码'
[TEMP DEBUG] _generate_column_key called: sheet_name='上年科目余额表', col_info.column_index=1
[TEMP DEBUG] initial: primary_header='期间:2024年第9期', secondary_header='科目代码'
[TEMP DEBUG] _generate_column_key called: sheet_name='上年科目余额表', col_info.column_index=1
[TEMP DEBUG] initial: primary_header='期间:2024年第9期', secondary_header='科目代码'
[TEMP DEBUG] _generate_column_key called: sheet_name='上年科目余额表', col_info.column_index=1
[TEMP DEBUG] initial: primary_header='期间:2024年第9期', secondary_header='科目代码'
[TEMP DEBUG] _generate_column_key called: sheet_name='上年科目余额表', col_info.column_index=1
[TEMP DEBUG] initial: primary_header='期间:2024年第9期', secondary_header='科目代码'
[TEMP DEBUG] _generate_column_key called: sheet_name='上年科目余额表', col_info.column_index=1
[TEMP DEBUG] initial: primary_header='期间:2024年第9期', secondary_header='科目代码'
[TEMP DEBUG] _generate_column_key called: sheet_name='上年科目余额表', col_info.column_index=1
[TEMP DEBUG] initial: primary_header='期间:2024年第9期', secondary_header='科目代码'
[TEMP DEBUG] _generate_column_key called: sheet_name='上年科目余额表', col_info.column_index=1
[TEMP DEBUG] initial: primary_header='期间:2024年第9期', secondary_header='科目代码'
[TEMP DEBUG] _generate_column_key called: sheet_name='上年科目余额表', col_info.column_index=7
[TEMP DEBUG] initial: primary_header='公司:南宁产投智创科电投资开发有限责任公司', secondary_header='本期发生额'
[TEMP DEBUG] _generate_column_key called: sheet_name='上年科目余额表', col_info.column_index=8
[TEMP DEBUG] initial: primary_header='', secondary_header=''
[TEMP DEBUG] Excel读取列头成功: col=8, header='5170051.38'
[TEMP DEBUG] _generate_column_key called: sheet_name='上年科目余额表', col_info.column_index=9
[TEMP DEBUG] initial: primary_header='包含未过账凭证', secondary_header='本年累计'
[TEMP DEBUG] _generate_column_key called: sheet_name='上年科目余额表', col_info.column_index=10
[TEMP DEBUG] initial: primary_header='', secondary_header=''
[TEMP DEBUG] Excel读取列头成功: col=10, header='158844838.95'
[TEMP DEBUG] _generate_column_key called: sheet_name='上年科目余额表', col_info.column_index=1
[TEMP DEBUG] initial: primary_header='期间:2024年第9期', secondary_header='科目代码'
[TEMP DEBUG] _generate_column_key called: sheet_name='上年科目余额表', col_info.column_index=3
[TEMP DEBUG] initial: primary_header='', secondary_header='年初余额'
[TEMP DEBUG] Excel读取列头成功: col=3, header='4304903.78'
[TEMP DEBUG] _generate_column_key called: sheet_name='上年科目余额表', col_info.column_index=5
[TEMP DEBUG] initial: primary_header='币别:人民币', secondary_header='期初余额'
[TEMP DEBUG] _generate_column_key called: sheet_name='上年科目余额表', col_info.column_index=11
[TEMP DEBUG] initial: primary_header='', secondary_header='期末余额'
[TEMP DEBUG] Excel读取列头成功: col=11, header='7436320.98'
[TEMP DEBUG] _generate_column_key called: sheet_name='上年科目余额表', col_info.column_index=1
[TEMP DEBUG] initial: primary_header='期间:2024年第9期', secondary_header='科目代码'
[TEMP DEBUG] _generate_column_key called: sheet_name='上年科目余额表', col_info.column_index=3
[TEMP DEBUG] initial: primary_header='', secondary_header='年初余额'
[TEMP DEBUG] Excel读取列头成功: col=3, header='4304903.78'
[TEMP DEBUG] _generate_column_key called: sheet_name='上年科目余额表', col_info.column_index=5
[TEMP DEBUG] initial: primary_header='币别:人民币', secondary_header='期初余额'
[TEMP DEBUG] _generate_column_key called: sheet_name='上年科目余额表', col_info.column_index=11
[TEMP DEBUG] initial: primary_header='', secondary_header='期末余额'
[TEMP DEBUG] Excel读取列头成功: col=11, header='7436320.98'
[TEMP DEBUG] _generate_column_key called: sheet_name='上年科目余额表', col_info.column_index=1
[TEMP DEBUG] initial: primary_header='期间:2024年第9期', secondary_header='科目代码'
[TEMP DEBUG] _generate_column_key called: sheet_name='上年科目余额表', col_info.column_index=1
[TEMP DEBUG] initial: primary_header='期间:2024年第9期', secondary_header='科目代码'
[TEMP DEBUG] _generate_column_key called: sheet_name='上年科目余额表', col_info.column_index=1
[TEMP DEBUG] initial: primary_header='期间:2024年第9期', secondary_header='科目代码'
[TEMP DEBUG] _generate_column_key called: sheet_name='上年科目余额表', col_info.column_index=1
[TEMP DEBUG] initial: primary_header='期间:2024年第9期', secondary_header='科目代码'
[TEMP DEBUG] _generate_column_key called: sheet_name='上年科目余额表', col_info.column_index=1
[TEMP DEBUG] initial: primary_header='期间:2024年第9期', secondary_header='科目代码'
[TEMP DEBUG] _generate_column_key called: sheet_name='上年科目余额表', col_info.column_index=1
[TEMP DEBUG] initial: primary_header='期间:2024年第9期', secondary_header='科目代码'
[TEMP DEBUG] _generate_column_key called: sheet_name='上年科目余额表', col_info.column_index=1
[TEMP DEBUG] initial: primary_header='期间:2024年第9期', secondary_header='科目代码'
[TEMP DEBUG] _generate_column_key called: sheet_name='上年科目余额表', col_info.column_index=1
[TEMP DEBUG] initial: primary_header='期间:2024年第9期', secondary_header='科目代码'
[TEMP DEBUG] _generate_column_key called: sheet_name='上年科目余额表', col_info.column_index=1
[TEMP DEBUG] initial: primary_header='期间:2024年第9期', secondary_header='科目代码'
[TEMP DEBUG] _generate_column_key called: sheet_name='上年科目余额表', col_info.column_index=1
[TEMP DEBUG] initial: primary_header='期间:2024年第9期', secondary_header='科目代码'
[TEMP DEBUG] _generate_column_key called: sheet_name='上年科目余额表', col_info.column_index=1
[TEMP DEBUG] initial: primary_header='期间:2024年第9期', secondary_header='科目代码'
[TEMP DEBUG] _generate_column_key called: sheet_name='上年科目余额表', col_info.column_index=1
[TEMP DEBUG] initial: primary_header='期间:2024年第9期', secondary_header='科目代码'
[TEMP DEBUG] _generate_column_key called: sheet_name='上年科目余额表', col_info.column_index=1
[TEMP DEBUG] initial: primary_header='期间:2024年第9期', secondary_header='科目代码'
[TEMP DEBUG] _generate_column_key called: sheet_name='上年科目余额表', col_info.column_index=1
[TEMP DEBUG] initial: primary_header='期间:2024年第9期', secondary_header='科目代码'
[TEMP DEBUG] _generate_column_key called: sheet_name='上年科目余额表', col_info.column_index=1
[TEMP DEBUG] initial: primary_header='期间:2024年第9期', secondary_header='科目代码'
[TEMP DEBUG] _generate_column_key called: sheet_name='上年科目余额表', col_info.column_index=1
[TEMP DEBUG] initial: primary_header='期间:2024年第9期', secondary_header='科目代码'
[TEMP DEBUG] _generate_column_key called: sheet_name='上年科目余额表', col_info.column_index=1
[TEMP DEBUG] initial: primary_header='期间:2024年第9期', secondary_header='科目代码'
[TEMP DEBUG] _generate_column_key called: sheet_name='上年科目余额表', col_info.column_index=1
[TEMP DEBUG] initial: primary_header='期间:2024年第9期', secondary_header='科目代码'
[TEMP DEBUG] _generate_column_key called: sheet_name='上年科目余额表', col_info.column_index=1
[TEMP DEBUG] initial: primary_header='期间:2024年第9期', secondary_header='科目代码'
[TEMP DEBUG] _generate_column_key called: sheet_name='上年科目余额表', col_info.column_index=1
[TEMP DEBUG] initial: primary_header='期间:2024年第9期', secondary_header='科目代码'
[TEMP DEBUG] _generate_column_key called: sheet_name='上年科目余额表', col_info.column_index=1
[TEMP DEBUG] initial: primary_header='期间:2024年第9期', secondary_header='科目代码'
[TEMP DEBUG] _generate_column_key called: sheet_name='上年科目余额表', col_info.column_index=1
[TEMP DEBUG] initial: primary_header='期间:2024年第9期', secondary_header='科目代码'
[TEMP DEBUG] _generate_column_key called: sheet_name='上年科目余额表', col_info.column_index=1
[TEMP DEBUG] initial: primary_header='期间:2024年第9期', secondary_header='科目代码'
[TEMP DEBUG] _generate_column_key called: sheet_name='上年科目余额表', col_info.column_index=1
[TEMP DEBUG] initial: primary_header='期间:2024年第9期', secondary_header='科目代码'
[TEMP DEBUG] _generate_column_key called: sheet_name='上年科目余额表', col_info.column_index=1
[TEMP DEBUG] initial: primary_header='期间:2024年第9期', secondary_header='科目代码'
[TEMP DEBUG] _generate_column_key called: sheet_name='上年科目余额表', col_info.column_index=1
[TEMP DEBUG] initial: primary_header='期间:2024年第9期', secondary_header='科目代码'
[TEMP DEBUG] _generate_column_key called: sheet_name='上年科目余额表', col_info.column_index=1
[TEMP DEBUG] initial: primary_header='期间:2024年第9期', secondary_header='科目代码'
[TEMP DEBUG] _generate_column_key called: sheet_name='上年科目余额表', col_info.column_index=1
[TEMP DEBUG] initial: primary_header='期间:2024年第9期', secondary_header='科目代码'
[TEMP DEBUG] _generate_column_key called: sheet_name='上年科目余额表', col_info.column_index=1
[TEMP DEBUG] initial: primary_header='期间:2024年第9期', secondary_header='科目代码'
[TEMP DEBUG] _generate_column_key called: sheet_name='上年科目余额表', col_info.column_index=1
[TEMP DEBUG] initial: primary_header='期间:2024年第9期', secondary_header='科目代码'
[TEMP DEBUG] _generate_column_key called: sheet_name='上年科目余额表', col_info.column_index=1
[TEMP DEBUG] initial: primary_header='期间:2024年第9期', secondary_header='科目代码'
[TEMP DEBUG] _generate_column_key called: sheet_name='上年科目余额表', col_info.column_index=1
[TEMP DEBUG] initial: primary_header='期间:2024年第9期', secondary_header='科目代码'
[TEMP DEBUG] _generate_column_key called: sheet_name='上年科目余额表', col_info.column_index=1
[TEMP DEBUG] initial: primary_header='期间:2024年第9期', secondary_header='科目代码'
[TEMP DEBUG] _generate_column_key called: sheet_name='上年科目余额表', col_info.column_index=1
[TEMP DEBUG] initial: primary_header='期间:2024年第9期', secondary_header='科目代码'
[TEMP DEBUG] _generate_column_key called: sheet_name='上年科目余额表', col_info.column_index=1
[TEMP DEBUG] initial: primary_header='期间:2024年第9期', secondary_header='科目代码'
[TEMP DEBUG] _generate_column_key called: sheet_name='上年科目余额表', col_info.column_index=1
[TEMP DEBUG] initial: primary_header='期间:2024年第9期', secondary_header='科目代码'
[TEMP DEBUG] _generate_column_key called: sheet_name='上年科目余额表', col_info.column_index=1
[TEMP DEBUG] initial: primary_header='期间:2024年第9期', secondary_header='科目代码'
[TEMP DEBUG] _generate_column_key called: sheet_name='上年科目余额表', col_info.column_index=1
[TEMP DEBUG] initial: primary_header='期间:2024年第9期', secondary_header='科目代码'
[TEMP DEBUG] _generate_column_key called: sheet_name='上年科目余额表', col_info.column_index=1
[TEMP DEBUG] initial: primary_header='期间:2024年第9期', secondary_header='科目代码'
[TEMP DEBUG] _generate_column_key called: sheet_name='上年科目余额表', col_info.column_index=1
[TEMP DEBUG] initial: primary_header='期间:2024年第9期', secondary_header='科目代码'
[TEMP DEBUG] _generate_column_key called: sheet_name='上年科目余额表', col_info.column_index=1
[TEMP DEBUG] initial: primary_header='期间:2024年第9期', secondary_header='科目代码'
[TEMP DEBUG] _generate_column_key called: sheet_name='上年科目余额表', col_info.column_index=1
[TEMP DEBUG] initial: primary_header='期间:2024年第9期', secondary_header='科目代码'
[TEMP DEBUG] _generate_column_key called: sheet_name='上年科目余额表', col_info.column_index=1
[TEMP DEBUG] initial: primary_header='期间:2024年第9期', secondary_header='科目代码'
[TEMP DEBUG] _generate_column_key called: sheet_name='上年科目余额表', col_info.column_index=1
[TEMP DEBUG] initial: primary_header='期间:2024年第9期', secondary_header='科目代码'
[TEMP DEBUG] _generate_column_key called: sheet_name='上年科目余额表', col_info.column_index=1
[TEMP DEBUG] initial: primary_header='期间:2024年第9期', secondary_header='科目代码'
[TEMP DEBUG] _generate_column_key called: sheet_name='上年科目余额表', col_info.column_index=1
[TEMP DEBUG] initial: primary_header='期间:2024年第9期', secondary_header='科目代码'
[TEMP DEBUG] _generate_column_key called: sheet_name='上年科目余额表', col_info.column_index=1
[TEMP DEBUG] initial: primary_header='期间:2024年第9期', secondary_header='科目代码'
[TEMP DEBUG] _generate_column_key called: sheet_name='上年科目余额表', col_info.column_index=1
[TEMP DEBUG] initial: primary_header='期间:2024年第9期', secondary_header='科目代码'
[TEMP DEBUG] _generate_column_key called: sheet_name='上年科目余额表', col_info.column_index=1
[TEMP DEBUG] initial: primary_header='期间:2024年第9期', secondary_header='科目代码'
[TEMP DEBUG] _generate_column_key called: sheet_name='上年科目余额表', col_info.column_index=1
[TEMP DEBUG] initial: primary_header='期间:2024年第9期', secondary_header='科目代码'
[TEMP DEBUG] _generate_column_key called: sheet_name='上年科目余额表', col_info.column_index=1
[TEMP DEBUG] initial: primary_header='期间:2024年第9期', secondary_header='科目代码'
[TEMP DEBUG] _generate_column_key called: sheet_name='上年科目余额表', col_info.column_index=1
[TEMP DEBUG] initial: primary_header='期间:2024年第9期', secondary_header='科目代码'
[TEMP DEBUG] _generate_column_key called: sheet_name='上年科目余额表', col_info.column_index=1
[TEMP DEBUG] initial: primary_header='期间:2024年第9期', secondary_header='科目代码'
[TEMP DEBUG] _generate_column_key called: sheet_name='上年科目余额表', col_info.column_index=1
[TEMP DEBUG] initial: primary_header='期间:2024年第9期', secondary_header='科目代码'
[TEMP DEBUG] _generate_column_key called: sheet_name='上年科目余额表', col_info.column_index=7
[TEMP DEBUG] initial: primary_header='公司:南宁产投智创科电投资开发有限责任公司', secondary_header='本期发生额'
[TEMP DEBUG] _generate_column_key called: sheet_name='上年科目余额表', col_info.column_index=8
[TEMP DEBUG] initial: primary_header='', secondary_header=''
[TEMP DEBUG] Excel读取列头成功: col=8, header='5170051.38'
[TEMP DEBUG] _generate_column_key called: sheet_name='上年科目余额表', col_info.column_index=9
[TEMP DEBUG] initial: primary_header='包含未过账凭证', secondary_header='本年累计'
[TEMP DEBUG] _generate_column_key called: sheet_name='上年科目余额表', col_info.column_index=10
[TEMP DEBUG] initial: primary_header='', secondary_header=''
[TEMP DEBUG] Excel读取列头成功: col=10, header='158844838.95'
[TEMP DEBUG] _generate_column_key called: sheet_name='上年科目余额表', col_info.column_index=1
[TEMP DEBUG] initial: primary_header='期间:2024年第9期', secondary_header='科目代码'
[TEMP DEBUG] _generate_column_key called: sheet_name='上年科目余额表', col_info.column_index=7
[TEMP DEBUG] initial: primary_header='公司:南宁产投智创科电投资开发有限责任公司', secondary_header='本期发生额'
[TEMP DEBUG] _generate_column_key called: sheet_name='上年科目余额表', col_info.column_index=8
[TEMP DEBUG] initial: primary_header='', secondary_header=''
[TEMP DEBUG] Excel读取列头成功: col=8, header='5170051.38'
[TEMP DEBUG] _generate_column_key called: sheet_name='上年科目余额表', col_info.column_index=9
[TEMP DEBUG] initial: primary_header='包含未过账凭证', secondary_header='本年累计'
[TEMP DEBUG] _generate_column_key called: sheet_name='上年科目余额表', col_info.column_index=10
[TEMP DEBUG] initial: primary_header='', secondary_header=''
[TEMP DEBUG] Excel读取列头成功: col=10, header='158844838.95'
[TEMP DEBUG] _generate_column_key called: sheet_name='上年科目余额表', col_info.column_index=7
[TEMP DEBUG] initial: primary_header='公司:南宁产投智创科电投资开发有限责任公司', secondary_header='本期发生额'
[TEMP DEBUG] _generate_column_key called: sheet_name='上年科目余额表', col_info.column_index=8
[TEMP DEBUG] initial: primary_header='', secondary_header=''
[TEMP DEBUG] Excel读取列头成功: col=8, header='5170051.38'
[TEMP DEBUG] _generate_column_key called: sheet_name='上年科目余额表', col_info.column_index=9
[TEMP DEBUG] initial: primary_header='包含未过账凭证', secondary_header='本年累计'
[TEMP DEBUG] _generate_column_key called: sheet_name='上年科目余额表', col_info.column_index=10
[TEMP DEBUG] initial: primary_header='', secondary_header=''
[TEMP DEBUG] Excel读取列头成功: col=10, header='158844838.95'
[TEMP DEBUG] _generate_column_key called: sheet_name='上年科目余额表', col_info.column_index=1
[TEMP DEBUG] initial: primary_header='期间:2024年第9期', secondary_header='科目代码'
[TEMP DEBUG] _generate_column_key called: sheet_name='上年科目余额表', col_info.column_index=7
[TEMP DEBUG] initial: primary_header='公司:南宁产投智创科电投资开发有限责任公司', secondary_header='本期发生额'
[TEMP DEBUG] _generate_column_key called: sheet_name='上年科目余额表', col_info.column_index=8
[TEMP DEBUG] initial: primary_header='', secondary_header=''
[TEMP DEBUG] Excel读取列头成功: col=8, header='5170051.38'
[TEMP DEBUG] _generate_column_key called: sheet_name='上年科目余额表', col_info.column_index=9
[TEMP DEBUG] initial: primary_header='包含未过账凭证', secondary_header='本年累计'
[TEMP DEBUG] _generate_column_key called: sheet_name='上年科目余额表', col_info.column_index=10
[TEMP DEBUG] initial: primary_header='', secondary_header=''
[TEMP DEBUG] Excel读取列头成功: col=10, header='158844838.95'
[TEMP DEBUG] _generate_column_key called: sheet_name='上年科目余额表', col_info.column_index=7
[TEMP DEBUG] initial: primary_header='公司:南宁产投智创科电投资开发有限责任公司', secondary_header='本期发生额'
[TEMP DEBUG] _generate_column_key called: sheet_name='上年科目余额表', col_info.column_index=8
[TEMP DEBUG] initial: primary_header='', secondary_header=''
[TEMP DEBUG] Excel读取列头成功: col=8, header='5170051.38'
[TEMP DEBUG] _generate_column_key called: sheet_name='上年科目余额表', col_info.column_index=9
[TEMP DEBUG] initial: primary_header='包含未过账凭证', secondary_header='本年累计'
[TEMP DEBUG] _generate_column_key called: sheet_name='上年科目余额表', col_info.column_index=10
[TEMP DEBUG] initial: primary_header='', secondary_header=''
[TEMP DEBUG] Excel读取列头成功: col=10, header='158844838.95'
[TEMP DEBUG] _generate_column_key called: sheet_name='上年科目余额表', col_info.column_index=1
[TEMP DEBUG] initial: primary_header='期间:2024年第9期', secondary_header='科目代码'
[TEMP DEBUG] _generate_column_key called: sheet_name='上年科目余额表', col_info.column_index=1
[TEMP DEBUG] initial: primary_header='期间:2024年第9期', secondary_header='科目代码'
[TEMP DEBUG] _generate_column_key called: sheet_name='上年科目余额表', col_info.column_index=1
[TEMP DEBUG] initial: primary_header='期间:2024年第9期', secondary_header='科目代码'
[TEMP DEBUG] _generate_column_key called: sheet_name='上年科目余额表', col_info.column_index=1
[TEMP DEBUG] initial: primary_header='期间:2024年第9期', secondary_header='科目代码'
[TEMP DEBUG] _generate_column_key called: sheet_name='上年科目余额表', col_info.column_index=1
[TEMP DEBUG] initial: primary_header='期间:2024年第9期', secondary_header='科目代码'
[TEMP DEBUG] _generate_column_key called: sheet_name='上年科目余额表', col_info.column_index=1
[TEMP DEBUG] initial: primary_header='期间:2024年第9期', secondary_header='科目代码'
[TEMP DEBUG] _generate_column_key called: sheet_name='上年科目余额表', col_info.column_index=1
[TEMP DEBUG] initial: primary_header='期间:2024年第9期', secondary_header='科目代码'
[TEMP DEBUG] _generate_column_key called: sheet_name='上年科目余额表', col_info.column_index=1
[TEMP DEBUG] initial: primary_header='期间:2024年第9期', secondary_header='科目代码'
[TEMP DEBUG] _generate_column_key called: sheet_name='上年科目余额表', col_info.column_index=1
[TEMP DEBUG] initial: primary_header='期间:2024年第9期', secondary_header='科目代码'
[TEMP DEBUG] _generate_column_key called: sheet_name='上年科目余额表', col_info.column_index=1
[TEMP DEBUG] initial: primary_header='期间:2024年第9期', secondary_header='科目代码'
[TEMP DEBUG] _generate_column_key called: sheet_name='上年科目余额表', col_info.column_index=1
[TEMP DEBUG] initial: primary_header='期间:2024年第9期', secondary_header='科目代码'
[TEMP DEBUG] _generate_column_key called: sheet_name='上年科目余额表', col_info.column_index=1
[TEMP DEBUG] initial: primary_header='期间:2024年第9期', secondary_header='科目代码'
[TEMP DEBUG] _generate_column_key called: sheet_name='上年科目余额表', col_info.column_index=1
[TEMP DEBUG] initial: primary_header='期间:2024年第9期', secondary_header='科目代码'
[TEMP DEBUG] _generate_column_key called: sheet_name='上年科目余额表', col_info.column_index=1
[TEMP DEBUG] initial: primary_header='期间:2024年第9期', secondary_header='科目代码'
[TEMP DEBUG] _generate_column_key called: sheet_name='上年科目余额表', col_info.column_index=1
[TEMP DEBUG] initial: primary_header='期间:2024年第9期', secondary_header='科目代码'
[TEMP DEBUG] _generate_column_key called: sheet_name='上年科目余额表', col_info.column_index=1
[TEMP DEBUG] initial: primary_header='期间:2024年第9期', secondary_header='科目代码'
[TEMP DEBUG] _generate_column_key called: sheet_name='上年科目余额表', col_info.column_index=7
[TEMP DEBUG] initial: primary_header='公司:南宁产投智创科电投资开发有限责任公司', secondary_header='本期发生额'
[TEMP DEBUG] _generate_column_key called: sheet_name='上年科目余额表', col_info.column_index=8
[TEMP DEBUG] initial: primary_header='', secondary_header=''
[TEMP DEBUG] Excel读取列头成功: col=8, header='5170051.38'
[TEMP DEBUG] _generate_column_key called: sheet_name='上年科目余额表', col_info.column_index=9
[TEMP DEBUG] initial: primary_header='包含未过账凭证', secondary_header='本年累计'
[TEMP DEBUG] _generate_column_key called: sheet_name='上年科目余额表', col_info.column_index=10
[TEMP DEBUG] initial: primary_header='', secondary_header=''
[TEMP DEBUG] Excel读取列头成功: col=10, header='158844838.95'
[TEMP DEBUG] _generate_column_key called: sheet_name='上年科目余额表', col_info.column_index=1
[TEMP DEBUG] initial: primary_header='期间:2024年第9期', secondary_header='科目代码'
[TEMP DEBUG] _generate_column_key called: sheet_name='上年科目余额表', col_info.column_index=1
[TEMP DEBUG] initial: primary_header='期间:2024年第9期', secondary_header='科目代码'
[TEMP DEBUG] _generate_column_key called: sheet_name='上年科目余额表', col_info.column_index=7
[TEMP DEBUG] initial: primary_header='公司:南宁产投智创科电投资开发有限责任公司', secondary_header='本期发生额'
[TEMP DEBUG] _generate_column_key called: sheet_name='上年科目余额表', col_info.column_index=8
[TEMP DEBUG] initial: primary_header='', secondary_header=''
[TEMP DEBUG] Excel读取列头成功: col=8, header='5170051.38'
[TEMP DEBUG] _generate_column_key called: sheet_name='上年科目余额表', col_info.column_index=9
[TEMP DEBUG] initial: primary_header='包含未过账凭证', secondary_header='本年累计'
[TEMP DEBUG] _generate_column_key called: sheet_name='上年科目余额表', col_info.column_index=10
[TEMP DEBUG] initial: primary_header='', secondary_header=''
[TEMP DEBUG] Excel读取列头成功: col=10, header='158844838.95'
[TEMP DEBUG] _generate_column_key called: sheet_name='上年科目余额表', col_info.column_index=1
[TEMP DEBUG] initial: primary_header='期间:2024年第9期', secondary_header='科目代码'
[TEMP DEBUG] _generate_column_key called: sheet_name='上年科目余额表', col_info.column_index=1
[TEMP DEBUG] initial: primary_header='期间:2024年第9期', secondary_header='科目代码'
[TEMP DEBUG] _generate_column_key called: sheet_name='上年科目余额表', col_info.column_index=9
[TEMP DEBUG] initial: primary_header='包含未过账凭证', secondary_header='本年累计'
[TEMP DEBUG] _generate_column_key called: sheet_name='上年科目余额表', col_info.column_index=10
[TEMP DEBUG] initial: primary_header='', secondary_header=''
[TEMP DEBUG] Excel读取列头成功: col=10, header='158844838.95'
[TEMP DEBUG] _generate_column_key called: sheet_name='上年科目余额表', col_info.column_index=1
[TEMP DEBUG] initial: primary_header='期间:2024年第9期', secondary_header='科目代码'
[TEMP DEBUG] _generate_column_key called: sheet_name='上年科目余额表', col_info.column_index=1
[TEMP DEBUG] initial: primary_header='期间:2024年第9期', secondary_header='科目代码'
[TEMP DEBUG] _generate_column_key called: sheet_name='上年科目余额表', col_info.column_index=1
[TEMP DEBUG] initial: primary_header='期间:2024年第9期', secondary_header='科目代码'
[TEMP DEBUG] _generate_column_key called: sheet_name='上年科目余额表', col_info.column_index=1
[TEMP DEBUG] initial: primary_header='期间:2024年第9期', secondary_header='科目代码'
[TEMP DEBUG] _generate_column_key called: sheet_name='上年科目余额表', col_info.column_index=1
[TEMP DEBUG] initial: primary_header='期间:2024年第9期', secondary_header='科目代码'
[TEMP DEBUG] _generate_column_key called: sheet_name='上年科目余额表', col_info.column_index=1
[TEMP DEBUG] initial: primary_header='期间:2024年第9期', secondary_header='科目代码'
[TEMP DEBUG] _generate_column_key called: sheet_name='上年科目余额表', col_info.column_index=1
[TEMP DEBUG] initial: primary_header='期间:2024年第9期', secondary_header='科目代码'
[TEMP DEBUG] _generate_column_key called: sheet_name='上年科目余额表', col_info.column_index=9
[TEMP DEBUG] initial: primary_header='包含未过账凭证', secondary_header='本年累计'
[TEMP DEBUG] _generate_column_key called: sheet_name='上年科目余额表', col_info.column_index=10
[TEMP DEBUG] initial: primary_header='', secondary_header=''
[TEMP DEBUG] Excel读取列头成功: col=10, header='158844838.95'
[TEMP DEBUG] _generate_column_key called: sheet_name='上年科目余额表', col_info.column_index=1
[TEMP DEBUG] initial: primary_header='期间:2024年第9期', secondary_header='科目代码'
[TEMP DEBUG] _generate_column_key called: sheet_name='上年科目余额表', col_info.column_index=7
[TEMP DEBUG] initial: primary_header='公司:南宁产投智创科电投资开发有限责任公司', secondary_header='本期发生额'
[TEMP DEBUG] _generate_column_key called: sheet_name='上年科目余额表', col_info.column_index=8
[TEMP DEBUG] initial: primary_header='', secondary_header=''
[TEMP DEBUG] Excel读取列头成功: col=8, header='5170051.38'
[TEMP DEBUG] _generate_column_key called: sheet_name='上年科目余额表', col_info.column_index=9
[TEMP DEBUG] initial: primary_header='包含未过账凭证', secondary_header='本年累计'
[TEMP DEBUG] _generate_column_key called: sheet_name='上年科目余额表', col_info.column_index=10
[TEMP DEBUG] initial: primary_header='', secondary_header=''
[TEMP DEBUG] Excel读取列头成功: col=10, header='158844838.95'
[TEMP DEBUG] _generate_column_key called: sheet_name='上年科目余额表', col_info.column_index=1
[TEMP DEBUG] initial: primary_header='期间:2024年第9期', secondary_header='科目代码'
[TEMP DEBUG] _generate_column_key called: sheet_name='上年科目余额表', col_info.column_index=7
[TEMP DEBUG] initial: primary_header='公司:南宁产投智创科电投资开发有限责任公司', secondary_header='本期发生额'
[TEMP DEBUG] _generate_column_key called: sheet_name='上年科目余额表', col_info.column_index=8
[TEMP DEBUG] initial: primary_header='', secondary_header=''
[TEMP DEBUG] Excel读取列头成功: col=8, header='5170051.38'
[TEMP DEBUG] _generate_column_key called: sheet_name='上年科目余额表', col_info.column_index=9
[TEMP DEBUG] initial: primary_header='包含未过账凭证', secondary_header='本年累计'
[TEMP DEBUG] _generate_column_key called: sheet_name='上年科目余额表', col_info.column_index=10
[TEMP DEBUG] initial: primary_header='', secondary_header=''
[TEMP DEBUG] Excel读取列头成功: col=10, header='158844838.95'
[TEMP DEBUG] _generate_column_key called: sheet_name='上年科目余额表', col_info.column_index=7
[TEMP DEBUG] initial: primary_header='公司:南宁产投智创科电投资开发有限责任公司', secondary_header='本期发生额'
[TEMP DEBUG] _generate_column_key called: sheet_name='上年科目余额表', col_info.column_index=8
[TEMP DEBUG] initial: primary_header='', secondary_header=''
[TEMP DEBUG] Excel读取列头成功: col=8, header='5170051.38'
[TEMP DEBUG] _generate_column_key called: sheet_name='上年科目余额表', col_info.column_index=9
[TEMP DEBUG] initial: primary_header='包含未过账凭证', secondary_header='本年累计'
[TEMP DEBUG] _generate_column_key called: sheet_name='上年科目余额表', col_info.column_index=10
[TEMP DEBUG] initial: primary_header='', secondary_header=''
[TEMP DEBUG] Excel读取列头成功: col=10, header='158844838.95'
[TEMP DEBUG] _generate_column_key called: sheet_name='上年科目余额表', col_info.column_index=1
[TEMP DEBUG] initial: primary_header='期间:2024年第9期', secondary_header='科目代码'
[TEMP DEBUG] _generate_column_key called: sheet_name='上年科目余额表', col_info.column_index=7
[TEMP DEBUG] initial: primary_header='公司:南宁产投智创科电投资开发有限责任公司', secondary_header='本期发生额'
[TEMP DEBUG] _generate_column_key called: sheet_name='上年科目余额表', col_info.column_index=8
[TEMP DEBUG] initial: primary_header='', secondary_header=''
[TEMP DEBUG] Excel读取列头成功: col=8, header='5170051.38'
[TEMP DEBUG] _generate_column_key called: sheet_name='上年科目余额表', col_info.column_index=9
[TEMP DEBUG] initial: primary_header='包含未过账凭证', secondary_header='本年累计'
[TEMP DEBUG] _generate_column_key called: sheet_name='上年科目余额表', col_info.column_index=10
[TEMP DEBUG] initial: primary_header='', secondary_header=''
[TEMP DEBUG] Excel读取列头成功: col=10, header='158844838.95'
[TEMP DEBUG] _generate_column_key called: sheet_name='上年科目余额表', col_info.column_index=7
[TEMP DEBUG] initial: primary_header='公司:南宁产投智创科电投资开发有限责任公司', secondary_header='本期发生额'
[TEMP DEBUG] _generate_column_key called: sheet_name='上年科目余额表', col_info.column_index=8
[TEMP DEBUG] initial: primary_header='', secondary_header=''
[TEMP DEBUG] Excel读取列头成功: col=8, header='5170051.38'
[TEMP DEBUG] _generate_column_key called: sheet_name='上年科目余额表', col_info.column_index=9
[TEMP DEBUG] initial: primary_header='包含未过账凭证', secondary_header='本年累计'
[TEMP DEBUG] _generate_column_key called: sheet_name='上年科目余额表', col_info.column_index=10
[TEMP DEBUG] initial: primary_header='', secondary_header=''
[TEMP DEBUG] Excel读取列头成功: col=10, header='158844838.95'
[TEMP DEBUG] _generate_column_key called: sheet_name='上年科目余额表', col_info.column_index=1
[TEMP DEBUG] initial: primary_header='期间:2024年第9期', secondary_header='科目代码'
[TEMP DEBUG] _generate_column_key called: sheet_name='上年科目余额表', col_info.column_index=1
[TEMP DEBUG] initial: primary_header='期间:2024年第9期', secondary_header='科目代码'
[TEMP DEBUG] _generate_column_key called: sheet_name='上年科目余额表', col_info.column_index=1
[TEMP DEBUG] initial: primary_header='期间:2024年第9期', secondary_header='科目代码'
[TEMP DEBUG] _generate_column_key called: sheet_name='上年科目余额表', col_info.column_index=1
[TEMP DEBUG] initial: primary_header='期间:2024年第9期', secondary_header='科目代码'
[TEMP DEBUG] _generate_column_key called: sheet_name='上年科目余额表', col_info.column_index=7
[TEMP DEBUG] initial: primary_header='公司:南宁产投智创科电投资开发有限责任公司', secondary_header='本期发生额'
[TEMP DEBUG] _generate_column_key called: sheet_name='上年科目余额表', col_info.column_index=8
[TEMP DEBUG] initial: primary_header='', secondary_header=''
[TEMP DEBUG] Excel读取列头成功: col=8, header='5170051.38'
[TEMP DEBUG] _generate_column_key called: sheet_name='上年科目余额表', col_info.column_index=9
[TEMP DEBUG] initial: primary_header='包含未过账凭证', secondary_header='本年累计'
[TEMP DEBUG] _generate_column_key called: sheet_name='上年科目余额表', col_info.column_index=10
[TEMP DEBUG] initial: primary_header='', secondary_header=''
[TEMP DEBUG] Excel读取列头成功: col=10, header='158844838.95'
[TEMP DEBUG] _generate_column_key called: sheet_name='上年科目余额表', col_info.column_index=1
[TEMP DEBUG] initial: primary_header='期间:2024年第9期', secondary_header='科目代码'
[TEMP DEBUG] _generate_column_key called: sheet_name='上年科目余额表', col_info.column_index=1
[TEMP DEBUG] initial: primary_header='期间:2024年第9期', secondary_header='科目代码'
[TEMP DEBUG] _generate_column_key called: sheet_name='上年科目余额表', col_info.column_index=1
[TEMP DEBUG] initial: primary_header='期间:2024年第9期', secondary_header='科目代码'
[TEMP DEBUG] _generate_column_key called: sheet_name='上年科目余额表', col_info.column_index=1
[TEMP DEBUG] initial: primary_header='期间:2024年第9期', secondary_header='科目代码'
[TEMP DEBUG] _generate_column_key called: sheet_name='上年科目余额表', col_info.column_index=1
[TEMP DEBUG] initial: primary_header='期间:2024年第9期', secondary_header='科目代码'
[TEMP DEBUG] _generate_column_key called: sheet_name='上年科目余额表', col_info.column_index=1
[TEMP DEBUG] initial: primary_header='期间:2024年第9期', secondary_header='科目代码'
[TEMP DEBUG] _generate_column_key called: sheet_name='上年科目余额表', col_info.column_index=1
[TEMP DEBUG] initial: primary_header='期间:2024年第9期', secondary_header='科目代码'
[TEMP DEBUG] _generate_column_key called: sheet_name='上年科目余额表', col_info.column_index=1
[TEMP DEBUG] initial: primary_header='期间:2024年第9期', secondary_header='科目代码'
[TEMP DEBUG] _generate_column_key called: sheet_name='上年科目余额表', col_info.column_index=1
[TEMP DEBUG] initial: primary_header='期间:2024年第9期', secondary_header='科目代码'
[TEMP DEBUG] _generate_column_key called: sheet_name='上年科目余额表', col_info.column_index=1
[TEMP DEBUG] initial: primary_header='期间:2024年第9期', secondary_header='科目代码'
[TEMP DEBUG] _generate_column_key called: sheet_name='上年科目余额表', col_info.column_index=7
[TEMP DEBUG] initial: primary_header='公司:南宁产投智创科电投资开发有限责任公司', secondary_header='本期发生额'
[TEMP DEBUG] _generate_column_key called: sheet_name='上年科目余额表', col_info.column_index=8
[TEMP DEBUG] initial: primary_header='', secondary_header=''
[TEMP DEBUG] Excel读取列头成功: col=8, header='5170051.38'
[TEMP DEBUG] _generate_column_key called: sheet_name='上年科目余额表', col_info.column_index=9
[TEMP DEBUG] initial: primary_header='包含未过账凭证', secondary_header='本年累计'
[TEMP DEBUG] _generate_column_key called: sheet_name='上年科目余额表', col_info.column_index=10
[TEMP DEBUG] initial: primary_header='', secondary_header=''
[TEMP DEBUG] Excel读取列头成功: col=10, header='158844838.95'
[TEMP DEBUG] _generate_column_key called: sheet_name='上年科目余额表', col_info.column_index=1
[TEMP DEBUG] initial: primary_header='期间:2024年第9期', secondary_header='科目代码'
[TEMP DEBUG] _generate_column_key called: sheet_name='上年科目余额表', col_info.column_index=1
[TEMP DEBUG] initial: primary_header='期间:2024年第9期', secondary_header='科目代码'
[TEMP DEBUG] _generate_column_key called: sheet_name='上年科目余额表', col_info.column_index=1
[TEMP DEBUG] initial: primary_header='期间:2024年第9期', secondary_header='科目代码'
[TEMP DEBUG] _generate_column_key called: sheet_name='上年科目余额表', col_info.column_index=1
[TEMP DEBUG] initial: primary_header='期间:2024年第9期', secondary_header='科目代码'
[TEMP DEBUG] _generate_column_key called: sheet_name='上年科目余额表', col_info.column_index=1
[TEMP DEBUG] initial: primary_header='期间:2024年第9期', secondary_header='科目代码'
[TEMP DEBUG] _generate_column_key called: sheet_name='上年科目余额表', col_info.column_index=1
[TEMP DEBUG] initial: primary_header='期间:2024年第9期', secondary_header='科目代码'
[TEMP DEBUG] _generate_column_key called: sheet_name='上年科目余额表', col_info.column_index=1
[TEMP DEBUG] initial: primary_header='期间:2024年第9期', secondary_header='科目代码'
[TEMP DEBUG] _generate_column_key called: sheet_name='上年科目余额表', col_info.column_index=1
[TEMP DEBUG] initial: primary_header='期间:2024年第9期', secondary_header='科目代码'
[TEMP DEBUG] _generate_column_key called: sheet_name='上年科目余额表', col_info.column_index=1
[TEMP DEBUG] initial: primary_header='期间:2024年第9期', secondary_header='科目代码'
[TEMP DEBUG] _generate_column_key called: sheet_name='上年科目余额表', col_info.column_index=1
[TEMP DEBUG] initial: primary_header='期间:2024年第9期', secondary_header='科目代码'
[TEMP DEBUG] _generate_column_key called: sheet_name='上年科目余额表', col_info.column_index=1
[TEMP DEBUG] initial: primary_header='期间:2024年第9期', secondary_header='科目代码'
[TEMP DEBUG] _generate_column_key called: sheet_name='上年科目余额表', col_info.column_index=7
[TEMP DEBUG] initial: primary_header='公司:南宁产投智创科电投资开发有限责任公司', secondary_header='本期发生额'
[TEMP DEBUG] _generate_column_key called: sheet_name='上年科目余额表', col_info.column_index=8
[TEMP DEBUG] initial: primary_header='', secondary_header=''
[TEMP DEBUG] Excel读取列头成功: col=8, header='5170051.38'
[TEMP DEBUG] _generate_column_key called: sheet_name='上年科目余额表', col_info.column_index=9
[TEMP DEBUG] initial: primary_header='包含未过账凭证', secondary_header='本年累计'
[TEMP DEBUG] _generate_column_key called: sheet_name='上年科目余额表', col_info.column_index=10
[TEMP DEBUG] initial: primary_header='', secondary_header=''
[TEMP DEBUG] Excel读取列头成功: col=10, header='158844838.95'
[TEMP DEBUG] _generate_column_key called: sheet_name='上年科目余额表', col_info.column_index=1
[TEMP DEBUG] initial: primary_header='期间:2024年第9期', secondary_header='科目代码'
[TEMP DEBUG] _generate_column_key called: sheet_name='上年科目余额表', col_info.column_index=1
[TEMP DEBUG] initial: primary_header='期间:2024年第9期', secondary_header='科目代码'
[TEMP DEBUG] _generate_column_key called: sheet_name='上年科目余额表', col_info.column_index=7
[TEMP DEBUG] initial: primary_header='公司:南宁产投智创科电投资开发有限责任公司', secondary_header='本期发生额'
[TEMP DEBUG] _generate_column_key called: sheet_name='上年科目余额表', col_info.column_index=8
[TEMP DEBUG] initial: primary_header='', secondary_header=''
[TEMP DEBUG] Excel读取列头成功: col=8, header='5170051.38'
[TEMP DEBUG] _generate_column_key called: sheet_name='上年科目余额表', col_info.column_index=9
[TEMP DEBUG] initial: primary_header='包含未过账凭证', secondary_header='本年累计'
[TEMP DEBUG] _generate_column_key called: sheet_name='上年科目余额表', col_info.column_index=10
[TEMP DEBUG] initial: primary_header='', secondary_header=''
[TEMP DEBUG] Excel读取列头成功: col=10, header='158844838.95'
[TEMP DEBUG] _generate_column_key called: sheet_name='上年科目余额表', col_info.column_index=7
[TEMP DEBUG] initial: primary_header='公司:南宁产投智创科电投资开发有限责任公司', secondary_header='本期发生额'
[TEMP DEBUG] _generate_column_key called: sheet_name='上年科目余额表', col_info.column_index=8
[TEMP DEBUG] initial: primary_header='', secondary_header=''
[TEMP DEBUG] Excel读取列头成功: col=8, header='5170051.38'
[TEMP DEBUG] _generate_column_key called: sheet_name='上年科目余额表', col_info.column_index=9
[TEMP DEBUG] initial: primary_header='包含未过账凭证', secondary_header='本年累计'
[TEMP DEBUG] _generate_column_key called: sheet_name='上年科目余额表', col_info.column_index=10
[TEMP DEBUG] initial: primary_header='', secondary_header=''
[TEMP DEBUG] Excel读取列头成功: col=10, header='158844838.95'
[TEMP DEBUG] _generate_column_key called: sheet_name='上年科目余额表', col_info.column_index=7
[TEMP DEBUG] initial: primary_header='公司:南宁产投智创科电投资开发有限责任公司', secondary_header='本期发生额'
[TEMP DEBUG] _generate_column_key called: sheet_name='上年科目余额表', col_info.column_index=8
[TEMP DEBUG] initial: primary_header='', secondary_header=''
[TEMP DEBUG] Excel读取列头成功: col=8, header='5170051.38'
[TEMP DEBUG] _generate_column_key called: sheet_name='上年科目余额表', col_info.column_index=9
[TEMP DEBUG] initial: primary_header='包含未过账凭证', secondary_header='本年累计'
[TEMP DEBUG] _generate_column_key called: sheet_name='上年科目余额表', col_info.column_index=10
[TEMP DEBUG] initial: primary_header='', secondary_header=''
[TEMP DEBUG] Excel读取列头成功: col=10, header='158844838.95'
[TEMP DEBUG] _generate_column_key called: sheet_name='上年科目余额表', col_info.column_index=7
[TEMP DEBUG] initial: primary_header='公司:南宁产投智创科电投资开发有限责任公司', secondary_header='本期发生额'
[TEMP DEBUG] _generate_column_key called: sheet_name='上年科目余额表', col_info.column_index=8
[TEMP DEBUG] initial: primary_header='', secondary_header=''
[TEMP DEBUG] Excel读取列头成功: col=8, header='5170051.38'
[TEMP DEBUG] _generate_column_key called: sheet_name='上年科目余额表', col_info.column_index=9
[TEMP DEBUG] initial: primary_header='包含未过账凭证', secondary_header='本年累计'
[TEMP DEBUG] _generate_column_key called: sheet_name='上年科目余额表', col_info.column_index=10
[TEMP DEBUG] initial: primary_header='', secondary_header=''
[TEMP DEBUG] Excel读取列头成功: col=10, header='158844838.95'
[TEMP DEBUG] _generate_column_key called: sheet_name='上年科目余额表', col_info.column_index=7
[TEMP DEBUG] initial: primary_header='公司:南宁产投智创科电投资开发有限责任公司', secondary_header='本期发生额'
[TEMP DEBUG] _generate_column_key called: sheet_name='上年科目余额表', col_info.column_index=8
[TEMP DEBUG] initial: primary_header='', secondary_header=''
[TEMP DEBUG] Excel读取列头成功: col=8, header='5170051.38'
[TEMP DEBUG] _generate_column_key called: sheet_name='上年科目余额表', col_info.column_index=9
[TEMP DEBUG] initial: primary_header='包含未过账凭证', secondary_header='本年累计'
[TEMP DEBUG] _generate_column_key called: sheet_name='上年科目余额表', col_info.column_index=10
[TEMP DEBUG] initial: primary_header='', secondary_header=''
[TEMP DEBUG] Excel读取列头成功: col=10, header='158844838.95'
[TEMP DEBUG] _generate_column_key called: sheet_name='上年科目余额表', col_info.column_index=9
[TEMP DEBUG] initial: primary_header='包含未过账凭证', secondary_header='本年累计'
[TEMP DEBUG] _generate_column_key called: sheet_name='上年科目余额表', col_info.column_index=10
[TEMP DEBUG] initial: primary_header='', secondary_header=''
[TEMP DEBUG] Excel读取列头成功: col=10, header='158844838.95'
[TEMP DEBUG] _generate_column_key called: sheet_name='上年科目余额表', col_info.column_index=1
[TEMP DEBUG] initial: primary_header='期间:2024年第9期', secondary_header='科目代码'
[TEMP DEBUG] _generate_column_key called: sheet_name='上年科目余额表', col_info.column_index=1
[TEMP DEBUG] initial: primary_header='期间:2024年第9期', secondary_header='科目代码'
[TEMP DEBUG] _generate_column_key called: sheet_name='上年科目余额表', col_info.column_index=1
[TEMP DEBUG] initial: primary_header='期间:2024年第9期', secondary_header='科目代码'
[TEMP DEBUG] _generate_column_key called: sheet_name='上年科目余额表', col_info.column_index=1
[TEMP DEBUG] initial: primary_header='期间:2024年第9期', secondary_header='科目代码'
[TEMP DEBUG] _generate_column_key called: sheet_name='上年科目余额表', col_info.column_index=1
[TEMP DEBUG] initial: primary_header='期间:2024年第9期', secondary_header='科目代码'
[TEMP DEBUG] _generate_column_key called: sheet_name='上年科目余额表', col_info.column_index=1
[TEMP DEBUG] initial: primary_header='期间:2024年第9期', secondary_header='科目代码'
[TEMP DEBUG] _generate_column_key called: sheet_name='上年科目余额表', col_info.column_index=1
[TEMP DEBUG] initial: primary_header='期间:2024年第9期', secondary_header='科目代码'
[TEMP DEBUG] _generate_column_key called: sheet_name='上年科目余额表', col_info.column_index=1
[TEMP DEBUG] initial: primary_header='期间:2024年第9期', secondary_header='科目代码'
[TEMP DEBUG] _generate_column_key called: sheet_name='上年科目余额表', col_info.column_index=1
[TEMP DEBUG] initial: primary_header='期间:2024年第9期', secondary_header='科目代码'
[TEMP DEBUG] _generate_column_key called: sheet_name='上年科目余额表', col_info.column_index=1
[TEMP DEBUG] initial: primary_header='期间:2024年第9期', secondary_header='科目代码'
[TEMP DEBUG] _generate_column_key called: sheet_name='上年科目余额表', col_info.column_index=1
[TEMP DEBUG] initial: primary_header='期间:2024年第9期', secondary_header='科目代码'
[TEMP DEBUG] _generate_column_key called: sheet_name='上年科目余额表', col_info.column_index=1
[TEMP DEBUG] initial: primary_header='期间:2024年第9期', secondary_header='科目代码'
[TEMP DEBUG] _generate_column_key called: sheet_name='上年科目余额表', col_info.column_index=1
[TEMP DEBUG] initial: primary_header='期间:2024年第9期', secondary_header='科目代码'
[TEMP DEBUG] _generate_column_key called: sheet_name='上年科目余额表', col_info.column_index=1
[TEMP DEBUG] initial: primary_header='期间:2024年第9期', secondary_header='科目代码'
[TEMP DEBUG] _generate_column_key called: sheet_name='上年科目余额表', col_info.column_index=1
[TEMP DEBUG] initial: primary_header='期间:2024年第9期', secondary_header='科目代码'
[TEMP DEBUG] _generate_column_key called: sheet_name='上年科目余额表', col_info.column_index=1
[TEMP DEBUG] initial: primary_header='期间:2024年第9期', secondary_header='科目代码'
[TEMP DEBUG] _generate_column_key called: sheet_name='上年科目余额表', col_info.column_index=1
[TEMP DEBUG] initial: primary_header='期间:2024年第9期', secondary_header='科目代码'
[TEMP DEBUG] _generate_column_key called: sheet_name='上年科目余额表', col_info.column_index=1
[TEMP DEBUG] initial: primary_header='期间:2024年第9期', secondary_header='科目代码'
[TEMP DEBUG] _generate_column_key called: sheet_name='上年科目余额表', col_info.column_index=1
[TEMP DEBUG] initial: primary_header='期间:2024年第9期', secondary_header='科目代码'
[TEMP DEBUG] _generate_column_key called: sheet_name='上年科目余额表', col_info.column_index=1
[TEMP DEBUG] initial: primary_header='期间:2024年第9期', secondary_header='科目代码'
[TEMP DEBUG] _generate_column_key called: sheet_name='上年科目余额表', col_info.column_index=1
[TEMP DEBUG] initial: primary_header='期间:2024年第9期', secondary_header='科目代码'
[TEMP DEBUG] _generate_column_key called: sheet_name='上年科目余额表', col_info.column_index=1
[TEMP DEBUG] initial: primary_header='期间:2024年第9期', secondary_header='科目代码'
[TEMP DEBUG] _generate_column_key called: sheet_name='上年科目余额表', col_info.column_index=1
[TEMP DEBUG] initial: primary_header='期间:2024年第9期', secondary_header='科目代码'
[TEMP DEBUG] _generate_column_key called: sheet_name='上年科目余额表', col_info.column_index=1
[TEMP DEBUG] initial: primary_header='期间:2024年第9期', secondary_header='科目代码'
[TEMP DEBUG] _generate_column_key called: sheet_name='上年科目余额表', col_info.column_index=1
[TEMP DEBUG] initial: primary_header='期间:2024年第9期', secondary_header='科目代码'
[TEMP DEBUG] _generate_column_key called: sheet_name='上年科目余额表', col_info.column_index=1
[TEMP DEBUG] initial: primary_header='期间:2024年第9期', secondary_header='科目代码'
[TEMP DEBUG] _generate_column_key called: sheet_name='上年科目余额表', col_info.column_index=1
[TEMP DEBUG] initial: primary_header='期间:2024年第9期', secondary_header='科目代码'
[TEMP DEBUG] _generate_column_key called: sheet_name='上年科目余额表', col_info.column_index=1
[TEMP DEBUG] initial: primary_header='期间:2024年第9期', secondary_header='科目代码'
[TEMP DEBUG] _generate_column_key called: sheet_name='上年科目余额表', col_info.column_index=1
[TEMP DEBUG] initial: primary_header='期间:2024年第9期', secondary_header='科目代码'
[TEMP DEBUG] _generate_column_key called: sheet_name='上年科目余额表', col_info.column_index=1
[TEMP DEBUG] initial: primary_header='期间:2024年第9期', secondary_header='科目代码'
[TEMP DEBUG] _generate_column_key called: sheet_name='上年科目余额表', col_info.column_index=3
[TEMP DEBUG] initial: primary_header='', secondary_header='年初余额'
[TEMP DEBUG] Excel读取列头成功: col=3, header='4304903.78'
[TEMP DEBUG] _generate_column_key called: sheet_name='上年科目余额表', col_info.column_index=5
[TEMP DEBUG] initial: primary_header='币别:人民币', secondary_header='期初余额'
[TEMP DEBUG] _generate_column_key called: sheet_name='上年科目余额表', col_info.column_index=7
[TEMP DEBUG] initial: primary_header='公司:南宁产投智创科电投资开发有限责任公司', secondary_header='本期发生额'
[TEMP DEBUG] _generate_column_key called: sheet_name='上年科目余额表', col_info.column_index=8
[TEMP DEBUG] initial: primary_header='', secondary_header=''
[TEMP DEBUG] Excel读取列头成功: col=8, header='5170051.38'
[TEMP DEBUG] _generate_column_key called: sheet_name='上年科目余额表', col_info.column_index=9
[TEMP DEBUG] initial: primary_header='包含未过账凭证', secondary_header='本年累计'
[TEMP DEBUG] _generate_column_key called: sheet_name='上年科目余额表', col_info.column_index=10
[TEMP DEBUG] initial: primary_header='', secondary_header=''
[TEMP DEBUG] Excel读取列头成功: col=10, header='158844838.95'
[TEMP DEBUG] _generate_column_key called: sheet_name='上年科目余额表', col_info.column_index=11
[TEMP DEBUG] initial: primary_header='', secondary_header='期末余额'
[TEMP DEBUG] Excel读取列头成功: col=11, header='7436320.98'
    科目余额表提取完成，共 590 个项目
  提取到 590 个来源项

提取数据源表 'Sheet1' 的来源项...
  分析表格模式...
  识别为: 未知表格
    使用通用表格提取逻辑
[TEMP DEBUG] _generate_column_key called: sheet_name='Sheet1', col_info.column_index=2
[TEMP DEBUG] initial: primary_header='1', secondary_header=''
[TEMP DEBUG] _generate_column_key called: sheet_name='Sheet1', col_info.column_index=3
[TEMP DEBUG] initial: primary_header='428', secondary_header=''
[TEMP DEBUG] _generate_column_key called: sheet_name='Sheet1', col_info.column_index=4
[TEMP DEBUG] initial: primary_header='428', secondary_header=''
[TEMP DEBUG] _generate_column_key called: sheet_name='Sheet1', col_info.column_index=5
[TEMP DEBUG] initial: primary_header='901', secondary_header=''
[TEMP DEBUG] _generate_column_key called: sheet_name='Sheet1', col_info.column_index=2
[TEMP DEBUG] initial: primary_header='1', secondary_header=''
[TEMP DEBUG] _generate_column_key called: sheet_name='Sheet1', col_info.column_index=3
[TEMP DEBUG] initial: primary_header='428', secondary_header=''
[TEMP DEBUG] _generate_column_key called: sheet_name='Sheet1', col_info.column_index=4
[TEMP DEBUG] initial: primary_header='428', secondary_header=''
[TEMP DEBUG] _generate_column_key called: sheet_name='Sheet1', col_info.column_index=5
[TEMP DEBUG] initial: primary_header='901', secondary_header=''
[TEMP DEBUG] _generate_column_key called: sheet_name='Sheet1', col_info.column_index=2
[TEMP DEBUG] initial: primary_header='1', secondary_header=''
[TEMP DEBUG] _generate_column_key called: sheet_name='Sheet1', col_info.column_index=3
[TEMP DEBUG] initial: primary_header='428', secondary_header=''
[TEMP DEBUG] _generate_column_key called: sheet_name='Sheet1', col_info.column_index=4
[TEMP DEBUG] initial: primary_header='428', secondary_header=''
[TEMP DEBUG] _generate_column_key called: sheet_name='Sheet1', col_info.column_index=5
[TEMP DEBUG] initial: primary_header='901', secondary_header=''
[TEMP DEBUG] _generate_column_key called: sheet_name='Sheet1', col_info.column_index=2
[TEMP DEBUG] initial: primary_header='1', secondary_header=''
[TEMP DEBUG] _generate_column_key called: sheet_name='Sheet1', col_info.column_index=3
[TEMP DEBUG] initial: primary_header='428', secondary_header=''
[TEMP DEBUG] _generate_column_key called: sheet_name='Sheet1', col_info.column_index=4
[TEMP DEBUG] initial: primary_header='428', secondary_header=''
[TEMP DEBUG] _generate_column_key called: sheet_name='Sheet1', col_info.column_index=5
[TEMP DEBUG] initial: primary_header='901', secondary_header=''
[TEMP DEBUG] _generate_column_key called: sheet_name='Sheet1', col_info.column_index=2
[TEMP DEBUG] initial: primary_header='1', secondary_header=''
[TEMP DEBUG] _generate_column_key called: sheet_name='Sheet1', col_info.column_index=3
[TEMP DEBUG] initial: primary_header='428', secondary_header=''
[TEMP DEBUG] _generate_column_key called: sheet_name='Sheet1', col_info.column_index=4
[TEMP DEBUG] initial: primary_header='428', secondary_header=''
[TEMP DEBUG] _generate_column_key called: sheet_name='Sheet1', col_info.column_index=5
[TEMP DEBUG] initial: primary_header='901', secondary_header=''
[TEMP DEBUG] _generate_column_key called: sheet_name='Sheet1', col_info.column_index=2
[TEMP DEBUG] initial: primary_header='1', secondary_header=''
[TEMP DEBUG] _generate_column_key called: sheet_name='Sheet1', col_info.column_index=3
[TEMP DEBUG] initial: primary_header='428', secondary_header=''
[TEMP DEBUG] _generate_column_key called: sheet_name='Sheet1', col_info.column_index=4
[TEMP DEBUG] initial: primary_header='428', secondary_header=''
[TEMP DEBUG] _generate_column_key called: sheet_name='Sheet1', col_info.column_index=5
[TEMP DEBUG] initial: primary_header='901', secondary_header=''
[TEMP DEBUG] _generate_column_key called: sheet_name='Sheet1', col_info.column_index=2
[TEMP DEBUG] initial: primary_header='1', secondary_header=''
[TEMP DEBUG] _generate_column_key called: sheet_name='Sheet1', col_info.column_index=3
[TEMP DEBUG] initial: primary_header='428', secondary_header=''
[TEMP DEBUG] _generate_column_key called: sheet_name='Sheet1', col_info.column_index=4
[TEMP DEBUG] initial: primary_header='428', secondary_header=''
[TEMP DEBUG] _generate_column_key called: sheet_name='Sheet1', col_info.column_index=5
[TEMP DEBUG] initial: primary_header='901', secondary_header=''
[TEMP DEBUG] _generate_column_key called: sheet_name='Sheet1', col_info.column_index=2
[TEMP DEBUG] initial: primary_header='1', secondary_header=''
[TEMP DEBUG] _generate_column_key called: sheet_name='Sheet1', col_info.column_index=3
[TEMP DEBUG] initial: primary_header='428', secondary_header=''
[TEMP DEBUG] _generate_column_key called: sheet_name='Sheet1', col_info.column_index=4
[TEMP DEBUG] initial: primary_header='428', secondary_header=''
[TEMP DEBUG] _generate_column_key called: sheet_name='Sheet1', col_info.column_index=5
[TEMP DEBUG] initial: primary_header='901', secondary_header=''
[TEMP DEBUG] _generate_column_key called: sheet_name='Sheet1', col_info.column_index=2
[TEMP DEBUG] initial: primary_header='1', secondary_header=''
[TEMP DEBUG] _generate_column_key called: sheet_name='Sheet1', col_info.column_index=3
[TEMP DEBUG] initial: primary_header='428', secondary_header=''
[TEMP DEBUG] _generate_column_key called: sheet_name='Sheet1', col_info.column_index=4
[TEMP DEBUG] initial: primary_header='428', secondary_header=''
[TEMP DEBUG] _generate_column_key called: sheet_name='Sheet1', col_info.column_index=5
[TEMP DEBUG] initial: primary_header='901', secondary_header=''
[TEMP DEBUG] _generate_column_key called: sheet_name='Sheet1', col_info.column_index=2
[TEMP DEBUG] initial: primary_header='1', secondary_header=''
[TEMP DEBUG] _generate_column_key called: sheet_name='Sheet1', col_info.column_index=3
[TEMP DEBUG] initial: primary_header='428', secondary_header=''
[TEMP DEBUG] _generate_column_key called: sheet_name='Sheet1', col_info.column_index=4
[TEMP DEBUG] initial: primary_header='428', secondary_header=''
[TEMP DEBUG] _generate_column_key called: sheet_name='Sheet1', col_info.column_index=5
[TEMP DEBUG] initial: primary_header='901', secondary_header=''
[TEMP DEBUG] _generate_column_key called: sheet_name='Sheet1', col_info.column_index=2
[TEMP DEBUG] initial: primary_header='1', secondary_header=''
[TEMP DEBUG] _generate_column_key called: sheet_name='Sheet1', col_info.column_index=3
[TEMP DEBUG] initial: primary_header='428', secondary_header=''
[TEMP DEBUG] _generate_column_key called: sheet_name='Sheet1', col_info.column_index=4
[TEMP DEBUG] initial: primary_header='428', secondary_header=''
[TEMP DEBUG] _generate_column_key called: sheet_name='Sheet1', col_info.column_index=5
[TEMP DEBUG] initial: primary_header='901', secondary_header=''
[TEMP DEBUG] _generate_column_key called: sheet_name='Sheet1', col_info.column_index=2
[TEMP DEBUG] initial: primary_header='1', secondary_header=''
[TEMP DEBUG] _generate_column_key called: sheet_name='Sheet1', col_info.column_index=3
[TEMP DEBUG] initial: primary_header='428', secondary_header=''
[TEMP DEBUG] _generate_column_key called: sheet_name='Sheet1', col_info.column_index=4
[TEMP DEBUG] initial: primary_header='428', secondary_header=''
[TEMP DEBUG] _generate_column_key called: sheet_name='Sheet1', col_info.column_index=5
[TEMP DEBUG] initial: primary_header='901', secondary_header=''
[TEMP DEBUG] _generate_column_key called: sheet_name='Sheet1', col_info.column_index=2
[TEMP DEBUG] initial: primary_header='1', secondary_header=''
[TEMP DEBUG] _generate_column_key called: sheet_name='Sheet1', col_info.column_index=3
[TEMP DEBUG] initial: primary_header='428', secondary_header=''
[TEMP DEBUG] _generate_column_key called: sheet_name='Sheet1', col_info.column_index=4
[TEMP DEBUG] initial: primary_header='428', secondary_header=''
[TEMP DEBUG] _generate_column_key called: sheet_name='Sheet1', col_info.column_index=5
[TEMP DEBUG] initial: primary_header='901', secondary_header=''
[TEMP DEBUG] _generate_column_key called: sheet_name='Sheet1', col_info.column_index=2
[TEMP DEBUG] initial: primary_header='1', secondary_header=''
[TEMP DEBUG] _generate_column_key called: sheet_name='Sheet1', col_info.column_index=3
[TEMP DEBUG] initial: primary_header='428', secondary_header=''
[TEMP DEBUG] _generate_column_key called: sheet_name='Sheet1', col_info.column_index=4
[TEMP DEBUG] initial: primary_header='428', secondary_header=''
[TEMP DEBUG] _generate_column_key called: sheet_name='Sheet1', col_info.column_index=5
[TEMP DEBUG] initial: primary_header='901', secondary_header=''
[TEMP DEBUG] _generate_column_key called: sheet_name='Sheet1', col_info.column_index=2
[TEMP DEBUG] initial: primary_header='1', secondary_header=''
[TEMP DEBUG] _generate_column_key called: sheet_name='Sheet1', col_info.column_index=3
[TEMP DEBUG] initial: primary_header='428', secondary_header=''
[TEMP DEBUG] _generate_column_key called: sheet_name='Sheet1', col_info.column_index=4
[TEMP DEBUG] initial: primary_header='428', secondary_header=''
[TEMP DEBUG] _generate_column_key called: sheet_name='Sheet1', col_info.column_index=5
[TEMP DEBUG] initial: primary_header='901', secondary_header=''
[TEMP DEBUG] _generate_column_key called: sheet_name='Sheet1', col_info.column_index=2
[TEMP DEBUG] initial: primary_header='1', secondary_header=''
[TEMP DEBUG] _generate_column_key called: sheet_name='Sheet1', col_info.column_index=3
[TEMP DEBUG] initial: primary_header='428', secondary_header=''
[TEMP DEBUG] _generate_column_key called: sheet_name='Sheet1', col_info.column_index=4
[TEMP DEBUG] initial: primary_header='428', secondary_header=''
[TEMP DEBUG] _generate_column_key called: sheet_name='Sheet1', col_info.column_index=5
[TEMP DEBUG] initial: primary_header='901', secondary_header=''
[TEMP DEBUG] _generate_column_key called: sheet_name='Sheet1', col_info.column_index=2
[TEMP DEBUG] initial: primary_header='1', secondary_header=''
[TEMP DEBUG] _generate_column_key called: sheet_name='Sheet1', col_info.column_index=3
[TEMP DEBUG] initial: primary_header='428', secondary_header=''
[TEMP DEBUG] _generate_column_key called: sheet_name='Sheet1', col_info.column_index=4
[TEMP DEBUG] initial: primary_header='428', secondary_header=''
[TEMP DEBUG] _generate_column_key called: sheet_name='Sheet1', col_info.column_index=5
[TEMP DEBUG] initial: primary_header='901', secondary_header=''
[TEMP DEBUG] _generate_column_key called: sheet_name='Sheet1', col_info.column_index=2
[TEMP DEBUG] initial: primary_header='1', secondary_header=''
[TEMP DEBUG] _generate_column_key called: sheet_name='Sheet1', col_info.column_index=3
[TEMP DEBUG] initial: primary_header='428', secondary_header=''
[TEMP DEBUG] _generate_column_key called: sheet_name='Sheet1', col_info.column_index=4
[TEMP DEBUG] initial: primary_header='428', secondary_header=''
[TEMP DEBUG] _generate_column_key called: sheet_name='Sheet1', col_info.column_index=5
[TEMP DEBUG] initial: primary_header='901', secondary_header=''
[TEMP DEBUG] _generate_column_key called: sheet_name='Sheet1', col_info.column_index=2
[TEMP DEBUG] initial: primary_header='1', secondary_header=''
[TEMP DEBUG] _generate_column_key called: sheet_name='Sheet1', col_info.column_index=3
[TEMP DEBUG] initial: primary_header='428', secondary_header=''
[TEMP DEBUG] _generate_column_key called: sheet_name='Sheet1', col_info.column_index=4
[TEMP DEBUG] initial: primary_header='428', secondary_header=''
[TEMP DEBUG] _generate_column_key called: sheet_name='Sheet1', col_info.column_index=5
[TEMP DEBUG] initial: primary_header='901', secondary_header=''
[TEMP DEBUG] _generate_column_key called: sheet_name='Sheet1', col_info.column_index=2
[TEMP DEBUG] initial: primary_header='1', secondary_header=''
[TEMP DEBUG] _generate_column_key called: sheet_name='Sheet1', col_info.column_index=3
[TEMP DEBUG] initial: primary_header='428', secondary_header=''
[TEMP DEBUG] _generate_column_key called: sheet_name='Sheet1', col_info.column_index=4
[TEMP DEBUG] initial: primary_header='428', secondary_header=''
[TEMP DEBUG] _generate_column_key called: sheet_name='Sheet1', col_info.column_index=5
[TEMP DEBUG] initial: primary_header='901', secondary_header=''
  提取到 20 个来源项

提取数据源表 '科目余额表2022' 的来源项...
  分析表格模式...
  识别为: 科目余额表
    使用科目余额表专用提取逻辑
    数据开始行: 3
    发现 12 个数据列
[TEMP DEBUG] _generate_column_key called: sheet_name='科目余额表2022', col_info.column_index=1
[TEMP DEBUG] initial: primary_header='科目代码', secondary_header=''
[TEMP DEBUG] _generate_column_key called: sheet_name='科目余额表2022', col_info.column_index=7
[TEMP DEBUG] initial: primary_header='本期发生额', secondary_header='借方'
[TEMP DEBUG] _generate_column_key called: sheet_name='科目余额表2022', col_info.column_index=8
[TEMP DEBUG] initial: primary_header='', secondary_header='贷方'
[TEMP DEBUG] Excel读取列头成功: col=8, header='2654657.98'
[TEMP DEBUG] _generate_column_key called: sheet_name='科目余额表2022', col_info.column_index=9
[TEMP DEBUG] initial: primary_header='本年累计', secondary_header='借方'
[TEMP DEBUG] _generate_column_key called: sheet_name='科目余额表2022', col_info.column_index=10
[TEMP DEBUG] initial: primary_header='', secondary_header='贷方'
[TEMP DEBUG] Excel读取列头成功: col=10, header='17414384.71'
[TEMP DEBUG] _generate_column_key called: sheet_name='科目余额表2022', col_info.column_index=1
[TEMP DEBUG] initial: primary_header='科目代码', secondary_header=''
[TEMP DEBUG] _generate_column_key called: sheet_name='科目余额表2022', col_info.column_index=5
[TEMP DEBUG] initial: primary_header='期初余额', secondary_header='借方'
[TEMP DEBUG] _generate_column_key called: sheet_name='科目余额表2022', col_info.column_index=7
[TEMP DEBUG] initial: primary_header='本期发生额', secondary_header='借方'
[TEMP DEBUG] _generate_column_key called: sheet_name='科目余额表2022', col_info.column_index=8
[TEMP DEBUG] initial: primary_header='', secondary_header='贷方'
[TEMP DEBUG] Excel读取列头成功: col=8, header='2654657.98'
[TEMP DEBUG] _generate_column_key called: sheet_name='科目余额表2022', col_info.column_index=9
[TEMP DEBUG] initial: primary_header='本年累计', secondary_header='借方'
[TEMP DEBUG] _generate_column_key called: sheet_name='科目余额表2022', col_info.column_index=10
[TEMP DEBUG] initial: primary_header='', secondary_header='贷方'
[TEMP DEBUG] Excel读取列头成功: col=10, header='17414384.71'
[TEMP DEBUG] _generate_column_key called: sheet_name='科目余额表2022', col_info.column_index=11
[TEMP DEBUG] initial: primary_header='期末余额', secondary_header='借方'
[TEMP DEBUG] _generate_column_key called: sheet_name='科目余额表2022', col_info.column_index=1
[TEMP DEBUG] initial: primary_header='科目代码', secondary_header=''
[TEMP DEBUG] _generate_column_key called: sheet_name='科目余额表2022', col_info.column_index=5
[TEMP DEBUG] initial: primary_header='期初余额', secondary_header='借方'
[TEMP DEBUG] _generate_column_key called: sheet_name='科目余额表2022', col_info.column_index=7
[TEMP DEBUG] initial: primary_header='本期发生额', secondary_header='借方'
[TEMP DEBUG] _generate_column_key called: sheet_name='科目余额表2022', col_info.column_index=8
[TEMP DEBUG] initial: primary_header='', secondary_header='贷方'
[TEMP DEBUG] Excel读取列头成功: col=8, header='2654657.98'
[TEMP DEBUG] _generate_column_key called: sheet_name='科目余额表2022', col_info.column_index=9
[TEMP DEBUG] initial: primary_header='本年累计', secondary_header='借方'
[TEMP DEBUG] _generate_column_key called: sheet_name='科目余额表2022', col_info.column_index=10
[TEMP DEBUG] initial: primary_header='', secondary_header='贷方'
[TEMP DEBUG] Excel读取列头成功: col=10, header='17414384.71'
[TEMP DEBUG] _generate_column_key called: sheet_name='科目余额表2022', col_info.column_index=11
[TEMP DEBUG] initial: primary_header='期末余额', secondary_header='借方'
[TEMP DEBUG] _generate_column_key called: sheet_name='科目余额表2022', col_info.column_index=1
[TEMP DEBUG] initial: primary_header='科目代码', secondary_header=''
[TEMP DEBUG] _generate_column_key called: sheet_name='科目余额表2022', col_info.column_index=1
[TEMP DEBUG] initial: primary_header='科目代码', secondary_header=''
[TEMP DEBUG] _generate_column_key called: sheet_name='科目余额表2022', col_info.column_index=7
[TEMP DEBUG] initial: primary_header='本期发生额', secondary_header='借方'
[TEMP DEBUG] _generate_column_key called: sheet_name='科目余额表2022', col_info.column_index=9
[TEMP DEBUG] initial: primary_header='本年累计', secondary_header='借方'
[TEMP DEBUG] _generate_column_key called: sheet_name='科目余额表2022', col_info.column_index=11
[TEMP DEBUG] initial: primary_header='期末余额', secondary_header='借方'
[TEMP DEBUG] _generate_column_key called: sheet_name='科目余额表2022', col_info.column_index=1
[TEMP DEBUG] initial: primary_header='科目代码', secondary_header=''
[TEMP DEBUG] _generate_column_key called: sheet_name='科目余额表2022', col_info.column_index=7
[TEMP DEBUG] initial: primary_header='本期发生额', secondary_header='借方'
[TEMP DEBUG] _generate_column_key called: sheet_name='科目余额表2022', col_info.column_index=8
[TEMP DEBUG] initial: primary_header='', secondary_header='贷方'
[TEMP DEBUG] Excel读取列头成功: col=8, header='2654657.98'
[TEMP DEBUG] _generate_column_key called: sheet_name='科目余额表2022', col_info.column_index=9
[TEMP DEBUG] initial: primary_header='本年累计', secondary_header='借方'
[TEMP DEBUG] _generate_column_key called: sheet_name='科目余额表2022', col_info.column_index=10
[TEMP DEBUG] initial: primary_header='', secondary_header='贷方'
[TEMP DEBUG] Excel读取列头成功: col=10, header='17414384.71'
[TEMP DEBUG] _generate_column_key called: sheet_name='科目余额表2022', col_info.column_index=11
[TEMP DEBUG] initial: primary_header='期末余额', secondary_header='借方'
[TEMP DEBUG] _generate_column_key called: sheet_name='科目余额表2022', col_info.column_index=1
[TEMP DEBUG] initial: primary_header='科目代码', secondary_header=''
[TEMP DEBUG] _generate_column_key called: sheet_name='科目余额表2022', col_info.column_index=5
[TEMP DEBUG] initial: primary_header='期初余额', secondary_header='借方'
[TEMP DEBUG] _generate_column_key called: sheet_name='科目余额表2022', col_info.column_index=7
[TEMP DEBUG] initial: primary_header='本期发生额', secondary_header='借方'
[TEMP DEBUG] _generate_column_key called: sheet_name='科目余额表2022', col_info.column_index=8
[TEMP DEBUG] initial: primary_header='', secondary_header='贷方'
[TEMP DEBUG] Excel读取列头成功: col=8, header='2654657.98'
[TEMP DEBUG] _generate_column_key called: sheet_name='科目余额表2022', col_info.column_index=9
[TEMP DEBUG] initial: primary_header='本年累计', secondary_header='借方'
[TEMP DEBUG] _generate_column_key called: sheet_name='科目余额表2022', col_info.column_index=10
[TEMP DEBUG] initial: primary_header='', secondary_header='贷方'
[TEMP DEBUG] Excel读取列头成功: col=10, header='17414384.71'
[TEMP DEBUG] _generate_column_key called: sheet_name='科目余额表2022', col_info.column_index=11
[TEMP DEBUG] initial: primary_header='期末余额', secondary_header='借方'
[TEMP DEBUG] _generate_column_key called: sheet_name='科目余额表2022', col_info.column_index=1
[TEMP DEBUG] initial: primary_header='科目代码', secondary_header=''
[TEMP DEBUG] _generate_column_key called: sheet_name='科目余额表2022', col_info.column_index=1
[TEMP DEBUG] initial: primary_header='科目代码', secondary_header=''
[TEMP DEBUG] _generate_column_key called: sheet_name='科目余额表2022', col_info.column_index=1
[TEMP DEBUG] initial: primary_header='科目代码', secondary_header=''
[TEMP DEBUG] _generate_column_key called: sheet_name='科目余额表2022', col_info.column_index=1
[TEMP DEBUG] initial: primary_header='科目代码', secondary_header=''
[TEMP DEBUG] _generate_column_key called: sheet_name='科目余额表2022', col_info.column_index=5
[TEMP DEBUG] initial: primary_header='期初余额', secondary_header='借方'
[TEMP DEBUG] _generate_column_key called: sheet_name='科目余额表2022', col_info.column_index=8
[TEMP DEBUG] initial: primary_header='', secondary_header='贷方'
[TEMP DEBUG] Excel读取列头成功: col=8, header='2654657.98'
[TEMP DEBUG] _generate_column_key called: sheet_name='科目余额表2022', col_info.column_index=10
[TEMP DEBUG] initial: primary_header='', secondary_header='贷方'
[TEMP DEBUG] Excel读取列头成功: col=10, header='17414384.71'
[TEMP DEBUG] _generate_column_key called: sheet_name='科目余额表2022', col_info.column_index=11
[TEMP DEBUG] initial: primary_header='期末余额', secondary_header='借方'
[TEMP DEBUG] _generate_column_key called: sheet_name='科目余额表2022', col_info.column_index=1
[TEMP DEBUG] initial: primary_header='科目代码', secondary_header=''
[TEMP DEBUG] _generate_column_key called: sheet_name='科目余额表2022', col_info.column_index=5
[TEMP DEBUG] initial: primary_header='期初余额', secondary_header='借方'
[TEMP DEBUG] _generate_column_key called: sheet_name='科目余额表2022', col_info.column_index=7
[TEMP DEBUG] initial: primary_header='本期发生额', secondary_header='借方'
[TEMP DEBUG] _generate_column_key called: sheet_name='科目余额表2022', col_info.column_index=8
[TEMP DEBUG] initial: primary_header='', secondary_header='贷方'
[TEMP DEBUG] Excel读取列头成功: col=8, header='2654657.98'
[TEMP DEBUG] _generate_column_key called: sheet_name='科目余额表2022', col_info.column_index=9
[TEMP DEBUG] initial: primary_header='本年累计', secondary_header='借方'
[TEMP DEBUG] _generate_column_key called: sheet_name='科目余额表2022', col_info.column_index=10
[TEMP DEBUG] initial: primary_header='', secondary_header='贷方'
[TEMP DEBUG] Excel读取列头成功: col=10, header='17414384.71'
[TEMP DEBUG] _generate_column_key called: sheet_name='科目余额表2022', col_info.column_index=11
[TEMP DEBUG] initial: primary_header='期末余额', secondary_header='借方'
[TEMP DEBUG] _generate_column_key called: sheet_name='科目余额表2022', col_info.column_index=1
[TEMP DEBUG] initial: primary_header='科目代码', secondary_header=''
[TEMP DEBUG] _generate_column_key called: sheet_name='科目余额表2022', col_info.column_index=1
[TEMP DEBUG] initial: primary_header='科目代码', secondary_header=''
[TEMP DEBUG] _generate_column_key called: sheet_name='科目余额表2022', col_info.column_index=1
[TEMP DEBUG] initial: primary_header='科目代码', secondary_header=''
[TEMP DEBUG] _generate_column_key called: sheet_name='科目余额表2022', col_info.column_index=1
[TEMP DEBUG] initial: primary_header='科目代码', secondary_header=''
[TEMP DEBUG] _generate_column_key called: sheet_name='科目余额表2022', col_info.column_index=1
[TEMP DEBUG] initial: primary_header='科目代码', secondary_header=''
[TEMP DEBUG] _generate_column_key called: sheet_name='科目余额表2022', col_info.column_index=1
[TEMP DEBUG] initial: primary_header='科目代码', secondary_header=''
[TEMP DEBUG] _generate_column_key called: sheet_name='科目余额表2022', col_info.column_index=5
[TEMP DEBUG] initial: primary_header='期初余额', secondary_header='借方'
[TEMP DEBUG] _generate_column_key called: sheet_name='科目余额表2022', col_info.column_index=7
[TEMP DEBUG] initial: primary_header='本期发生额', secondary_header='借方'
[TEMP DEBUG] _generate_column_key called: sheet_name='科目余额表2022', col_info.column_index=9
[TEMP DEBUG] initial: primary_header='本年累计', secondary_header='借方'
[TEMP DEBUG] _generate_column_key called: sheet_name='科目余额表2022', col_info.column_index=11
[TEMP DEBUG] initial: primary_header='期末余额', secondary_header='借方'
[TEMP DEBUG] _generate_column_key called: sheet_name='科目余额表2022', col_info.column_index=1
[TEMP DEBUG] initial: primary_header='科目代码', secondary_header=''
[TEMP DEBUG] _generate_column_key called: sheet_name='科目余额表2022', col_info.column_index=1
[TEMP DEBUG] initial: primary_header='科目代码', secondary_header=''
[TEMP DEBUG] _generate_column_key called: sheet_name='科目余额表2022', col_info.column_index=1
[TEMP DEBUG] initial: primary_header='科目代码', secondary_header=''
[TEMP DEBUG] _generate_column_key called: sheet_name='科目余额表2022', col_info.column_index=1
[TEMP DEBUG] initial: primary_header='科目代码', secondary_header=''
[TEMP DEBUG] _generate_column_key called: sheet_name='科目余额表2022', col_info.column_index=1
[TEMP DEBUG] initial: primary_header='科目代码', secondary_header=''
[TEMP DEBUG] _generate_column_key called: sheet_name='科目余额表2022', col_info.column_index=7
[TEMP DEBUG] initial: primary_header='本期发生额', secondary_header='借方'
[TEMP DEBUG] _generate_column_key called: sheet_name='科目余额表2022', col_info.column_index=9
[TEMP DEBUG] initial: primary_header='本年累计', secondary_header='借方'
[TEMP DEBUG] _generate_column_key called: sheet_name='科目余额表2022', col_info.column_index=11
[TEMP DEBUG] initial: primary_header='期末余额', secondary_header='借方'
[TEMP DEBUG] _generate_column_key called: sheet_name='科目余额表2022', col_info.column_index=1
[TEMP DEBUG] initial: primary_header='科目代码', secondary_header=''
[TEMP DEBUG] _generate_column_key called: sheet_name='科目余额表2022', col_info.column_index=1
[TEMP DEBUG] initial: primary_header='科目代码', secondary_header=''
[TEMP DEBUG] _generate_column_key called: sheet_name='科目余额表2022', col_info.column_index=1
[TEMP DEBUG] initial: primary_header='科目代码', secondary_header=''
[TEMP DEBUG] _generate_column_key called: sheet_name='科目余额表2022', col_info.column_index=1
[TEMP DEBUG] initial: primary_header='科目代码', secondary_header=''
[TEMP DEBUG] _generate_column_key called: sheet_name='科目余额表2022', col_info.column_index=1
[TEMP DEBUG] initial: primary_header='科目代码', secondary_header=''
[TEMP DEBUG] _generate_column_key called: sheet_name='科目余额表2022', col_info.column_index=1
[TEMP DEBUG] initial: primary_header='科目代码', secondary_header=''
[TEMP DEBUG] _generate_column_key called: sheet_name='科目余额表2022', col_info.column_index=1
[TEMP DEBUG] initial: primary_header='科目代码', secondary_header=''
[TEMP DEBUG] _generate_column_key called: sheet_name='科目余额表2022', col_info.column_index=1
[TEMP DEBUG] initial: primary_header='科目代码', secondary_header=''
[TEMP DEBUG] _generate_column_key called: sheet_name='科目余额表2022', col_info.column_index=1
[TEMP DEBUG] initial: primary_header='科目代码', secondary_header=''
[TEMP DEBUG] _generate_column_key called: sheet_name='科目余额表2022', col_info.column_index=1
[TEMP DEBUG] initial: primary_header='科目代码', secondary_header=''
[TEMP DEBUG] _generate_column_key called: sheet_name='科目余额表2022', col_info.column_index=1
[TEMP DEBUG] initial: primary_header='科目代码', secondary_header=''
[TEMP DEBUG] _generate_column_key called: sheet_name='科目余额表2022', col_info.column_index=1
[TEMP DEBUG] initial: primary_header='科目代码', secondary_header=''
[TEMP DEBUG] _generate_column_key called: sheet_name='科目余额表2022', col_info.column_index=1
[TEMP DEBUG] initial: primary_header='科目代码', secondary_header=''
[TEMP DEBUG] _generate_column_key called: sheet_name='科目余额表2022', col_info.column_index=1
[TEMP DEBUG] initial: primary_header='科目代码', secondary_header=''
[TEMP DEBUG] _generate_column_key called: sheet_name='科目余额表2022', col_info.column_index=1
[TEMP DEBUG] initial: primary_header='科目代码', secondary_header=''
[TEMP DEBUG] _generate_column_key called: sheet_name='科目余额表2022', col_info.column_index=1
[TEMP DEBUG] initial: primary_header='科目代码', secondary_header=''
[TEMP DEBUG] _generate_column_key called: sheet_name='科目余额表2022', col_info.column_index=5
[TEMP DEBUG] initial: primary_header='期初余额', secondary_header='借方'
[TEMP DEBUG] _generate_column_key called: sheet_name='科目余额表2022', col_info.column_index=9
[TEMP DEBUG] initial: primary_header='本年累计', secondary_header='借方'
[TEMP DEBUG] _generate_column_key called: sheet_name='科目余额表2022', col_info.column_index=10
[TEMP DEBUG] initial: primary_header='', secondary_header='贷方'
[TEMP DEBUG] Excel读取列头成功: col=10, header='17414384.71'
[TEMP DEBUG] _generate_column_key called: sheet_name='科目余额表2022', col_info.column_index=11
[TEMP DEBUG] initial: primary_header='期末余额', secondary_header='借方'
[TEMP DEBUG] _generate_column_key called: sheet_name='科目余额表2022', col_info.column_index=1
[TEMP DEBUG] initial: primary_header='科目代码', secondary_header=''
[TEMP DEBUG] _generate_column_key called: sheet_name='科目余额表2022', col_info.column_index=5
[TEMP DEBUG] initial: primary_header='期初余额', secondary_header='借方'
[TEMP DEBUG] _generate_column_key called: sheet_name='科目余额表2022', col_info.column_index=9
[TEMP DEBUG] initial: primary_header='本年累计', secondary_header='借方'
[TEMP DEBUG] _generate_column_key called: sheet_name='科目余额表2022', col_info.column_index=10
[TEMP DEBUG] initial: primary_header='', secondary_header='贷方'
[TEMP DEBUG] Excel读取列头成功: col=10, header='17414384.71'
[TEMP DEBUG] _generate_column_key called: sheet_name='科目余额表2022', col_info.column_index=11
[TEMP DEBUG] initial: primary_header='期末余额', secondary_header='借方'
[TEMP DEBUG] _generate_column_key called: sheet_name='科目余额表2022', col_info.column_index=5
[TEMP DEBUG] initial: primary_header='期初余额', secondary_header='借方'
[TEMP DEBUG] _generate_column_key called: sheet_name='科目余额表2022', col_info.column_index=9
[TEMP DEBUG] initial: primary_header='本年累计', secondary_header='借方'
[TEMP DEBUG] _generate_column_key called: sheet_name='科目余额表2022', col_info.column_index=10
[TEMP DEBUG] initial: primary_header='', secondary_header='贷方'
[TEMP DEBUG] Excel读取列头成功: col=10, header='17414384.71'
[TEMP DEBUG] _generate_column_key called: sheet_name='科目余额表2022', col_info.column_index=11
[TEMP DEBUG] initial: primary_header='期末余额', secondary_header='借方'
[TEMP DEBUG] _generate_column_key called: sheet_name='科目余额表2022', col_info.column_index=1
[TEMP DEBUG] initial: primary_header='科目代码', secondary_header=''
[TEMP DEBUG] _generate_column_key called: sheet_name='科目余额表2022', col_info.column_index=5
[TEMP DEBUG] initial: primary_header='期初余额', secondary_header='借方'
[TEMP DEBUG] _generate_column_key called: sheet_name='科目余额表2022', col_info.column_index=11
[TEMP DEBUG] initial: primary_header='期末余额', secondary_header='借方'
[TEMP DEBUG] _generate_column_key called: sheet_name='科目余额表2022', col_info.column_index=1
[TEMP DEBUG] initial: primary_header='科目代码', secondary_header=''
[TEMP DEBUG] _generate_column_key called: sheet_name='科目余额表2022', col_info.column_index=1
[TEMP DEBUG] initial: primary_header='科目代码', secondary_header=''
[TEMP DEBUG] _generate_column_key called: sheet_name='科目余额表2022', col_info.column_index=1
[TEMP DEBUG] initial: primary_header='科目代码', secondary_header=''
[TEMP DEBUG] _generate_column_key called: sheet_name='科目余额表2022', col_info.column_index=1
[TEMP DEBUG] initial: primary_header='科目代码', secondary_header=''
[TEMP DEBUG] _generate_column_key called: sheet_name='科目余额表2022', col_info.column_index=5
[TEMP DEBUG] initial: primary_header='期初余额', secondary_header='借方'
[TEMP DEBUG] _generate_column_key called: sheet_name='科目余额表2022', col_info.column_index=7
[TEMP DEBUG] initial: primary_header='本期发生额', secondary_header='借方'
[TEMP DEBUG] _generate_column_key called: sheet_name='科目余额表2022', col_info.column_index=8
[TEMP DEBUG] initial: primary_header='', secondary_header='贷方'
[TEMP DEBUG] Excel读取列头成功: col=8, header='2654657.98'
[TEMP DEBUG] _generate_column_key called: sheet_name='科目余额表2022', col_info.column_index=9
[TEMP DEBUG] initial: primary_header='本年累计', secondary_header='借方'
[TEMP DEBUG] _generate_column_key called: sheet_name='科目余额表2022', col_info.column_index=10
[TEMP DEBUG] initial: primary_header='', secondary_header='贷方'
[TEMP DEBUG] Excel读取列头成功: col=10, header='17414384.71'
[TEMP DEBUG] _generate_column_key called: sheet_name='科目余额表2022', col_info.column_index=11
[TEMP DEBUG] initial: primary_header='期末余额', secondary_header='借方'
[TEMP DEBUG] _generate_column_key called: sheet_name='科目余额表2022', col_info.column_index=1
[TEMP DEBUG] initial: primary_header='科目代码', secondary_header=''
[TEMP DEBUG] _generate_column_key called: sheet_name='科目余额表2022', col_info.column_index=5
[TEMP DEBUG] initial: primary_header='期初余额', secondary_header='借方'
[TEMP DEBUG] _generate_column_key called: sheet_name='科目余额表2022', col_info.column_index=7
[TEMP DEBUG] initial: primary_header='本期发生额', secondary_header='借方'
[TEMP DEBUG] _generate_column_key called: sheet_name='科目余额表2022', col_info.column_index=8
[TEMP DEBUG] initial: primary_header='', secondary_header='贷方'
[TEMP DEBUG] Excel读取列头成功: col=8, header='2654657.98'
[TEMP DEBUG] _generate_column_key called: sheet_name='科目余额表2022', col_info.column_index=9
[TEMP DEBUG] initial: primary_header='本年累计', secondary_header='借方'
[TEMP DEBUG] _generate_column_key called: sheet_name='科目余额表2022', col_info.column_index=10
[TEMP DEBUG] initial: primary_header='', secondary_header='贷方'
[TEMP DEBUG] Excel读取列头成功: col=10, header='17414384.71'
[TEMP DEBUG] _generate_column_key called: sheet_name='科目余额表2022', col_info.column_index=11
[TEMP DEBUG] initial: primary_header='期末余额', secondary_header='借方'
[TEMP DEBUG] _generate_column_key called: sheet_name='科目余额表2022', col_info.column_index=5
[TEMP DEBUG] initial: primary_header='期初余额', secondary_header='借方'
[TEMP DEBUG] _generate_column_key called: sheet_name='科目余额表2022', col_info.column_index=7
[TEMP DEBUG] initial: primary_header='本期发生额', secondary_header='借方'
[TEMP DEBUG] _generate_column_key called: sheet_name='科目余额表2022', col_info.column_index=8
[TEMP DEBUG] initial: primary_header='', secondary_header='贷方'
[TEMP DEBUG] Excel读取列头成功: col=8, header='2654657.98'
[TEMP DEBUG] _generate_column_key called: sheet_name='科目余额表2022', col_info.column_index=9
[TEMP DEBUG] initial: primary_header='本年累计', secondary_header='借方'
[TEMP DEBUG] _generate_column_key called: sheet_name='科目余额表2022', col_info.column_index=10
[TEMP DEBUG] initial: primary_header='', secondary_header='贷方'
[TEMP DEBUG] Excel读取列头成功: col=10, header='17414384.71'
[TEMP DEBUG] _generate_column_key called: sheet_name='科目余额表2022', col_info.column_index=11
[TEMP DEBUG] initial: primary_header='期末余额', secondary_header='借方'
[TEMP DEBUG] _generate_column_key called: sheet_name='科目余额表2022', col_info.column_index=5
[TEMP DEBUG] initial: primary_header='期初余额', secondary_header='借方'
[TEMP DEBUG] _generate_column_key called: sheet_name='科目余额表2022', col_info.column_index=10
[TEMP DEBUG] initial: primary_header='', secondary_header='贷方'
[TEMP DEBUG] Excel读取列头成功: col=10, header='17414384.71'
[TEMP DEBUG] _generate_column_key called: sheet_name='科目余额表2022', col_info.column_index=11
[TEMP DEBUG] initial: primary_header='期末余额', secondary_header='借方'
[TEMP DEBUG] _generate_column_key called: sheet_name='科目余额表2022', col_info.column_index=5
[TEMP DEBUG] initial: primary_header='期初余额', secondary_header='借方'
[TEMP DEBUG] _generate_column_key called: sheet_name='科目余额表2022', col_info.column_index=10
[TEMP DEBUG] initial: primary_header='', secondary_header='贷方'
[TEMP DEBUG] Excel读取列头成功: col=10, header='17414384.71'
[TEMP DEBUG] _generate_column_key called: sheet_name='科目余额表2022', col_info.column_index=11
[TEMP DEBUG] initial: primary_header='期末余额', secondary_header='借方'
[TEMP DEBUG] _generate_column_key called: sheet_name='科目余额表2022', col_info.column_index=1
[TEMP DEBUG] initial: primary_header='科目代码', secondary_header=''
[TEMP DEBUG] _generate_column_key called: sheet_name='科目余额表2022', col_info.column_index=5
[TEMP DEBUG] initial: primary_header='期初余额', secondary_header='借方'
[TEMP DEBUG] _generate_column_key called: sheet_name='科目余额表2022', col_info.column_index=7
[TEMP DEBUG] initial: primary_header='本期发生额', secondary_header='借方'
[TEMP DEBUG] _generate_column_key called: sheet_name='科目余额表2022', col_info.column_index=8
[TEMP DEBUG] initial: primary_header='', secondary_header='贷方'
[TEMP DEBUG] Excel读取列头成功: col=8, header='2654657.98'
[TEMP DEBUG] _generate_column_key called: sheet_name='科目余额表2022', col_info.column_index=9
[TEMP DEBUG] initial: primary_header='本年累计', secondary_header='借方'
[TEMP DEBUG] _generate_column_key called: sheet_name='科目余额表2022', col_info.column_index=10
[TEMP DEBUG] initial: primary_header='', secondary_header='贷方'
[TEMP DEBUG] Excel读取列头成功: col=10, header='17414384.71'
[TEMP DEBUG] _generate_column_key called: sheet_name='科目余额表2022', col_info.column_index=11
[TEMP DEBUG] initial: primary_header='期末余额', secondary_header='借方'
[TEMP DEBUG] _generate_column_key called: sheet_name='科目余额表2022', col_info.column_index=1
[TEMP DEBUG] initial: primary_header='科目代码', secondary_header=''
[TEMP DEBUG] _generate_column_key called: sheet_name='科目余额表2022', col_info.column_index=1
[TEMP DEBUG] initial: primary_header='科目代码', secondary_header=''
[TEMP DEBUG] _generate_column_key called: sheet_name='科目余额表2022', col_info.column_index=1
[TEMP DEBUG] initial: primary_header='科目代码', secondary_header=''
[TEMP DEBUG] _generate_column_key called: sheet_name='科目余额表2022', col_info.column_index=1
[TEMP DEBUG] initial: primary_header='科目代码', secondary_header=''
[TEMP DEBUG] _generate_column_key called: sheet_name='科目余额表2022', col_info.column_index=1
[TEMP DEBUG] initial: primary_header='科目代码', secondary_header=''
[TEMP DEBUG] _generate_column_key called: sheet_name='科目余额表2022', col_info.column_index=5
[TEMP DEBUG] initial: primary_header='期初余额', secondary_header='借方'
[TEMP DEBUG] _generate_column_key called: sheet_name='科目余额表2022', col_info.column_index=8
[TEMP DEBUG] initial: primary_header='', secondary_header='贷方'
[TEMP DEBUG] Excel读取列头成功: col=8, header='2654657.98'
[TEMP DEBUG] _generate_column_key called: sheet_name='科目余额表2022', col_info.column_index=9
[TEMP DEBUG] initial: primary_header='本年累计', secondary_header='借方'
[TEMP DEBUG] _generate_column_key called: sheet_name='科目余额表2022', col_info.column_index=10
[TEMP DEBUG] initial: primary_header='', secondary_header='贷方'
[TEMP DEBUG] Excel读取列头成功: col=10, header='17414384.71'
[TEMP DEBUG] _generate_column_key called: sheet_name='科目余额表2022', col_info.column_index=11
[TEMP DEBUG] initial: primary_header='期末余额', secondary_header='借方'
[TEMP DEBUG] _generate_column_key called: sheet_name='科目余额表2022', col_info.column_index=1
[TEMP DEBUG] initial: primary_header='科目代码', secondary_header=''
[TEMP DEBUG] _generate_column_key called: sheet_name='科目余额表2022', col_info.column_index=1
[TEMP DEBUG] initial: primary_header='科目代码', secondary_header=''
[TEMP DEBUG] _generate_column_key called: sheet_name='科目余额表2022', col_info.column_index=1
[TEMP DEBUG] initial: primary_header='科目代码', secondary_header=''
[TEMP DEBUG] _generate_column_key called: sheet_name='科目余额表2022', col_info.column_index=1
[TEMP DEBUG] initial: primary_header='科目代码', secondary_header=''
[TEMP DEBUG] _generate_column_key called: sheet_name='科目余额表2022', col_info.column_index=1
[TEMP DEBUG] initial: primary_header='科目代码', secondary_header=''
[TEMP DEBUG] _generate_column_key called: sheet_name='科目余额表2022', col_info.column_index=1
[TEMP DEBUG] initial: primary_header='科目代码', secondary_header=''
[TEMP DEBUG] _generate_column_key called: sheet_name='科目余额表2022', col_info.column_index=1
[TEMP DEBUG] initial: primary_header='科目代码', secondary_header=''
[TEMP DEBUG] _generate_column_key called: sheet_name='科目余额表2022', col_info.column_index=1
[TEMP DEBUG] initial: primary_header='科目代码', secondary_header=''
[TEMP DEBUG] _generate_column_key called: sheet_name='科目余额表2022', col_info.column_index=1
[TEMP DEBUG] initial: primary_header='科目代码', secondary_header=''
[TEMP DEBUG] _generate_column_key called: sheet_name='科目余额表2022', col_info.column_index=1
[TEMP DEBUG] initial: primary_header='科目代码', secondary_header=''
[TEMP DEBUG] _generate_column_key called: sheet_name='科目余额表2022', col_info.column_index=1
[TEMP DEBUG] initial: primary_header='科目代码', secondary_header=''
[TEMP DEBUG] _generate_column_key called: sheet_name='科目余额表2022', col_info.column_index=1
[TEMP DEBUG] initial: primary_header='科目代码', secondary_header=''
[TEMP DEBUG] _generate_column_key called: sheet_name='科目余额表2022', col_info.column_index=1
[TEMP DEBUG] initial: primary_header='科目代码', secondary_header=''
[TEMP DEBUG] _generate_column_key called: sheet_name='科目余额表2022', col_info.column_index=1
[TEMP DEBUG] initial: primary_header='科目代码', secondary_header=''
[TEMP DEBUG] _generate_column_key called: sheet_name='科目余额表2022', col_info.column_index=1
[TEMP DEBUG] initial: primary_header='科目代码', secondary_header=''
[TEMP DEBUG] _generate_column_key called: sheet_name='科目余额表2022', col_info.column_index=1
[TEMP DEBUG] initial: primary_header='科目代码', secondary_header=''
[TEMP DEBUG] _generate_column_key called: sheet_name='科目余额表2022', col_info.column_index=1
[TEMP DEBUG] initial: primary_header='科目代码', secondary_header=''
[TEMP DEBUG] _generate_column_key called: sheet_name='科目余额表2022', col_info.column_index=1
[TEMP DEBUG] initial: primary_header='科目代码', secondary_header=''
[TEMP DEBUG] _generate_column_key called: sheet_name='科目余额表2022', col_info.column_index=1
[TEMP DEBUG] initial: primary_header='科目代码', secondary_header=''
[TEMP DEBUG] _generate_column_key called: sheet_name='科目余额表2022', col_info.column_index=1
[TEMP DEBUG] initial: primary_header='科目代码', secondary_header=''
[TEMP DEBUG] _generate_column_key called: sheet_name='科目余额表2022', col_info.column_index=1
[TEMP DEBUG] initial: primary_header='科目代码', secondary_header=''
[TEMP DEBUG] _generate_column_key called: sheet_name='科目余额表2022', col_info.column_index=1
[TEMP DEBUG] initial: primary_header='科目代码', secondary_header=''
[TEMP DEBUG] _generate_column_key called: sheet_name='科目余额表2022', col_info.column_index=1
[TEMP DEBUG] initial: primary_header='科目代码', secondary_header=''
[TEMP DEBUG] _generate_column_key called: sheet_name='科目余额表2022', col_info.column_index=1
[TEMP DEBUG] initial: primary_header='科目代码', secondary_header=''
[TEMP DEBUG] _generate_column_key called: sheet_name='科目余额表2022', col_info.column_index=1
[TEMP DEBUG] initial: primary_header='科目代码', secondary_header=''
[TEMP DEBUG] _generate_column_key called: sheet_name='科目余额表2022', col_info.column_index=1
[TEMP DEBUG] initial: primary_header='科目代码', secondary_header=''
[TEMP DEBUG] _generate_column_key called: sheet_name='科目余额表2022', col_info.column_index=1
[TEMP DEBUG] initial: primary_header='科目代码', secondary_header=''
[TEMP DEBUG] _generate_column_key called: sheet_name='科目余额表2022', col_info.column_index=1
[TEMP DEBUG] initial: primary_header='科目代码', secondary_header=''
[TEMP DEBUG] _generate_column_key called: sheet_name='科目余额表2022', col_info.column_index=1
[TEMP DEBUG] initial: primary_header='科目代码', secondary_header=''
[TEMP DEBUG] _generate_column_key called: sheet_name='科目余额表2022', col_info.column_index=1
[TEMP DEBUG] initial: primary_header='科目代码', secondary_header=''
[TEMP DEBUG] _generate_column_key called: sheet_name='科目余额表2022', col_info.column_index=1
[TEMP DEBUG] initial: primary_header='科目代码', secondary_header=''
[TEMP DEBUG] _generate_column_key called: sheet_name='科目余额表2022', col_info.column_index=1
[TEMP DEBUG] initial: primary_header='科目代码', secondary_header=''
[TEMP DEBUG] _generate_column_key called: sheet_name='科目余额表2022', col_info.column_index=1
[TEMP DEBUG] initial: primary_header='科目代码', secondary_header=''
[TEMP DEBUG] _generate_column_key called: sheet_name='科目余额表2022', col_info.column_index=1
[TEMP DEBUG] initial: primary_header='科目代码', secondary_header=''
[TEMP DEBUG] _generate_column_key called: sheet_name='科目余额表2022', col_info.column_index=1
[TEMP DEBUG] initial: primary_header='科目代码', secondary_header=''
[TEMP DEBUG] _generate_column_key called: sheet_name='科目余额表2022', col_info.column_index=1
[TEMP DEBUG] initial: primary_header='科目代码', secondary_header=''
[TEMP DEBUG] _generate_column_key called: sheet_name='科目余额表2022', col_info.column_index=5
[TEMP DEBUG] initial: primary_header='期初余额', secondary_header='借方'
[TEMP DEBUG] _generate_column_key called: sheet_name='科目余额表2022', col_info.column_index=9
[TEMP DEBUG] initial: primary_header='本年累计', secondary_header='借方'
[TEMP DEBUG] _generate_column_key called: sheet_name='科目余额表2022', col_info.column_index=11
[TEMP DEBUG] initial: primary_header='期末余额', secondary_header='借方'
[TEMP DEBUG] _generate_column_key called: sheet_name='科目余额表2022', col_info.column_index=1
[TEMP DEBUG] initial: primary_header='科目代码', secondary_header=''
[TEMP DEBUG] _generate_column_key called: sheet_name='科目余额表2022', col_info.column_index=5
[TEMP DEBUG] initial: primary_header='期初余额', secondary_header='借方'
[TEMP DEBUG] _generate_column_key called: sheet_name='科目余额表2022', col_info.column_index=9
[TEMP DEBUG] initial: primary_header='本年累计', secondary_header='借方'
[TEMP DEBUG] _generate_column_key called: sheet_name='科目余额表2022', col_info.column_index=11
[TEMP DEBUG] initial: primary_header='期末余额', secondary_header='借方'
[TEMP DEBUG] _generate_column_key called: sheet_name='科目余额表2022', col_info.column_index=1
[TEMP DEBUG] initial: primary_header='科目代码', secondary_header=''
[TEMP DEBUG] _generate_column_key called: sheet_name='科目余额表2022', col_info.column_index=1
[TEMP DEBUG] initial: primary_header='科目代码', secondary_header=''
[TEMP DEBUG] _generate_column_key called: sheet_name='科目余额表2022', col_info.column_index=1
[TEMP DEBUG] initial: primary_header='科目代码', secondary_header=''
[TEMP DEBUG] _generate_column_key called: sheet_name='科目余额表2022', col_info.column_index=1
[TEMP DEBUG] initial: primary_header='科目代码', secondary_header=''
[TEMP DEBUG] _generate_column_key called: sheet_name='科目余额表2022', col_info.column_index=5
[TEMP DEBUG] initial: primary_header='期初余额', secondary_header='借方'
[TEMP DEBUG] _generate_column_key called: sheet_name='科目余额表2022', col_info.column_index=11
[TEMP DEBUG] initial: primary_header='期末余额', secondary_header='借方'
[TEMP DEBUG] _generate_column_key called: sheet_name='科目余额表2022', col_info.column_index=1
[TEMP DEBUG] initial: primary_header='科目代码', secondary_header=''
[TEMP DEBUG] _generate_column_key called: sheet_name='科目余额表2022', col_info.column_index=5
[TEMP DEBUG] initial: primary_header='期初余额', secondary_header='借方'
[TEMP DEBUG] _generate_column_key called: sheet_name='科目余额表2022', col_info.column_index=11
[TEMP DEBUG] initial: primary_header='期末余额', secondary_header='借方'
[TEMP DEBUG] _generate_column_key called: sheet_name='科目余额表2022', col_info.column_index=1
[TEMP DEBUG] initial: primary_header='科目代码', secondary_header=''
[TEMP DEBUG] _generate_column_key called: sheet_name='科目余额表2022', col_info.column_index=1
[TEMP DEBUG] initial: primary_header='科目代码', secondary_header=''
[TEMP DEBUG] _generate_column_key called: sheet_name='科目余额表2022', col_info.column_index=1
[TEMP DEBUG] initial: primary_header='科目代码', secondary_header=''
[TEMP DEBUG] _generate_column_key called: sheet_name='科目余额表2022', col_info.column_index=1
[TEMP DEBUG] initial: primary_header='科目代码', secondary_header=''
[TEMP DEBUG] _generate_column_key called: sheet_name='科目余额表2022', col_info.column_index=1
[TEMP DEBUG] initial: primary_header='科目代码', secondary_header=''
[TEMP DEBUG] _generate_column_key called: sheet_name='科目余额表2022', col_info.column_index=1
[TEMP DEBUG] initial: primary_header='科目代码', secondary_header=''
[TEMP DEBUG] _generate_column_key called: sheet_name='科目余额表2022', col_info.column_index=5
[TEMP DEBUG] initial: primary_header='期初余额', secondary_header='借方'
[TEMP DEBUG] _generate_column_key called: sheet_name='科目余额表2022', col_info.column_index=7
[TEMP DEBUG] initial: primary_header='本期发生额', secondary_header='借方'
[TEMP DEBUG] _generate_column_key called: sheet_name='科目余额表2022', col_info.column_index=9
[TEMP DEBUG] initial: primary_header='本年累计', secondary_header='借方'
[TEMP DEBUG] _generate_column_key called: sheet_name='科目余额表2022', col_info.column_index=11
[TEMP DEBUG] initial: primary_header='期末余额', secondary_header='借方'
[TEMP DEBUG] _generate_column_key called: sheet_name='科目余额表2022', col_info.column_index=1
[TEMP DEBUG] initial: primary_header='科目代码', secondary_header=''
[TEMP DEBUG] _generate_column_key called: sheet_name='科目余额表2022', col_info.column_index=5
[TEMP DEBUG] initial: primary_header='期初余额', secondary_header='借方'
[TEMP DEBUG] _generate_column_key called: sheet_name='科目余额表2022', col_info.column_index=7
[TEMP DEBUG] initial: primary_header='本期发生额', secondary_header='借方'
[TEMP DEBUG] _generate_column_key called: sheet_name='科目余额表2022', col_info.column_index=9
[TEMP DEBUG] initial: primary_header='本年累计', secondary_header='借方'
[TEMP DEBUG] _generate_column_key called: sheet_name='科目余额表2022', col_info.column_index=11
[TEMP DEBUG] initial: primary_header='期末余额', secondary_header='借方'
[TEMP DEBUG] _generate_column_key called: sheet_name='科目余额表2022', col_info.column_index=1
[TEMP DEBUG] initial: primary_header='科目代码', secondary_header=''
[TEMP DEBUG] _generate_column_key called: sheet_name='科目余额表2022', col_info.column_index=5
[TEMP DEBUG] initial: primary_header='期初余额', secondary_header='借方'
[TEMP DEBUG] _generate_column_key called: sheet_name='科目余额表2022', col_info.column_index=11
[TEMP DEBUG] initial: primary_header='期末余额', secondary_header='借方'
[TEMP DEBUG] _generate_column_key called: sheet_name='科目余额表2022', col_info.column_index=1
[TEMP DEBUG] initial: primary_header='科目代码', secondary_header=''
[TEMP DEBUG] _generate_column_key called: sheet_name='科目余额表2022', col_info.column_index=8
[TEMP DEBUG] initial: primary_header='', secondary_header='贷方'
[TEMP DEBUG] Excel读取列头成功: col=8, header='2654657.98'
[TEMP DEBUG] _generate_column_key called: sheet_name='科目余额表2022', col_info.column_index=10
[TEMP DEBUG] initial: primary_header='', secondary_header='贷方'
[TEMP DEBUG] Excel读取列头成功: col=10, header='17414384.71'
[TEMP DEBUG] _generate_column_key called: sheet_name='科目余额表2022', col_info.column_index=1
[TEMP DEBUG] initial: primary_header='科目代码', secondary_header=''
[TEMP DEBUG] _generate_column_key called: sheet_name='科目余额表2022', col_info.column_index=8
[TEMP DEBUG] initial: primary_header='', secondary_header='贷方'
[TEMP DEBUG] Excel读取列头成功: col=8, header='2654657.98'
[TEMP DEBUG] _generate_column_key called: sheet_name='科目余额表2022', col_info.column_index=10
[TEMP DEBUG] initial: primary_header='', secondary_header='贷方'
[TEMP DEBUG] Excel读取列头成功: col=10, header='17414384.71'
[TEMP DEBUG] _generate_column_key called: sheet_name='科目余额表2022', col_info.column_index=1
[TEMP DEBUG] initial: primary_header='科目代码', secondary_header=''
[TEMP DEBUG] _generate_column_key called: sheet_name='科目余额表2022', col_info.column_index=8
[TEMP DEBUG] initial: primary_header='', secondary_header='贷方'
[TEMP DEBUG] Excel读取列头成功: col=8, header='2654657.98'
[TEMP DEBUG] _generate_column_key called: sheet_name='科目余额表2022', col_info.column_index=10
[TEMP DEBUG] initial: primary_header='', secondary_header='贷方'
[TEMP DEBUG] Excel读取列头成功: col=10, header='17414384.71'
[TEMP DEBUG] _generate_column_key called: sheet_name='科目余额表2022', col_info.column_index=1
[TEMP DEBUG] initial: primary_header='科目代码', secondary_header=''
[TEMP DEBUG] _generate_column_key called: sheet_name='科目余额表2022', col_info.column_index=1
[TEMP DEBUG] initial: primary_header='科目代码', secondary_header=''
[TEMP DEBUG] _generate_column_key called: sheet_name='科目余额表2022', col_info.column_index=5
[TEMP DEBUG] initial: primary_header='期初余额', secondary_header='借方'
[TEMP DEBUG] _generate_column_key called: sheet_name='科目余额表2022', col_info.column_index=7
[TEMP DEBUG] initial: primary_header='本期发生额', secondary_header='借方'
[TEMP DEBUG] _generate_column_key called: sheet_name='科目余额表2022', col_info.column_index=9
[TEMP DEBUG] initial: primary_header='本年累计', secondary_header='借方'
[TEMP DEBUG] _generate_column_key called: sheet_name='科目余额表2022', col_info.column_index=11
[TEMP DEBUG] initial: primary_header='期末余额', secondary_header='借方'
[TEMP DEBUG] _generate_column_key called: sheet_name='科目余额表2022', col_info.column_index=1
[TEMP DEBUG] initial: primary_header='科目代码', secondary_header=''
[TEMP DEBUG] _generate_column_key called: sheet_name='科目余额表2022', col_info.column_index=5
[TEMP DEBUG] initial: primary_header='期初余额', secondary_header='借方'
[TEMP DEBUG] _generate_column_key called: sheet_name='科目余额表2022', col_info.column_index=7
[TEMP DEBUG] initial: primary_header='本期发生额', secondary_header='借方'
[TEMP DEBUG] _generate_column_key called: sheet_name='科目余额表2022', col_info.column_index=9
[TEMP DEBUG] initial: primary_header='本年累计', secondary_header='借方'
[TEMP DEBUG] _generate_column_key called: sheet_name='科目余额表2022', col_info.column_index=11
[TEMP DEBUG] initial: primary_header='期末余额', secondary_header='借方'
[TEMP DEBUG] _generate_column_key called: sheet_name='科目余额表2022', col_info.column_index=5
[TEMP DEBUG] initial: primary_header='期初余额', secondary_header='借方'
[TEMP DEBUG] _generate_column_key called: sheet_name='科目余额表2022', col_info.column_index=7
[TEMP DEBUG] initial: primary_header='本期发生额', secondary_header='借方'
[TEMP DEBUG] _generate_column_key called: sheet_name='科目余额表2022', col_info.column_index=9
[TEMP DEBUG] initial: primary_header='本年累计', secondary_header='借方'
[TEMP DEBUG] _generate_column_key called: sheet_name='科目余额表2022', col_info.column_index=11
[TEMP DEBUG] initial: primary_header='期末余额', secondary_header='借方'
[TEMP DEBUG] _generate_column_key called: sheet_name='科目余额表2022', col_info.column_index=5
[TEMP DEBUG] initial: primary_header='期初余额', secondary_header='借方'
[TEMP DEBUG] _generate_column_key called: sheet_name='科目余额表2022', col_info.column_index=7
[TEMP DEBUG] initial: primary_header='本期发生额', secondary_header='借方'
[TEMP DEBUG] _generate_column_key called: sheet_name='科目余额表2022', col_info.column_index=9
[TEMP DEBUG] initial: primary_header='本年累计', secondary_header='借方'
[TEMP DEBUG] _generate_column_key called: sheet_name='科目余额表2022', col_info.column_index=11
[TEMP DEBUG] initial: primary_header='期末余额', secondary_header='借方'
[TEMP DEBUG] _generate_column_key called: sheet_name='科目余额表2022', col_info.column_index=1
[TEMP DEBUG] initial: primary_header='科目代码', secondary_header=''
[TEMP DEBUG] _generate_column_key called: sheet_name='科目余额表2022', col_info.column_index=5
[TEMP DEBUG] initial: primary_header='期初余额', secondary_header='借方'
[TEMP DEBUG] _generate_column_key called: sheet_name='科目余额表2022', col_info.column_index=9
[TEMP DEBUG] initial: primary_header='本年累计', secondary_header='借方'
[TEMP DEBUG] _generate_column_key called: sheet_name='科目余额表2022', col_info.column_index=11
[TEMP DEBUG] initial: primary_header='期末余额', secondary_header='借方'
[TEMP DEBUG] _generate_column_key called: sheet_name='科目余额表2022', col_info.column_index=5
[TEMP DEBUG] initial: primary_header='期初余额', secondary_header='借方'
[TEMP DEBUG] _generate_column_key called: sheet_name='科目余额表2022', col_info.column_index=11
[TEMP DEBUG] initial: primary_header='期末余额', secondary_header='借方'
[TEMP DEBUG] _generate_column_key called: sheet_name='科目余额表2022', col_info.column_index=5
[TEMP DEBUG] initial: primary_header='期初余额', secondary_header='借方'
[TEMP DEBUG] _generate_column_key called: sheet_name='科目余额表2022', col_info.column_index=11
[TEMP DEBUG] initial: primary_header='期末余额', secondary_header='借方'
[TEMP DEBUG] _generate_column_key called: sheet_name='科目余额表2022', col_info.column_index=5
[TEMP DEBUG] initial: primary_header='期初余额', secondary_header='借方'
[TEMP DEBUG] _generate_column_key called: sheet_name='科目余额表2022', col_info.column_index=11
[TEMP DEBUG] initial: primary_header='期末余额', secondary_header='借方'
[TEMP DEBUG] _generate_column_key called: sheet_name='科目余额表2022', col_info.column_index=5
[TEMP DEBUG] initial: primary_header='期初余额', secondary_header='借方'
[TEMP DEBUG] _generate_column_key called: sheet_name='科目余额表2022', col_info.column_index=11
[TEMP DEBUG] initial: primary_header='期末余额', secondary_header='借方'
[TEMP DEBUG] _generate_column_key called: sheet_name='科目余额表2022', col_info.column_index=5
[TEMP DEBUG] initial: primary_header='期初余额', secondary_header='借方'
[TEMP DEBUG] _generate_column_key called: sheet_name='科目余额表2022', col_info.column_index=11
[TEMP DEBUG] initial: primary_header='期末余额', secondary_header='借方'
[TEMP DEBUG] _generate_column_key called: sheet_name='科目余额表2022', col_info.column_index=5
[TEMP DEBUG] initial: primary_header='期初余额', secondary_header='借方'
[TEMP DEBUG] _generate_column_key called: sheet_name='科目余额表2022', col_info.column_index=9
[TEMP DEBUG] initial: primary_header='本年累计', secondary_header='借方'
[TEMP DEBUG] _generate_column_key called: sheet_name='科目余额表2022', col_info.column_index=11
[TEMP DEBUG] initial: primary_header='期末余额', secondary_header='借方'
[TEMP DEBUG] _generate_column_key called: sheet_name='科目余额表2022', col_info.column_index=5
[TEMP DEBUG] initial: primary_header='期初余额', secondary_header='借方'
[TEMP DEBUG] _generate_column_key called: sheet_name='科目余额表2022', col_info.column_index=9
[TEMP DEBUG] initial: primary_header='本年累计', secondary_header='借方'
[TEMP DEBUG] _generate_column_key called: sheet_name='科目余额表2022', col_info.column_index=11
[TEMP DEBUG] initial: primary_header='期末余额', secondary_header='借方'
[TEMP DEBUG] _generate_column_key called: sheet_name='科目余额表2022', col_info.column_index=5
[TEMP DEBUG] initial: primary_header='期初余额', secondary_header='借方'
[TEMP DEBUG] _generate_column_key called: sheet_name='科目余额表2022', col_info.column_index=11
[TEMP DEBUG] initial: primary_header='期末余额', secondary_header='借方'
[TEMP DEBUG] _generate_column_key called: sheet_name='科目余额表2022', col_info.column_index=5
[TEMP DEBUG] initial: primary_header='期初余额', secondary_header='借方'
[TEMP DEBUG] _generate_column_key called: sheet_name='科目余额表2022', col_info.column_index=11
[TEMP DEBUG] initial: primary_header='期末余额', secondary_header='借方'
[TEMP DEBUG] _generate_column_key called: sheet_name='科目余额表2022', col_info.column_index=5
[TEMP DEBUG] initial: primary_header='期初余额', secondary_header='借方'
[TEMP DEBUG] _generate_column_key called: sheet_name='科目余额表2022', col_info.column_index=9
[TEMP DEBUG] initial: primary_header='本年累计', secondary_header='借方'
[TEMP DEBUG] _generate_column_key called: sheet_name='科目余额表2022', col_info.column_index=11
[TEMP DEBUG] initial: primary_header='期末余额', secondary_header='借方'
[TEMP DEBUG] _generate_column_key called: sheet_name='科目余额表2022', col_info.column_index=5
[TEMP DEBUG] initial: primary_header='期初余额', secondary_header='借方'
[TEMP DEBUG] _generate_column_key called: sheet_name='科目余额表2022', col_info.column_index=11
[TEMP DEBUG] initial: primary_header='期末余额', secondary_header='借方'
[TEMP DEBUG] _generate_column_key called: sheet_name='科目余额表2022', col_info.column_index=5
[TEMP DEBUG] initial: primary_header='期初余额', secondary_header='借方'
[TEMP DEBUG] _generate_column_key called: sheet_name='科目余额表2022', col_info.column_index=11
[TEMP DEBUG] initial: primary_header='期末余额', secondary_header='借方'
[TEMP DEBUG] _generate_column_key called: sheet_name='科目余额表2022', col_info.column_index=5
[TEMP DEBUG] initial: primary_header='期初余额', secondary_header='借方'
[TEMP DEBUG] _generate_column_key called: sheet_name='科目余额表2022', col_info.column_index=11
[TEMP DEBUG] initial: primary_header='期末余额', secondary_header='借方'
[TEMP DEBUG] _generate_column_key called: sheet_name='科目余额表2022', col_info.column_index=5
[TEMP DEBUG] initial: primary_header='期初余额', secondary_header='借方'
[TEMP DEBUG] _generate_column_key called: sheet_name='科目余额表2022', col_info.column_index=11
[TEMP DEBUG] initial: primary_header='期末余额', secondary_header='借方'
[TEMP DEBUG] _generate_column_key called: sheet_name='科目余额表2022', col_info.column_index=5
[TEMP DEBUG] initial: primary_header='期初余额', secondary_header='借方'
[TEMP DEBUG] _generate_column_key called: sheet_name='科目余额表2022', col_info.column_index=11
[TEMP DEBUG] initial: primary_header='期末余额', secondary_header='借方'
[TEMP DEBUG] _generate_column_key called: sheet_name='科目余额表2022', col_info.column_index=5
[TEMP DEBUG] initial: primary_header='期初余额', secondary_header='借方'
[TEMP DEBUG] _generate_column_key called: sheet_name='科目余额表2022', col_info.column_index=11
[TEMP DEBUG] initial: primary_header='期末余额', secondary_header='借方'
[TEMP DEBUG] _generate_column_key called: sheet_name='科目余额表2022', col_info.column_index=5
[TEMP DEBUG] initial: primary_header='期初余额', secondary_header='借方'
[TEMP DEBUG] _generate_column_key called: sheet_name='科目余额表2022', col_info.column_index=11
[TEMP DEBUG] initial: primary_header='期末余额', secondary_header='借方'
[TEMP DEBUG] _generate_column_key called: sheet_name='科目余额表2022', col_info.column_index=1
[TEMP DEBUG] initial: primary_header='科目代码', secondary_header=''
[TEMP DEBUG] _generate_column_key called: sheet_name='科目余额表2022', col_info.column_index=5
[TEMP DEBUG] initial: primary_header='期初余额', secondary_header='借方'
[TEMP DEBUG] _generate_column_key called: sheet_name='科目余额表2022', col_info.column_index=7
[TEMP DEBUG] initial: primary_header='本期发生额', secondary_header='借方'
[TEMP DEBUG] _generate_column_key called: sheet_name='科目余额表2022', col_info.column_index=9
[TEMP DEBUG] initial: primary_header='本年累计', secondary_header='借方'
[TEMP DEBUG] _generate_column_key called: sheet_name='科目余额表2022', col_info.column_index=11
[TEMP DEBUG] initial: primary_header='期末余额', secondary_header='借方'
[TEMP DEBUG] _generate_column_key called: sheet_name='科目余额表2022', col_info.column_index=5
[TEMP DEBUG] initial: primary_header='期初余额', secondary_header='借方'
[TEMP DEBUG] _generate_column_key called: sheet_name='科目余额表2022', col_info.column_index=9
[TEMP DEBUG] initial: primary_header='本年累计', secondary_header='借方'
[TEMP DEBUG] _generate_column_key called: sheet_name='科目余额表2022', col_info.column_index=11
[TEMP DEBUG] initial: primary_header='期末余额', secondary_header='借方'
[TEMP DEBUG] _generate_column_key called: sheet_name='科目余额表2022', col_info.column_index=5
[TEMP DEBUG] initial: primary_header='期初余额', secondary_header='借方'
[TEMP DEBUG] _generate_column_key called: sheet_name='科目余额表2022', col_info.column_index=7
[TEMP DEBUG] initial: primary_header='本期发生额', secondary_header='借方'
[TEMP DEBUG] _generate_column_key called: sheet_name='科目余额表2022', col_info.column_index=9
[TEMP DEBUG] initial: primary_header='本年累计', secondary_header='借方'
[TEMP DEBUG] _generate_column_key called: sheet_name='科目余额表2022', col_info.column_index=11
[TEMP DEBUG] initial: primary_header='期末余额', secondary_header='借方'
[TEMP DEBUG] _generate_column_key called: sheet_name='科目余额表2022', col_info.column_index=5
[TEMP DEBUG] initial: primary_header='期初余额', secondary_header='借方'
[TEMP DEBUG] _generate_column_key called: sheet_name='科目余额表2022', col_info.column_index=9
[TEMP DEBUG] initial: primary_header='本年累计', secondary_header='借方'
[TEMP DEBUG] _generate_column_key called: sheet_name='科目余额表2022', col_info.column_index=11
[TEMP DEBUG] initial: primary_header='期末余额', secondary_header='借方'
[TEMP DEBUG] _generate_column_key called: sheet_name='科目余额表2022', col_info.column_index=5
[TEMP DEBUG] initial: primary_header='期初余额', secondary_header='借方'
[TEMP DEBUG] _generate_column_key called: sheet_name='科目余额表2022', col_info.column_index=9
[TEMP DEBUG] initial: primary_header='本年累计', secondary_header='借方'
[TEMP DEBUG] _generate_column_key called: sheet_name='科目余额表2022', col_info.column_index=11
[TEMP DEBUG] initial: primary_header='期末余额', secondary_header='借方'
[TEMP DEBUG] _generate_column_key called: sheet_name='科目余额表2022', col_info.column_index=5
[TEMP DEBUG] initial: primary_header='期初余额', secondary_header='借方'
[TEMP DEBUG] _generate_column_key called: sheet_name='科目余额表2022', col_info.column_index=11
[TEMP DEBUG] initial: primary_header='期末余额', secondary_header='借方'
[TEMP DEBUG] _generate_column_key called: sheet_name='科目余额表2022', col_info.column_index=5
[TEMP DEBUG] initial: primary_header='期初余额', secondary_header='借方'
[TEMP DEBUG] _generate_column_key called: sheet_name='科目余额表2022', col_info.column_index=9
[TEMP DEBUG] initial: primary_header='本年累计', secondary_header='借方'
[TEMP DEBUG] _generate_column_key called: sheet_name='科目余额表2022', col_info.column_index=11
[TEMP DEBUG] initial: primary_header='期末余额', secondary_header='借方'
[TEMP DEBUG] _generate_column_key called: sheet_name='科目余额表2022', col_info.column_index=1
[TEMP DEBUG] initial: primary_header='科目代码', secondary_header=''
[TEMP DEBUG] _generate_column_key called: sheet_name='科目余额表2022', col_info.column_index=5
[TEMP DEBUG] initial: primary_header='期初余额', secondary_header='借方'
[TEMP DEBUG] _generate_column_key called: sheet_name='科目余额表2022', col_info.column_index=9
[TEMP DEBUG] initial: primary_header='本年累计', secondary_header='借方'
[TEMP DEBUG] _generate_column_key called: sheet_name='科目余额表2022', col_info.column_index=11
[TEMP DEBUG] initial: primary_header='期末余额', secondary_header='借方'
[TEMP DEBUG] _generate_column_key called: sheet_name='科目余额表2022', col_info.column_index=5
[TEMP DEBUG] initial: primary_header='期初余额', secondary_header='借方'
[TEMP DEBUG] _generate_column_key called: sheet_name='科目余额表2022', col_info.column_index=11
[TEMP DEBUG] initial: primary_header='期末余额', secondary_header='借方'
[TEMP DEBUG] _generate_column_key called: sheet_name='科目余额表2022', col_info.column_index=5
[TEMP DEBUG] initial: primary_header='期初余额', secondary_header='借方'
[TEMP DEBUG] _generate_column_key called: sheet_name='科目余额表2022', col_info.column_index=9
[TEMP DEBUG] initial: primary_header='本年累计', secondary_header='借方'
[TEMP DEBUG] _generate_column_key called: sheet_name='科目余额表2022', col_info.column_index=11
[TEMP DEBUG] initial: primary_header='期末余额', secondary_header='借方'
[TEMP DEBUG] _generate_column_key called: sheet_name='科目余额表2022', col_info.column_index=1
[TEMP DEBUG] initial: primary_header='科目代码', secondary_header=''
[TEMP DEBUG] _generate_column_key called: sheet_name='科目余额表2022', col_info.column_index=1
[TEMP DEBUG] initial: primary_header='科目代码', secondary_header=''
[TEMP DEBUG] _generate_column_key called: sheet_name='科目余额表2022', col_info.column_index=1
[TEMP DEBUG] initial: primary_header='科目代码', secondary_header=''
[TEMP DEBUG] _generate_column_key called: sheet_name='科目余额表2022', col_info.column_index=1
[TEMP DEBUG] initial: primary_header='科目代码', secondary_header=''
[TEMP DEBUG] _generate_column_key called: sheet_name='科目余额表2022', col_info.column_index=5
[TEMP DEBUG] initial: primary_header='期初余额', secondary_header='借方'
[TEMP DEBUG] _generate_column_key called: sheet_name='科目余额表2022', col_info.column_index=7
[TEMP DEBUG] initial: primary_header='本期发生额', secondary_header='借方'
[TEMP DEBUG] _generate_column_key called: sheet_name='科目余额表2022', col_info.column_index=9
[TEMP DEBUG] initial: primary_header='本年累计', secondary_header='借方'
[TEMP DEBUG] _generate_column_key called: sheet_name='科目余额表2022', col_info.column_index=11
[TEMP DEBUG] initial: primary_header='期末余额', secondary_header='借方'
[TEMP DEBUG] _generate_column_key called: sheet_name='科目余额表2022', col_info.column_index=5
[TEMP DEBUG] initial: primary_header='期初余额', secondary_header='借方'
[TEMP DEBUG] _generate_column_key called: sheet_name='科目余额表2022', col_info.column_index=7
[TEMP DEBUG] initial: primary_header='本期发生额', secondary_header='借方'
[TEMP DEBUG] _generate_column_key called: sheet_name='科目余额表2022', col_info.column_index=9
[TEMP DEBUG] initial: primary_header='本年累计', secondary_header='借方'
[TEMP DEBUG] _generate_column_key called: sheet_name='科目余额表2022', col_info.column_index=11
[TEMP DEBUG] initial: primary_header='期末余额', secondary_header='借方'
[TEMP DEBUG] _generate_column_key called: sheet_name='科目余额表2022', col_info.column_index=5
[TEMP DEBUG] initial: primary_header='期初余额', secondary_header='借方'
[TEMP DEBUG] _generate_column_key called: sheet_name='科目余额表2022', col_info.column_index=7
[TEMP DEBUG] initial: primary_header='本期发生额', secondary_header='借方'
[TEMP DEBUG] _generate_column_key called: sheet_name='科目余额表2022', col_info.column_index=9
[TEMP DEBUG] initial: primary_header='本年累计', secondary_header='借方'
[TEMP DEBUG] _generate_column_key called: sheet_name='科目余额表2022', col_info.column_index=11
[TEMP DEBUG] initial: primary_header='期末余额', secondary_header='借方'
[TEMP DEBUG] _generate_column_key called: sheet_name='科目余额表2022', col_info.column_index=5
[TEMP DEBUG] initial: primary_header='期初余额', secondary_header='借方'
[TEMP DEBUG] _generate_column_key called: sheet_name='科目余额表2022', col_info.column_index=7
[TEMP DEBUG] initial: primary_header='本期发生额', secondary_header='借方'
[TEMP DEBUG] _generate_column_key called: sheet_name='科目余额表2022', col_info.column_index=9
[TEMP DEBUG] initial: primary_header='本年累计', secondary_header='借方'
[TEMP DEBUG] _generate_column_key called: sheet_name='科目余额表2022', col_info.column_index=11
[TEMP DEBUG] initial: primary_header='期末余额', secondary_header='借方'
[TEMP DEBUG] _generate_column_key called: sheet_name='科目余额表2022', col_info.column_index=5
[TEMP DEBUG] initial: primary_header='期初余额', secondary_header='借方'
[TEMP DEBUG] _generate_column_key called: sheet_name='科目余额表2022', col_info.column_index=7
[TEMP DEBUG] initial: primary_header='本期发生额', secondary_header='借方'
[TEMP DEBUG] _generate_column_key called: sheet_name='科目余额表2022', col_info.column_index=9
[TEMP DEBUG] initial: primary_header='本年累计', secondary_header='借方'
[TEMP DEBUG] _generate_column_key called: sheet_name='科目余额表2022', col_info.column_index=11
[TEMP DEBUG] initial: primary_header='期末余额', secondary_header='借方'
[TEMP DEBUG] _generate_column_key called: sheet_name='科目余额表2022', col_info.column_index=5
[TEMP DEBUG] initial: primary_header='期初余额', secondary_header='借方'
[TEMP DEBUG] _generate_column_key called: sheet_name='科目余额表2022', col_info.column_index=7
[TEMP DEBUG] initial: primary_header='本期发生额', secondary_header='借方'
[TEMP DEBUG] _generate_column_key called: sheet_name='科目余额表2022', col_info.column_index=9
[TEMP DEBUG] initial: primary_header='本年累计', secondary_header='借方'
[TEMP DEBUG] _generate_column_key called: sheet_name='科目余额表2022', col_info.column_index=11
[TEMP DEBUG] initial: primary_header='期末余额', secondary_header='借方'
[TEMP DEBUG] _generate_column_key called: sheet_name='科目余额表2022', col_info.column_index=5
[TEMP DEBUG] initial: primary_header='期初余额', secondary_header='借方'
[TEMP DEBUG] _generate_column_key called: sheet_name='科目余额表2022', col_info.column_index=7
[TEMP DEBUG] initial: primary_header='本期发生额', secondary_header='借方'
[TEMP DEBUG] _generate_column_key called: sheet_name='科目余额表2022', col_info.column_index=9
[TEMP DEBUG] initial: primary_header='本年累计', secondary_header='借方'
[TEMP DEBUG] _generate_column_key called: sheet_name='科目余额表2022', col_info.column_index=11
[TEMP DEBUG] initial: primary_header='期末余额', secondary_header='借方'
[TEMP DEBUG] _generate_column_key called: sheet_name='科目余额表2022', col_info.column_index=5
[TEMP DEBUG] initial: primary_header='期初余额', secondary_header='借方'
[TEMP DEBUG] _generate_column_key called: sheet_name='科目余额表2022', col_info.column_index=7
[TEMP DEBUG] initial: primary_header='本期发生额', secondary_header='借方'
[TEMP DEBUG] _generate_column_key called: sheet_name='科目余额表2022', col_info.column_index=9
[TEMP DEBUG] initial: primary_header='本年累计', secondary_header='借方'
[TEMP DEBUG] _generate_column_key called: sheet_name='科目余额表2022', col_info.column_index=11
[TEMP DEBUG] initial: primary_header='期末余额', secondary_header='借方'
[TEMP DEBUG] _generate_column_key called: sheet_name='科目余额表2022', col_info.column_index=5
[TEMP DEBUG] initial: primary_header='期初余额', secondary_header='借方'
[TEMP DEBUG] _generate_column_key called: sheet_name='科目余额表2022', col_info.column_index=11
[TEMP DEBUG] initial: primary_header='期末余额', secondary_header='借方'
[TEMP DEBUG] _generate_column_key called: sheet_name='科目余额表2022', col_info.column_index=5
[TEMP DEBUG] initial: primary_header='期初余额', secondary_header='借方'
[TEMP DEBUG] _generate_column_key called: sheet_name='科目余额表2022', col_info.column_index=9
[TEMP DEBUG] initial: primary_header='本年累计', secondary_header='借方'
[TEMP DEBUG] _generate_column_key called: sheet_name='科目余额表2022', col_info.column_index=11
[TEMP DEBUG] initial: primary_header='期末余额', secondary_header='借方'
[TEMP DEBUG] _generate_column_key called: sheet_name='科目余额表2022', col_info.column_index=5
[TEMP DEBUG] initial: primary_header='期初余额', secondary_header='借方'
[TEMP DEBUG] _generate_column_key called: sheet_name='科目余额表2022', col_info.column_index=9
[TEMP DEBUG] initial: primary_header='本年累计', secondary_header='借方'
[TEMP DEBUG] _generate_column_key called: sheet_name='科目余额表2022', col_info.column_index=11
[TEMP DEBUG] initial: primary_header='期末余额', secondary_header='借方'
[TEMP DEBUG] _generate_column_key called: sheet_name='科目余额表2022', col_info.column_index=5
[TEMP DEBUG] initial: primary_header='期初余额', secondary_header='借方'
[TEMP DEBUG] _generate_column_key called: sheet_name='科目余额表2022', col_info.column_index=9
[TEMP DEBUG] initial: primary_header='本年累计', secondary_header='借方'
[TEMP DEBUG] _generate_column_key called: sheet_name='科目余额表2022', col_info.column_index=11
[TEMP DEBUG] initial: primary_header='期末余额', secondary_header='借方'
[TEMP DEBUG] _generate_column_key called: sheet_name='科目余额表2022', col_info.column_index=5
[TEMP DEBUG] initial: primary_header='期初余额', secondary_header='借方'
[TEMP DEBUG] _generate_column_key called: sheet_name='科目余额表2022', col_info.column_index=11
[TEMP DEBUG] initial: primary_header='期末余额', secondary_header='借方'
[TEMP DEBUG] _generate_column_key called: sheet_name='科目余额表2022', col_info.column_index=5
[TEMP DEBUG] initial: primary_header='期初余额', secondary_header='借方'
[TEMP DEBUG] _generate_column_key called: sheet_name='科目余额表2022', col_info.column_index=9
[TEMP DEBUG] initial: primary_header='本年累计', secondary_header='借方'
[TEMP DEBUG] _generate_column_key called: sheet_name='科目余额表2022', col_info.column_index=11
[TEMP DEBUG] initial: primary_header='期末余额', secondary_header='借方'
[TEMP DEBUG] _generate_column_key called: sheet_name='科目余额表2022', col_info.column_index=5
[TEMP DEBUG] initial: primary_header='期初余额', secondary_header='借方'
[TEMP DEBUG] _generate_column_key called: sheet_name='科目余额表2022', col_info.column_index=11
[TEMP DEBUG] initial: primary_header='期末余额', secondary_header='借方'
[TEMP DEBUG] _generate_column_key called: sheet_name='科目余额表2022', col_info.column_index=5
[TEMP DEBUG] initial: primary_header='期初余额', secondary_header='借方'
[TEMP DEBUG] _generate_column_key called: sheet_name='科目余额表2022', col_info.column_index=11
[TEMP DEBUG] initial: primary_header='期末余额', secondary_header='借方'
[TEMP DEBUG] _generate_column_key called: sheet_name='科目余额表2022', col_info.column_index=5
[TEMP DEBUG] initial: primary_header='期初余额', secondary_header='借方'
[TEMP DEBUG] _generate_column_key called: sheet_name='科目余额表2022', col_info.column_index=11
[TEMP DEBUG] initial: primary_header='期末余额', secondary_header='借方'
[TEMP DEBUG] _generate_column_key called: sheet_name='科目余额表2022', col_info.column_index=5
[TEMP DEBUG] initial: primary_header='期初余额', secondary_header='借方'
[TEMP DEBUG] _generate_column_key called: sheet_name='科目余额表2022', col_info.column_index=11
[TEMP DEBUG] initial: primary_header='期末余额', secondary_header='借方'
[TEMP DEBUG] _generate_column_key called: sheet_name='科目余额表2022', col_info.column_index=5
[TEMP DEBUG] initial: primary_header='期初余额', secondary_header='借方'
[TEMP DEBUG] _generate_column_key called: sheet_name='科目余额表2022', col_info.column_index=11
[TEMP DEBUG] initial: primary_header='期末余额', secondary_header='借方'
[TEMP DEBUG] _generate_column_key called: sheet_name='科目余额表2022', col_info.column_index=5
[TEMP DEBUG] initial: primary_header='期初余额', secondary_header='借方'
[TEMP DEBUG] _generate_column_key called: sheet_name='科目余额表2022', col_info.column_index=7
[TEMP DEBUG] initial: primary_header='本期发生额', secondary_header='借方'
[TEMP DEBUG] _generate_column_key called: sheet_name='科目余额表2022', col_info.column_index=9
[TEMP DEBUG] initial: primary_header='本年累计', secondary_header='借方'
[TEMP DEBUG] _generate_column_key called: sheet_name='科目余额表2022', col_info.column_index=11
[TEMP DEBUG] initial: primary_header='期末余额', secondary_header='借方'
[TEMP DEBUG] _generate_column_key called: sheet_name='科目余额表2022', col_info.column_index=5
[TEMP DEBUG] initial: primary_header='期初余额', secondary_header='借方'
[TEMP DEBUG] _generate_column_key called: sheet_name='科目余额表2022', col_info.column_index=7
[TEMP DEBUG] initial: primary_header='本期发生额', secondary_header='借方'
[TEMP DEBUG] _generate_column_key called: sheet_name='科目余额表2022', col_info.column_index=9
[TEMP DEBUG] initial: primary_header='本年累计', secondary_header='借方'
[TEMP DEBUG] _generate_column_key called: sheet_name='科目余额表2022', col_info.column_index=11
[TEMP DEBUG] initial: primary_header='期末余额', secondary_header='借方'
[TEMP DEBUG] _generate_column_key called: sheet_name='科目余额表2022', col_info.column_index=5
[TEMP DEBUG] initial: primary_header='期初余额', secondary_header='借方'
[TEMP DEBUG] _generate_column_key called: sheet_name='科目余额表2022', col_info.column_index=7
[TEMP DEBUG] initial: primary_header='本期发生额', secondary_header='借方'
[TEMP DEBUG] _generate_column_key called: sheet_name='科目余额表2022', col_info.column_index=9
[TEMP DEBUG] initial: primary_header='本年累计', secondary_header='借方'
[TEMP DEBUG] _generate_column_key called: sheet_name='科目余额表2022', col_info.column_index=11
[TEMP DEBUG] initial: primary_header='期末余额', secondary_header='借方'
[TEMP DEBUG] _generate_column_key called: sheet_name='科目余额表2022', col_info.column_index=5
[TEMP DEBUG] initial: primary_header='期初余额', secondary_header='借方'
[TEMP DEBUG] _generate_column_key called: sheet_name='科目余额表2022', col_info.column_index=7
[TEMP DEBUG] initial: primary_header='本期发生额', secondary_header='借方'
[TEMP DEBUG] _generate_column_key called: sheet_name='科目余额表2022', col_info.column_index=9
[TEMP DEBUG] initial: primary_header='本年累计', secondary_header='借方'
[TEMP DEBUG] _generate_column_key called: sheet_name='科目余额表2022', col_info.column_index=11
[TEMP DEBUG] initial: primary_header='期末余额', secondary_header='借方'
[TEMP DEBUG] _generate_column_key called: sheet_name='科目余额表2022', col_info.column_index=5
[TEMP DEBUG] initial: primary_header='期初余额', secondary_header='借方'
[TEMP DEBUG] _generate_column_key called: sheet_name='科目余额表2022', col_info.column_index=9
[TEMP DEBUG] initial: primary_header='本年累计', secondary_header='借方'
[TEMP DEBUG] _generate_column_key called: sheet_name='科目余额表2022', col_info.column_index=11
[TEMP DEBUG] initial: primary_header='期末余额', secondary_header='借方'
[TEMP DEBUG] _generate_column_key called: sheet_name='科目余额表2022', col_info.column_index=5
[TEMP DEBUG] initial: primary_header='期初余额', secondary_header='借方'
[TEMP DEBUG] _generate_column_key called: sheet_name='科目余额表2022', col_info.column_index=7
[TEMP DEBUG] initial: primary_header='本期发生额', secondary_header='借方'
[TEMP DEBUG] _generate_column_key called: sheet_name='科目余额表2022', col_info.column_index=9
[TEMP DEBUG] initial: primary_header='本年累计', secondary_header='借方'
[TEMP DEBUG] _generate_column_key called: sheet_name='科目余额表2022', col_info.column_index=11
[TEMP DEBUG] initial: primary_header='期末余额', secondary_header='借方'
[TEMP DEBUG] _generate_column_key called: sheet_name='科目余额表2022', col_info.column_index=5
[TEMP DEBUG] initial: primary_header='期初余额', secondary_header='借方'
[TEMP DEBUG] _generate_column_key called: sheet_name='科目余额表2022', col_info.column_index=9
[TEMP DEBUG] initial: primary_header='本年累计', secondary_header='借方'
[TEMP DEBUG] _generate_column_key called: sheet_name='科目余额表2022', col_info.column_index=11
[TEMP DEBUG] initial: primary_header='期末余额', secondary_header='借方'
[TEMP DEBUG] _generate_column_key called: sheet_name='科目余额表2022', col_info.column_index=5
[TEMP DEBUG] initial: primary_header='期初余额', secondary_header='借方'
[TEMP DEBUG] _generate_column_key called: sheet_name='科目余额表2022', col_info.column_index=11
[TEMP DEBUG] initial: primary_header='期末余额', secondary_header='借方'
[TEMP DEBUG] _generate_column_key called: sheet_name='科目余额表2022', col_info.column_index=5
[TEMP DEBUG] initial: primary_header='期初余额', secondary_header='借方'
[TEMP DEBUG] _generate_column_key called: sheet_name='科目余额表2022', col_info.column_index=11
[TEMP DEBUG] initial: primary_header='期末余额', secondary_header='借方'
[TEMP DEBUG] _generate_column_key called: sheet_name='科目余额表2022', col_info.column_index=5
[TEMP DEBUG] initial: primary_header='期初余额', secondary_header='借方'
[TEMP DEBUG] _generate_column_key called: sheet_name='科目余额表2022', col_info.column_index=11
[TEMP DEBUG] initial: primary_header='期末余额', secondary_header='借方'
[TEMP DEBUG] _generate_column_key called: sheet_name='科目余额表2022', col_info.column_index=5
[TEMP DEBUG] initial: primary_header='期初余额', secondary_header='借方'
[TEMP DEBUG] _generate_column_key called: sheet_name='科目余额表2022', col_info.column_index=11
[TEMP DEBUG] initial: primary_header='期末余额', secondary_header='借方'
[TEMP DEBUG] _generate_column_key called: sheet_name='科目余额表2022', col_info.column_index=5
[TEMP DEBUG] initial: primary_header='期初余额', secondary_header='借方'
[TEMP DEBUG] _generate_column_key called: sheet_name='科目余额表2022', col_info.column_index=9
[TEMP DEBUG] initial: primary_header='本年累计', secondary_header='借方'
[TEMP DEBUG] _generate_column_key called: sheet_name='科目余额表2022', col_info.column_index=11
[TEMP DEBUG] initial: primary_header='期末余额', secondary_header='借方'
[TEMP DEBUG] _generate_column_key called: sheet_name='科目余额表2022', col_info.column_index=1
[TEMP DEBUG] initial: primary_header='科目代码', secondary_header=''
[TEMP DEBUG] _generate_column_key called: sheet_name='科目余额表2022', col_info.column_index=1
[TEMP DEBUG] initial: primary_header='科目代码', secondary_header=''
[TEMP DEBUG] _generate_column_key called: sheet_name='科目余额表2022', col_info.column_index=1
[TEMP DEBUG] initial: primary_header='科目代码', secondary_header=''
[TEMP DEBUG] _generate_column_key called: sheet_name='科目余额表2022', col_info.column_index=1
[TEMP DEBUG] initial: primary_header='科目代码', secondary_header=''
[TEMP DEBUG] _generate_column_key called: sheet_name='科目余额表2022', col_info.column_index=1
[TEMP DEBUG] initial: primary_header='科目代码', secondary_header=''
[TEMP DEBUG] _generate_column_key called: sheet_name='科目余额表2022', col_info.column_index=1
[TEMP DEBUG] initial: primary_header='科目代码', secondary_header=''
[TEMP DEBUG] _generate_column_key called: sheet_name='科目余额表2022', col_info.column_index=1
[TEMP DEBUG] initial: primary_header='科目代码', secondary_header=''
[TEMP DEBUG] _generate_column_key called: sheet_name='科目余额表2022', col_info.column_index=1
[TEMP DEBUG] initial: primary_header='科目代码', secondary_header=''
[TEMP DEBUG] _generate_column_key called: sheet_name='科目余额表2022', col_info.column_index=1
[TEMP DEBUG] initial: primary_header='科目代码', secondary_header=''
[TEMP DEBUG] _generate_column_key called: sheet_name='科目余额表2022', col_info.column_index=1
[TEMP DEBUG] initial: primary_header='科目代码', secondary_header=''
[TEMP DEBUG] _generate_column_key called: sheet_name='科目余额表2022', col_info.column_index=1
[TEMP DEBUG] initial: primary_header='科目代码', secondary_header=''
[TEMP DEBUG] _generate_column_key called: sheet_name='科目余额表2022', col_info.column_index=1
[TEMP DEBUG] initial: primary_header='科目代码', secondary_header=''
[TEMP DEBUG] _generate_column_key called: sheet_name='科目余额表2022', col_info.column_index=5
[TEMP DEBUG] initial: primary_header='期初余额', secondary_header='借方'
[TEMP DEBUG] _generate_column_key called: sheet_name='科目余额表2022', col_info.column_index=11
[TEMP DEBUG] initial: primary_header='期末余额', secondary_header='借方'
[TEMP DEBUG] _generate_column_key called: sheet_name='科目余额表2022', col_info.column_index=1
[TEMP DEBUG] initial: primary_header='科目代码', secondary_header=''
[TEMP DEBUG] _generate_column_key called: sheet_name='科目余额表2022', col_info.column_index=5
[TEMP DEBUG] initial: primary_header='期初余额', secondary_header='借方'
[TEMP DEBUG] _generate_column_key called: sheet_name='科目余额表2022', col_info.column_index=11
[TEMP DEBUG] initial: primary_header='期末余额', secondary_header='借方'
[TEMP DEBUG] _generate_column_key called: sheet_name='科目余额表2022', col_info.column_index=1
[TEMP DEBUG] initial: primary_header='科目代码', secondary_header=''
[TEMP DEBUG] _generate_column_key called: sheet_name='科目余额表2022', col_info.column_index=5
[TEMP DEBUG] initial: primary_header='期初余额', secondary_header='借方'
[TEMP DEBUG] _generate_column_key called: sheet_name='科目余额表2022', col_info.column_index=11
[TEMP DEBUG] initial: primary_header='期末余额', secondary_header='借方'
[TEMP DEBUG] _generate_column_key called: sheet_name='科目余额表2022', col_info.column_index=1
[TEMP DEBUG] initial: primary_header='科目代码', secondary_header=''
[TEMP DEBUG] _generate_column_key called: sheet_name='科目余额表2022', col_info.column_index=8
[TEMP DEBUG] initial: primary_header='', secondary_header='贷方'
[TEMP DEBUG] Excel读取列头成功: col=8, header='2654657.98'
[TEMP DEBUG] _generate_column_key called: sheet_name='科目余额表2022', col_info.column_index=10
[TEMP DEBUG] initial: primary_header='', secondary_header='贷方'
[TEMP DEBUG] Excel读取列头成功: col=10, header='17414384.71'
[TEMP DEBUG] _generate_column_key called: sheet_name='科目余额表2022', col_info.column_index=1
[TEMP DEBUG] initial: primary_header='科目代码', secondary_header=''
[TEMP DEBUG] _generate_column_key called: sheet_name='科目余额表2022', col_info.column_index=8
[TEMP DEBUG] initial: primary_header='', secondary_header='贷方'
[TEMP DEBUG] Excel读取列头成功: col=8, header='2654657.98'
[TEMP DEBUG] _generate_column_key called: sheet_name='科目余额表2022', col_info.column_index=10
[TEMP DEBUG] initial: primary_header='', secondary_header='贷方'
[TEMP DEBUG] Excel读取列头成功: col=10, header='17414384.71'
[TEMP DEBUG] _generate_column_key called: sheet_name='科目余额表2022', col_info.column_index=1
[TEMP DEBUG] initial: primary_header='科目代码', secondary_header=''
[TEMP DEBUG] _generate_column_key called: sheet_name='科目余额表2022', col_info.column_index=8
[TEMP DEBUG] initial: primary_header='', secondary_header='贷方'
[TEMP DEBUG] Excel读取列头成功: col=8, header='2654657.98'
[TEMP DEBUG] _generate_column_key called: sheet_name='科目余额表2022', col_info.column_index=10
[TEMP DEBUG] initial: primary_header='', secondary_header='贷方'
[TEMP DEBUG] Excel读取列头成功: col=10, header='17414384.71'
[TEMP DEBUG] _generate_column_key called: sheet_name='科目余额表2022', col_info.column_index=1
[TEMP DEBUG] initial: primary_header='科目代码', secondary_header=''
[TEMP DEBUG] _generate_column_key called: sheet_name='科目余额表2022', col_info.column_index=1
[TEMP DEBUG] initial: primary_header='科目代码', secondary_header=''
[TEMP DEBUG] _generate_column_key called: sheet_name='科目余额表2022', col_info.column_index=1
[TEMP DEBUG] initial: primary_header='科目代码', secondary_header=''
[TEMP DEBUG] _generate_column_key called: sheet_name='科目余额表2022', col_info.column_index=5
[TEMP DEBUG] initial: primary_header='期初余额', secondary_header='借方'
[TEMP DEBUG] _generate_column_key called: sheet_name='科目余额表2022', col_info.column_index=8
[TEMP DEBUG] initial: primary_header='', secondary_header='贷方'
[TEMP DEBUG] Excel读取列头成功: col=8, header='2654657.98'
[TEMP DEBUG] _generate_column_key called: sheet_name='科目余额表2022', col_info.column_index=10
[TEMP DEBUG] initial: primary_header='', secondary_header='贷方'
[TEMP DEBUG] Excel读取列头成功: col=10, header='17414384.71'
[TEMP DEBUG] _generate_column_key called: sheet_name='科目余额表2022', col_info.column_index=11
[TEMP DEBUG] initial: primary_header='期末余额', secondary_header='借方'
[TEMP DEBUG] _generate_column_key called: sheet_name='科目余额表2022', col_info.column_index=1
[TEMP DEBUG] initial: primary_header='科目代码', secondary_header=''
[TEMP DEBUG] _generate_column_key called: sheet_name='科目余额表2022', col_info.column_index=5
[TEMP DEBUG] initial: primary_header='期初余额', secondary_header='借方'
[TEMP DEBUG] _generate_column_key called: sheet_name='科目余额表2022', col_info.column_index=8
[TEMP DEBUG] initial: primary_header='', secondary_header='贷方'
[TEMP DEBUG] Excel读取列头成功: col=8, header='2654657.98'
[TEMP DEBUG] _generate_column_key called: sheet_name='科目余额表2022', col_info.column_index=10
[TEMP DEBUG] initial: primary_header='', secondary_header='贷方'
[TEMP DEBUG] Excel读取列头成功: col=10, header='17414384.71'
[TEMP DEBUG] _generate_column_key called: sheet_name='科目余额表2022', col_info.column_index=11
[TEMP DEBUG] initial: primary_header='期末余额', secondary_header='借方'
[TEMP DEBUG] _generate_column_key called: sheet_name='科目余额表2022', col_info.column_index=1
[TEMP DEBUG] initial: primary_header='科目代码', secondary_header=''
[TEMP DEBUG] _generate_column_key called: sheet_name='科目余额表2022', col_info.column_index=5
[TEMP DEBUG] initial: primary_header='期初余额', secondary_header='借方'
[TEMP DEBUG] _generate_column_key called: sheet_name='科目余额表2022', col_info.column_index=8
[TEMP DEBUG] initial: primary_header='', secondary_header='贷方'
[TEMP DEBUG] Excel读取列头成功: col=8, header='2654657.98'
[TEMP DEBUG] _generate_column_key called: sheet_name='科目余额表2022', col_info.column_index=10
[TEMP DEBUG] initial: primary_header='', secondary_header='贷方'
[TEMP DEBUG] Excel读取列头成功: col=10, header='17414384.71'
[TEMP DEBUG] _generate_column_key called: sheet_name='科目余额表2022', col_info.column_index=11
[TEMP DEBUG] initial: primary_header='期末余额', secondary_header='借方'
[TEMP DEBUG] _generate_column_key called: sheet_name='科目余额表2022', col_info.column_index=1
[TEMP DEBUG] initial: primary_header='科目代码', secondary_header=''
[TEMP DEBUG] _generate_column_key called: sheet_name='科目余额表2022', col_info.column_index=1
[TEMP DEBUG] initial: primary_header='科目代码', secondary_header=''
[TEMP DEBUG] _generate_column_key called: sheet_name='科目余额表2022', col_info.column_index=1
[TEMP DEBUG] initial: primary_header='科目代码', secondary_header=''
[TEMP DEBUG] _generate_column_key called: sheet_name='科目余额表2022', col_info.column_index=1
[TEMP DEBUG] initial: primary_header='科目代码', secondary_header=''
[TEMP DEBUG] _generate_column_key called: sheet_name='科目余额表2022', col_info.column_index=1
[TEMP DEBUG] initial: primary_header='科目代码', secondary_header=''
[TEMP DEBUG] _generate_column_key called: sheet_name='科目余额表2022', col_info.column_index=1
[TEMP DEBUG] initial: primary_header='科目代码', secondary_header=''
[TEMP DEBUG] _generate_column_key called: sheet_name='科目余额表2022', col_info.column_index=1
[TEMP DEBUG] initial: primary_header='科目代码', secondary_header=''
[TEMP DEBUG] _generate_column_key called: sheet_name='科目余额表2022', col_info.column_index=1
[TEMP DEBUG] initial: primary_header='科目代码', secondary_header=''
[TEMP DEBUG] _generate_column_key called: sheet_name='科目余额表2022', col_info.column_index=1
[TEMP DEBUG] initial: primary_header='科目代码', secondary_header=''
[TEMP DEBUG] _generate_column_key called: sheet_name='科目余额表2022', col_info.column_index=1
[TEMP DEBUG] initial: primary_header='科目代码', secondary_header=''
[TEMP DEBUG] _generate_column_key called: sheet_name='科目余额表2022', col_info.column_index=1
[TEMP DEBUG] initial: primary_header='科目代码', secondary_header=''
[TEMP DEBUG] _generate_column_key called: sheet_name='科目余额表2022', col_info.column_index=1
[TEMP DEBUG] initial: primary_header='科目代码', secondary_header=''
[TEMP DEBUG] _generate_column_key called: sheet_name='科目余额表2022', col_info.column_index=1
[TEMP DEBUG] initial: primary_header='科目代码', secondary_header=''
[TEMP DEBUG] _generate_column_key called: sheet_name='科目余额表2022', col_info.column_index=1
[TEMP DEBUG] initial: primary_header='科目代码', secondary_header=''
[TEMP DEBUG] _generate_column_key called: sheet_name='科目余额表2022', col_info.column_index=1
[TEMP DEBUG] initial: primary_header='科目代码', secondary_header=''
[TEMP DEBUG] _generate_column_key called: sheet_name='科目余额表2022', col_info.column_index=10
[TEMP DEBUG] initial: primary_header='', secondary_header='贷方'
[TEMP DEBUG] Excel读取列头成功: col=10, header='17414384.71'
[TEMP DEBUG] _generate_column_key called: sheet_name='科目余额表2022', col_info.column_index=1
[TEMP DEBUG] initial: primary_header='科目代码', secondary_header=''
[TEMP DEBUG] _generate_column_key called: sheet_name='科目余额表2022', col_info.column_index=1
[TEMP DEBUG] initial: primary_header='科目代码', secondary_header=''
[TEMP DEBUG] _generate_column_key called: sheet_name='科目余额表2022', col_info.column_index=1
[TEMP DEBUG] initial: primary_header='科目代码', secondary_header=''
[TEMP DEBUG] _generate_column_key called: sheet_name='科目余额表2022', col_info.column_index=1
[TEMP DEBUG] initial: primary_header='科目代码', secondary_header=''
[TEMP DEBUG] _generate_column_key called: sheet_name='科目余额表2022', col_info.column_index=1
[TEMP DEBUG] initial: primary_header='科目代码', secondary_header=''
[TEMP DEBUG] _generate_column_key called: sheet_name='科目余额表2022', col_info.column_index=7
[TEMP DEBUG] initial: primary_header='本期发生额', secondary_header='借方'
[TEMP DEBUG] _generate_column_key called: sheet_name='科目余额表2022', col_info.column_index=8
[TEMP DEBUG] initial: primary_header='', secondary_header='贷方'
[TEMP DEBUG] Excel读取列头成功: col=8, header='2654657.98'
[TEMP DEBUG] _generate_column_key called: sheet_name='科目余额表2022', col_info.column_index=9
[TEMP DEBUG] initial: primary_header='本年累计', secondary_header='借方'
[TEMP DEBUG] _generate_column_key called: sheet_name='科目余额表2022', col_info.column_index=10
[TEMP DEBUG] initial: primary_header='', secondary_header='贷方'
[TEMP DEBUG] Excel读取列头成功: col=10, header='17414384.71'
[TEMP DEBUG] _generate_column_key called: sheet_name='科目余额表2022', col_info.column_index=1
[TEMP DEBUG] initial: primary_header='科目代码', secondary_header=''
[TEMP DEBUG] _generate_column_key called: sheet_name='科目余额表2022', col_info.column_index=7
[TEMP DEBUG] initial: primary_header='本期发生额', secondary_header='借方'
[TEMP DEBUG] _generate_column_key called: sheet_name='科目余额表2022', col_info.column_index=8
[TEMP DEBUG] initial: primary_header='', secondary_header='贷方'
[TEMP DEBUG] Excel读取列头成功: col=8, header='2654657.98'
[TEMP DEBUG] _generate_column_key called: sheet_name='科目余额表2022', col_info.column_index=9
[TEMP DEBUG] initial: primary_header='本年累计', secondary_header='借方'
[TEMP DEBUG] _generate_column_key called: sheet_name='科目余额表2022', col_info.column_index=10
[TEMP DEBUG] initial: primary_header='', secondary_header='贷方'
[TEMP DEBUG] Excel读取列头成功: col=10, header='17414384.71'
[TEMP DEBUG] _generate_column_key called: sheet_name='科目余额表2022', col_info.column_index=7
[TEMP DEBUG] initial: primary_header='本期发生额', secondary_header='借方'
[TEMP DEBUG] _generate_column_key called: sheet_name='科目余额表2022', col_info.column_index=8
[TEMP DEBUG] initial: primary_header='', secondary_header='贷方'
[TEMP DEBUG] Excel读取列头成功: col=8, header='2654657.98'
[TEMP DEBUG] _generate_column_key called: sheet_name='科目余额表2022', col_info.column_index=9
[TEMP DEBUG] initial: primary_header='本年累计', secondary_header='借方'
[TEMP DEBUG] _generate_column_key called: sheet_name='科目余额表2022', col_info.column_index=10
[TEMP DEBUG] initial: primary_header='', secondary_header='贷方'
[TEMP DEBUG] Excel读取列头成功: col=10, header='17414384.71'
[TEMP DEBUG] _generate_column_key called: sheet_name='科目余额表2022', col_info.column_index=7
[TEMP DEBUG] initial: primary_header='本期发生额', secondary_header='借方'
[TEMP DEBUG] _generate_column_key called: sheet_name='科目余额表2022', col_info.column_index=8
[TEMP DEBUG] initial: primary_header='', secondary_header='贷方'
[TEMP DEBUG] Excel读取列头成功: col=8, header='2654657.98'
[TEMP DEBUG] _generate_column_key called: sheet_name='科目余额表2022', col_info.column_index=9
[TEMP DEBUG] initial: primary_header='本年累计', secondary_header='借方'
[TEMP DEBUG] _generate_column_key called: sheet_name='科目余额表2022', col_info.column_index=10
[TEMP DEBUG] initial: primary_header='', secondary_header='贷方'
[TEMP DEBUG] Excel读取列头成功: col=10, header='17414384.71'
[TEMP DEBUG] _generate_column_key called: sheet_name='科目余额表2022', col_info.column_index=7
[TEMP DEBUG] initial: primary_header='本期发生额', secondary_header='借方'
[TEMP DEBUG] _generate_column_key called: sheet_name='科目余额表2022', col_info.column_index=8
[TEMP DEBUG] initial: primary_header='', secondary_header='贷方'
[TEMP DEBUG] Excel读取列头成功: col=8, header='2654657.98'
[TEMP DEBUG] _generate_column_key called: sheet_name='科目余额表2022', col_info.column_index=9
[TEMP DEBUG] initial: primary_header='本年累计', secondary_header='借方'
[TEMP DEBUG] _generate_column_key called: sheet_name='科目余额表2022', col_info.column_index=10
[TEMP DEBUG] initial: primary_header='', secondary_header='贷方'
[TEMP DEBUG] Excel读取列头成功: col=10, header='17414384.71'
[TEMP DEBUG] _generate_column_key called: sheet_name='科目余额表2022', col_info.column_index=1
[TEMP DEBUG] initial: primary_header='科目代码', secondary_header=''
[TEMP DEBUG] _generate_column_key called: sheet_name='科目余额表2022', col_info.column_index=7
[TEMP DEBUG] initial: primary_header='本期发生额', secondary_header='借方'
[TEMP DEBUG] _generate_column_key called: sheet_name='科目余额表2022', col_info.column_index=8
[TEMP DEBUG] initial: primary_header='', secondary_header='贷方'
[TEMP DEBUG] Excel读取列头成功: col=8, header='2654657.98'
[TEMP DEBUG] _generate_column_key called: sheet_name='科目余额表2022', col_info.column_index=9
[TEMP DEBUG] initial: primary_header='本年累计', secondary_header='借方'
[TEMP DEBUG] _generate_column_key called: sheet_name='科目余额表2022', col_info.column_index=10
[TEMP DEBUG] initial: primary_header='', secondary_header='贷方'
[TEMP DEBUG] Excel读取列头成功: col=10, header='17414384.71'
[TEMP DEBUG] _generate_column_key called: sheet_name='科目余额表2022', col_info.column_index=1
[TEMP DEBUG] initial: primary_header='科目代码', secondary_header=''
[TEMP DEBUG] _generate_column_key called: sheet_name='科目余额表2022', col_info.column_index=7
[TEMP DEBUG] initial: primary_header='本期发生额', secondary_header='借方'
[TEMP DEBUG] _generate_column_key called: sheet_name='科目余额表2022', col_info.column_index=8
[TEMP DEBUG] initial: primary_header='', secondary_header='贷方'
[TEMP DEBUG] Excel读取列头成功: col=8, header='2654657.98'
[TEMP DEBUG] _generate_column_key called: sheet_name='科目余额表2022', col_info.column_index=9
[TEMP DEBUG] initial: primary_header='本年累计', secondary_header='借方'
[TEMP DEBUG] _generate_column_key called: sheet_name='科目余额表2022', col_info.column_index=10
[TEMP DEBUG] initial: primary_header='', secondary_header='贷方'
[TEMP DEBUG] Excel读取列头成功: col=10, header='17414384.71'
[TEMP DEBUG] _generate_column_key called: sheet_name='科目余额表2022', col_info.column_index=7
[TEMP DEBUG] initial: primary_header='本期发生额', secondary_header='借方'
[TEMP DEBUG] _generate_column_key called: sheet_name='科目余额表2022', col_info.column_index=8
[TEMP DEBUG] initial: primary_header='', secondary_header='贷方'
[TEMP DEBUG] Excel读取列头成功: col=8, header='2654657.98'
[TEMP DEBUG] _generate_column_key called: sheet_name='科目余额表2022', col_info.column_index=9
[TEMP DEBUG] initial: primary_header='本年累计', secondary_header='借方'
[TEMP DEBUG] _generate_column_key called: sheet_name='科目余额表2022', col_info.column_index=10
[TEMP DEBUG] initial: primary_header='', secondary_header='贷方'
[TEMP DEBUG] Excel读取列头成功: col=10, header='17414384.71'
[TEMP DEBUG] _generate_column_key called: sheet_name='科目余额表2022', col_info.column_index=7
[TEMP DEBUG] initial: primary_header='本期发生额', secondary_header='借方'
[TEMP DEBUG] _generate_column_key called: sheet_name='科目余额表2022', col_info.column_index=8
[TEMP DEBUG] initial: primary_header='', secondary_header='贷方'
[TEMP DEBUG] Excel读取列头成功: col=8, header='2654657.98'
[TEMP DEBUG] _generate_column_key called: sheet_name='科目余额表2022', col_info.column_index=9
[TEMP DEBUG] initial: primary_header='本年累计', secondary_header='借方'
[TEMP DEBUG] _generate_column_key called: sheet_name='科目余额表2022', col_info.column_index=10
[TEMP DEBUG] initial: primary_header='', secondary_header='贷方'
[TEMP DEBUG] Excel读取列头成功: col=10, header='17414384.71'
[TEMP DEBUG] _generate_column_key called: sheet_name='科目余额表2022', col_info.column_index=7
[TEMP DEBUG] initial: primary_header='本期发生额', secondary_header='借方'
[TEMP DEBUG] _generate_column_key called: sheet_name='科目余额表2022', col_info.column_index=8
[TEMP DEBUG] initial: primary_header='', secondary_header='贷方'
[TEMP DEBUG] Excel读取列头成功: col=8, header='2654657.98'
[TEMP DEBUG] _generate_column_key called: sheet_name='科目余额表2022', col_info.column_index=9
[TEMP DEBUG] initial: primary_header='本年累计', secondary_header='借方'
[TEMP DEBUG] _generate_column_key called: sheet_name='科目余额表2022', col_info.column_index=10
[TEMP DEBUG] initial: primary_header='', secondary_header='贷方'
[TEMP DEBUG] Excel读取列头成功: col=10, header='17414384.71'
[TEMP DEBUG] _generate_column_key called: sheet_name='科目余额表2022', col_info.column_index=9
[TEMP DEBUG] initial: primary_header='本年累计', secondary_header='借方'
[TEMP DEBUG] _generate_column_key called: sheet_name='科目余额表2022', col_info.column_index=10
[TEMP DEBUG] initial: primary_header='', secondary_header='贷方'
[TEMP DEBUG] Excel读取列头成功: col=10, header='17414384.71'
[TEMP DEBUG] _generate_column_key called: sheet_name='科目余额表2022', col_info.column_index=7
[TEMP DEBUG] initial: primary_header='本期发生额', secondary_header='借方'
[TEMP DEBUG] _generate_column_key called: sheet_name='科目余额表2022', col_info.column_index=8
[TEMP DEBUG] initial: primary_header='', secondary_header='贷方'
[TEMP DEBUG] Excel读取列头成功: col=8, header='2654657.98'
[TEMP DEBUG] _generate_column_key called: sheet_name='科目余额表2022', col_info.column_index=9
[TEMP DEBUG] initial: primary_header='本年累计', secondary_header='借方'
[TEMP DEBUG] _generate_column_key called: sheet_name='科目余额表2022', col_info.column_index=10
[TEMP DEBUG] initial: primary_header='', secondary_header='贷方'
[TEMP DEBUG] Excel读取列头成功: col=10, header='17414384.71'
[TEMP DEBUG] _generate_column_key called: sheet_name='科目余额表2022', col_info.column_index=7
[TEMP DEBUG] initial: primary_header='本期发生额', secondary_header='借方'
[TEMP DEBUG] _generate_column_key called: sheet_name='科目余额表2022', col_info.column_index=8
[TEMP DEBUG] initial: primary_header='', secondary_header='贷方'
[TEMP DEBUG] Excel读取列头成功: col=8, header='2654657.98'
[TEMP DEBUG] _generate_column_key called: sheet_name='科目余额表2022', col_info.column_index=9
[TEMP DEBUG] initial: primary_header='本年累计', secondary_header='借方'
[TEMP DEBUG] _generate_column_key called: sheet_name='科目余额表2022', col_info.column_index=10
[TEMP DEBUG] initial: primary_header='', secondary_header='贷方'
[TEMP DEBUG] Excel读取列头成功: col=10, header='17414384.71'
[TEMP DEBUG] _generate_column_key called: sheet_name='科目余额表2022', col_info.column_index=7
[TEMP DEBUG] initial: primary_header='本期发生额', secondary_header='借方'
[TEMP DEBUG] _generate_column_key called: sheet_name='科目余额表2022', col_info.column_index=8
[TEMP DEBUG] initial: primary_header='', secondary_header='贷方'
[TEMP DEBUG] Excel读取列头成功: col=8, header='2654657.98'
[TEMP DEBUG] _generate_column_key called: sheet_name='科目余额表2022', col_info.column_index=9
[TEMP DEBUG] initial: primary_header='本年累计', secondary_header='借方'
[TEMP DEBUG] _generate_column_key called: sheet_name='科目余额表2022', col_info.column_index=10
[TEMP DEBUG] initial: primary_header='', secondary_header='贷方'
[TEMP DEBUG] Excel读取列头成功: col=10, header='17414384.71'
[TEMP DEBUG] _generate_column_key called: sheet_name='科目余额表2022', col_info.column_index=7
[TEMP DEBUG] initial: primary_header='本期发生额', secondary_header='借方'
[TEMP DEBUG] _generate_column_key called: sheet_name='科目余额表2022', col_info.column_index=8
[TEMP DEBUG] initial: primary_header='', secondary_header='贷方'
[TEMP DEBUG] Excel读取列头成功: col=8, header='2654657.98'
[TEMP DEBUG] _generate_column_key called: sheet_name='科目余额表2022', col_info.column_index=9
[TEMP DEBUG] initial: primary_header='本年累计', secondary_header='借方'
[TEMP DEBUG] _generate_column_key called: sheet_name='科目余额表2022', col_info.column_index=10
[TEMP DEBUG] initial: primary_header='', secondary_header='贷方'
[TEMP DEBUG] Excel读取列头成功: col=10, header='17414384.71'
[TEMP DEBUG] _generate_column_key called: sheet_name='科目余额表2022', col_info.column_index=1
[TEMP DEBUG] initial: primary_header='科目代码', secondary_header=''
[TEMP DEBUG] _generate_column_key called: sheet_name='科目余额表2022', col_info.column_index=7
[TEMP DEBUG] initial: primary_header='本期发生额', secondary_header='借方'
[TEMP DEBUG] _generate_column_key called: sheet_name='科目余额表2022', col_info.column_index=8
[TEMP DEBUG] initial: primary_header='', secondary_header='贷方'
[TEMP DEBUG] Excel读取列头成功: col=8, header='2654657.98'
[TEMP DEBUG] _generate_column_key called: sheet_name='科目余额表2022', col_info.column_index=9
[TEMP DEBUG] initial: primary_header='本年累计', secondary_header='借方'
[TEMP DEBUG] _generate_column_key called: sheet_name='科目余额表2022', col_info.column_index=10
[TEMP DEBUG] initial: primary_header='', secondary_header='贷方'
[TEMP DEBUG] Excel读取列头成功: col=10, header='17414384.71'
[TEMP DEBUG] _generate_column_key called: sheet_name='科目余额表2022', col_info.column_index=1
[TEMP DEBUG] initial: primary_header='科目代码', secondary_header=''
[TEMP DEBUG] _generate_column_key called: sheet_name='科目余额表2022', col_info.column_index=1
[TEMP DEBUG] initial: primary_header='科目代码', secondary_header=''
[TEMP DEBUG] _generate_column_key called: sheet_name='科目余额表2022', col_info.column_index=1
[TEMP DEBUG] initial: primary_header='科目代码', secondary_header=''
[TEMP DEBUG] _generate_column_key called: sheet_name='科目余额表2022', col_info.column_index=5
[TEMP DEBUG] initial: primary_header='期初余额', secondary_header='借方'
[TEMP DEBUG] _generate_column_key called: sheet_name='科目余额表2022', col_info.column_index=7
[TEMP DEBUG] initial: primary_header='本期发生额', secondary_header='借方'
[TEMP DEBUG] _generate_column_key called: sheet_name='科目余额表2022', col_info.column_index=8
[TEMP DEBUG] initial: primary_header='', secondary_header='贷方'
[TEMP DEBUG] Excel读取列头成功: col=8, header='2654657.98'
[TEMP DEBUG] _generate_column_key called: sheet_name='科目余额表2022', col_info.column_index=9
[TEMP DEBUG] initial: primary_header='本年累计', secondary_header='借方'
[TEMP DEBUG] _generate_column_key called: sheet_name='科目余额表2022', col_info.column_index=10
[TEMP DEBUG] initial: primary_header='', secondary_header='贷方'
[TEMP DEBUG] Excel读取列头成功: col=10, header='17414384.71'
[TEMP DEBUG] _generate_column_key called: sheet_name='科目余额表2022', col_info.column_index=1
[TEMP DEBUG] initial: primary_header='科目代码', secondary_header=''
[TEMP DEBUG] _generate_column_key called: sheet_name='科目余额表2022', col_info.column_index=5
[TEMP DEBUG] initial: primary_header='期初余额', secondary_header='借方'
[TEMP DEBUG] _generate_column_key called: sheet_name='科目余额表2022', col_info.column_index=7
[TEMP DEBUG] initial: primary_header='本期发生额', secondary_header='借方'
[TEMP DEBUG] _generate_column_key called: sheet_name='科目余额表2022', col_info.column_index=8
[TEMP DEBUG] initial: primary_header='', secondary_header='贷方'
[TEMP DEBUG] Excel读取列头成功: col=8, header='2654657.98'
[TEMP DEBUG] _generate_column_key called: sheet_name='科目余额表2022', col_info.column_index=9
[TEMP DEBUG] initial: primary_header='本年累计', secondary_header='借方'
[TEMP DEBUG] _generate_column_key called: sheet_name='科目余额表2022', col_info.column_index=10
[TEMP DEBUG] initial: primary_header='', secondary_header='贷方'
[TEMP DEBUG] Excel读取列头成功: col=10, header='17414384.71'
[TEMP DEBUG] _generate_column_key called: sheet_name='科目余额表2022', col_info.column_index=11
[TEMP DEBUG] initial: primary_header='期末余额', secondary_header='借方'
[TEMP DEBUG] _generate_column_key called: sheet_name='科目余额表2022', col_info.column_index=1
[TEMP DEBUG] initial: primary_header='科目代码', secondary_header=''
[TEMP DEBUG] _generate_column_key called: sheet_name='科目余额表2022', col_info.column_index=5
[TEMP DEBUG] initial: primary_header='期初余额', secondary_header='借方'
[TEMP DEBUG] _generate_column_key called: sheet_name='科目余额表2022', col_info.column_index=7
[TEMP DEBUG] initial: primary_header='本期发生额', secondary_header='借方'
[TEMP DEBUG] _generate_column_key called: sheet_name='科目余额表2022', col_info.column_index=8
[TEMP DEBUG] initial: primary_header='', secondary_header='贷方'
[TEMP DEBUG] Excel读取列头成功: col=8, header='2654657.98'
[TEMP DEBUG] _generate_column_key called: sheet_name='科目余额表2022', col_info.column_index=9
[TEMP DEBUG] initial: primary_header='本年累计', secondary_header='借方'
[TEMP DEBUG] _generate_column_key called: sheet_name='科目余额表2022', col_info.column_index=10
[TEMP DEBUG] initial: primary_header='', secondary_header='贷方'
[TEMP DEBUG] Excel读取列头成功: col=10, header='17414384.71'
[TEMP DEBUG] _generate_column_key called: sheet_name='科目余额表2022', col_info.column_index=11
[TEMP DEBUG] initial: primary_header='期末余额', secondary_header='借方'
[TEMP DEBUG] _generate_column_key called: sheet_name='科目余额表2022', col_info.column_index=5
[TEMP DEBUG] initial: primary_header='期初余额', secondary_header='借方'
[TEMP DEBUG] _generate_column_key called: sheet_name='科目余额表2022', col_info.column_index=7
[TEMP DEBUG] initial: primary_header='本期发生额', secondary_header='借方'
[TEMP DEBUG] _generate_column_key called: sheet_name='科目余额表2022', col_info.column_index=8
[TEMP DEBUG] initial: primary_header='', secondary_header='贷方'
[TEMP DEBUG] Excel读取列头成功: col=8, header='2654657.98'
[TEMP DEBUG] _generate_column_key called: sheet_name='科目余额表2022', col_info.column_index=9
[TEMP DEBUG] initial: primary_header='本年累计', secondary_header='借方'
[TEMP DEBUG] _generate_column_key called: sheet_name='科目余额表2022', col_info.column_index=10
[TEMP DEBUG] initial: primary_header='', secondary_header='贷方'
[TEMP DEBUG] Excel读取列头成功: col=10, header='17414384.71'
[TEMP DEBUG] _generate_column_key called: sheet_name='科目余额表2022', col_info.column_index=11
[TEMP DEBUG] initial: primary_header='期末余额', secondary_header='借方'
[TEMP DEBUG] _generate_column_key called: sheet_name='科目余额表2022', col_info.column_index=7
[TEMP DEBUG] initial: primary_header='本期发生额', secondary_header='借方'
[TEMP DEBUG] _generate_column_key called: sheet_name='科目余额表2022', col_info.column_index=8
[TEMP DEBUG] initial: primary_header='', secondary_header='贷方'
[TEMP DEBUG] Excel读取列头成功: col=8, header='2654657.98'
[TEMP DEBUG] _generate_column_key called: sheet_name='科目余额表2022', col_info.column_index=9
[TEMP DEBUG] initial: primary_header='本年累计', secondary_header='借方'
[TEMP DEBUG] _generate_column_key called: sheet_name='科目余额表2022', col_info.column_index=10
[TEMP DEBUG] initial: primary_header='', secondary_header='贷方'
[TEMP DEBUG] Excel读取列头成功: col=10, header='17414384.71'
[TEMP DEBUG] _generate_column_key called: sheet_name='科目余额表2022', col_info.column_index=5
[TEMP DEBUG] initial: primary_header='期初余额', secondary_header='借方'
[TEMP DEBUG] _generate_column_key called: sheet_name='科目余额表2022', col_info.column_index=11
[TEMP DEBUG] initial: primary_header='期末余额', secondary_header='借方'
[TEMP DEBUG] _generate_column_key called: sheet_name='科目余额表2022', col_info.column_index=7
[TEMP DEBUG] initial: primary_header='本期发生额', secondary_header='借方'
[TEMP DEBUG] _generate_column_key called: sheet_name='科目余额表2022', col_info.column_index=8
[TEMP DEBUG] initial: primary_header='', secondary_header='贷方'
[TEMP DEBUG] Excel读取列头成功: col=8, header='2654657.98'
[TEMP DEBUG] _generate_column_key called: sheet_name='科目余额表2022', col_info.column_index=9
[TEMP DEBUG] initial: primary_header='本年累计', secondary_header='借方'
[TEMP DEBUG] _generate_column_key called: sheet_name='科目余额表2022', col_info.column_index=10
[TEMP DEBUG] initial: primary_header='', secondary_header='贷方'
[TEMP DEBUG] Excel读取列头成功: col=10, header='17414384.71'
[TEMP DEBUG] _generate_column_key called: sheet_name='科目余额表2022', col_info.column_index=9
[TEMP DEBUG] initial: primary_header='本年累计', secondary_header='借方'
[TEMP DEBUG] _generate_column_key called: sheet_name='科目余额表2022', col_info.column_index=10
[TEMP DEBUG] initial: primary_header='', secondary_header='贷方'
[TEMP DEBUG] Excel读取列头成功: col=10, header='17414384.71'
[TEMP DEBUG] _generate_column_key called: sheet_name='科目余额表2022', col_info.column_index=5
[TEMP DEBUG] initial: primary_header='期初余额', secondary_header='借方'
[TEMP DEBUG] _generate_column_key called: sheet_name='科目余额表2022', col_info.column_index=7
[TEMP DEBUG] initial: primary_header='本期发生额', secondary_header='借方'
[TEMP DEBUG] _generate_column_key called: sheet_name='科目余额表2022', col_info.column_index=9
[TEMP DEBUG] initial: primary_header='本年累计', secondary_header='借方'
[TEMP DEBUG] _generate_column_key called: sheet_name='科目余额表2022', col_info.column_index=11
[TEMP DEBUG] initial: primary_header='期末余额', secondary_header='借方'
[TEMP DEBUG] _generate_column_key called: sheet_name='科目余额表2022', col_info.column_index=1
[TEMP DEBUG] initial: primary_header='科目代码', secondary_header=''
[TEMP DEBUG] _generate_column_key called: sheet_name='科目余额表2022', col_info.column_index=1
[TEMP DEBUG] initial: primary_header='科目代码', secondary_header=''
[TEMP DEBUG] _generate_column_key called: sheet_name='科目余额表2022', col_info.column_index=1
[TEMP DEBUG] initial: primary_header='科目代码', secondary_header=''
[TEMP DEBUG] _generate_column_key called: sheet_name='科目余额表2022', col_info.column_index=1
[TEMP DEBUG] initial: primary_header='科目代码', secondary_header=''
[TEMP DEBUG] _generate_column_key called: sheet_name='科目余额表2022', col_info.column_index=1
[TEMP DEBUG] initial: primary_header='科目代码', secondary_header=''
[TEMP DEBUG] _generate_column_key called: sheet_name='科目余额表2022', col_info.column_index=1
[TEMP DEBUG] initial: primary_header='科目代码', secondary_header=''
[TEMP DEBUG] _generate_column_key called: sheet_name='科目余额表2022', col_info.column_index=1
[TEMP DEBUG] initial: primary_header='科目代码', secondary_header=''
[TEMP DEBUG] _generate_column_key called: sheet_name='科目余额表2022', col_info.column_index=1
[TEMP DEBUG] initial: primary_header='科目代码', secondary_header=''
[TEMP DEBUG] _generate_column_key called: sheet_name='科目余额表2022', col_info.column_index=1
[TEMP DEBUG] initial: primary_header='科目代码', secondary_header=''
[TEMP DEBUG] _generate_column_key called: sheet_name='科目余额表2022', col_info.column_index=1
[TEMP DEBUG] initial: primary_header='科目代码', secondary_header=''
[TEMP DEBUG] _generate_column_key called: sheet_name='科目余额表2022', col_info.column_index=1
[TEMP DEBUG] initial: primary_header='科目代码', secondary_header=''
[TEMP DEBUG] _generate_column_key called: sheet_name='科目余额表2022', col_info.column_index=1
[TEMP DEBUG] initial: primary_header='科目代码', secondary_header=''
[TEMP DEBUG] _generate_column_key called: sheet_name='科目余额表2022', col_info.column_index=7
[TEMP DEBUG] initial: primary_header='本期发生额', secondary_header='借方'
[TEMP DEBUG] _generate_column_key called: sheet_name='科目余额表2022', col_info.column_index=8
[TEMP DEBUG] initial: primary_header='', secondary_header='贷方'
[TEMP DEBUG] Excel读取列头成功: col=8, header='2654657.98'
[TEMP DEBUG] _generate_column_key called: sheet_name='科目余额表2022', col_info.column_index=9
[TEMP DEBUG] initial: primary_header='本年累计', secondary_header='借方'
[TEMP DEBUG] _generate_column_key called: sheet_name='科目余额表2022', col_info.column_index=10
[TEMP DEBUG] initial: primary_header='', secondary_header='贷方'
[TEMP DEBUG] Excel读取列头成功: col=10, header='17414384.71'
[TEMP DEBUG] _generate_column_key called: sheet_name='科目余额表2022', col_info.column_index=1
[TEMP DEBUG] initial: primary_header='科目代码', secondary_header=''
[TEMP DEBUG] _generate_column_key called: sheet_name='科目余额表2022', col_info.column_index=1
[TEMP DEBUG] initial: primary_header='科目代码', secondary_header=''
[TEMP DEBUG] _generate_column_key called: sheet_name='科目余额表2022', col_info.column_index=7
[TEMP DEBUG] initial: primary_header='本期发生额', secondary_header='借方'
[TEMP DEBUG] _generate_column_key called: sheet_name='科目余额表2022', col_info.column_index=9
[TEMP DEBUG] initial: primary_header='本年累计', secondary_header='借方'
[TEMP DEBUG] _generate_column_key called: sheet_name='科目余额表2022', col_info.column_index=10
[TEMP DEBUG] initial: primary_header='', secondary_header='贷方'
[TEMP DEBUG] Excel读取列头成功: col=10, header='17414384.71'
[TEMP DEBUG] _generate_column_key called: sheet_name='科目余额表2022', col_info.column_index=1
[TEMP DEBUG] initial: primary_header='科目代码', secondary_header=''
[TEMP DEBUG] _generate_column_key called: sheet_name='科目余额表2022', col_info.column_index=8
[TEMP DEBUG] initial: primary_header='', secondary_header='贷方'
[TEMP DEBUG] Excel读取列头成功: col=8, header='2654657.98'
[TEMP DEBUG] _generate_column_key called: sheet_name='科目余额表2022', col_info.column_index=10
[TEMP DEBUG] initial: primary_header='', secondary_header='贷方'
[TEMP DEBUG] Excel读取列头成功: col=10, header='17414384.71'
[TEMP DEBUG] _generate_column_key called: sheet_name='科目余额表2022', col_info.column_index=1
[TEMP DEBUG] initial: primary_header='科目代码', secondary_header=''
[TEMP DEBUG] _generate_column_key called: sheet_name='科目余额表2022', col_info.column_index=8
[TEMP DEBUG] initial: primary_header='', secondary_header='贷方'
[TEMP DEBUG] Excel读取列头成功: col=8, header='2654657.98'
[TEMP DEBUG] _generate_column_key called: sheet_name='科目余额表2022', col_info.column_index=10
[TEMP DEBUG] initial: primary_header='', secondary_header='贷方'
[TEMP DEBUG] Excel读取列头成功: col=10, header='17414384.71'
[TEMP DEBUG] _generate_column_key called: sheet_name='科目余额表2022', col_info.column_index=1
[TEMP DEBUG] initial: primary_header='科目代码', secondary_header=''
[TEMP DEBUG] _generate_column_key called: sheet_name='科目余额表2022', col_info.column_index=1
[TEMP DEBUG] initial: primary_header='科目代码', secondary_header=''
[TEMP DEBUG] _generate_column_key called: sheet_name='科目余额表2022', col_info.column_index=1
[TEMP DEBUG] initial: primary_header='科目代码', secondary_header=''
[TEMP DEBUG] _generate_column_key called: sheet_name='科目余额表2022', col_info.column_index=1
[TEMP DEBUG] initial: primary_header='科目代码', secondary_header=''
[TEMP DEBUG] _generate_column_key called: sheet_name='科目余额表2022', col_info.column_index=1
[TEMP DEBUG] initial: primary_header='科目代码', secondary_header=''
[TEMP DEBUG] _generate_column_key called: sheet_name='科目余额表2022', col_info.column_index=9
[TEMP DEBUG] initial: primary_header='本年累计', secondary_header='借方'
[TEMP DEBUG] _generate_column_key called: sheet_name='科目余额表2022', col_info.column_index=1
[TEMP DEBUG] initial: primary_header='科目代码', secondary_header=''
[TEMP DEBUG] _generate_column_key called: sheet_name='科目余额表2022', col_info.column_index=1
[TEMP DEBUG] initial: primary_header='科目代码', secondary_header=''
[TEMP DEBUG] _generate_column_key called: sheet_name='科目余额表2022', col_info.column_index=1
[TEMP DEBUG] initial: primary_header='科目代码', secondary_header=''
[TEMP DEBUG] _generate_column_key called: sheet_name='科目余额表2022', col_info.column_index=1
[TEMP DEBUG] initial: primary_header='科目代码', secondary_header=''
[TEMP DEBUG] _generate_column_key called: sheet_name='科目余额表2022', col_info.column_index=1
[TEMP DEBUG] initial: primary_header='科目代码', secondary_header=''
[TEMP DEBUG] _generate_column_key called: sheet_name='科目余额表2022', col_info.column_index=1
[TEMP DEBUG] initial: primary_header='科目代码', secondary_header=''
[TEMP DEBUG] _generate_column_key called: sheet_name='科目余额表2022', col_info.column_index=1
[TEMP DEBUG] initial: primary_header='科目代码', secondary_header=''
[TEMP DEBUG] _generate_column_key called: sheet_name='科目余额表2022', col_info.column_index=1
[TEMP DEBUG] initial: primary_header='科目代码', secondary_header=''
[TEMP DEBUG] _generate_column_key called: sheet_name='科目余额表2022', col_info.column_index=7
[TEMP DEBUG] initial: primary_header='本期发生额', secondary_header='借方'
[TEMP DEBUG] _generate_column_key called: sheet_name='科目余额表2022', col_info.column_index=8
[TEMP DEBUG] initial: primary_header='', secondary_header='贷方'
[TEMP DEBUG] Excel读取列头成功: col=8, header='2654657.98'
[TEMP DEBUG] _generate_column_key called: sheet_name='科目余额表2022', col_info.column_index=9
[TEMP DEBUG] initial: primary_header='本年累计', secondary_header='借方'
[TEMP DEBUG] _generate_column_key called: sheet_name='科目余额表2022', col_info.column_index=10
[TEMP DEBUG] initial: primary_header='', secondary_header='贷方'
[TEMP DEBUG] Excel读取列头成功: col=10, header='17414384.71'
[TEMP DEBUG] _generate_column_key called: sheet_name='科目余额表2022', col_info.column_index=1
[TEMP DEBUG] initial: primary_header='科目代码', secondary_header=''
[TEMP DEBUG] _generate_column_key called: sheet_name='科目余额表2022', col_info.column_index=1
[TEMP DEBUG] initial: primary_header='科目代码', secondary_header=''
[TEMP DEBUG] _generate_column_key called: sheet_name='科目余额表2022', col_info.column_index=1
[TEMP DEBUG] initial: primary_header='科目代码', secondary_header=''
[TEMP DEBUG] _generate_column_key called: sheet_name='科目余额表2022', col_info.column_index=7
[TEMP DEBUG] initial: primary_header='本期发生额', secondary_header='借方'
[TEMP DEBUG] _generate_column_key called: sheet_name='科目余额表2022', col_info.column_index=8
[TEMP DEBUG] initial: primary_header='', secondary_header='贷方'
[TEMP DEBUG] Excel读取列头成功: col=8, header='2654657.98'
[TEMP DEBUG] _generate_column_key called: sheet_name='科目余额表2022', col_info.column_index=9
[TEMP DEBUG] initial: primary_header='本年累计', secondary_header='借方'
[TEMP DEBUG] _generate_column_key called: sheet_name='科目余额表2022', col_info.column_index=10
[TEMP DEBUG] initial: primary_header='', secondary_header='贷方'
[TEMP DEBUG] Excel读取列头成功: col=10, header='17414384.71'
[TEMP DEBUG] _generate_column_key called: sheet_name='科目余额表2022', col_info.column_index=1
[TEMP DEBUG] initial: primary_header='科目代码', secondary_header=''
[TEMP DEBUG] _generate_column_key called: sheet_name='科目余额表2022', col_info.column_index=1
[TEMP DEBUG] initial: primary_header='科目代码', secondary_header=''
[TEMP DEBUG] _generate_column_key called: sheet_name='科目余额表2022', col_info.column_index=1
[TEMP DEBUG] initial: primary_header='科目代码', secondary_header=''
[TEMP DEBUG] _generate_column_key called: sheet_name='科目余额表2022', col_info.column_index=1
[TEMP DEBUG] initial: primary_header='科目代码', secondary_header=''
[TEMP DEBUG] _generate_column_key called: sheet_name='科目余额表2022', col_info.column_index=7
[TEMP DEBUG] initial: primary_header='本期发生额', secondary_header='借方'
[TEMP DEBUG] _generate_column_key called: sheet_name='科目余额表2022', col_info.column_index=8
[TEMP DEBUG] initial: primary_header='', secondary_header='贷方'
[TEMP DEBUG] Excel读取列头成功: col=8, header='2654657.98'
[TEMP DEBUG] _generate_column_key called: sheet_name='科目余额表2022', col_info.column_index=9
[TEMP DEBUG] initial: primary_header='本年累计', secondary_header='借方'
[TEMP DEBUG] _generate_column_key called: sheet_name='科目余额表2022', col_info.column_index=10
[TEMP DEBUG] initial: primary_header='', secondary_header='贷方'
[TEMP DEBUG] Excel读取列头成功: col=10, header='17414384.71'
[TEMP DEBUG] _generate_column_key called: sheet_name='科目余额表2022', col_info.column_index=7
[TEMP DEBUG] initial: primary_header='本期发生额', secondary_header='借方'
[TEMP DEBUG] _generate_column_key called: sheet_name='科目余额表2022', col_info.column_index=8
[TEMP DEBUG] initial: primary_header='', secondary_header='贷方'
[TEMP DEBUG] Excel读取列头成功: col=8, header='2654657.98'
[TEMP DEBUG] _generate_column_key called: sheet_name='科目余额表2022', col_info.column_index=9
[TEMP DEBUG] initial: primary_header='本年累计', secondary_header='借方'
[TEMP DEBUG] _generate_column_key called: sheet_name='科目余额表2022', col_info.column_index=10
[TEMP DEBUG] initial: primary_header='', secondary_header='贷方'
[TEMP DEBUG] Excel读取列头成功: col=10, header='17414384.71'
[TEMP DEBUG] _generate_column_key called: sheet_name='科目余额表2022', col_info.column_index=9
[TEMP DEBUG] initial: primary_header='本年累计', secondary_header='借方'
[TEMP DEBUG] _generate_column_key called: sheet_name='科目余额表2022', col_info.column_index=1
[TEMP DEBUG] initial: primary_header='科目代码', secondary_header=''
[TEMP DEBUG] _generate_column_key called: sheet_name='科目余额表2022', col_info.column_index=1
[TEMP DEBUG] initial: primary_header='科目代码', secondary_header=''
[TEMP DEBUG] _generate_column_key called: sheet_name='科目余额表2022', col_info.column_index=1
[TEMP DEBUG] initial: primary_header='科目代码', secondary_header=''
[TEMP DEBUG] _generate_column_key called: sheet_name='科目余额表2022', col_info.column_index=1
[TEMP DEBUG] initial: primary_header='科目代码', secondary_header=''
[TEMP DEBUG] _generate_column_key called: sheet_name='科目余额表2022', col_info.column_index=1
[TEMP DEBUG] initial: primary_header='科目代码', secondary_header=''
[TEMP DEBUG] _generate_column_key called: sheet_name='科目余额表2022', col_info.column_index=8
[TEMP DEBUG] initial: primary_header='', secondary_header='贷方'
[TEMP DEBUG] Excel读取列头成功: col=8, header='2654657.98'
[TEMP DEBUG] _generate_column_key called: sheet_name='科目余额表2022', col_info.column_index=10
[TEMP DEBUG] initial: primary_header='', secondary_header='贷方'
[TEMP DEBUG] Excel读取列头成功: col=10, header='17414384.71'
[TEMP DEBUG] _generate_column_key called: sheet_name='科目余额表2022', col_info.column_index=1
[TEMP DEBUG] initial: primary_header='科目代码', secondary_header=''
[TEMP DEBUG] _generate_column_key called: sheet_name='科目余额表2022', col_info.column_index=7
[TEMP DEBUG] initial: primary_header='本期发生额', secondary_header='借方'
[TEMP DEBUG] _generate_column_key called: sheet_name='科目余额表2022', col_info.column_index=9
[TEMP DEBUG] initial: primary_header='本年累计', secondary_header='借方'
[TEMP DEBUG] _generate_column_key called: sheet_name='科目余额表2022', col_info.column_index=1
[TEMP DEBUG] initial: primary_header='科目代码', secondary_header=''
[TEMP DEBUG] _generate_column_key called: sheet_name='科目余额表2022', col_info.column_index=7
[TEMP DEBUG] initial: primary_header='本期发生额', secondary_header='借方'
[TEMP DEBUG] _generate_column_key called: sheet_name='科目余额表2022', col_info.column_index=9
[TEMP DEBUG] initial: primary_header='本年累计', secondary_header='借方'
[TEMP DEBUG] _generate_column_key called: sheet_name='科目余额表2022', col_info.column_index=1
[TEMP DEBUG] initial: primary_header='科目代码', secondary_header=''
[TEMP DEBUG] _generate_column_key called: sheet_name='科目余额表2022', col_info.column_index=1
[TEMP DEBUG] initial: primary_header='科目代码', secondary_header=''
[TEMP DEBUG] _generate_column_key called: sheet_name='科目余额表2022', col_info.column_index=1
[TEMP DEBUG] initial: primary_header='科目代码', secondary_header=''
[TEMP DEBUG] _generate_column_key called: sheet_name='科目余额表2022', col_info.column_index=1
[TEMP DEBUG] initial: primary_header='科目代码', secondary_header=''
[TEMP DEBUG] _generate_column_key called: sheet_name='科目余额表2022', col_info.column_index=1
[TEMP DEBUG] initial: primary_header='科目代码', secondary_header=''
[TEMP DEBUG] _generate_column_key called: sheet_name='科目余额表2022', col_info.column_index=1
[TEMP DEBUG] initial: primary_header='科目代码', secondary_header=''
[TEMP DEBUG] _generate_column_key called: sheet_name='科目余额表2022', col_info.column_index=1
[TEMP DEBUG] initial: primary_header='科目代码', secondary_header=''
[TEMP DEBUG] _generate_column_key called: sheet_name='科目余额表2022', col_info.column_index=1
[TEMP DEBUG] initial: primary_header='科目代码', secondary_header=''
[TEMP DEBUG] _generate_column_key called: sheet_name='科目余额表2022', col_info.column_index=1
[TEMP DEBUG] initial: primary_header='科目代码', secondary_header=''
[TEMP DEBUG] _generate_column_key called: sheet_name='科目余额表2022', col_info.column_index=1
[TEMP DEBUG] initial: primary_header='科目代码', secondary_header=''
[TEMP DEBUG] _generate_column_key called: sheet_name='科目余额表2022', col_info.column_index=10
[TEMP DEBUG] initial: primary_header='', secondary_header='贷方'
[TEMP DEBUG] Excel读取列头成功: col=10, header='17414384.71'
[TEMP DEBUG] _generate_column_key called: sheet_name='科目余额表2022', col_info.column_index=1
[TEMP DEBUG] initial: primary_header='科目代码', secondary_header=''
[TEMP DEBUG] _generate_column_key called: sheet_name='科目余额表2022', col_info.column_index=1
[TEMP DEBUG] initial: primary_header='科目代码', secondary_header=''
[TEMP DEBUG] _generate_column_key called: sheet_name='科目余额表2022', col_info.column_index=1
[TEMP DEBUG] initial: primary_header='科目代码', secondary_header=''
[TEMP DEBUG] _generate_column_key called: sheet_name='科目余额表2022', col_info.column_index=1
[TEMP DEBUG] initial: primary_header='科目代码', secondary_header=''
[TEMP DEBUG] _generate_column_key called: sheet_name='科目余额表2022', col_info.column_index=7
[TEMP DEBUG] initial: primary_header='本期发生额', secondary_header='借方'
[TEMP DEBUG] _generate_column_key called: sheet_name='科目余额表2022', col_info.column_index=8
[TEMP DEBUG] initial: primary_header='', secondary_header='贷方'
[TEMP DEBUG] Excel读取列头成功: col=8, header='2654657.98'
[TEMP DEBUG] _generate_column_key called: sheet_name='科目余额表2022', col_info.column_index=9
[TEMP DEBUG] initial: primary_header='本年累计', secondary_header='借方'
[TEMP DEBUG] _generate_column_key called: sheet_name='科目余额表2022', col_info.column_index=10
[TEMP DEBUG] initial: primary_header='', secondary_header='贷方'
[TEMP DEBUG] Excel读取列头成功: col=10, header='17414384.71'
[TEMP DEBUG] _generate_column_key called: sheet_name='科目余额表2022', col_info.column_index=1
[TEMP DEBUG] initial: primary_header='科目代码', secondary_header=''
[TEMP DEBUG] _generate_column_key called: sheet_name='科目余额表2022', col_info.column_index=5
[TEMP DEBUG] initial: primary_header='期初余额', secondary_header='借方'
[TEMP DEBUG] _generate_column_key called: sheet_name='科目余额表2022', col_info.column_index=7
[TEMP DEBUG] initial: primary_header='本期发生额', secondary_header='借方'
[TEMP DEBUG] _generate_column_key called: sheet_name='科目余额表2022', col_info.column_index=9
[TEMP DEBUG] initial: primary_header='本年累计', secondary_header='借方'
[TEMP DEBUG] _generate_column_key called: sheet_name='科目余额表2022', col_info.column_index=11
[TEMP DEBUG] initial: primary_header='期末余额', secondary_header='借方'
[TEMP DEBUG] _generate_column_key called: sheet_name='科目余额表2022', col_info.column_index=1
[TEMP DEBUG] initial: primary_header='科目代码', secondary_header=''
[TEMP DEBUG] _generate_column_key called: sheet_name='科目余额表2022', col_info.column_index=1
[TEMP DEBUG] initial: primary_header='科目代码', secondary_header=''
[TEMP DEBUG] _generate_column_key called: sheet_name='科目余额表2022', col_info.column_index=1
[TEMP DEBUG] initial: primary_header='科目代码', secondary_header=''
[TEMP DEBUG] _generate_column_key called: sheet_name='科目余额表2022', col_info.column_index=1
[TEMP DEBUG] initial: primary_header='科目代码', secondary_header=''
[TEMP DEBUG] _generate_column_key called: sheet_name='科目余额表2022', col_info.column_index=1
[TEMP DEBUG] initial: primary_header='科目代码', secondary_header=''
[TEMP DEBUG] _generate_column_key called: sheet_name='科目余额表2022', col_info.column_index=1
[TEMP DEBUG] initial: primary_header='科目代码', secondary_header=''
[TEMP DEBUG] _generate_column_key called: sheet_name='科目余额表2022', col_info.column_index=5
[TEMP DEBUG] initial: primary_header='期初余额', secondary_header='借方'
[TEMP DEBUG] _generate_column_key called: sheet_name='科目余额表2022', col_info.column_index=7
[TEMP DEBUG] initial: primary_header='本期发生额', secondary_header='借方'
[TEMP DEBUG] _generate_column_key called: sheet_name='科目余额表2022', col_info.column_index=9
[TEMP DEBUG] initial: primary_header='本年累计', secondary_header='借方'
[TEMP DEBUG] _generate_column_key called: sheet_name='科目余额表2022', col_info.column_index=11
[TEMP DEBUG] initial: primary_header='期末余额', secondary_header='借方'
[TEMP DEBUG] _generate_column_key called: sheet_name='科目余额表2022', col_info.column_index=1
[TEMP DEBUG] initial: primary_header='科目代码', secondary_header=''
[TEMP DEBUG] _generate_column_key called: sheet_name='科目余额表2022', col_info.column_index=1
[TEMP DEBUG] initial: primary_header='科目代码', secondary_header=''
[TEMP DEBUG] _generate_column_key called: sheet_name='科目余额表2022', col_info.column_index=1
[TEMP DEBUG] initial: primary_header='科目代码', secondary_header=''
[TEMP DEBUG] _generate_column_key called: sheet_name='科目余额表2022', col_info.column_index=1
[TEMP DEBUG] initial: primary_header='科目代码', secondary_header=''
[TEMP DEBUG] _generate_column_key called: sheet_name='科目余额表2022', col_info.column_index=1
[TEMP DEBUG] initial: primary_header='科目代码', secondary_header=''
[TEMP DEBUG] _generate_column_key called: sheet_name='科目余额表2022', col_info.column_index=1
[TEMP DEBUG] initial: primary_header='科目代码', secondary_header=''
[TEMP DEBUG] _generate_column_key called: sheet_name='科目余额表2022', col_info.column_index=1
[TEMP DEBUG] initial: primary_header='科目代码', secondary_header=''
[TEMP DEBUG] _generate_column_key called: sheet_name='科目余额表2022', col_info.column_index=1
[TEMP DEBUG] initial: primary_header='科目代码', secondary_header=''
[TEMP DEBUG] _generate_column_key called: sheet_name='科目余额表2022', col_info.column_index=1
[TEMP DEBUG] initial: primary_header='科目代码', secondary_header=''
[TEMP DEBUG] _generate_column_key called: sheet_name='科目余额表2022', col_info.column_index=1
[TEMP DEBUG] initial: primary_header='科目代码', secondary_header=''
[TEMP DEBUG] _generate_column_key called: sheet_name='科目余额表2022', col_info.column_index=1
[TEMP DEBUG] initial: primary_header='科目代码', secondary_header=''
[TEMP DEBUG] _generate_column_key called: sheet_name='科目余额表2022', col_info.column_index=1
[TEMP DEBUG] initial: primary_header='科目代码', secondary_header=''
[TEMP DEBUG] _generate_column_key called: sheet_name='科目余额表2022', col_info.column_index=1
[TEMP DEBUG] initial: primary_header='科目代码', secondary_header=''
[TEMP DEBUG] _generate_column_key called: sheet_name='科目余额表2022', col_info.column_index=1
[TEMP DEBUG] initial: primary_header='科目代码', secondary_header=''
[TEMP DEBUG] _generate_column_key called: sheet_name='科目余额表2022', col_info.column_index=1
[TEMP DEBUG] initial: primary_header='科目代码', secondary_header=''
[TEMP DEBUG] _generate_column_key called: sheet_name='科目余额表2022', col_info.column_index=7
[TEMP DEBUG] initial: primary_header='本期发生额', secondary_header='借方'
[TEMP DEBUG] _generate_column_key called: sheet_name='科目余额表2022', col_info.column_index=8
[TEMP DEBUG] initial: primary_header='', secondary_header='贷方'
[TEMP DEBUG] Excel读取列头成功: col=8, header='2654657.98'
[TEMP DEBUG] _generate_column_key called: sheet_name='科目余额表2022', col_info.column_index=9
[TEMP DEBUG] initial: primary_header='本年累计', secondary_header='借方'
[TEMP DEBUG] _generate_column_key called: sheet_name='科目余额表2022', col_info.column_index=10
[TEMP DEBUG] initial: primary_header='', secondary_header='贷方'
[TEMP DEBUG] Excel读取列头成功: col=10, header='17414384.71'
[TEMP DEBUG] _generate_column_key called: sheet_name='科目余额表2022', col_info.column_index=1
[TEMP DEBUG] initial: primary_header='科目代码', secondary_header=''
[TEMP DEBUG] _generate_column_key called: sheet_name='科目余额表2022', col_info.column_index=7
[TEMP DEBUG] initial: primary_header='本期发生额', secondary_header='借方'
[TEMP DEBUG] _generate_column_key called: sheet_name='科目余额表2022', col_info.column_index=8
[TEMP DEBUG] initial: primary_header='', secondary_header='贷方'
[TEMP DEBUG] Excel读取列头成功: col=8, header='2654657.98'
[TEMP DEBUG] _generate_column_key called: sheet_name='科目余额表2022', col_info.column_index=9
[TEMP DEBUG] initial: primary_header='本年累计', secondary_header='借方'
[TEMP DEBUG] _generate_column_key called: sheet_name='科目余额表2022', col_info.column_index=10
[TEMP DEBUG] initial: primary_header='', secondary_header='贷方'
[TEMP DEBUG] Excel读取列头成功: col=10, header='17414384.71'
[TEMP DEBUG] _generate_column_key called: sheet_name='科目余额表2022', col_info.column_index=1
[TEMP DEBUG] initial: primary_header='科目代码', secondary_header=''
[TEMP DEBUG] _generate_column_key called: sheet_name='科目余额表2022', col_info.column_index=1
[TEMP DEBUG] initial: primary_header='科目代码', secondary_header=''
[TEMP DEBUG] _generate_column_key called: sheet_name='科目余额表2022', col_info.column_index=7
[TEMP DEBUG] initial: primary_header='本期发生额', secondary_header='借方'
[TEMP DEBUG] _generate_column_key called: sheet_name='科目余额表2022', col_info.column_index=8
[TEMP DEBUG] initial: primary_header='', secondary_header='贷方'
[TEMP DEBUG] Excel读取列头成功: col=8, header='2654657.98'
[TEMP DEBUG] _generate_column_key called: sheet_name='科目余额表2022', col_info.column_index=9
[TEMP DEBUG] initial: primary_header='本年累计', secondary_header='借方'
[TEMP DEBUG] _generate_column_key called: sheet_name='科目余额表2022', col_info.column_index=10
[TEMP DEBUG] initial: primary_header='', secondary_header='贷方'
[TEMP DEBUG] Excel读取列头成功: col=10, header='17414384.71'
[TEMP DEBUG] _generate_column_key called: sheet_name='科目余额表2022', col_info.column_index=1
[TEMP DEBUG] initial: primary_header='科目代码', secondary_header=''
[TEMP DEBUG] _generate_column_key called: sheet_name='科目余额表2022', col_info.column_index=1
[TEMP DEBUG] initial: primary_header='科目代码', secondary_header=''
[TEMP DEBUG] _generate_column_key called: sheet_name='科目余额表2022', col_info.column_index=7
[TEMP DEBUG] initial: primary_header='本期发生额', secondary_header='借方'
[TEMP DEBUG] _generate_column_key called: sheet_name='科目余额表2022', col_info.column_index=8
[TEMP DEBUG] initial: primary_header='', secondary_header='贷方'
[TEMP DEBUG] Excel读取列头成功: col=8, header='2654657.98'
[TEMP DEBUG] _generate_column_key called: sheet_name='科目余额表2022', col_info.column_index=9
[TEMP DEBUG] initial: primary_header='本年累计', secondary_header='借方'
[TEMP DEBUG] _generate_column_key called: sheet_name='科目余额表2022', col_info.column_index=10
[TEMP DEBUG] initial: primary_header='', secondary_header='贷方'
[TEMP DEBUG] Excel读取列头成功: col=10, header='17414384.71'
[TEMP DEBUG] _generate_column_key called: sheet_name='科目余额表2022', col_info.column_index=1
[TEMP DEBUG] initial: primary_header='科目代码', secondary_header=''
[TEMP DEBUG] _generate_column_key called: sheet_name='科目余额表2022', col_info.column_index=7
[TEMP DEBUG] initial: primary_header='本期发生额', secondary_header='借方'
[TEMP DEBUG] _generate_column_key called: sheet_name='科目余额表2022', col_info.column_index=8
[TEMP DEBUG] initial: primary_header='', secondary_header='贷方'
[TEMP DEBUG] Excel读取列头成功: col=8, header='2654657.98'
[TEMP DEBUG] _generate_column_key called: sheet_name='科目余额表2022', col_info.column_index=9
[TEMP DEBUG] initial: primary_header='本年累计', secondary_header='借方'
[TEMP DEBUG] _generate_column_key called: sheet_name='科目余额表2022', col_info.column_index=10
[TEMP DEBUG] initial: primary_header='', secondary_header='贷方'
[TEMP DEBUG] Excel读取列头成功: col=10, header='17414384.71'
[TEMP DEBUG] _generate_column_key called: sheet_name='科目余额表2022', col_info.column_index=1
[TEMP DEBUG] initial: primary_header='科目代码', secondary_header=''
[TEMP DEBUG] _generate_column_key called: sheet_name='科目余额表2022', col_info.column_index=1
[TEMP DEBUG] initial: primary_header='科目代码', secondary_header=''
[TEMP DEBUG] _generate_column_key called: sheet_name='科目余额表2022', col_info.column_index=7
[TEMP DEBUG] initial: primary_header='本期发生额', secondary_header='借方'
[TEMP DEBUG] _generate_column_key called: sheet_name='科目余额表2022', col_info.column_index=8
[TEMP DEBUG] initial: primary_header='', secondary_header='贷方'
[TEMP DEBUG] Excel读取列头成功: col=8, header='2654657.98'
[TEMP DEBUG] _generate_column_key called: sheet_name='科目余额表2022', col_info.column_index=9
[TEMP DEBUG] initial: primary_header='本年累计', secondary_header='借方'
[TEMP DEBUG] _generate_column_key called: sheet_name='科目余额表2022', col_info.column_index=10
[TEMP DEBUG] initial: primary_header='', secondary_header='贷方'
[TEMP DEBUG] Excel读取列头成功: col=10, header='17414384.71'
[TEMP DEBUG] _generate_column_key called: sheet_name='科目余额表2022', col_info.column_index=1
[TEMP DEBUG] initial: primary_header='科目代码', secondary_header=''
[TEMP DEBUG] _generate_column_key called: sheet_name='科目余额表2022', col_info.column_index=1
[TEMP DEBUG] initial: primary_header='科目代码', secondary_header=''
[TEMP DEBUG] _generate_column_key called: sheet_name='科目余额表2022', col_info.column_index=1
[TEMP DEBUG] initial: primary_header='科目代码', secondary_header=''
[TEMP DEBUG] _generate_column_key called: sheet_name='科目余额表2022', col_info.column_index=1
[TEMP DEBUG] initial: primary_header='科目代码', secondary_header=''
[TEMP DEBUG] _generate_column_key called: sheet_name='科目余额表2022', col_info.column_index=7
[TEMP DEBUG] initial: primary_header='本期发生额', secondary_header='借方'
[TEMP DEBUG] _generate_column_key called: sheet_name='科目余额表2022', col_info.column_index=8
[TEMP DEBUG] initial: primary_header='', secondary_header='贷方'
[TEMP DEBUG] Excel读取列头成功: col=8, header='2654657.98'
[TEMP DEBUG] _generate_column_key called: sheet_name='科目余额表2022', col_info.column_index=9
[TEMP DEBUG] initial: primary_header='本年累计', secondary_header='借方'
[TEMP DEBUG] _generate_column_key called: sheet_name='科目余额表2022', col_info.column_index=10
[TEMP DEBUG] initial: primary_header='', secondary_header='贷方'
[TEMP DEBUG] Excel读取列头成功: col=10, header='17414384.71'
[TEMP DEBUG] _generate_column_key called: sheet_name='科目余额表2022', col_info.column_index=1
[TEMP DEBUG] initial: primary_header='科目代码', secondary_header=''
[TEMP DEBUG] _generate_column_key called: sheet_name='科目余额表2022', col_info.column_index=1
[TEMP DEBUG] initial: primary_header='科目代码', secondary_header=''
[TEMP DEBUG] _generate_column_key called: sheet_name='科目余额表2022', col_info.column_index=1
[TEMP DEBUG] initial: primary_header='科目代码', secondary_header=''
[TEMP DEBUG] _generate_column_key called: sheet_name='科目余额表2022', col_info.column_index=1
[TEMP DEBUG] initial: primary_header='科目代码', secondary_header=''
[TEMP DEBUG] _generate_column_key called: sheet_name='科目余额表2022', col_info.column_index=1
[TEMP DEBUG] initial: primary_header='科目代码', secondary_header=''
[TEMP DEBUG] _generate_column_key called: sheet_name='科目余额表2022', col_info.column_index=7
[TEMP DEBUG] initial: primary_header='本期发生额', secondary_header='借方'
[TEMP DEBUG] _generate_column_key called: sheet_name='科目余额表2022', col_info.column_index=8
[TEMP DEBUG] initial: primary_header='', secondary_header='贷方'
[TEMP DEBUG] Excel读取列头成功: col=8, header='2654657.98'
[TEMP DEBUG] _generate_column_key called: sheet_name='科目余额表2022', col_info.column_index=9
[TEMP DEBUG] initial: primary_header='本年累计', secondary_header='借方'
[TEMP DEBUG] _generate_column_key called: sheet_name='科目余额表2022', col_info.column_index=10
[TEMP DEBUG] initial: primary_header='', secondary_header='贷方'
[TEMP DEBUG] Excel读取列头成功: col=10, header='17414384.71'
[TEMP DEBUG] _generate_column_key called: sheet_name='科目余额表2022', col_info.column_index=1
[TEMP DEBUG] initial: primary_header='科目代码', secondary_header=''
[TEMP DEBUG] _generate_column_key called: sheet_name='科目余额表2022', col_info.column_index=1
[TEMP DEBUG] initial: primary_header='科目代码', secondary_header=''
[TEMP DEBUG] _generate_column_key called: sheet_name='科目余额表2022', col_info.column_index=7
[TEMP DEBUG] initial: primary_header='本期发生额', secondary_header='借方'
[TEMP DEBUG] _generate_column_key called: sheet_name='科目余额表2022', col_info.column_index=8
[TEMP DEBUG] initial: primary_header='', secondary_header='贷方'
[TEMP DEBUG] Excel读取列头成功: col=8, header='2654657.98'
[TEMP DEBUG] _generate_column_key called: sheet_name='科目余额表2022', col_info.column_index=9
[TEMP DEBUG] initial: primary_header='本年累计', secondary_header='借方'
[TEMP DEBUG] _generate_column_key called: sheet_name='科目余额表2022', col_info.column_index=10
[TEMP DEBUG] initial: primary_header='', secondary_header='贷方'
[TEMP DEBUG] Excel读取列头成功: col=10, header='17414384.71'
[TEMP DEBUG] _generate_column_key called: sheet_name='科目余额表2022', col_info.column_index=7
[TEMP DEBUG] initial: primary_header='本期发生额', secondary_header='借方'
[TEMP DEBUG] _generate_column_key called: sheet_name='科目余额表2022', col_info.column_index=8
[TEMP DEBUG] initial: primary_header='', secondary_header='贷方'
[TEMP DEBUG] Excel读取列头成功: col=8, header='2654657.98'
[TEMP DEBUG] _generate_column_key called: sheet_name='科目余额表2022', col_info.column_index=9
[TEMP DEBUG] initial: primary_header='本年累计', secondary_header='借方'
[TEMP DEBUG] _generate_column_key called: sheet_name='科目余额表2022', col_info.column_index=10
[TEMP DEBUG] initial: primary_header='', secondary_header='贷方'
[TEMP DEBUG] Excel读取列头成功: col=10, header='17414384.71'
[TEMP DEBUG] _generate_column_key called: sheet_name='科目余额表2022', col_info.column_index=1
[TEMP DEBUG] initial: primary_header='科目代码', secondary_header=''
[TEMP DEBUG] _generate_column_key called: sheet_name='科目余额表2022', col_info.column_index=7
[TEMP DEBUG] initial: primary_header='本期发生额', secondary_header='借方'
[TEMP DEBUG] _generate_column_key called: sheet_name='科目余额表2022', col_info.column_index=8
[TEMP DEBUG] initial: primary_header='', secondary_header='贷方'
[TEMP DEBUG] Excel读取列头成功: col=8, header='2654657.98'
[TEMP DEBUG] _generate_column_key called: sheet_name='科目余额表2022', col_info.column_index=9
[TEMP DEBUG] initial: primary_header='本年累计', secondary_header='借方'
[TEMP DEBUG] _generate_column_key called: sheet_name='科目余额表2022', col_info.column_index=10
[TEMP DEBUG] initial: primary_header='', secondary_header='贷方'
[TEMP DEBUG] Excel读取列头成功: col=10, header='17414384.71'
[TEMP DEBUG] _generate_column_key called: sheet_name='科目余额表2022', col_info.column_index=1
[TEMP DEBUG] initial: primary_header='科目代码', secondary_header=''
[TEMP DEBUG] _generate_column_key called: sheet_name='科目余额表2022', col_info.column_index=1
[TEMP DEBUG] initial: primary_header='科目代码', secondary_header=''
[TEMP DEBUG] _generate_column_key called: sheet_name='科目余额表2022', col_info.column_index=1
[TEMP DEBUG] initial: primary_header='科目代码', secondary_header=''
[TEMP DEBUG] _generate_column_key called: sheet_name='科目余额表2022', col_info.column_index=1
[TEMP DEBUG] initial: primary_header='科目代码', secondary_header=''
[TEMP DEBUG] _generate_column_key called: sheet_name='科目余额表2022', col_info.column_index=1
[TEMP DEBUG] initial: primary_header='科目代码', secondary_header=''
[TEMP DEBUG] _generate_column_key called: sheet_name='科目余额表2022', col_info.column_index=1
[TEMP DEBUG] initial: primary_header='科目代码', secondary_header=''
[TEMP DEBUG] _generate_column_key called: sheet_name='科目余额表2022', col_info.column_index=1
[TEMP DEBUG] initial: primary_header='科目代码', secondary_header=''
[TEMP DEBUG] _generate_column_key called: sheet_name='科目余额表2022', col_info.column_index=7
[TEMP DEBUG] initial: primary_header='本期发生额', secondary_header='借方'
[TEMP DEBUG] _generate_column_key called: sheet_name='科目余额表2022', col_info.column_index=8
[TEMP DEBUG] initial: primary_header='', secondary_header='贷方'
[TEMP DEBUG] Excel读取列头成功: col=8, header='2654657.98'
[TEMP DEBUG] _generate_column_key called: sheet_name='科目余额表2022', col_info.column_index=9
[TEMP DEBUG] initial: primary_header='本年累计', secondary_header='借方'
[TEMP DEBUG] _generate_column_key called: sheet_name='科目余额表2022', col_info.column_index=10
[TEMP DEBUG] initial: primary_header='', secondary_header='贷方'
[TEMP DEBUG] Excel读取列头成功: col=10, header='17414384.71'
[TEMP DEBUG] _generate_column_key called: sheet_name='科目余额表2022', col_info.column_index=1
[TEMP DEBUG] initial: primary_header='科目代码', secondary_header=''
[TEMP DEBUG] _generate_column_key called: sheet_name='科目余额表2022', col_info.column_index=7
[TEMP DEBUG] initial: primary_header='本期发生额', secondary_header='借方'
[TEMP DEBUG] _generate_column_key called: sheet_name='科目余额表2022', col_info.column_index=8
[TEMP DEBUG] initial: primary_header='', secondary_header='贷方'
[TEMP DEBUG] Excel读取列头成功: col=8, header='2654657.98'
[TEMP DEBUG] _generate_column_key called: sheet_name='科目余额表2022', col_info.column_index=9
[TEMP DEBUG] initial: primary_header='本年累计', secondary_header='借方'
[TEMP DEBUG] _generate_column_key called: sheet_name='科目余额表2022', col_info.column_index=10
[TEMP DEBUG] initial: primary_header='', secondary_header='贷方'
[TEMP DEBUG] Excel读取列头成功: col=10, header='17414384.71'
[TEMP DEBUG] _generate_column_key called: sheet_name='科目余额表2022', col_info.column_index=1
[TEMP DEBUG] initial: primary_header='科目代码', secondary_header=''
[TEMP DEBUG] _generate_column_key called: sheet_name='科目余额表2022', col_info.column_index=7
[TEMP DEBUG] initial: primary_header='本期发生额', secondary_header='借方'
[TEMP DEBUG] _generate_column_key called: sheet_name='科目余额表2022', col_info.column_index=8
[TEMP DEBUG] initial: primary_header='', secondary_header='贷方'
[TEMP DEBUG] Excel读取列头成功: col=8, header='2654657.98'
[TEMP DEBUG] _generate_column_key called: sheet_name='科目余额表2022', col_info.column_index=9
[TEMP DEBUG] initial: primary_header='本年累计', secondary_header='借方'
[TEMP DEBUG] _generate_column_key called: sheet_name='科目余额表2022', col_info.column_index=10
[TEMP DEBUG] initial: primary_header='', secondary_header='贷方'
[TEMP DEBUG] Excel读取列头成功: col=10, header='17414384.71'
[TEMP DEBUG] _generate_column_key called: sheet_name='科目余额表2022', col_info.column_index=1
[TEMP DEBUG] initial: primary_header='科目代码', secondary_header=''
[TEMP DEBUG] _generate_column_key called: sheet_name='科目余额表2022', col_info.column_index=7
[TEMP DEBUG] initial: primary_header='本期发生额', secondary_header='借方'
[TEMP DEBUG] _generate_column_key called: sheet_name='科目余额表2022', col_info.column_index=8
[TEMP DEBUG] initial: primary_header='', secondary_header='贷方'
[TEMP DEBUG] Excel读取列头成功: col=8, header='2654657.98'
[TEMP DEBUG] _generate_column_key called: sheet_name='科目余额表2022', col_info.column_index=9
[TEMP DEBUG] initial: primary_header='本年累计', secondary_header='借方'
[TEMP DEBUG] _generate_column_key called: sheet_name='科目余额表2022', col_info.column_index=10
[TEMP DEBUG] initial: primary_header='', secondary_header='贷方'
[TEMP DEBUG] Excel读取列头成功: col=10, header='17414384.71'
[TEMP DEBUG] _generate_column_key called: sheet_name='科目余额表2022', col_info.column_index=1
[TEMP DEBUG] initial: primary_header='科目代码', secondary_header=''
[TEMP DEBUG] _generate_column_key called: sheet_name='科目余额表2022', col_info.column_index=7
[TEMP DEBUG] initial: primary_header='本期发生额', secondary_header='借方'
[TEMP DEBUG] _generate_column_key called: sheet_name='科目余额表2022', col_info.column_index=8
[TEMP DEBUG] initial: primary_header='', secondary_header='贷方'
[TEMP DEBUG] Excel读取列头成功: col=8, header='2654657.98'
[TEMP DEBUG] _generate_column_key called: sheet_name='科目余额表2022', col_info.column_index=9
[TEMP DEBUG] initial: primary_header='本年累计', secondary_header='借方'
[TEMP DEBUG] _generate_column_key called: sheet_name='科目余额表2022', col_info.column_index=10
[TEMP DEBUG] initial: primary_header='', secondary_header='贷方'
[TEMP DEBUG] Excel读取列头成功: col=10, header='17414384.71'
[TEMP DEBUG] _generate_column_key called: sheet_name='科目余额表2022', col_info.column_index=1
[TEMP DEBUG] initial: primary_header='科目代码', secondary_header=''
[TEMP DEBUG] _generate_column_key called: sheet_name='科目余额表2022', col_info.column_index=7
[TEMP DEBUG] initial: primary_header='本期发生额', secondary_header='借方'
[TEMP DEBUG] _generate_column_key called: sheet_name='科目余额表2022', col_info.column_index=8
[TEMP DEBUG] initial: primary_header='', secondary_header='贷方'
[TEMP DEBUG] Excel读取列头成功: col=8, header='2654657.98'
[TEMP DEBUG] _generate_column_key called: sheet_name='科目余额表2022', col_info.column_index=9
[TEMP DEBUG] initial: primary_header='本年累计', secondary_header='借方'
[TEMP DEBUG] _generate_column_key called: sheet_name='科目余额表2022', col_info.column_index=10
[TEMP DEBUG] initial: primary_header='', secondary_header='贷方'
[TEMP DEBUG] Excel读取列头成功: col=10, header='17414384.71'
[TEMP DEBUG] _generate_column_key called: sheet_name='科目余额表2022', col_info.column_index=1
[TEMP DEBUG] initial: primary_header='科目代码', secondary_header=''
[TEMP DEBUG] _generate_column_key called: sheet_name='科目余额表2022', col_info.column_index=7
[TEMP DEBUG] initial: primary_header='本期发生额', secondary_header='借方'
[TEMP DEBUG] _generate_column_key called: sheet_name='科目余额表2022', col_info.column_index=8
[TEMP DEBUG] initial: primary_header='', secondary_header='贷方'
[TEMP DEBUG] Excel读取列头成功: col=8, header='2654657.98'
[TEMP DEBUG] _generate_column_key called: sheet_name='科目余额表2022', col_info.column_index=9
[TEMP DEBUG] initial: primary_header='本年累计', secondary_header='借方'
[TEMP DEBUG] _generate_column_key called: sheet_name='科目余额表2022', col_info.column_index=10
[TEMP DEBUG] initial: primary_header='', secondary_header='贷方'
[TEMP DEBUG] Excel读取列头成功: col=10, header='17414384.71'
[TEMP DEBUG] _generate_column_key called: sheet_name='科目余额表2022', col_info.column_index=1
[TEMP DEBUG] initial: primary_header='科目代码', secondary_header=''
[TEMP DEBUG] _generate_column_key called: sheet_name='科目余额表2022', col_info.column_index=7
[TEMP DEBUG] initial: primary_header='本期发生额', secondary_header='借方'
[TEMP DEBUG] _generate_column_key called: sheet_name='科目余额表2022', col_info.column_index=8
[TEMP DEBUG] initial: primary_header='', secondary_header='贷方'
[TEMP DEBUG] Excel读取列头成功: col=8, header='2654657.98'
[TEMP DEBUG] _generate_column_key called: sheet_name='科目余额表2022', col_info.column_index=9
[TEMP DEBUG] initial: primary_header='本年累计', secondary_header='借方'
[TEMP DEBUG] _generate_column_key called: sheet_name='科目余额表2022', col_info.column_index=10
[TEMP DEBUG] initial: primary_header='', secondary_header='贷方'
[TEMP DEBUG] Excel读取列头成功: col=10, header='17414384.71'
[TEMP DEBUG] _generate_column_key called: sheet_name='科目余额表2022', col_info.column_index=1
[TEMP DEBUG] initial: primary_header='科目代码', secondary_header=''
[TEMP DEBUG] _generate_column_key called: sheet_name='科目余额表2022', col_info.column_index=1
[TEMP DEBUG] initial: primary_header='科目代码', secondary_header=''
[TEMP DEBUG] _generate_column_key called: sheet_name='科目余额表2022', col_info.column_index=7
[TEMP DEBUG] initial: primary_header='本期发生额', secondary_header='借方'
[TEMP DEBUG] _generate_column_key called: sheet_name='科目余额表2022', col_info.column_index=8
[TEMP DEBUG] initial: primary_header='', secondary_header='贷方'
[TEMP DEBUG] Excel读取列头成功: col=8, header='2654657.98'
[TEMP DEBUG] _generate_column_key called: sheet_name='科目余额表2022', col_info.column_index=9
[TEMP DEBUG] initial: primary_header='本年累计', secondary_header='借方'
[TEMP DEBUG] _generate_column_key called: sheet_name='科目余额表2022', col_info.column_index=10
[TEMP DEBUG] initial: primary_header='', secondary_header='贷方'
[TEMP DEBUG] Excel读取列头成功: col=10, header='17414384.71'
[TEMP DEBUG] _generate_column_key called: sheet_name='科目余额表2022', col_info.column_index=1
[TEMP DEBUG] initial: primary_header='科目代码', secondary_header=''
[TEMP DEBUG] _generate_column_key called: sheet_name='科目余额表2022', col_info.column_index=1
[TEMP DEBUG] initial: primary_header='科目代码', secondary_header=''
[TEMP DEBUG] _generate_column_key called: sheet_name='科目余额表2022', col_info.column_index=1
[TEMP DEBUG] initial: primary_header='科目代码', secondary_header=''
[TEMP DEBUG] _generate_column_key called: sheet_name='科目余额表2022', col_info.column_index=1
[TEMP DEBUG] initial: primary_header='科目代码', secondary_header=''
[TEMP DEBUG] _generate_column_key called: sheet_name='科目余额表2022', col_info.column_index=7
[TEMP DEBUG] initial: primary_header='本期发生额', secondary_header='借方'
[TEMP DEBUG] _generate_column_key called: sheet_name='科目余额表2022', col_info.column_index=8
[TEMP DEBUG] initial: primary_header='', secondary_header='贷方'
[TEMP DEBUG] Excel读取列头成功: col=8, header='2654657.98'
[TEMP DEBUG] _generate_column_key called: sheet_name='科目余额表2022', col_info.column_index=9
[TEMP DEBUG] initial: primary_header='本年累计', secondary_header='借方'
[TEMP DEBUG] _generate_column_key called: sheet_name='科目余额表2022', col_info.column_index=10
[TEMP DEBUG] initial: primary_header='', secondary_header='贷方'
[TEMP DEBUG] Excel读取列头成功: col=10, header='17414384.71'
[TEMP DEBUG] _generate_column_key called: sheet_name='科目余额表2022', col_info.column_index=1
[TEMP DEBUG] initial: primary_header='科目代码', secondary_header=''
[TEMP DEBUG] _generate_column_key called: sheet_name='科目余额表2022', col_info.column_index=7
[TEMP DEBUG] initial: primary_header='本期发生额', secondary_header='借方'
[TEMP DEBUG] _generate_column_key called: sheet_name='科目余额表2022', col_info.column_index=8
[TEMP DEBUG] initial: primary_header='', secondary_header='贷方'
[TEMP DEBUG] Excel读取列头成功: col=8, header='2654657.98'
[TEMP DEBUG] _generate_column_key called: sheet_name='科目余额表2022', col_info.column_index=9
[TEMP DEBUG] initial: primary_header='本年累计', secondary_header='借方'
[TEMP DEBUG] _generate_column_key called: sheet_name='科目余额表2022', col_info.column_index=10
[TEMP DEBUG] initial: primary_header='', secondary_header='贷方'
[TEMP DEBUG] Excel读取列头成功: col=10, header='17414384.71'
[TEMP DEBUG] _generate_column_key called: sheet_name='科目余额表2022', col_info.column_index=1
[TEMP DEBUG] initial: primary_header='科目代码', secondary_header=''
[TEMP DEBUG] _generate_column_key called: sheet_name='科目余额表2022', col_info.column_index=7
[TEMP DEBUG] initial: primary_header='本期发生额', secondary_header='借方'
[TEMP DEBUG] _generate_column_key called: sheet_name='科目余额表2022', col_info.column_index=8
[TEMP DEBUG] initial: primary_header='', secondary_header='贷方'
[TEMP DEBUG] Excel读取列头成功: col=8, header='2654657.98'
[TEMP DEBUG] _generate_column_key called: sheet_name='科目余额表2022', col_info.column_index=9
[TEMP DEBUG] initial: primary_header='本年累计', secondary_header='借方'
[TEMP DEBUG] _generate_column_key called: sheet_name='科目余额表2022', col_info.column_index=10
[TEMP DEBUG] initial: primary_header='', secondary_header='贷方'
[TEMP DEBUG] Excel读取列头成功: col=10, header='17414384.71'
[TEMP DEBUG] _generate_column_key called: sheet_name='科目余额表2022', col_info.column_index=7
[TEMP DEBUG] initial: primary_header='本期发生额', secondary_header='借方'
[TEMP DEBUG] _generate_column_key called: sheet_name='科目余额表2022', col_info.column_index=8
[TEMP DEBUG] initial: primary_header='', secondary_header='贷方'
[TEMP DEBUG] Excel读取列头成功: col=8, header='2654657.98'
[TEMP DEBUG] _generate_column_key called: sheet_name='科目余额表2022', col_info.column_index=9
[TEMP DEBUG] initial: primary_header='本年累计', secondary_header='借方'
[TEMP DEBUG] _generate_column_key called: sheet_name='科目余额表2022', col_info.column_index=10
[TEMP DEBUG] initial: primary_header='', secondary_header='贷方'
[TEMP DEBUG] Excel读取列头成功: col=10, header='17414384.71'
[TEMP DEBUG] _generate_column_key called: sheet_name='科目余额表2022', col_info.column_index=9
[TEMP DEBUG] initial: primary_header='本年累计', secondary_header='借方'
[TEMP DEBUG] _generate_column_key called: sheet_name='科目余额表2022', col_info.column_index=10
[TEMP DEBUG] initial: primary_header='', secondary_header='贷方'
[TEMP DEBUG] Excel读取列头成功: col=10, header='17414384.71'
[TEMP DEBUG] _generate_column_key called: sheet_name='科目余额表2022', col_info.column_index=1
[TEMP DEBUG] initial: primary_header='科目代码', secondary_header=''
[TEMP DEBUG] _generate_column_key called: sheet_name='科目余额表2022', col_info.column_index=1
[TEMP DEBUG] initial: primary_header='科目代码', secondary_header=''
[TEMP DEBUG] _generate_column_key called: sheet_name='科目余额表2022', col_info.column_index=1
[TEMP DEBUG] initial: primary_header='科目代码', secondary_header=''
[TEMP DEBUG] _generate_column_key called: sheet_name='科目余额表2022', col_info.column_index=1
[TEMP DEBUG] initial: primary_header='科目代码', secondary_header=''
[TEMP DEBUG] _generate_column_key called: sheet_name='科目余额表2022', col_info.column_index=9
[TEMP DEBUG] initial: primary_header='本年累计', secondary_header='借方'
[TEMP DEBUG] _generate_column_key called: sheet_name='科目余额表2022', col_info.column_index=10
[TEMP DEBUG] initial: primary_header='', secondary_header='贷方'
[TEMP DEBUG] Excel读取列头成功: col=10, header='17414384.71'
[TEMP DEBUG] _generate_column_key called: sheet_name='科目余额表2022', col_info.column_index=9
[TEMP DEBUG] initial: primary_header='本年累计', secondary_header='借方'
[TEMP DEBUG] _generate_column_key called: sheet_name='科目余额表2022', col_info.column_index=10
[TEMP DEBUG] initial: primary_header='', secondary_header='贷方'
[TEMP DEBUG] Excel读取列头成功: col=10, header='17414384.71'
[TEMP DEBUG] _generate_column_key called: sheet_name='科目余额表2022', col_info.column_index=1
[TEMP DEBUG] initial: primary_header='科目代码', secondary_header=''
[TEMP DEBUG] _generate_column_key called: sheet_name='科目余额表2022', col_info.column_index=7
[TEMP DEBUG] initial: primary_header='本期发生额', secondary_header='借方'
[TEMP DEBUG] _generate_column_key called: sheet_name='科目余额表2022', col_info.column_index=8
[TEMP DEBUG] initial: primary_header='', secondary_header='贷方'
[TEMP DEBUG] Excel读取列头成功: col=8, header='2654657.98'
[TEMP DEBUG] _generate_column_key called: sheet_name='科目余额表2022', col_info.column_index=9
[TEMP DEBUG] initial: primary_header='本年累计', secondary_header='借方'
[TEMP DEBUG] _generate_column_key called: sheet_name='科目余额表2022', col_info.column_index=10
[TEMP DEBUG] initial: primary_header='', secondary_header='贷方'
[TEMP DEBUG] Excel读取列头成功: col=10, header='17414384.71'
[TEMP DEBUG] _generate_column_key called: sheet_name='科目余额表2022', col_info.column_index=1
[TEMP DEBUG] initial: primary_header='科目代码', secondary_header=''
[TEMP DEBUG] _generate_column_key called: sheet_name='科目余额表2022', col_info.column_index=9
[TEMP DEBUG] initial: primary_header='本年累计', secondary_header='借方'
[TEMP DEBUG] _generate_column_key called: sheet_name='科目余额表2022', col_info.column_index=10
[TEMP DEBUG] initial: primary_header='', secondary_header='贷方'
[TEMP DEBUG] Excel读取列头成功: col=10, header='17414384.71'
[TEMP DEBUG] _generate_column_key called: sheet_name='科目余额表2022', col_info.column_index=1
[TEMP DEBUG] initial: primary_header='科目代码', secondary_header=''
[TEMP DEBUG] _generate_column_key called: sheet_name='科目余额表2022', col_info.column_index=1
[TEMP DEBUG] initial: primary_header='科目代码', secondary_header=''
[TEMP DEBUG] _generate_column_key called: sheet_name='科目余额表2022', col_info.column_index=7
[TEMP DEBUG] initial: primary_header='本期发生额', secondary_header='借方'
[TEMP DEBUG] _generate_column_key called: sheet_name='科目余额表2022', col_info.column_index=8
[TEMP DEBUG] initial: primary_header='', secondary_header='贷方'
[TEMP DEBUG] Excel读取列头成功: col=8, header='2654657.98'
[TEMP DEBUG] _generate_column_key called: sheet_name='科目余额表2022', col_info.column_index=9
[TEMP DEBUG] initial: primary_header='本年累计', secondary_header='借方'
[TEMP DEBUG] _generate_column_key called: sheet_name='科目余额表2022', col_info.column_index=10
[TEMP DEBUG] initial: primary_header='', secondary_header='贷方'
[TEMP DEBUG] Excel读取列头成功: col=10, header='17414384.71'
[TEMP DEBUG] _generate_column_key called: sheet_name='科目余额表2022', col_info.column_index=1
[TEMP DEBUG] initial: primary_header='科目代码', secondary_header=''
[TEMP DEBUG] _generate_column_key called: sheet_name='科目余额表2022', col_info.column_index=7
[TEMP DEBUG] initial: primary_header='本期发生额', secondary_header='借方'
[TEMP DEBUG] _generate_column_key called: sheet_name='科目余额表2022', col_info.column_index=8
[TEMP DEBUG] initial: primary_header='', secondary_header='贷方'
[TEMP DEBUG] Excel读取列头成功: col=8, header='2654657.98'
[TEMP DEBUG] _generate_column_key called: sheet_name='科目余额表2022', col_info.column_index=9
[TEMP DEBUG] initial: primary_header='本年累计', secondary_header='借方'
[TEMP DEBUG] _generate_column_key called: sheet_name='科目余额表2022', col_info.column_index=10
[TEMP DEBUG] initial: primary_header='', secondary_header='贷方'
[TEMP DEBUG] Excel读取列头成功: col=10, header='17414384.71'
[TEMP DEBUG] _generate_column_key called: sheet_name='科目余额表2022', col_info.column_index=1
[TEMP DEBUG] initial: primary_header='科目代码', secondary_header=''
[TEMP DEBUG] _generate_column_key called: sheet_name='科目余额表2022', col_info.column_index=1
[TEMP DEBUG] initial: primary_header='科目代码', secondary_header=''
[TEMP DEBUG] _generate_column_key called: sheet_name='科目余额表2022', col_info.column_index=1
[TEMP DEBUG] initial: primary_header='科目代码', secondary_header=''
[TEMP DEBUG] _generate_column_key called: sheet_name='科目余额表2022', col_info.column_index=9
[TEMP DEBUG] initial: primary_header='本年累计', secondary_header='借方'
[TEMP DEBUG] _generate_column_key called: sheet_name='科目余额表2022', col_info.column_index=10
[TEMP DEBUG] initial: primary_header='', secondary_header='贷方'
[TEMP DEBUG] Excel读取列头成功: col=10, header='17414384.71'
[TEMP DEBUG] _generate_column_key called: sheet_name='科目余额表2022', col_info.column_index=1
[TEMP DEBUG] initial: primary_header='科目代码', secondary_header=''
[TEMP DEBUG] _generate_column_key called: sheet_name='科目余额表2022', col_info.column_index=1
[TEMP DEBUG] initial: primary_header='科目代码', secondary_header=''
[TEMP DEBUG] _generate_column_key called: sheet_name='科目余额表2022', col_info.column_index=1
[TEMP DEBUG] initial: primary_header='科目代码', secondary_header=''
[TEMP DEBUG] _generate_column_key called: sheet_name='科目余额表2022', col_info.column_index=1
[TEMP DEBUG] initial: primary_header='科目代码', secondary_header=''
[TEMP DEBUG] _generate_column_key called: sheet_name='科目余额表2022', col_info.column_index=1
[TEMP DEBUG] initial: primary_header='科目代码', secondary_header=''
[TEMP DEBUG] _generate_column_key called: sheet_name='科目余额表2022', col_info.column_index=7
[TEMP DEBUG] initial: primary_header='本期发生额', secondary_header='借方'
[TEMP DEBUG] _generate_column_key called: sheet_name='科目余额表2022', col_info.column_index=8
[TEMP DEBUG] initial: primary_header='', secondary_header='贷方'
[TEMP DEBUG] Excel读取列头成功: col=8, header='2654657.98'
[TEMP DEBUG] _generate_column_key called: sheet_name='科目余额表2022', col_info.column_index=9
[TEMP DEBUG] initial: primary_header='本年累计', secondary_header='借方'
[TEMP DEBUG] _generate_column_key called: sheet_name='科目余额表2022', col_info.column_index=10
[TEMP DEBUG] initial: primary_header='', secondary_header='贷方'
[TEMP DEBUG] Excel读取列头成功: col=10, header='17414384.71'
[TEMP DEBUG] _generate_column_key called: sheet_name='科目余额表2022', col_info.column_index=1
[TEMP DEBUG] initial: primary_header='科目代码', secondary_header=''
[TEMP DEBUG] _generate_column_key called: sheet_name='科目余额表2022', col_info.column_index=1
[TEMP DEBUG] initial: primary_header='科目代码', secondary_header=''
[TEMP DEBUG] _generate_column_key called: sheet_name='科目余额表2022', col_info.column_index=7
[TEMP DEBUG] initial: primary_header='本期发生额', secondary_header='借方'
[TEMP DEBUG] _generate_column_key called: sheet_name='科目余额表2022', col_info.column_index=8
[TEMP DEBUG] initial: primary_header='', secondary_header='贷方'
[TEMP DEBUG] Excel读取列头成功: col=8, header='2654657.98'
[TEMP DEBUG] _generate_column_key called: sheet_name='科目余额表2022', col_info.column_index=9
[TEMP DEBUG] initial: primary_header='本年累计', secondary_header='借方'
[TEMP DEBUG] _generate_column_key called: sheet_name='科目余额表2022', col_info.column_index=10
[TEMP DEBUG] initial: primary_header='', secondary_header='贷方'
[TEMP DEBUG] Excel读取列头成功: col=10, header='17414384.71'
[TEMP DEBUG] _generate_column_key called: sheet_name='科目余额表2022', col_info.column_index=1
[TEMP DEBUG] initial: primary_header='科目代码', secondary_header=''
[TEMP DEBUG] _generate_column_key called: sheet_name='科目余额表2022', col_info.column_index=7
[TEMP DEBUG] initial: primary_header='本期发生额', secondary_header='借方'
[TEMP DEBUG] _generate_column_key called: sheet_name='科目余额表2022', col_info.column_index=8
[TEMP DEBUG] initial: primary_header='', secondary_header='贷方'
[TEMP DEBUG] Excel读取列头成功: col=8, header='2654657.98'
[TEMP DEBUG] _generate_column_key called: sheet_name='科目余额表2022', col_info.column_index=9
[TEMP DEBUG] initial: primary_header='本年累计', secondary_header='借方'
[TEMP DEBUG] _generate_column_key called: sheet_name='科目余额表2022', col_info.column_index=10
[TEMP DEBUG] initial: primary_header='', secondary_header='贷方'
[TEMP DEBUG] Excel读取列头成功: col=10, header='17414384.71'
[TEMP DEBUG] _generate_column_key called: sheet_name='科目余额表2022', col_info.column_index=1
[TEMP DEBUG] initial: primary_header='科目代码', secondary_header=''
[TEMP DEBUG] _generate_column_key called: sheet_name='科目余额表2022', col_info.column_index=9
[TEMP DEBUG] initial: primary_header='本年累计', secondary_header='借方'
[TEMP DEBUG] _generate_column_key called: sheet_name='科目余额表2022', col_info.column_index=10
[TEMP DEBUG] initial: primary_header='', secondary_header='贷方'
[TEMP DEBUG] Excel读取列头成功: col=10, header='17414384.71'
[TEMP DEBUG] _generate_column_key called: sheet_name='科目余额表2022', col_info.column_index=1
[TEMP DEBUG] initial: primary_header='科目代码', secondary_header=''
[TEMP DEBUG] _generate_column_key called: sheet_name='科目余额表2022', col_info.column_index=1
[TEMP DEBUG] initial: primary_header='科目代码', secondary_header=''
[TEMP DEBUG] _generate_column_key called: sheet_name='科目余额表2022', col_info.column_index=1
[TEMP DEBUG] initial: primary_header='科目代码', secondary_header=''
[TEMP DEBUG] _generate_column_key called: sheet_name='科目余额表2022', col_info.column_index=1
[TEMP DEBUG] initial: primary_header='科目代码', secondary_header=''
[TEMP DEBUG] _generate_column_key called: sheet_name='科目余额表2022', col_info.column_index=1
[TEMP DEBUG] initial: primary_header='科目代码', secondary_header=''
[TEMP DEBUG] _generate_column_key called: sheet_name='科目余额表2022', col_info.column_index=1
[TEMP DEBUG] initial: primary_header='科目代码', secondary_header=''
[TEMP DEBUG] _generate_column_key called: sheet_name='科目余额表2022', col_info.column_index=1
[TEMP DEBUG] initial: primary_header='科目代码', secondary_header=''
[TEMP DEBUG] _generate_column_key called: sheet_name='科目余额表2022', col_info.column_index=1
[TEMP DEBUG] initial: primary_header='科目代码', secondary_header=''
[TEMP DEBUG] _generate_column_key called: sheet_name='科目余额表2022', col_info.column_index=1
[TEMP DEBUG] initial: primary_header='科目代码', secondary_header=''
[TEMP DEBUG] _generate_column_key called: sheet_name='科目余额表2022', col_info.column_index=1
[TEMP DEBUG] initial: primary_header='科目代码', secondary_header=''
[TEMP DEBUG] _generate_column_key called: sheet_name='科目余额表2022', col_info.column_index=1
[TEMP DEBUG] initial: primary_header='科目代码', secondary_header=''
[TEMP DEBUG] _generate_column_key called: sheet_name='科目余额表2022', col_info.column_index=1
[TEMP DEBUG] initial: primary_header='科目代码', secondary_header=''
[TEMP DEBUG] _generate_column_key called: sheet_name='科目余额表2022', col_info.column_index=1
[TEMP DEBUG] initial: primary_header='科目代码', secondary_header=''
[TEMP DEBUG] _generate_column_key called: sheet_name='科目余额表2022', col_info.column_index=1
[TEMP DEBUG] initial: primary_header='科目代码', secondary_header=''
[TEMP DEBUG] _generate_column_key called: sheet_name='科目余额表2022', col_info.column_index=1
[TEMP DEBUG] initial: primary_header='科目代码', secondary_header=''
[TEMP DEBUG] _generate_column_key called: sheet_name='科目余额表2022', col_info.column_index=7
[TEMP DEBUG] initial: primary_header='本期发生额', secondary_header='借方'
[TEMP DEBUG] _generate_column_key called: sheet_name='科目余额表2022', col_info.column_index=8
[TEMP DEBUG] initial: primary_header='', secondary_header='贷方'
[TEMP DEBUG] Excel读取列头成功: col=8, header='2654657.98'
[TEMP DEBUG] _generate_column_key called: sheet_name='科目余额表2022', col_info.column_index=9
[TEMP DEBUG] initial: primary_header='本年累计', secondary_header='借方'
[TEMP DEBUG] _generate_column_key called: sheet_name='科目余额表2022', col_info.column_index=10
[TEMP DEBUG] initial: primary_header='', secondary_header='贷方'
[TEMP DEBUG] Excel读取列头成功: col=10, header='17414384.71'
[TEMP DEBUG] _generate_column_key called: sheet_name='科目余额表2022', col_info.column_index=5
[TEMP DEBUG] initial: primary_header='期初余额', secondary_header='借方'
[TEMP DEBUG] _generate_column_key called: sheet_name='科目余额表2022', col_info.column_index=7
[TEMP DEBUG] initial: primary_header='本期发生额', secondary_header='借方'
[TEMP DEBUG] _generate_column_key called: sheet_name='科目余额表2022', col_info.column_index=8
[TEMP DEBUG] initial: primary_header='', secondary_header='贷方'
[TEMP DEBUG] Excel读取列头成功: col=8, header='2654657.98'
[TEMP DEBUG] _generate_column_key called: sheet_name='科目余额表2022', col_info.column_index=9
[TEMP DEBUG] initial: primary_header='本年累计', secondary_header='借方'
[TEMP DEBUG] _generate_column_key called: sheet_name='科目余额表2022', col_info.column_index=10
[TEMP DEBUG] initial: primary_header='', secondary_header='贷方'
[TEMP DEBUG] Excel读取列头成功: col=10, header='17414384.71'
[TEMP DEBUG] _generate_column_key called: sheet_name='科目余额表2022', col_info.column_index=11
[TEMP DEBUG] initial: primary_header='期末余额', secondary_header='借方'
    科目余额表提取完成，共 408 个项目
  提取到 408 个来源项
提取到来源项: 1913 个
\n利润表项目数量: 71
期望的列键: ['本期金额', '上期金额', '本年累计', '上年累计']
\n前3个项目的数据分析:
\n项目 1: 一、营业总收入
  行号: 6
  实际列键: ['行次_3', '本期金额', '本年累计', '上年同期_6', '上年累计']
    '本期金额': 2251427.47 OK
    '上期金额': 缺失 ERROR
    '本年累计': 11769952.25 OK
    '上年累计': 4649574.99 OK
    状态: 不完整 ERROR
\n项目 2:     其中：营业收入
  行号: 7
  实际列键: ['行次_3', '本期金额', '本年累计', '上年同期_6', '上年累计']
    '本期金额': 2251427.47 OK
    '上期金额': 缺失 ERROR
    '本年累计': 11769952.25 OK
    '上年累计': 4649574.99 OK
    状态: 不完整 ERROR
\n项目 3:        △利息收入
  行号: 8
  实际列键: ['行次_3']
    '本期金额': 缺失 ERROR
    '上期金额': 缺失 ERROR
    '本年累计': 缺失 ERROR
    '上年累计': 缺失 ERROR
    状态: 不完整 ERROR
\n=== 测试总结 ===
测试项目数: 3
成功项目数: 0
成功率: 0.00%
修复部分成功，仍需改进。
